[0.005s][info][gc] Using Parallel
[0.006s][info][gc,init] Version: 17.0.7+7-LTS (release)
[0.006s][info][gc,init] CPUs: 4 total, 4 available
[0.006s][info][gc,init] Memory: 16003M
[0.006s][info][gc,init] Large Page Support: Disabled
[0.006s][info][gc,init] NUMA Support: Disabled
[0.006s][info][gc,init] Compressed Oops: Enabled (Zero based)
[0.006s][info][gc,init] Alignments: Space 512K, Generation 512K, Heap 2M
[0.006s][info][gc,init] Heap Min Capacity: 2054M
[0.006s][info][gc,init] Heap Initial Capacity: 2054M
[0.006s][info][gc,init] Heap Max Capacity: 3G
[0.006s][info][gc,init] Pre-touch: Disabled
[0.006s][info][gc,init] Parallel Workers: 4
[0.006s][info][gc,metaspace] CDS archive(s) mapped at: [0x0000000800000000-0x0000000800be1000-0x0000000800be1000), size 12455936, SharedBaseAddress: 0x0000000800000000, ArchiveRelocationMode: 0.
[0.006s][info][gc,metaspace] Compressed class space mapped at: 0x0000000801000000-0x0000000841000000, reserved size: 1073741824
[0.006s][info][gc,metaspace] Narrow klass base: 0x0000000800000000, Narrow klass shift: 0, Narrow klass range: 0x100000000
[0.777s][info][safepoint   ] Safepoint "ICBufferFull", Time since last: 763865876 ns, Reaching safepoint: 158804 ns, At safepoint: 4500 ns, Total: 163304 ns
[1.109s][info][safepoint   ] Safepoint "ICBufferFull", Time since last: 331738016 ns, Reaching safepoint: 303806 ns, At safepoint: 10801 ns, Total: 314607 ns
[1.624s][info][safepoint   ] Safepoint "ICBufferFull", Time since last: 514511001 ns, Reaching safepoint: 272507 ns, At safepoint: 8100 ns, Total: 280607 ns
[1.679s][info][gc,start    ] GC(0) Pause Young (Metadata GC Threshold)
[1.695s][debug][gc,phases   ] GC(0) Scavenge 15.277ms
[1.695s][debug][gc,ref      ] GC(0) Skipped phase 1 of Reference Processing: no references
[1.695s][debug][gc,ref      ] GC(0) ReferenceProcessor::execute queues: 3, RefProcThreadModel::Multi, marks_oops_alive: false
[1.695s][debug][gc,ref      ] GC(0) Skipped phase 3 of Reference Processing: no references
[1.695s][debug][gc,ref      ] GC(0) ReferenceProcessor::execute queues: 1, RefProcThreadModel::Single, marks_oops_alive: false
[1.695s][debug][gc,phases   ] GC(0) Reference Processing 0.332ms
[1.695s][debug][gc,phases   ] GC(0)   VM Weak                        Min:  0.0, Avg:  0.0, Max:  0.0, Diff:  0.0, Sum:  0.0, Workers: 4
[1.696s][debug][gc,phases   ] GC(0)     Dead                           Min: 0, Avg:  0.0, Max: 0, Diff: 0, Sum: 0, Workers: 4
[1.696s][debug][gc,phases   ] GC(0)     Total                          Min: 0, Avg: 58.0, Max: 168, Diff: 168, Sum: 232, Workers: 4
[1.696s][debug][gc,phases   ] GC(0)   ObjectSynchronizer Weak        Min:  0.0, Avg:  0.0, Max:  0.0, Diff:  0.0, Sum:  0.0, Workers: 4
[1.696s][debug][gc,phases   ] GC(0)     Dead                           Min: 0, Avg:  0.8, Max: 3, Diff: 3, Sum: 3, Workers: 4
[1.696s][debug][gc,phases   ] GC(0)     Total                          Min: 0, Avg:  2.2, Max: 9, Diff: 9, Sum: 9, Workers: 4
[1.696s][debug][gc,phases   ] GC(0)   JVMTI Tag Weak OopStorage      Min:  0.0, Avg:  0.0, Max:  0.0, Diff:  0.0, Sum:  0.0, Workers: 4
[1.696s][debug][gc,phases   ] GC(0)     Dead                           Min: 0, Avg:  0.0, Max: 0, Diff: 0, Sum: 0, Workers: 4
[1.696s][debug][gc,phases   ] GC(0)     Total                          Min: 0, Avg:  0.0, Max: 0, Diff: 0, Sum: 0, Workers: 4
[1.696s][debug][gc,phases   ] GC(0)   StringTable Weak               Min:  0.1, Avg:  0.1, Max:  0.1, Diff:  0.0, Sum:  0.5, Workers: 4
[1.696s][debug][gc,phases   ] GC(0)     Dead                           Min: 0, Avg:  6.5, Max: 18, Diff: 18, Sum: 26, Workers: 4
[1.696s][debug][gc,phases   ] GC(0)     Total                          Min: 2769, Avg: 3284.2, Max: 3648, Diff: 879, Sum: 13137, Workers: 4
[1.696s][debug][gc,phases   ] GC(0)   ResolvedMethodTable Weak       Min:  0.0, Avg:  0.0, Max:  0.0, Diff:  0.0, Sum:  0.1, Workers: 4
[1.696s][debug][gc,phases   ] GC(0)     Dead                           Min: 10, Avg: 20.5, Max: 26, Diff: 16, Sum: 82, Workers: 4
[1.696s][debug][gc,phases   ] GC(0)     Total                          Min: 192, Avg: 320.8, Max: 384, Diff: 192, Sum: 1283, Workers: 4
[1.696s][debug][gc,phases   ] GC(0)   JNI Weak                       Min:  0.0, Avg:  0.0, Max:  0.0, Diff:  0.0, Sum:  0.0, Workers: 4
[1.696s][debug][gc,phases   ] GC(0)     Dead                           Min: 0, Avg:  0.0, Max: 0, Diff: 0, Sum: 0, Workers: 4
[1.696s][debug][gc,phases   ] GC(0)     Total                          Min: 0, Avg: 11.2, Max: 45, Diff: 45, Sum: 45, Workers: 4
[1.696s][debug][gc,phases   ] GC(0)   StringDedup Table Weak         Min:  0.0, Avg:  0.0, Max:  0.0, Diff:  0.0, Sum:  0.0, Workers: 4
[1.696s][debug][gc,phases   ] GC(0)     Dead                           Min: 0, Avg:  0.0, Max: 0, Diff: 0, Sum: 0, Workers: 4
[1.696s][debug][gc,phases   ] GC(0)     Total                          Min: 0, Avg:  0.0, Max: 0, Diff: 0, Sum: 0, Workers: 4
[1.696s][debug][gc,phases   ] GC(0)   StringDedup Requests0 Weak     Min:  0.0, Avg:  0.0, Max:  0.0, Diff:  0.0, Sum:  0.0, Workers: 4
[1.696s][debug][gc,phases   ] GC(0)     Dead                           Min: 0, Avg:  0.0, Max: 0, Diff: 0, Sum: 0, Workers: 4
[1.696s][debug][gc,phases   ] GC(0)     Total                          Min: 0, Avg:  0.0, Max: 0, Diff: 0, Sum: 0, Workers: 4
[1.696s][debug][gc,phases   ] GC(0)   StringDedup Requests1 Weak     Min:  0.0, Avg:  0.0, Max:  0.0, Diff:  0.0, Sum:  0.0, Workers: 4
[1.696s][debug][gc,phases   ] GC(0)     Dead                           Min: 0, Avg:  0.0, Max: 0, Diff: 0, Sum: 0, Workers: 4
[1.696s][debug][gc,phases   ] GC(0)     Total                          Min: 0, Avg:  0.0, Max: 0, Diff: 0, Sum: 0, Workers: 4
[1.696s][debug][gc,phases   ] GC(0)   Weak JFR Old Object Samples    Min:  0.0, Avg:  0.0, Max:  0.0, Diff:  0.0, Sum:  0.0, Workers: 4
[1.696s][debug][gc,phases   ] GC(0)     Dead                           Min: 0, Avg:  0.0, Max: 0, Diff: 0, Sum: 0, Workers: 4
[1.696s][debug][gc,phases   ] GC(0)     Total                          Min: 0, Avg:  0.0, Max: 0, Diff: 0, Sum: 0, Workers: 4
[1.696s][debug][gc,phases   ] GC(0) Weak Processing 0.347ms
[1.696s][debug][gc,age      ] GC(0) Desired survivor size 536870912 bytes, new threshold 7 (max threshold 15)
[1.696s][info ][gc,heap     ] GC(0) PSYoungGen: 251667K(1572864K)->31510K(1572864K) Eden: 251667K(1048576K)->0K(1048576K) From: 0K(524288K)->31510K(524288K)
[1.696s][info ][gc,heap     ] GC(0) ParOldGen: 0K(6144K)->96K(6144K)
[1.696s][info ][gc,metaspace] GC(0) Metaspace: 21152K(21504K)->21152K(21504K) NonClass: 18672K(18880K)->18672K(18880K) Class: 2480K(2624K)->2480K(2624K)
[1.696s][info ][gc          ] GC(0) Pause Young (Metadata GC Threshold) 245M->30M(1542M) 16.336ms
[1.696s][info ][gc,cpu      ] GC(0) User=0.05s Sys=0.00s Real=0.01s
[1.696s][debug][gc,phases   ] GC(1) Pre Compact 0.010ms
[1.696s][info ][gc,start    ] GC(1) Pause Full (Metadata GC Threshold)
[1.696s][info ][gc,phases,start] GC(1) Marking Phase
[1.704s][debug][gc,phases      ] GC(1) Par Mark 7.897ms
[1.704s][debug][gc,ref         ] GC(1) Skipped phase 1 of Reference Processing: no references
[1.704s][debug][gc,ref         ] GC(1) ReferenceProcessor::execute queues: 3, RefProcThreadModel::Multi, marks_oops_alive: false
[1.704s][debug][gc,ref         ] GC(1) Skipped phase 3 of Reference Processing: no references
[1.704s][debug][gc,ref         ] GC(1) ReferenceProcessor::execute queues: 1, RefProcThreadModel::Single, marks_oops_alive: false
[1.704s][debug][gc,phases      ] GC(1) Reference Processing 0.459ms
[1.704s][debug][gc,phases      ] GC(1)   VM Weak                        Min:  0.0, Avg:  0.0, Max:  0.0, Diff:  0.0, Sum:  0.0, Workers: 4
[1.704s][debug][gc,phases      ] GC(1)     Dead                           Min: 0, Avg:  0.0, Max: 0, Diff: 0, Sum: 0, Workers: 4
[1.704s][debug][gc,phases      ] GC(1)     Total                          Min: 0, Avg: 58.0, Max: 168, Diff: 168, Sum: 232, Workers: 4
[1.704s][debug][gc,phases      ] GC(1)   ObjectSynchronizer Weak        Min:  0.0, Avg:  0.0, Max:  0.0, Diff:  0.0, Sum:  0.0, Workers: 4
[1.704s][debug][gc,phases      ] GC(1)     Dead                           Min: 0, Avg:  0.0, Max: 0, Diff: 0, Sum: 0, Workers: 4
[1.704s][debug][gc,phases      ] GC(1)     Total                          Min: 0, Avg:  2.2, Max: 9, Diff: 9, Sum: 9, Workers: 4
[1.704s][debug][gc,phases      ] GC(1)   JVMTI Tag Weak OopStorage      Min:  0.0, Avg:  0.0, Max:  0.0, Diff:  0.0, Sum:  0.0, Workers: 4
[1.704s][debug][gc,phases      ] GC(1)     Dead                           Min: 0, Avg:  0.0, Max: 0, Diff: 0, Sum: 0, Workers: 4
[1.704s][debug][gc,phases      ] GC(1)     Total                          Min: 0, Avg:  0.0, Max: 0, Diff: 0, Sum: 0, Workers: 4
[1.704s][debug][gc,phases      ] GC(1)   StringTable Weak               Min:  0.0, Avg:  0.0, Max:  0.1, Diff:  0.1, Sum:  0.2, Workers: 4
[1.704s][debug][gc,phases      ] GC(1)     Dead                           Min: 0, Avg:  0.0, Max: 0, Diff: 0, Sum: 0, Workers: 4
[1.704s][debug][gc,phases      ] GC(1)     Total                          Min: 0, Avg: 3284.2, Max: 4625, Diff: 4625, Sum: 13137, Workers: 4
[1.704s][debug][gc,phases      ] GC(1)   ResolvedMethodTable Weak       Min:  0.0, Avg:  0.0, Max:  0.0, Diff:  0.0, Sum:  0.0, Workers: 4
[1.704s][debug][gc,phases      ] GC(1)     Dead                           Min: 0, Avg:  0.0, Max: 0, Diff: 0, Sum: 0, Workers: 4
[1.704s][debug][gc,phases      ] GC(1)     Total                          Min: 0, Avg: 320.8, Max: 451, Diff: 451, Sum: 1283, Workers: 4
[1.704s][debug][gc,phases      ] GC(1)   JNI Weak                       Min:  0.0, Avg:  0.0, Max:  0.0, Diff:  0.0, Sum:  0.0, Workers: 4
[1.704s][debug][gc,phases      ] GC(1)     Dead                           Min: 0, Avg:  0.0, Max: 0, Diff: 0, Sum: 0, Workers: 4
[1.704s][debug][gc,phases      ] GC(1)     Total                          Min: 0, Avg: 11.2, Max: 45, Diff: 45, Sum: 45, Workers: 4
[1.704s][debug][gc,phases      ] GC(1)   StringDedup Table Weak         Min:  0.0, Avg:  0.0, Max:  0.0, Diff:  0.0, Sum:  0.0, Workers: 4
[1.704s][debug][gc,phases      ] GC(1)     Dead                           Min: 0, Avg:  0.0, Max: 0, Diff: 0, Sum: 0, Workers: 4
[1.704s][debug][gc,phases      ] GC(1)     Total                          Min: 0, Avg:  0.0, Max: 0, Diff: 0, Sum: 0, Workers: 4
[1.704s][debug][gc,phases      ] GC(1)   StringDedup Requests0 Weak     Min:  0.0, Avg:  0.0, Max:  0.0, Diff:  0.0, Sum:  0.0, Workers: 4
[1.704s][debug][gc,phases      ] GC(1)     Dead                           Min: 0, Avg:  0.0, Max: 0, Diff: 0, Sum: 0, Workers: 4
[1.704s][debug][gc,phases      ] GC(1)     Total                          Min: 0, Avg:  0.0, Max: 0, Diff: 0, Sum: 0, Workers: 4
[1.704s][debug][gc,phases      ] GC(1)   StringDedup Requests1 Weak     Min:  0.0, Avg:  0.0, Max:  0.0, Diff:  0.0, Sum:  0.0, Workers: 4
[1.704s][debug][gc,phases      ] GC(1)     Dead                           Min: 0, Avg:  0.0, Max: 0, Diff: 0, Sum: 0, Workers: 4
[1.704s][debug][gc,phases      ] GC(1)     Total                          Min: 0, Avg:  0.0, Max: 0, Diff: 0, Sum: 0, Workers: 4
[1.704s][debug][gc,phases      ] GC(1)   Weak JFR Old Object Samples    Min:  0.0, Avg:  0.0, Max:  0.0, Diff:  0.0, Sum:  0.0, Workers: 4
[1.704s][debug][gc,phases      ] GC(1)     Dead                           Min: 0, Avg:  0.0, Max: 0, Diff: 0, Sum: 0, Workers: 4
[1.704s][debug][gc,phases      ] GC(1)     Total                          Min: 0, Avg:  0.0, Max: 0, Diff: 0, Sum: 0, Workers: 4
[1.704s][debug][gc,phases      ] GC(1) Weak Processing 0.258ms
[1.704s][debug][gc,phases      ] GC(1) ClassLoaderData 0.028ms
[1.704s][debug][gc,phases      ] GC(1) Trigger cleanups 0.000ms
[1.708s][debug][gc,phases      ] GC(1) Class Unloading 3.251ms
[1.708s][info ][gc,phases      ] GC(1) Marking Phase 11.967ms
[1.708s][info ][gc,phases,start] GC(1) Summary Phase
[1.708s][info ][gc,phases      ] GC(1) Summary Phase 0.008ms
[1.708s][info ][gc,phases,start] GC(1) Adjust Roots
[1.713s][info ][gc,phases      ] GC(1) Adjust Roots 4.915ms
[1.713s][info ][gc,phases,start] GC(1) Compaction Phase
[1.731s][info ][gc,phases      ] GC(1) Compaction Phase 18.273ms
[1.731s][info ][gc,phases,start] GC(1) Post Compact
[1.732s][info ][gc,phases      ] GC(1) Post Compact 1.159ms
[1.732s][info ][gc,heap        ] GC(1) PSYoungGen: 31510K(1572864K)->25748K(1572864K) Eden: 0K(1048576K)->0K(1048576K) From: 31510K(524288K)->25748K(524288K)
[1.732s][info ][gc,heap        ] GC(1) ParOldGen: 96K(6144K)->5694K(6144K)
[1.732s][info ][gc,metaspace   ] GC(1) Metaspace: 21152K(21504K)->21152K(21504K) NonClass: 18672K(18880K)->18672K(18880K) Class: 2480K(2624K)->2480K(2624K)
[1.732s][info ][gc             ] GC(1) Pause Full (Metadata GC Threshold) 30M->30M(1542M) 36.464ms
[1.732s][info ][gc,cpu         ] GC(1) User=0.11s Sys=0.00s Real=0.04s
[1.732s][info ][safepoint      ] Safepoint "CollectForMetadataAllocation", Time since last: 55019630 ns, Reaching safepoint: 57501 ns, At safepoint: 52908783 ns, Total: 52966284 ns
[1.884s][info ][safepoint      ] Safepoint "ICBufferFull", Time since last: 151363883 ns, Reaching safepoint: 155904 ns, At safepoint: 6600 ns, Total: 162504 ns
[2.045s][info ][safepoint      ] Safepoint "ICBufferFull", Time since last: 161200104 ns, Reaching safepoint: 237405 ns, At safepoint: 3600 ns, Total: 241005 ns
[2.219s][info ][safepoint      ] Safepoint "ICBufferFull", Time since last: 173580480 ns, Reaching safepoint: 154104 ns, At safepoint: 5200 ns, Total: 159304 ns
[2.544s][info ][safepoint      ] Safepoint "ICBufferFull", Time since last: 324744059 ns, Reaching safepoint: 185005 ns, At safepoint: 6500 ns, Total: 191505 ns
[2.790s][info ][safepoint      ] Safepoint "ICBufferFull", Time since last: 245521388 ns, Reaching safepoint: 215705 ns, At safepoint: 8200 ns, Total: 223905 ns
[2.926s][info ][safepoint      ] Safepoint "ICBufferFull", Time since last: 136176244 ns, Reaching safepoint: 159004 ns, At safepoint: 2600 ns, Total: 161604 ns
[3.086s][info ][safepoint      ] Safepoint "ICBufferFull", Time since last: 159902675 ns, Reaching safepoint: 177504 ns, At safepoint: 5700 ns, Total: 183204 ns
[3.203s][info ][safepoint      ] Safepoint "ICBufferFull", Time since last: 116688708 ns, Reaching safepoint: 250606 ns, At safepoint: 5100 ns, Total: 255706 ns
[3.359s][info ][safepoint      ] Safepoint "ICBufferFull", Time since last: 156289394 ns, Reaching safepoint: 155303 ns, At safepoint: 6600 ns, Total: 161903 ns
[3.612s][info ][safepoint      ] Safepoint "ICBufferFull", Time since last: 252548846 ns, Reaching safepoint: 177504 ns, At safepoint: 4900 ns, Total: 182404 ns
[3.709s][info ][gc,start       ] GC(2) Pause Young (Metadata GC Threshold)
[3.762s][debug][gc,phases      ] GC(2) Scavenge 52.106ms
[3.762s][debug][gc,ref         ] GC(2) Skipped phase 1 of Reference Processing: no references
[3.762s][debug][gc,ref         ] GC(2) ReferenceProcessor::execute queues: 4, RefProcThreadModel::Multi, marks_oops_alive: false
[3.762s][debug][gc,ref         ] GC(2) Skipped phase 3 of Reference Processing: no references
[3.762s][debug][gc,ref         ] GC(2) ReferenceProcessor::execute queues: 1, RefProcThreadModel::Single, marks_oops_alive: false
[3.762s][debug][gc,phases      ] GC(2) Reference Processing 0.417ms
[3.762s][debug][gc,phases      ] GC(2)   VM Weak                        Min:  0.0, Avg:  0.0, Max:  0.0, Diff:  0.0, Sum:  0.0, Workers: 4
[3.762s][debug][gc,phases      ] GC(2)     Dead                           Min: 0, Avg:  0.0, Max: 0, Diff: 0, Sum: 0, Workers: 4
[3.762s][debug][gc,phases      ] GC(2)     Total                          Min: 0, Avg: 88.5, Max: 354, Diff: 354, Sum: 354, Workers: 4
[3.762s][debug][gc,phases      ] GC(2)   ObjectSynchronizer Weak        Min:  0.0, Avg:  0.0, Max:  0.0, Diff:  0.0, Sum:  0.0, Workers: 4
[3.762s][debug][gc,phases      ] GC(2)     Dead                           Min: 0, Avg:  0.0, Max: 0, Diff: 0, Sum: 0, Workers: 4
[3.762s][debug][gc,phases      ] GC(2)     Total                          Min: 0, Avg:  2.2, Max: 9, Diff: 9, Sum: 9, Workers: 4
[3.762s][debug][gc,phases      ] GC(2)   JVMTI Tag Weak OopStorage      Min:  0.0, Avg:  0.0, Max:  0.0, Diff:  0.0, Sum:  0.0, Workers: 4
[3.762s][debug][gc,phases      ] GC(2)     Dead                           Min: 0, Avg:  0.0, Max: 0, Diff: 0, Sum: 0, Workers: 4
[3.762s][debug][gc,phases      ] GC(2)     Total                          Min: 0, Avg:  0.0, Max: 0, Diff: 0, Sum: 0, Workers: 4
[3.762s][debug][gc,phases      ] GC(2)   StringTable Weak               Min:  0.0, Avg:  0.2, Max:  0.3, Diff:  0.3, Sum:  0.9, Workers: 4
[3.762s][debug][gc,phases      ] GC(2)     Dead                           Min: 0, Avg:  2.2, Max: 4, Diff: 4, Sum: 9, Workers: 4
[3.762s][debug][gc,phases      ] GC(2)     Total                          Min: 0, Avg: 6547.8, Max: 11264, Diff: 11264, Sum: 26191, Workers: 4
[3.762s][debug][gc,phases      ] GC(2)   ResolvedMethodTable Weak       Min:  0.0, Avg:  0.0, Max:  0.0, Diff:  0.0, Sum:  0.1, Workers: 4
[3.762s][debug][gc,phases      ] GC(2)     Dead                           Min: 0, Avg: 14.2, Max: 31, Diff: 31, Sum: 57, Workers: 4
[3.762s][debug][gc,phases      ] GC(2)     Total                          Min: 0, Avg: 610.8, Max: 960, Diff: 960, Sum: 2443, Workers: 4
[3.762s][debug][gc,phases      ] GC(2)   JNI Weak                       Min:  0.0, Avg:  0.0, Max:  0.0, Diff:  0.0, Sum:  0.0, Workers: 4
[3.762s][debug][gc,phases      ] GC(2)     Dead                           Min: 0, Avg:  0.0, Max: 0, Diff: 0, Sum: 0, Workers: 4
[3.762s][debug][gc,phases      ] GC(2)     Total                          Min: 0, Avg: 11.5, Max: 46, Diff: 46, Sum: 46, Workers: 4
[3.762s][debug][gc,phases      ] GC(2)   StringDedup Table Weak         Min:  0.0, Avg:  0.0, Max:  0.0, Diff:  0.0, Sum:  0.0, Workers: 4
[3.762s][debug][gc,phases      ] GC(2)     Dead                           Min: 0, Avg:  0.0, Max: 0, Diff: 0, Sum: 0, Workers: 4
[3.762s][debug][gc,phases      ] GC(2)     Total                          Min: 0, Avg:  0.0, Max: 0, Diff: 0, Sum: 0, Workers: 4
[3.762s][debug][gc,phases      ] GC(2)   StringDedup Requests0 Weak     Min:  0.0, Avg:  0.0, Max:  0.0, Diff:  0.0, Sum:  0.0, Workers: 4
[3.762s][debug][gc,phases      ] GC(2)     Dead                           Min: 0, Avg:  0.0, Max: 0, Diff: 0, Sum: 0, Workers: 4
[3.762s][debug][gc,phases      ] GC(2)     Total                          Min: 0, Avg:  0.0, Max: 0, Diff: 0, Sum: 0, Workers: 4
[3.762s][debug][gc,phases      ] GC(2)   StringDedup Requests1 Weak     Min:  0.0, Avg:  0.0, Max:  0.0, Diff:  0.0, Sum:  0.0, Workers: 4
[3.762s][debug][gc,phases      ] GC(2)     Dead                           Min: 0, Avg:  0.0, Max: 0, Diff: 0, Sum: 0, Workers: 4
[3.762s][debug][gc,phases      ] GC(2)     Total                          Min: 0, Avg:  0.0, Max: 0, Diff: 0, Sum: 0, Workers: 4
[3.762s][debug][gc,phases      ] GC(2)   Weak JFR Old Object Samples    Min:  0.0, Avg:  0.0, Max:  0.0, Diff:  0.0, Sum:  0.0, Workers: 4
[3.762s][debug][gc,phases      ] GC(2)     Dead                           Min: 0, Avg:  0.0, Max: 0, Diff: 0, Sum: 0, Workers: 4
[3.762s][debug][gc,phases      ] GC(2)     Total                          Min: 0, Avg:  0.0, Max: 0, Diff: 0, Sum: 0, Workers: 4
[3.762s][debug][gc,phases      ] GC(2) Weak Processing 0.523ms
[3.762s][debug][gc,age         ] GC(2) Desired survivor size 536870912 bytes, new threshold 7 (max threshold 15)
[3.763s][info ][gc,heap        ] GC(2) PSYoungGen: 571008K(1572864K)->82554K(1572864K) Eden: 545260K(1048576K)->0K(1048576K) From: 25748K(524288K)->82554K(524288K)
[3.763s][info ][gc,heap        ] GC(2) ParOldGen: 5694K(6144K)->5702K(6144K)
[3.763s][info ][gc,metaspace   ] GC(2) Metaspace: 35363K(35840K)->35363K(35840K) NonClass: 30734K(30976K)->30734K(30976K) Class: 4629K(4864K)->4629K(4864K)
[3.763s][info ][gc             ] GC(2) Pause Young (Metadata GC Threshold) 563M->86M(1542M) 53.179ms
[3.763s][info ][gc,cpu         ] GC(2) User=0.16s Sys=0.04s Real=0.06s
[3.763s][debug][gc,phases      ] GC(3) Pre Compact 0.009ms
[3.763s][info ][gc,start       ] GC(3) Pause Full (Metadata GC Threshold)
[3.763s][info ][gc,phases,start] GC(3) Marking Phase
[3.798s][debug][gc,phases      ] GC(3) Par Mark 35.428ms
[3.798s][debug][gc,ref         ] GC(3) Skipped phase 1 of Reference Processing: no references
[3.798s][debug][gc,ref         ] GC(3) ReferenceProcessor::execute queues: 4, RefProcThreadModel::Multi, marks_oops_alive: false
[3.799s][debug][gc,ref         ] GC(3) Skipped phase 3 of Reference Processing: no references
[3.799s][debug][gc,ref         ] GC(3) ReferenceProcessor::execute queues: 1, RefProcThreadModel::Single, marks_oops_alive: false
[3.799s][debug][gc,phases      ] GC(3) Reference Processing 0.633ms
[3.799s][debug][gc,phases      ] GC(3)   VM Weak                        Min:  0.0, Avg:  0.0, Max:  0.0, Diff:  0.0, Sum:  0.0, Workers: 4
[3.799s][debug][gc,phases      ] GC(3)     Dead                           Min: 0, Avg:  0.0, Max: 0, Diff: 0, Sum: 0, Workers: 4
[3.799s][debug][gc,phases      ] GC(3)     Total                          Min: 0, Avg: 88.5, Max: 290, Diff: 290, Sum: 354, Workers: 4
[3.799s][debug][gc,phases      ] GC(3)   ObjectSynchronizer Weak        Min:  0.0, Avg:  0.0, Max:  0.0, Diff:  0.0, Sum:  0.0, Workers: 4
[3.799s][debug][gc,phases      ] GC(3)     Dead                           Min: 0, Avg:  0.0, Max: 0, Diff: 0, Sum: 0, Workers: 4
[3.799s][debug][gc,phases      ] GC(3)     Total                          Min: 0, Avg:  2.2, Max: 9, Diff: 9, Sum: 9, Workers: 4
[3.799s][debug][gc,phases      ] GC(3)   JVMTI Tag Weak OopStorage      Min:  0.0, Avg:  0.0, Max:  0.0, Diff:  0.0, Sum:  0.0, Workers: 4
[3.799s][debug][gc,phases      ] GC(3)     Dead                           Min: 0, Avg:  0.0, Max: 0, Diff: 0, Sum: 0, Workers: 4
[3.799s][debug][gc,phases      ] GC(3)     Total                          Min: 0, Avg:  0.0, Max: 0, Diff: 0, Sum: 0, Workers: 4
[3.799s][debug][gc,phases      ] GC(3)   StringTable Weak               Min:  0.0, Avg:  0.1, Max:  0.1, Diff:  0.1, Sum:  0.3, Workers: 4
[3.799s][debug][gc,phases      ] GC(3)     Dead                           Min: 0, Avg:  0.0, Max: 0, Diff: 0, Sum: 0, Workers: 4
[3.799s][debug][gc,phases      ] GC(3)     Total                          Min: 0, Avg: 6547.8, Max: 9743, Diff: 9743, Sum: 26191, Workers: 4
[3.799s][debug][gc,phases      ] GC(3)   ResolvedMethodTable Weak       Min:  0.0, Avg:  0.0, Max:  0.0, Diff:  0.0, Sum:  0.0, Workers: 4
[3.799s][debug][gc,phases      ] GC(3)     Dead                           Min: 0, Avg:  0.0, Max: 0, Diff: 0, Sum: 0, Workers: 4
[3.799s][debug][gc,phases      ] GC(3)     Total                          Min: 0, Avg: 610.8, Max: 971, Diff: 971, Sum: 2443, Workers: 4
[3.799s][debug][gc,phases      ] GC(3)   JNI Weak                       Min:  0.0, Avg:  0.0, Max:  0.0, Diff:  0.0, Sum:  0.0, Workers: 4
[3.799s][debug][gc,phases      ] GC(3)     Dead                           Min: 0, Avg:  0.0, Max: 0, Diff: 0, Sum: 0, Workers: 4
[3.799s][debug][gc,phases      ] GC(3)     Total                          Min: 0, Avg: 11.5, Max: 46, Diff: 46, Sum: 46, Workers: 4
[3.799s][debug][gc,phases      ] GC(3)   StringDedup Table Weak         Min:  0.0, Avg:  0.0, Max:  0.0, Diff:  0.0, Sum:  0.0, Workers: 4
[3.799s][debug][gc,phases      ] GC(3)     Dead                           Min: 0, Avg:  0.0, Max: 0, Diff: 0, Sum: 0, Workers: 4
[3.799s][debug][gc,phases      ] GC(3)     Total                          Min: 0, Avg:  0.0, Max: 0, Diff: 0, Sum: 0, Workers: 4
[3.799s][debug][gc,phases      ] GC(3)   StringDedup Requests0 Weak     Min:  0.0, Avg:  0.0, Max:  0.0, Diff:  0.0, Sum:  0.0, Workers: 4
[3.799s][debug][gc,phases      ] GC(3)     Dead                           Min: 0, Avg:  0.0, Max: 0, Diff: 0, Sum: 0, Workers: 4
[3.799s][debug][gc,phases      ] GC(3)     Total                          Min: 0, Avg:  0.0, Max: 0, Diff: 0, Sum: 0, Workers: 4
[3.799s][debug][gc,phases      ] GC(3)   StringDedup Requests1 Weak     Min:  0.0, Avg:  0.0, Max:  0.0, Diff:  0.0, Sum:  0.0, Workers: 4
[3.799s][debug][gc,phases      ] GC(3)     Dead                           Min: 0, Avg:  0.0, Max: 0, Diff: 0, Sum: 0, Workers: 4
[3.799s][debug][gc,phases      ] GC(3)     Total                          Min: 0, Avg:  0.0, Max: 0, Diff: 0, Sum: 0, Workers: 4
[3.799s][debug][gc,phases      ] GC(3)   Weak JFR Old Object Samples    Min:  0.0, Avg:  0.0, Max:  0.0, Diff:  0.0, Sum:  0.0, Workers: 4
[3.799s][debug][gc,phases      ] GC(3)     Dead                           Min: 0, Avg:  0.0, Max: 0, Diff: 0, Sum: 0, Workers: 4
[3.799s][debug][gc,phases      ] GC(3)     Total                          Min: 0, Avg:  0.0, Max: 0, Diff: 0, Sum: 0, Workers: 4
[3.799s][debug][gc,phases      ] GC(3) Weak Processing 0.312ms
[3.799s][debug][gc,phases      ] GC(3) ClassLoaderData 0.047ms
[3.799s][debug][gc,phases      ] GC(3) Trigger cleanups 0.000ms
[3.805s][debug][gc,phases      ] GC(3) Class Unloading 5.913ms
[3.805s][info ][gc,phases      ] GC(3) Marking Phase 42.434ms
[3.805s][info ][gc,phases,start] GC(3) Summary Phase
[3.805s][info ][gc,phases      ] GC(3) Summary Phase 0.007ms
[3.805s][info ][gc,phases,start] GC(3) Adjust Roots
[3.814s][info ][gc,phases      ] GC(3) Adjust Roots 8.696ms
[3.814s][info ][gc,phases,start] GC(3) Compaction Phase
[4.162s][info ][gc,phases      ] GC(3) Compaction Phase 348.141ms
[4.162s][info ][gc,phases,start] GC(3) Post Compact
[4.163s][info ][gc,phases      ] GC(3) Post Compact 1.039ms
[4.163s][info ][gc,heap        ] GC(3) PSYoungGen: 82554K(1572864K)->81836K(1572864K) Eden: 0K(1048576K)->0K(1048576K) From: 82554K(524288K)->81836K(524288K)
[4.163s][info ][gc,heap        ] GC(3) ParOldGen: 5702K(6144K)->6123K(6144K)
[4.163s][info ][gc,metaspace   ] GC(3) Metaspace: 35363K(35840K)->35363K(35840K) NonClass: 30734K(30976K)->30734K(30976K) Class: 4629K(4864K)->4629K(4864K)
[4.163s][info ][gc             ] GC(3) Pause Full (Metadata GC Threshold) 86M->85M(1542M) 400.446ms
[4.163s][info ][gc,cpu         ] GC(3) User=0.87s Sys=0.00s Real=0.40s
[4.163s][info ][safepoint      ] Safepoint "CollectForMetadataAllocation", Time since last: 97048770 ns, Reaching safepoint: 104702 ns, At safepoint: 453744343 ns, Total: 453849045 ns
[4.604s][info ][safepoint      ] Safepoint "ICBufferFull", Time since last: 440976445 ns, Reaching safepoint: 180804 ns, At safepoint: 5400 ns, Total: 186204 ns
[5.228s][info ][safepoint      ] Safepoint "ICBufferFull", Time since last: 623799702 ns, Reaching safepoint: 170104 ns, At safepoint: 2600 ns, Total: 172704 ns
[5.367s][info ][safepoint      ] Safepoint "ICBufferFull", Time since last: 138296726 ns, Reaching safepoint: 186205 ns, At safepoint: 12900 ns, Total: 199105 ns
[5.472s][info ][safepoint      ] Safepoint "ICBufferFull", Time since last: 105542886 ns, Reaching safepoint: 147803 ns, At safepoint: 5400 ns, Total: 153203 ns
[5.648s][info ][safepoint      ] Safepoint "ICBufferFull", Time since last: 175148760 ns, Reaching safepoint: 159503 ns, At safepoint: 2301 ns, Total: 161804 ns
[5.796s][info ][safepoint      ] Safepoint "ICBufferFull", Time since last: 147868342 ns, Reaching safepoint: 109603 ns, At safepoint: 2300 ns, Total: 111903 ns
[6.123s][info ][safepoint      ] Safepoint "ICBufferFull", Time since last: 326785787 ns, Reaching safepoint: 277707 ns, At safepoint: 10100 ns, Total: 287807 ns
[6.328s][info ][safepoint      ] Safepoint "ICBufferFull", Time since last: 205297341 ns, Reaching safepoint: 170404 ns, At safepoint: 7600 ns, Total: 178004 ns
[6.433s][info ][safepoint      ] Safepoint "ICBufferFull", Time since last: 105004874 ns, Reaching safepoint: 200604 ns, At safepoint: 6601 ns, Total: 207205 ns
[7.169s][info ][safepoint      ] Safepoint "ICBufferFull", Time since last: 735008116 ns, Reaching safepoint: 183404 ns, At safepoint: 5700 ns, Total: 189104 ns
[7.270s][debug][gc,phases      ] GC(4) Pre Compact 0.024ms
[7.270s][info ][gc,start       ] GC(4) Pause Full (Metadata GC Threshold)
[7.270s][info ][gc,phases,start] GC(4) Marking Phase
[7.337s][debug][gc,phases      ] GC(4) Par Mark 66.706ms
[7.337s][debug][gc,ref         ] GC(4) Skipped phase 1 of Reference Processing: no references
[7.337s][debug][gc,ref         ] GC(4) ReferenceProcessor::execute queues: 4, RefProcThreadModel::Multi, marks_oops_alive: false
[7.338s][debug][gc,ref         ] GC(4) Skipped phase 3 of Reference Processing: no references
[7.338s][debug][gc,ref         ] GC(4) ReferenceProcessor::execute queues: 4, RefProcThreadModel::Multi, marks_oops_alive: false
[7.339s][debug][gc,phases      ] GC(4) Reference Processing 2.062ms
[7.339s][debug][gc,phases      ] GC(4)   VM Weak                        Min:  0.0, Avg:  0.0, Max:  0.0, Diff:  0.0, Sum:  0.0, Workers: 4
[7.339s][debug][gc,phases      ] GC(4)     Dead                           Min: 0, Avg:  0.2, Max: 1, Diff: 1, Sum: 1, Workers: 4
[7.339s][debug][gc,phases      ] GC(4)     Total                          Min: 0, Avg: 133.5, Max: 214, Diff: 214, Sum: 534, Workers: 4
[7.339s][debug][gc,phases      ] GC(4)   ObjectSynchronizer Weak        Min:  0.0, Avg:  0.0, Max:  0.0, Diff:  0.0, Sum:  0.0, Workers: 4
[7.339s][debug][gc,phases      ] GC(4)     Dead                           Min: 0, Avg:  1.2, Max: 5, Diff: 5, Sum: 5, Workers: 4
[7.339s][debug][gc,phases      ] GC(4)     Total                          Min: 0, Avg:  6.5, Max: 26, Diff: 26, Sum: 26, Workers: 4
[7.339s][debug][gc,phases      ] GC(4)   JVMTI Tag Weak OopStorage      Min:  0.0, Avg:  0.0, Max:  0.0, Diff:  0.0, Sum:  0.0, Workers: 4
[7.339s][debug][gc,phases      ] GC(4)     Dead                           Min: 0, Avg:  0.0, Max: 0, Diff: 0, Sum: 0, Workers: 4
[7.339s][debug][gc,phases      ] GC(4)     Total                          Min: 0, Avg:  0.0, Max: 0, Diff: 0, Sum: 0, Workers: 4
[7.339s][debug][gc,phases      ] GC(4)   StringTable Weak               Min:  0.0, Avg:  0.2, Max:  0.2, Diff:  0.2, Sum:  0.7, Workers: 4
[7.339s][debug][gc,phases      ] GC(4)     Dead                           Min: 0, Avg:  5.5, Max: 9, Diff: 9, Sum: 22, Workers: 4
[7.339s][debug][gc,phases      ] GC(4)     Total                          Min: 0, Avg: 9038.8, Max: 13568, Diff: 13568, Sum: 36155, Workers: 4
[7.339s][debug][gc,phases      ] GC(4)   ResolvedMethodTable Weak       Min:  0.0, Avg:  0.0, Max:  0.0, Diff:  0.0, Sum:  0.1, Workers: 4
[7.339s][debug][gc,phases      ] GC(4)     Dead                           Min: 0, Avg: 86.8, Max: 162, Diff: 162, Sum: 347, Workers: 4
[7.339s][debug][gc,phases      ] GC(4)     Total                          Min: 0, Avg: 1674.2, Max: 2304, Diff: 2304, Sum: 6697, Workers: 4
[7.339s][debug][gc,phases      ] GC(4)   JNI Weak                       Min:  0.0, Avg:  0.0, Max:  0.0, Diff:  0.0, Sum:  0.0, Workers: 4
[7.339s][debug][gc,phases      ] GC(4)     Dead                           Min: 0, Avg:  0.0, Max: 0, Diff: 0, Sum: 0, Workers: 4
[7.339s][debug][gc,phases      ] GC(4)     Total                          Min: 0, Avg: 11.5, Max: 46, Diff: 46, Sum: 46, Workers: 4
[7.339s][debug][gc,phases      ] GC(4)   StringDedup Table Weak         Min:  0.0, Avg:  0.0, Max:  0.0, Diff:  0.0, Sum:  0.0, Workers: 4
[7.339s][debug][gc,phases      ] GC(4)     Dead                           Min: 0, Avg:  0.0, Max: 0, Diff: 0, Sum: 0, Workers: 4
[7.339s][debug][gc,phases      ] GC(4)     Total                          Min: 0, Avg:  0.0, Max: 0, Diff: 0, Sum: 0, Workers: 4
[7.339s][debug][gc,phases      ] GC(4)   StringDedup Requests0 Weak     Min:  0.0, Avg:  0.0, Max:  0.0, Diff:  0.0, Sum:  0.0, Workers: 4
[7.339s][debug][gc,phases      ] GC(4)     Dead                           Min: 0, Avg:  0.0, Max: 0, Diff: 0, Sum: 0, Workers: 4
[7.339s][debug][gc,phases      ] GC(4)     Total                          Min: 0, Avg:  0.0, Max: 0, Diff: 0, Sum: 0, Workers: 4
[7.339s][debug][gc,phases      ] GC(4)   StringDedup Requests1 Weak     Min:  0.0, Avg:  0.0, Max:  0.0, Diff:  0.0, Sum:  0.0, Workers: 4
[7.339s][debug][gc,phases      ] GC(4)     Dead                           Min: 0, Avg:  0.0, Max: 0, Diff: 0, Sum: 0, Workers: 4
[7.339s][debug][gc,phases      ] GC(4)     Total                          Min: 0, Avg:  0.0, Max: 0, Diff: 0, Sum: 0, Workers: 4
[7.339s][debug][gc,phases      ] GC(4)   Weak JFR Old Object Samples    Min:  0.0, Avg:  0.0, Max:  0.0, Diff:  0.0, Sum:  0.0, Workers: 4
[7.339s][debug][gc,phases      ] GC(4)     Dead                           Min: 0, Avg:  0.0, Max: 0, Diff: 0, Sum: 0, Workers: 4
[7.339s][debug][gc,phases      ] GC(4)     Total                          Min: 0, Avg:  0.0, Max: 0, Diff: 0, Sum: 0, Workers: 4
[7.339s][debug][gc,phases      ] GC(4) Weak Processing 0.444ms
[7.339s][debug][gc,phases      ] GC(4) ClassLoaderData 0.144ms
[7.339s][debug][gc,phases      ] GC(4) Trigger cleanups 0.002ms
[7.353s][debug][gc,phases      ] GC(4) Class Unloading 14.256ms
[7.353s][info ][gc,phases      ] GC(4) Marking Phase 83.649ms
[7.353s][info ][gc,phases,start] GC(4) Summary Phase
[7.353s][info ][gc,phases      ] GC(4) Summary Phase 0.021ms
[7.353s][info ][gc,phases,start] GC(4) Adjust Roots
[7.365s][info ][gc,phases      ] GC(4) Adjust Roots 11.145ms
[7.365s][info ][gc,phases,start] GC(4) Compaction Phase
[7.526s][info ][gc,phases      ] GC(4) Compaction Phase 161.411ms
[7.526s][info ][gc,phases,start] GC(4) Post Compact
[7.531s][info ][gc,phases      ] GC(4) Post Compact 4.749ms
[7.531s][info ][gc,heap        ] GC(4) PSYoungGen: 836707K(1572864K)->107765K(1572864K) Eden: 754870K(1048576K)->107765K(1048576K) From: 81836K(524288K)->0K(524288K)
[7.531s][info ][gc,heap        ] GC(4) ParOldGen: 6123K(6144K)->6134K(6144K)
[7.531s][info ][gc,metaspace   ] GC(4) Metaspace: 59046K(59776K)->59044K(59776K) NonClass: 50165K(50560K)->50163K(50560K) Class: 8881K(9216K)->8880K(9216K)
[7.531s][info ][gc             ] GC(4) Pause Full (Metadata GC Threshold) 823M->111M(1542M) 261.153ms
[7.531s][info ][gc,cpu         ] GC(4) User=0.84s Sys=0.03s Real=0.27s
[7.531s][info ][safepoint      ] Safepoint "CollectForMetadataAllocation", Time since last: 100974083 ns, Reaching safepoint: 98402 ns, At safepoint: 261279107 ns, Total: 261377509 ns
[7.709s][info ][safepoint      ] Safepoint "ICBufferFull", Time since last: 177836520 ns, Reaching safepoint: 130203 ns, At safepoint: 2500 ns, Total: 132703 ns
[8.153s][info ][safepoint      ] Safepoint "ICBufferFull", Time since last: 444053339 ns, Reaching safepoint: 162403 ns, At safepoint: 3900 ns, Total: 166303 ns
[8.153s][info ][safepoint      ] Safepoint "ICBufferFull", Time since last: 65202 ns, Reaching safepoint: 22400 ns, At safepoint: 6601 ns, Total: 29001 ns
[8.153s][info ][safepoint      ] Safepoint "ICBufferFull", Time since last: 30000 ns, Reaching safepoint: 89602 ns, At safepoint: 7000 ns, Total: 96602 ns
[9.154s][info ][safepoint      ] Safepoint "Cleanup", Time since last: 1000091309 ns, Reaching safepoint: 117303 ns, At safepoint: 13000 ns, Total: 130303 ns
[10.588s][info ][safepoint      ] Safepoint "Cleanup", Time since last: 1434058120 ns, Reaching safepoint: 111002 ns, At safepoint: 7501 ns, Total: 118503 ns
[10.924s][info ][safepoint      ] Safepoint "ICBufferFull", Time since last: 336097198 ns, Reaching safepoint: 252505 ns, At safepoint: 7400 ns, Total: 259905 ns
[11.519s][info ][safepoint      ] Safepoint "ICBufferFull", Time since last: 594885549 ns, Reaching safepoint: 137003 ns, At safepoint: 7300 ns, Total: 144303 ns
[11.704s][info ][safepoint      ] Safepoint "ICBufferFull", Time since last: 184238665 ns, Reaching safepoint: 221405 ns, At safepoint: 8600 ns, Total: 230005 ns
[11.760s][debug][gc,phases      ] GC(5) Pre Compact 0.022ms
[11.760s][info ][gc,start       ] GC(5) Pause Full (Ergonomics)
[11.760s][info ][gc,phases,start] GC(5) Marking Phase
[12.099s][debug][gc,phases      ] GC(5) Par Mark 338.471ms
[12.099s][debug][gc,ref         ] GC(5) Skipped phase 1 of Reference Processing: no references
[12.099s][debug][gc,ref         ] GC(5) ReferenceProcessor::execute queues: 4, RefProcThreadModel::Multi, marks_oops_alive: false
[12.100s][debug][gc,ref         ] GC(5) Skipped phase 3 of Reference Processing: no references
[12.100s][debug][gc,ref         ] GC(5) ReferenceProcessor::execute queues: 1, RefProcThreadModel::Single, marks_oops_alive: false
[12.100s][debug][gc,phases      ] GC(5) Reference Processing 1.543ms
[12.101s][debug][gc,phases      ] GC(5)   VM Weak                        Min:  0.0, Avg:  0.0, Max:  0.0, Diff:  0.0, Sum:  0.0, Workers: 4
[12.101s][debug][gc,phases      ] GC(5)     Dead                           Min: 0, Avg:  0.0, Max: 0, Diff: 0, Sum: 0, Workers: 4
[12.101s][debug][gc,phases      ] GC(5)     Total                          Min: 0, Avg: 155.0, Max: 256, Diff: 256, Sum: 620, Workers: 4
[12.101s][debug][gc,phases      ] GC(5)   ObjectSynchronizer Weak        Min:  0.0, Avg:  0.0, Max:  0.0, Diff:  0.0, Sum:  0.0, Workers: 4
[12.101s][debug][gc,phases      ] GC(5)     Dead                           Min: 0, Avg:  0.0, Max: 0, Diff: 0, Sum: 0, Workers: 4
[12.101s][debug][gc,phases      ] GC(5)     Total                          Min: 0, Avg:  6.5, Max: 26, Diff: 26, Sum: 26, Workers: 4
[12.101s][debug][gc,phases      ] GC(5)   JVMTI Tag Weak OopStorage      Min:  0.0, Avg:  0.0, Max:  0.0, Diff:  0.0, Sum:  0.0, Workers: 4
[12.101s][debug][gc,phases      ] GC(5)     Dead                           Min: 0, Avg:  0.0, Max: 0, Diff: 0, Sum: 0, Workers: 4
[12.101s][debug][gc,phases      ] GC(5)     Total                          Min: 0, Avg:  0.0, Max: 0, Diff: 0, Sum: 0, Workers: 4
[12.101s][debug][gc,phases      ] GC(5)   StringTable Weak               Min:  0.0, Avg:  0.1, Max:  0.2, Diff:  0.2, Sum:  0.6, Workers: 4
[12.101s][debug][gc,phases      ] GC(5)     Dead                           Min: 0, Avg:  2.2, Max: 6, Diff: 6, Sum: 9, Workers: 4
[12.101s][debug][gc,phases      ] GC(5)     Total                          Min: 0, Avg: 9242.2, Max: 13696, Diff: 13696, Sum: 36969, Workers: 4
[12.101s][debug][gc,phases      ] GC(5)   ResolvedMethodTable Weak       Min:  0.0, Avg:  0.0, Max:  0.0, Diff:  0.0, Sum:  0.1, Workers: 4
[12.101s][debug][gc,phases      ] GC(5)     Dead                           Min: 0, Avg: 18.0, Max: 42, Diff: 42, Sum: 72, Workers: 4
[12.101s][debug][gc,phases      ] GC(5)     Total                          Min: 0, Avg: 1723.8, Max: 2496, Diff: 2496, Sum: 6895, Workers: 4
[12.101s][debug][gc,phases      ] GC(5)   JNI Weak                       Min:  0.0, Avg:  0.0, Max:  0.0, Diff:  0.0, Sum:  0.0, Workers: 4
[12.101s][debug][gc,phases      ] GC(5)     Dead                           Min: 0, Avg:  0.0, Max: 0, Diff: 0, Sum: 0, Workers: 4
[12.101s][debug][gc,phases      ] GC(5)     Total                          Min: 0, Avg: 13.5, Max: 45, Diff: 45, Sum: 54, Workers: 4
[12.101s][debug][gc,phases      ] GC(5)   StringDedup Table Weak         Min:  0.0, Avg:  0.0, Max:  0.0, Diff:  0.0, Sum:  0.0, Workers: 4
[12.101s][debug][gc,phases      ] GC(5)     Dead                           Min: 0, Avg:  0.0, Max: 0, Diff: 0, Sum: 0, Workers: 4
[12.101s][debug][gc,phases      ] GC(5)     Total                          Min: 0, Avg:  0.0, Max: 0, Diff: 0, Sum: 0, Workers: 4
[12.101s][debug][gc,phases      ] GC(5)   StringDedup Requests0 Weak     Min:  0.0, Avg:  0.0, Max:  0.0, Diff:  0.0, Sum:  0.0, Workers: 4
[12.101s][debug][gc,phases      ] GC(5)     Dead                           Min: 0, Avg:  0.0, Max: 0, Diff: 0, Sum: 0, Workers: 4
[12.101s][debug][gc,phases      ] GC(5)     Total                          Min: 0, Avg:  0.0, Max: 0, Diff: 0, Sum: 0, Workers: 4
[12.101s][debug][gc,phases      ] GC(5)   StringDedup Requests1 Weak     Min:  0.0, Avg:  0.0, Max:  0.0, Diff:  0.0, Sum:  0.0, Workers: 4
[12.101s][debug][gc,phases      ] GC(5)     Dead                           Min: 0, Avg:  0.0, Max: 0, Diff: 0, Sum: 0, Workers: 4
[12.101s][debug][gc,phases      ] GC(5)     Total                          Min: 0, Avg:  0.0, Max: 0, Diff: 0, Sum: 0, Workers: 4
[12.101s][debug][gc,phases      ] GC(5)   Weak JFR Old Object Samples    Min:  0.0, Avg:  0.0, Max:  0.0, Diff:  0.0, Sum:  0.0, Workers: 4
[12.101s][debug][gc,phases      ] GC(5)     Dead                           Min: 0, Avg:  0.0, Max: 0, Diff: 0, Sum: 0, Workers: 4
[12.101s][debug][gc,phases      ] GC(5)     Total                          Min: 0, Avg:  0.0, Max: 0, Diff: 0, Sum: 0, Workers: 4
[12.101s][debug][gc,phases      ] GC(5) Weak Processing 0.429ms
[12.101s][debug][gc,phases      ] GC(5) ClassLoaderData 0.088ms
[12.101s][debug][gc,phases      ] GC(5) Trigger cleanups 0.000ms
[12.110s][debug][gc,phases      ] GC(5) Class Unloading 9.134ms
[12.110s][info ][gc,phases      ] GC(5) Marking Phase 349.792ms
[12.110s][info ][gc,phases,start] GC(5) Summary Phase
[12.110s][info ][gc,phases      ] GC(5) Summary Phase 0.027ms
[12.110s][info ][gc,phases,start] GC(5) Adjust Roots
[12.118s][info ][gc,phases      ] GC(5) Adjust Roots 8.336ms
[12.118s][info ][gc,phases,start] GC(5) Compaction Phase
[12.887s][info ][gc,phases      ] GC(5) Compaction Phase 768.791ms
[12.887s][info ][gc,phases,start] GC(5) Post Compact
[12.892s][info ][gc,phases      ] GC(5) Post Compact 4.672ms
[12.892s][info ][gc,heap        ] GC(5) PSYoungGen: 1048576K(1572864K)->631362K(1572864K) Eden: 1048576K(1048576K)->631362K(1048576K) From: 0K(524288K)->0K(524288K)
[12.892s][info ][gc,heap        ] GC(5) ParOldGen: 6134K(6144K)->6130K(18944K)
[12.892s][info ][gc,metaspace   ] GC(5) Metaspace: 62626K(63360K)->62626K(63360K) NonClass: 53304K(53696K)->53304K(53696K) Class: 9322K(9664K)->9322K(9664K)
[12.892s][info ][gc             ] GC(5) Pause Full (Ergonomics) 1029M->622M(1554M) 1131.897ms
[12.892s][info ][gc,cpu         ] GC(5) User=4.04s Sys=0.06s Real=1.13s
[12.892s][info ][safepoint      ] Safepoint "ParallelGCFailedAllocation", Time since last: 56318674 ns, Reaching safepoint: 78701 ns, At safepoint: 1132020787 ns, Total: 1132099488 ns
[13.256s][info ][safepoint      ] Safepoint "ICBufferFull", Time since last: 363245927 ns, Reaching safepoint: 235805 ns, At safepoint: 7500 ns, Total: 243305 ns
[13.691s][info ][gc,start       ] GC(6) Pause Young (Allocation Failure)
[14.076s][debug][gc,phases      ] GC(6) Scavenge 385.452ms
[14.076s][debug][gc,ref         ] GC(6) Skipped phase 1 of Reference Processing: no references
[14.076s][debug][gc,ref         ] GC(6) ReferenceProcessor::execute queues: 4, RefProcThreadModel::Multi, marks_oops_alive: false
[14.077s][debug][gc,ref         ] GC(6) Skipped phase 3 of Reference Processing: no references
[14.077s][debug][gc,ref         ] GC(6) ReferenceProcessor::execute queues: 1, RefProcThreadModel::Single, marks_oops_alive: false
[14.077s][debug][gc,phases      ] GC(6) Reference Processing 0.574ms
[14.077s][debug][gc,phases      ] GC(6)   VM Weak                        Min:  0.0, Avg:  0.0, Max:  0.0, Diff:  0.0, Sum:  0.0, Workers: 4
[14.077s][debug][gc,phases      ] GC(6)     Dead                           Min: 0, Avg:  0.0, Max: 0, Diff: 0, Sum: 0, Workers: 4
[14.077s][debug][gc,phases      ] GC(6)     Total                          Min: 44, Avg: 155.0, Max: 256, Diff: 212, Sum: 620, Workers: 4
[14.077s][debug][gc,phases      ] GC(6)   ObjectSynchronizer Weak        Min:  0.0, Avg:  0.0, Max:  0.0, Diff:  0.0, Sum:  0.0, Workers: 4
[14.077s][debug][gc,phases      ] GC(6)     Dead                           Min: 0, Avg:  0.0, Max: 0, Diff: 0, Sum: 0, Workers: 4
[14.077s][debug][gc,phases      ] GC(6)     Total                          Min: 0, Avg:  6.5, Max: 26, Diff: 26, Sum: 26, Workers: 4
[14.077s][debug][gc,phases      ] GC(6)   JVMTI Tag Weak OopStorage      Min:  0.0, Avg:  0.0, Max:  0.0, Diff:  0.0, Sum:  0.0, Workers: 4
[14.077s][debug][gc,phases      ] GC(6)     Dead                           Min: 0, Avg:  0.0, Max: 0, Diff: 0, Sum: 0, Workers: 4
[14.077s][debug][gc,phases      ] GC(6)     Total                          Min: 0, Avg:  0.0, Max: 0, Diff: 0, Sum: 0, Workers: 4
[14.077s][debug][gc,phases      ] GC(6)   StringTable Weak               Min:  0.4, Avg:  0.4, Max:  0.4, Diff:  0.0, Sum:  1.5, Workers: 4
[14.077s][debug][gc,phases      ] GC(6)     Dead                           Min: 0, Avg:  0.2, Max: 1, Diff: 1, Sum: 1, Workers: 4
[14.077s][debug][gc,phases      ] GC(6)     Total                          Min: 5695, Avg: 9259.0, Max: 10925, Diff: 5230, Sum: 37036, Workers: 4
[14.077s][debug][gc,phases      ] GC(6)   ResolvedMethodTable Weak       Min:  0.1, Avg:  0.1, Max:  0.1, Diff:  0.0, Sum:  0.3, Workers: 4
[14.077s][debug][gc,phases      ] GC(6)     Dead                           Min: 0, Avg:  6.8, Max: 17, Diff: 17, Sum: 27, Workers: 4
[14.077s][debug][gc,phases      ] GC(6)     Total                          Min: 1408, Avg: 1728.8, Max: 1923, Diff: 515, Sum: 6915, Workers: 4
[14.077s][debug][gc,phases      ] GC(6)   JNI Weak                       Min:  0.0, Avg:  0.0, Max:  0.0, Diff:  0.0, Sum:  0.0, Workers: 4
[14.077s][debug][gc,phases      ] GC(6)     Dead                           Min: 0, Avg:  0.0, Max: 0, Diff: 0, Sum: 0, Workers: 4
[14.077s][debug][gc,phases      ] GC(6)     Total                          Min: 0, Avg: 12.2, Max: 49, Diff: 49, Sum: 49, Workers: 4
[14.077s][debug][gc,phases      ] GC(6)   StringDedup Table Weak         Min:  0.0, Avg:  0.0, Max:  0.0, Diff:  0.0, Sum:  0.0, Workers: 4
[14.077s][debug][gc,phases      ] GC(6)     Dead                           Min: 0, Avg:  0.0, Max: 0, Diff: 0, Sum: 0, Workers: 4
[14.077s][debug][gc,phases      ] GC(6)     Total                          Min: 0, Avg:  0.0, Max: 0, Diff: 0, Sum: 0, Workers: 4
[14.077s][debug][gc,phases      ] GC(6)   StringDedup Requests0 Weak     Min:  0.0, Avg:  0.0, Max:  0.0, Diff:  0.0, Sum:  0.0, Workers: 4
[14.077s][debug][gc,phases      ] GC(6)     Dead                           Min: 0, Avg:  0.0, Max: 0, Diff: 0, Sum: 0, Workers: 4
[14.077s][debug][gc,phases      ] GC(6)     Total                          Min: 0, Avg:  0.0, Max: 0, Diff: 0, Sum: 0, Workers: 4
[14.077s][debug][gc,phases      ] GC(6)   StringDedup Requests1 Weak     Min:  0.0, Avg:  0.0, Max:  0.0, Diff:  0.0, Sum:  0.0, Workers: 4
[14.077s][debug][gc,phases      ] GC(6)     Dead                           Min: 0, Avg:  0.0, Max: 0, Diff: 0, Sum: 0, Workers: 4
[14.077s][debug][gc,phases      ] GC(6)     Total                          Min: 0, Avg:  0.0, Max: 0, Diff: 0, Sum: 0, Workers: 4
[14.077s][debug][gc,phases      ] GC(6)   Weak JFR Old Object Samples    Min:  0.0, Avg:  0.0, Max:  0.0, Diff:  0.0, Sum:  0.0, Workers: 4
[14.077s][debug][gc,phases      ] GC(6)     Dead                           Min: 0, Avg:  0.0, Max: 0, Diff: 0, Sum: 0, Workers: 4
[14.077s][debug][gc,phases      ] GC(6)     Total                          Min: 0, Avg:  0.0, Max: 0, Diff: 0, Sum: 0, Workers: 4
[14.077s][debug][gc,phases      ] GC(6) Weak Processing 0.641ms
[14.077s][debug][gc,age         ] GC(6) Desired survivor size 536870912 bytes, new threshold 7 (max threshold 15)
[14.077s][info ][gc,heap        ] GC(6) PSYoungGen: 1048576K(1572864K)->524280K(1572864K) Eden: 1048576K(1048576K)->0K(1048576K) From: 0K(524288K)->524280K(524288K)
[14.077s][info ][gc,heap        ] GC(6) ParOldGen: 6130K(18944K)->87407K(87552K)
[14.077s][info ][gc,metaspace   ] GC(6) Metaspace: 62796K(63552K)->62796K(63552K) NonClass: 53467K(53888K)->53467K(53888K) Class: 9329K(9664K)->9329K(9664K)
[14.077s][info ][gc             ] GC(6) Pause Young (Allocation Failure) 1029M->597M(1621M) 386.808ms
[14.077s][info ][gc,cpu         ] GC(6) User=1.14s Sys=0.28s Real=0.39s
[14.077s][debug][gc,phases      ] GC(7) Pre Compact 0.010ms
[14.077s][info ][gc,start       ] GC(7) Pause Full (Ergonomics)
[14.077s][info ][gc,phases,start] GC(7) Marking Phase
[14.335s][debug][gc,phases      ] GC(7) Par Mark 257.733ms
[14.335s][debug][gc,ref         ] GC(7) Skipped phase 1 of Reference Processing: no references
[14.335s][debug][gc,ref         ] GC(7) ReferenceProcessor::execute queues: 4, RefProcThreadModel::Multi, marks_oops_alive: false
[14.336s][debug][gc,ref         ] GC(7) Skipped phase 3 of Reference Processing: no references
[14.336s][debug][gc,ref         ] GC(7) ReferenceProcessor::execute queues: 1, RefProcThreadModel::Single, marks_oops_alive: false
[14.336s][debug][gc,phases      ] GC(7) Reference Processing 0.478ms
[14.336s][debug][gc,phases      ] GC(7)   VM Weak                        Min:  0.0, Avg:  0.0, Max:  0.0, Diff:  0.0, Sum:  0.0, Workers: 4
[14.336s][debug][gc,phases      ] GC(7)     Dead                           Min: 0, Avg:  0.0, Max: 0, Diff: 0, Sum: 0, Workers: 4
[14.336s][debug][gc,phases      ] GC(7)     Total                          Min: 0, Avg: 155.0, Max: 364, Diff: 364, Sum: 620, Workers: 4
[14.336s][debug][gc,phases      ] GC(7)   ObjectSynchronizer Weak        Min:  0.0, Avg:  0.0, Max:  0.0, Diff:  0.0, Sum:  0.0, Workers: 4
[14.336s][debug][gc,phases      ] GC(7)     Dead                           Min: 0, Avg:  0.0, Max: 0, Diff: 0, Sum: 0, Workers: 4
[14.336s][debug][gc,phases      ] GC(7)     Total                          Min: 0, Avg:  6.5, Max: 26, Diff: 26, Sum: 26, Workers: 4
[14.336s][debug][gc,phases      ] GC(7)   JVMTI Tag Weak OopStorage      Min:  0.0, Avg:  0.0, Max:  0.0, Diff:  0.0, Sum:  0.0, Workers: 4
[14.336s][debug][gc,phases      ] GC(7)     Dead                           Min: 0, Avg:  0.0, Max: 0, Diff: 0, Sum: 0, Workers: 4
[14.336s][debug][gc,phases      ] GC(7)     Total                          Min: 0, Avg:  0.0, Max: 0, Diff: 0, Sum: 0, Workers: 4
[14.336s][debug][gc,phases      ] GC(7)   StringTable Weak               Min:  0.1, Avg:  0.1, Max:  0.1, Diff:  0.0, Sum:  0.6, Workers: 4
[14.336s][debug][gc,phases      ] GC(7)     Dead                           Min: 0, Avg:  0.0, Max: 0, Diff: 0, Sum: 0, Workers: 4
[14.336s][debug][gc,phases      ] GC(7)     Total                          Min: 8256, Avg: 9259.0, Max: 9983, Diff: 1727, Sum: 37036, Workers: 4
[14.336s][debug][gc,phases      ] GC(7)   ResolvedMethodTable Weak       Min:  0.0, Avg:  0.0, Max:  0.0, Diff:  0.0, Sum:  0.1, Workers: 4
[14.336s][debug][gc,phases      ] GC(7)     Dead                           Min: 0, Avg:  0.0, Max: 0, Diff: 0, Sum: 0, Workers: 4
[14.336s][debug][gc,phases      ] GC(7)     Total                          Min: 1664, Avg: 1728.8, Max: 1795, Diff: 131, Sum: 6915, Workers: 4
[14.336s][debug][gc,phases      ] GC(7)   JNI Weak                       Min:  0.0, Avg:  0.0, Max:  0.0, Diff:  0.0, Sum:  0.0, Workers: 4
[14.336s][debug][gc,phases      ] GC(7)     Dead                           Min: 0, Avg:  0.0, Max: 0, Diff: 0, Sum: 0, Workers: 4
[14.336s][debug][gc,phases      ] GC(7)     Total                          Min: 0, Avg: 12.2, Max: 45, Diff: 45, Sum: 49, Workers: 4
[14.336s][debug][gc,phases      ] GC(7)   StringDedup Table Weak         Min:  0.0, Avg:  0.0, Max:  0.0, Diff:  0.0, Sum:  0.0, Workers: 4
[14.336s][debug][gc,phases      ] GC(7)     Dead                           Min: 0, Avg:  0.0, Max: 0, Diff: 0, Sum: 0, Workers: 4
[14.336s][debug][gc,phases      ] GC(7)     Total                          Min: 0, Avg:  0.0, Max: 0, Diff: 0, Sum: 0, Workers: 4
[14.336s][debug][gc,phases      ] GC(7)   StringDedup Requests0 Weak     Min:  0.0, Avg:  0.0, Max:  0.0, Diff:  0.0, Sum:  0.0, Workers: 4
[14.336s][debug][gc,phases      ] GC(7)     Dead                           Min: 0, Avg:  0.0, Max: 0, Diff: 0, Sum: 0, Workers: 4
[14.336s][debug][gc,phases      ] GC(7)     Total                          Min: 0, Avg:  0.0, Max: 0, Diff: 0, Sum: 0, Workers: 4
[14.336s][debug][gc,phases      ] GC(7)   StringDedup Requests1 Weak     Min:  0.0, Avg:  0.0, Max:  0.0, Diff:  0.0, Sum:  0.0, Workers: 4
[14.336s][debug][gc,phases      ] GC(7)     Dead                           Min: 0, Avg:  0.0, Max: 0, Diff: 0, Sum: 0, Workers: 4
[14.336s][debug][gc,phases      ] GC(7)     Total                          Min: 0, Avg:  0.0, Max: 0, Diff: 0, Sum: 0, Workers: 4
[14.336s][debug][gc,phases      ] GC(7)   Weak JFR Old Object Samples    Min:  0.0, Avg:  0.0, Max:  0.0, Diff:  0.0, Sum:  0.0, Workers: 4
[14.336s][debug][gc,phases      ] GC(7)     Dead                           Min: 0, Avg:  0.0, Max: 0, Diff: 0, Sum: 0, Workers: 4
[14.336s][debug][gc,phases      ] GC(7)     Total                          Min: 0, Avg:  0.0, Max: 0, Diff: 0, Sum: 0, Workers: 4
[14.336s][debug][gc,phases      ] GC(7) Weak Processing 0.351ms
[14.336s][debug][gc,phases      ] GC(7) ClassLoaderData 0.080ms
[14.336s][debug][gc,phases      ] GC(7) Trigger cleanups 0.000ms
[14.346s][debug][gc,phases      ] GC(7) Class Unloading 9.817ms
[14.346s][info ][gc,phases      ] GC(7) Marking Phase 268.564ms
[14.346s][info ][gc,phases,start] GC(7) Summary Phase
[14.346s][info ][gc,phases      ] GC(7) Summary Phase 0.017ms
[14.346s][info ][gc,phases,start] GC(7) Adjust Roots
[14.359s][info ][gc,phases      ] GC(7) Adjust Roots 12.828ms
[14.359s][info ][gc,phases,start] GC(7) Compaction Phase
[15.247s][info ][gc,phases      ] GC(7) Compaction Phase 888.110ms
[15.247s][info ][gc,phases,start] GC(7) Post Compact
[15.250s][info ][gc,phases      ] GC(7) Post Compact 2.694ms
[15.250s][info ][gc,heap        ] GC(7) PSYoungGen: 524280K(1572864K)->520563K(1572864K) Eden: 0K(1048576K)->0K(1048576K) From: 524280K(524288K)->520563K(524288K)
[15.250s][info ][gc,heap        ] GC(7) ParOldGen: 87407K(87552K)->86101K(190976K)
[15.250s][info ][gc,metaspace   ] GC(7) Metaspace: 62796K(63552K)->62796K(63552K) NonClass: 53467K(53888K)->53467K(53888K) Class: 9329K(9664K)->9329K(9664K)
[15.250s][info ][gc             ] GC(7) Pause Full (Ergonomics) 597M->592M(1722M) 1172.580ms
[15.250s][info ][gc,cpu         ] GC(7) User=4.27s Sys=0.04s Real=1.17s
[15.250s][info ][safepoint      ] Safepoint "ParallelGCFailedAllocation", Time since last: 434768229 ns, Reaching safepoint: 153403 ns, At safepoint: 1559540446 ns, Total: 1559693849 ns
[15.860s][info ][safepoint      ] Safepoint "ICBufferFull", Time since last: 609350094 ns, Reaching safepoint: 229505 ns, At safepoint: 12700 ns, Total: 242205 ns
[16.442s][info ][safepoint      ] Safepoint "ICBufferFull", Time since last: 582370428 ns, Reaching safepoint: 453610 ns, At safepoint: 7400 ns, Total: 461010 ns
[16.735s][info ][safepoint      ] Safepoint "ICBufferFull", Time since last: 289282474 ns, Reaching safepoint: 3373371 ns, At safepoint: 13300 ns, Total: 3386671 ns
[16.872s][info ][gc,start       ] GC(8) Pause Young (Allocation Failure)
[17.022s][debug][gc,phases      ] GC(8) Scavenge 150.004ms
[17.022s][debug][gc,ref         ] GC(8) Skipped phase 1 of Reference Processing: no references
[17.023s][debug][gc,ref         ] GC(8) ReferenceProcessor::execute queues: 2, RefProcThreadModel::Multi, marks_oops_alive: false
[17.023s][debug][gc,ref         ] GC(8) Skipped phase 3 of Reference Processing: no references
[17.023s][debug][gc,ref         ] GC(8) ReferenceProcessor::execute queues: 1, RefProcThreadModel::Single, marks_oops_alive: false
[17.023s][debug][gc,phases      ] GC(8) Reference Processing 0.359ms
[17.023s][debug][gc,phases      ] GC(8)   VM Weak                        Min:  0.0, Avg:  0.0, Max:  0.0, Diff:  0.0, Sum:  0.0, Workers: 4
[17.023s][debug][gc,phases      ] GC(8)     Dead                           Min: 0, Avg:  0.0, Max: 0, Diff: 0, Sum: 0, Workers: 4
[17.023s][debug][gc,phases      ] GC(8)     Total                          Min: 64, Avg: 156.8, Max: 320, Diff: 256, Sum: 627, Workers: 4
[17.023s][debug][gc,phases      ] GC(8)   ObjectSynchronizer Weak        Min:  0.0, Avg:  0.0, Max:  0.0, Diff:  0.0, Sum:  0.0, Workers: 4
[17.023s][debug][gc,phases      ] GC(8)     Dead                           Min: 0, Avg:  0.0, Max: 0, Diff: 0, Sum: 0, Workers: 4
[17.023s][debug][gc,phases      ] GC(8)     Total                          Min: 0, Avg:  6.5, Max: 26, Diff: 26, Sum: 26, Workers: 4
[17.023s][debug][gc,phases      ] GC(8)   JVMTI Tag Weak OopStorage      Min:  0.0, Avg:  0.0, Max:  0.0, Diff:  0.0, Sum:  0.0, Workers: 4
[17.023s][debug][gc,phases      ] GC(8)     Dead                           Min: 0, Avg:  0.0, Max: 0, Diff: 0, Sum: 0, Workers: 4
[17.023s][debug][gc,phases      ] GC(8)     Total                          Min: 0, Avg:  0.0, Max: 0, Diff: 0, Sum: 0, Workers: 4
[17.023s][debug][gc,phases      ] GC(8)   StringTable Weak               Min:  0.3, Avg:  0.3, Max:  0.3, Diff:  0.0, Sum:  1.3, Workers: 4
[17.023s][debug][gc,phases      ] GC(8)     Dead                           Min: 0, Avg:  0.8, Max: 3, Diff: 3, Sum: 3, Workers: 4
[17.023s][debug][gc,phases      ] GC(8)     Total                          Min: 8704, Avg: 9381.8, Max: 10176, Diff: 1472, Sum: 37527, Workers: 4
[17.023s][debug][gc,phases      ] GC(8)   ResolvedMethodTable Weak       Min:  0.1, Avg:  0.1, Max:  0.1, Diff:  0.0, Sum:  0.3, Workers: 4
[17.023s][debug][gc,phases      ] GC(8)     Dead                           Min: 0, Avg: 11.8, Max: 34, Diff: 34, Sum: 47, Workers: 4
[17.023s][debug][gc,phases      ] GC(8)     Total                          Min: 1472, Avg: 1793.2, Max: 2176, Diff: 704, Sum: 7173, Workers: 4
[17.023s][debug][gc,phases      ] GC(8)   JNI Weak                       Min:  0.0, Avg:  0.0, Max:  0.0, Diff:  0.0, Sum:  0.0, Workers: 4
[17.023s][debug][gc,phases      ] GC(8)     Dead                           Min: 0, Avg:  0.0, Max: 0, Diff: 0, Sum: 0, Workers: 4
[17.023s][debug][gc,phases      ] GC(8)     Total                          Min: 0, Avg: 22.8, Max: 59, Diff: 59, Sum: 91, Workers: 4
[17.023s][debug][gc,phases      ] GC(8)   StringDedup Table Weak         Min:  0.0, Avg:  0.0, Max:  0.0, Diff:  0.0, Sum:  0.0, Workers: 4
[17.023s][debug][gc,phases      ] GC(8)     Dead                           Min: 0, Avg:  0.0, Max: 0, Diff: 0, Sum: 0, Workers: 4
[17.023s][debug][gc,phases      ] GC(8)     Total                          Min: 0, Avg:  0.0, Max: 0, Diff: 0, Sum: 0, Workers: 4
[17.023s][debug][gc,phases      ] GC(8)   StringDedup Requests0 Weak     Min:  0.0, Avg:  0.0, Max:  0.0, Diff:  0.0, Sum:  0.0, Workers: 4
[17.023s][debug][gc,phases      ] GC(8)     Dead                           Min: 0, Avg:  0.0, Max: 0, Diff: 0, Sum: 0, Workers: 4
[17.023s][debug][gc,phases      ] GC(8)     Total                          Min: 0, Avg:  0.0, Max: 0, Diff: 0, Sum: 0, Workers: 4
[17.023s][debug][gc,phases      ] GC(8)   StringDedup Requests1 Weak     Min:  0.0, Avg:  0.0, Max:  0.0, Diff:  0.0, Sum:  0.0, Workers: 4
[17.023s][debug][gc,phases      ] GC(8)     Dead                           Min: 0, Avg:  0.0, Max: 0, Diff: 0, Sum: 0, Workers: 4
[17.023s][debug][gc,phases      ] GC(8)     Total                          Min: 0, Avg:  0.0, Max: 0, Diff: 0, Sum: 0, Workers: 4
[17.023s][debug][gc,phases      ] GC(8)   Weak JFR Old Object Samples    Min:  0.0, Avg:  0.0, Max:  0.0, Diff:  0.0, Sum:  0.0, Workers: 4
[17.023s][debug][gc,phases      ] GC(8)     Dead                           Min: 0, Avg:  0.0, Max: 0, Diff: 0, Sum: 0, Workers: 4
[17.023s][debug][gc,phases      ] GC(8)     Total                          Min: 0, Avg:  0.0, Max: 0, Diff: 0, Sum: 0, Workers: 4
[17.023s][debug][gc,phases      ] GC(8) Weak Processing 0.604ms
[17.023s][debug][gc,age         ] GC(8) Desired survivor size 536870912 bytes, new threshold 7 (max threshold 15)
[17.023s][info ][gc,heap        ] GC(8) PSYoungGen: 1569139K(1572864K)->254888K(1572864K) Eden: 1048576K(1048576K)->0K(1048576K) From: 520563K(524288K)->254888K(524288K)
[17.023s][info ][gc,heap        ] GC(8) ParOldGen: 86101K(190976K)->86109K(190976K)
[17.023s][info ][gc,metaspace   ] GC(8) Metaspace: 63984K(64832K)->63984K(64832K) NonClass: 54485K(54976K)->54485K(54976K) Class: 9498K(9856K)->9498K(9856K)
[17.023s][info ][gc             ] GC(8) Pause Young (Allocation Failure) 1616M->333M(1722M) 151.125ms
[17.023s][info ][gc,cpu         ] GC(8) User=0.47s Sys=0.08s Real=0.15s
[17.023s][info ][safepoint      ] Safepoint "ParallelGCFailedAllocation", Time since last: 137013377 ns, Reaching safepoint: 151003 ns, At safepoint: 151207075 ns, Total: 151358078 ns
[17.333s][info ][safepoint      ] Safepoint "ICBufferFull", Time since last: 308885886 ns, Reaching safepoint: 154903 ns, At safepoint: 5600 ns, Total: 160503 ns
[17.412s][info ][safepoint      ] Safepoint "ICBufferFull", Time since last: 79101061 ns, Reaching safepoint: 516011 ns, At safepoint: 5400 ns, Total: 521411 ns
[17.506s][info ][safepoint      ] Safepoint "ICBufferFull", Time since last: 93543064 ns, Reaching safepoint: 255205 ns, At safepoint: 9401 ns, Total: 264606 ns
[17.621s][info ][safepoint      ] Safepoint "ICBufferFull", Time since last: 114812610 ns, Reaching safepoint: 166004 ns, At safepoint: 9400 ns, Total: 175404 ns
[17.750s][info ][safepoint      ] Safepoint "ICBufferFull", Time since last: 128533699 ns, Reaching safepoint: 190304 ns, At safepoint: 4500 ns, Total: 194804 ns
[17.869s][info ][safepoint      ] Safepoint "ICBufferFull", Time since last: 118758393 ns, Reaching safepoint: 230205 ns, At safepoint: 8600 ns, Total: 238805 ns
[18.035s][info ][safepoint      ] Safepoint "ICBufferFull", Time since last: 165930384 ns, Reaching safepoint: 189404 ns, At safepoint: 5601 ns, Total: 195005 ns
[18.589s][info ][safepoint      ] Safepoint "ICBufferFull", Time since last: 553557123 ns, Reaching safepoint: 297206 ns, At safepoint: 7300 ns, Total: 304506 ns
[18.972s][info ][safepoint      ] Safepoint "ICBufferFull", Time since last: 383295456 ns, Reaching safepoint: 178204 ns, At safepoint: 5800 ns, Total: 184004 ns
[19.199s][info ][safepoint      ] Safepoint "ICBufferFull", Time since last: 226504328 ns, Reaching safepoint: 194104 ns, At safepoint: 11900 ns, Total: 206004 ns
[19.401s][info ][safepoint      ] Safepoint "ICBufferFull", Time since last: 201500962 ns, Reaching safepoint: 267006 ns, At safepoint: 11100 ns, Total: 278106 ns
[19.729s][info ][safepoint      ] Safepoint "ICBufferFull", Time since last: 328527337 ns, Reaching safepoint: 194104 ns, At safepoint: 6201 ns, Total: 200305 ns
[20.524s][info ][safepoint      ] Safepoint "ICBufferFull", Time since last: 794349877 ns, Reaching safepoint: 170203 ns, At safepoint: 2800 ns, Total: 173003 ns
[21.524s][info ][safepoint      ] Safepoint "Cleanup", Time since last: 1000128620 ns, Reaching safepoint: 209405 ns, At safepoint: 9600 ns, Total: 219005 ns
[22.222s][info ][safepoint      ] Safepoint "ICBufferFull", Time since last: 697292071 ns, Reaching safepoint: 197504 ns, At safepoint: 2800 ns, Total: 200304 ns
[22.429s][info ][safepoint      ] Safepoint "ICBufferFull", Time since last: 207010182 ns, Reaching safepoint: 318607 ns, At safepoint: 4800 ns, Total: 323407 ns
[22.487s][info ][safepoint      ] Safepoint "ICBufferFull", Time since last: 57421699 ns, Reaching safepoint: 263306 ns, At safepoint: 6700 ns, Total: 270006 ns
[22.650s][info ][safepoint      ] Safepoint "ICBufferFull", Time since last: 163025687 ns, Reaching safepoint: 245706 ns, At safepoint: 7300 ns, Total: 253006 ns
[23.068s][info ][gc,start       ] GC(9) Pause Young (Allocation Failure)
[23.207s][debug][gc,phases      ] GC(9) Scavenge 138.785ms
[23.207s][debug][gc,ref         ] GC(9) Skipped phase 1 of Reference Processing: no references
[23.207s][debug][gc,ref         ] GC(9) ReferenceProcessor::execute queues: 4, RefProcThreadModel::Multi, marks_oops_alive: false
[23.207s][debug][gc,ref         ] GC(9) ReferenceProcessor::execute queues: 4, RefProcThreadModel::Multi, marks_oops_alive: true
[23.207s][debug][gc,ref         ] GC(9) ReferenceProcessor::execute queues: 1, RefProcThreadModel::Single, marks_oops_alive: false
[23.207s][debug][gc,phases      ] GC(9) Reference Processing 0.490ms
[23.208s][debug][gc,phases      ] GC(9)   VM Weak                        Min:  0.0, Avg:  0.0, Max:  0.0, Diff:  0.0, Sum:  0.0, Workers: 4
[23.208s][debug][gc,phases      ] GC(9)     Dead                           Min: 0, Avg:  0.0, Max: 0, Diff: 0, Sum: 0, Workers: 4
[23.208s][debug][gc,phases      ] GC(9)     Total                          Min: 64, Avg: 179.8, Max: 335, Diff: 271, Sum: 719, Workers: 4
[23.208s][debug][gc,phases      ] GC(9)   ObjectSynchronizer Weak        Min:  0.0, Avg:  0.0, Max:  0.0, Diff:  0.0, Sum:  0.0, Workers: 4
[23.208s][debug][gc,phases      ] GC(9)     Dead                           Min: 0, Avg:  0.8, Max: 3, Diff: 3, Sum: 3, Workers: 4
[23.208s][debug][gc,phases      ] GC(9)     Total                          Min: 0, Avg:  7.8, Max: 31, Diff: 31, Sum: 31, Workers: 4
[23.208s][debug][gc,phases      ] GC(9)   JVMTI Tag Weak OopStorage      Min:  0.0, Avg:  0.0, Max:  0.0, Diff:  0.0, Sum:  0.0, Workers: 4
[23.208s][debug][gc,phases      ] GC(9)     Dead                           Min: 0, Avg:  0.0, Max: 0, Diff: 0, Sum: 0, Workers: 4
[23.208s][debug][gc,phases      ] GC(9)     Total                          Min: 0, Avg:  0.0, Max: 0, Diff: 0, Sum: 0, Workers: 4
[23.208s][debug][gc,phases      ] GC(9)   StringTable Weak               Min:  0.4, Avg:  0.4, Max:  0.4, Diff:  0.0, Sum:  1.6, Workers: 4
[23.208s][debug][gc,phases      ] GC(9)     Dead                           Min: 1, Avg:  2.5, Max: 6, Diff: 5, Sum: 10, Workers: 4
[23.208s][debug][gc,phases      ] GC(9)     Total                          Min: 9671, Avg: 10305.8, Max: 10688, Diff: 1017, Sum: 41223, Workers: 4
[23.208s][debug][gc,phases      ] GC(9)   ResolvedMethodTable Weak       Min:  0.1, Avg:  0.1, Max:  0.1, Diff:  0.0, Sum:  0.4, Workers: 4
[23.208s][debug][gc,phases      ] GC(9)     Dead                           Min: 9, Avg: 38.2, Max: 69, Diff: 60, Sum: 153, Workers: 4
[23.208s][debug][gc,phases      ] GC(9)     Total                          Min: 1960, Avg: 2056.8, Max: 2304, Diff: 344, Sum: 8227, Workers: 4
[23.208s][debug][gc,phases      ] GC(9)   JNI Weak                       Min:  0.0, Avg:  0.0, Max:  0.0, Diff:  0.0, Sum:  0.0, Workers: 4
[23.208s][debug][gc,phases      ] GC(9)     Dead                           Min: 0, Avg:  0.0, Max: 0, Diff: 0, Sum: 0, Workers: 4
[23.208s][debug][gc,phases      ] GC(9)     Total                          Min: 0, Avg: 21.5, Max: 50, Diff: 50, Sum: 86, Workers: 4
[23.208s][debug][gc,phases      ] GC(9)   StringDedup Table Weak         Min:  0.0, Avg:  0.0, Max:  0.0, Diff:  0.0, Sum:  0.0, Workers: 4
[23.208s][debug][gc,phases      ] GC(9)     Dead                           Min: 0, Avg:  0.0, Max: 0, Diff: 0, Sum: 0, Workers: 4
[23.208s][debug][gc,phases      ] GC(9)     Total                          Min: 0, Avg:  0.0, Max: 0, Diff: 0, Sum: 0, Workers: 4
[23.208s][debug][gc,phases      ] GC(9)   StringDedup Requests0 Weak     Min:  0.0, Avg:  0.0, Max:  0.0, Diff:  0.0, Sum:  0.0, Workers: 4
[23.208s][debug][gc,phases      ] GC(9)     Dead                           Min: 0, Avg:  0.0, Max: 0, Diff: 0, Sum: 0, Workers: 4
[23.208s][debug][gc,phases      ] GC(9)     Total                          Min: 0, Avg:  0.0, Max: 0, Diff: 0, Sum: 0, Workers: 4
[23.208s][debug][gc,phases      ] GC(9)   StringDedup Requests1 Weak     Min:  0.0, Avg:  0.0, Max:  0.0, Diff:  0.0, Sum:  0.0, Workers: 4
[23.208s][debug][gc,phases      ] GC(9)     Dead                           Min: 0, Avg:  0.0, Max: 0, Diff: 0, Sum: 0, Workers: 4
[23.208s][debug][gc,phases      ] GC(9)     Total                          Min: 0, Avg:  0.0, Max: 0, Diff: 0, Sum: 0, Workers: 4
[23.208s][debug][gc,phases      ] GC(9)   Weak JFR Old Object Samples    Min:  0.0, Avg:  0.0, Max:  0.0, Diff:  0.0, Sum:  0.0, Workers: 4
[23.208s][debug][gc,phases      ] GC(9)     Dead                           Min: 0, Avg:  0.0, Max: 0, Diff: 0, Sum: 0, Workers: 4
[23.208s][debug][gc,phases      ] GC(9)     Total                          Min: 0, Avg:  0.0, Max: 0, Diff: 0, Sum: 0, Workers: 4
[23.208s][debug][gc,phases      ] GC(9) Weak Processing 0.694ms
[23.208s][debug][gc,age         ] GC(9) Desired survivor size 536870912 bytes, new threshold 6 (max threshold 15)
[23.208s][info ][gc,heap        ] GC(9) PSYoungGen: 1303464K(1572864K)->340936K(1572864K) Eden: 1048576K(1048576K)->0K(1048576K) From: 254888K(524288K)->340936K(524288K)
[23.208s][info ][gc,heap        ] GC(9) ParOldGen: 86109K(190976K)->86133K(190976K)
[23.208s][info ][gc,metaspace   ] GC(9) Metaspace: 75124K(76096K)->75124K(76096K) NonClass: 64188K(64704K)->64188K(64704K) Class: 10936K(11392K)->10936K(11392K)
[23.208s][info ][gc             ] GC(9) Pause Young (Allocation Failure) 1357M->417M(1722M) 140.125ms
[23.208s][info ][gc,cpu         ] GC(9) User=0.53s Sys=0.00s Real=0.14s
[23.208s][info ][safepoint      ] Safepoint "ParallelGCFailedAllocation", Time since last: 417899752 ns, Reaching safepoint: 170904 ns, At safepoint: 140217671 ns, Total: 140388575 ns
[24.222s][info ][safepoint      ] Safepoint "Cleanup", Time since last: 1013696226 ns, Reaching safepoint: 174804 ns, At safepoint: 8801 ns, Total: 183605 ns
[24.330s][info ][gc,start       ] GC(10) Pause Young (Allocation Failure)
[24.430s][debug][gc,phases      ] GC(10) Scavenge 100.738ms
[24.430s][debug][gc,ref         ] GC(10) Skipped phase 1 of Reference Processing: no references
[24.430s][debug][gc,ref         ] GC(10) ReferenceProcessor::execute queues: 2, RefProcThreadModel::Multi, marks_oops_alive: false
[24.431s][debug][gc,ref         ] GC(10) Skipped phase 3 of Reference Processing: no references
[24.431s][debug][gc,ref         ] GC(10) ReferenceProcessor::execute queues: 1, RefProcThreadModel::Single, marks_oops_alive: false
[24.431s][debug][gc,phases      ] GC(10) Reference Processing 0.305ms
[24.431s][debug][gc,phases      ] GC(10)   VM Weak                        Min:  0.0, Avg:  0.0, Max:  0.0, Diff:  0.0, Sum:  0.0, Workers: 4
[24.431s][debug][gc,phases      ] GC(10)     Dead                           Min: 0, Avg:  0.0, Max: 0, Diff: 0, Sum: 0, Workers: 4
[24.431s][debug][gc,phases      ] GC(10)     Total                          Min: 0, Avg: 179.8, Max: 448, Diff: 448, Sum: 719, Workers: 4
[24.431s][debug][gc,phases      ] GC(10)   ObjectSynchronizer Weak        Min:  0.0, Avg:  0.0, Max:  0.0, Diff:  0.0, Sum:  0.0, Workers: 4
[24.431s][debug][gc,phases      ] GC(10)     Dead                           Min: 0, Avg:  0.0, Max: 0, Diff: 0, Sum: 0, Workers: 4
[24.431s][debug][gc,phases      ] GC(10)     Total                          Min: 0, Avg:  7.8, Max: 31, Diff: 31, Sum: 31, Workers: 4
[24.431s][debug][gc,phases      ] GC(10)   JVMTI Tag Weak OopStorage      Min:  0.0, Avg:  0.0, Max:  0.0, Diff:  0.0, Sum:  0.0, Workers: 4
[24.431s][debug][gc,phases      ] GC(10)     Dead                           Min: 0, Avg:  0.0, Max: 0, Diff: 0, Sum: 0, Workers: 4
[24.431s][debug][gc,phases      ] GC(10)     Total                          Min: 0, Avg:  0.0, Max: 0, Diff: 0, Sum: 0, Workers: 4
[24.431s][debug][gc,phases      ] GC(10)   StringTable Weak               Min:  0.0, Avg:  0.4, Max:  0.5, Diff:  0.5, Sum:  1.5, Workers: 4
[24.431s][debug][gc,phases      ] GC(10)     Dead                           Min: 0, Avg:  0.2, Max: 1, Diff: 1, Sum: 1, Workers: 4
[24.431s][debug][gc,phases      ] GC(10)     Total                          Min: 0, Avg: 10310.2, Max: 16640, Diff: 16640, Sum: 41241, Workers: 4
[24.431s][debug][gc,phases      ] GC(10)   ResolvedMethodTable Weak       Min:  0.0, Avg:  0.1, Max:  0.1, Diff:  0.1, Sum:  0.4, Workers: 4
[24.431s][debug][gc,phases      ] GC(10)     Dead                           Min: 0, Avg:  4.5, Max: 18, Diff: 18, Sum: 18, Workers: 4
[24.431s][debug][gc,phases      ] GC(10)     Total                          Min: 0, Avg: 2006.8, Max: 3691, Diff: 3691, Sum: 8027, Workers: 4
[24.431s][debug][gc,phases      ] GC(10)   JNI Weak                       Min:  0.0, Avg:  0.0, Max:  0.0, Diff:  0.0, Sum:  0.0, Workers: 4
[24.431s][debug][gc,phases      ] GC(10)     Dead                           Min: 0, Avg:  0.0, Max: 0, Diff: 0, Sum: 0, Workers: 4
[24.431s][debug][gc,phases      ] GC(10)     Total                          Min: 0, Avg: 15.2, Max: 51, Diff: 51, Sum: 61, Workers: 4
[24.431s][debug][gc,phases      ] GC(10)   StringDedup Table Weak         Min:  0.0, Avg:  0.0, Max:  0.0, Diff:  0.0, Sum:  0.0, Workers: 4
[24.431s][debug][gc,phases      ] GC(10)     Dead                           Min: 0, Avg:  0.0, Max: 0, Diff: 0, Sum: 0, Workers: 4
[24.431s][debug][gc,phases      ] GC(10)     Total                          Min: 0, Avg:  0.0, Max: 0, Diff: 0, Sum: 0, Workers: 4
[24.431s][debug][gc,phases      ] GC(10)   StringDedup Requests0 Weak     Min:  0.0, Avg:  0.0, Max:  0.0, Diff:  0.0, Sum:  0.0, Workers: 4
[24.431s][debug][gc,phases      ] GC(10)     Dead                           Min: 0, Avg:  0.0, Max: 0, Diff: 0, Sum: 0, Workers: 4
[24.431s][debug][gc,phases      ] GC(10)     Total                          Min: 0, Avg:  0.0, Max: 0, Diff: 0, Sum: 0, Workers: 4
[24.431s][debug][gc,phases      ] GC(10)   StringDedup Requests1 Weak     Min:  0.0, Avg:  0.0, Max:  0.0, Diff:  0.0, Sum:  0.0, Workers: 4
[24.431s][debug][gc,phases      ] GC(10)     Dead                           Min: 0, Avg:  0.0, Max: 0, Diff: 0, Sum: 0, Workers: 4
[24.432s][debug][gc,phases      ] GC(10)     Total                          Min: 0, Avg:  0.0, Max: 0, Diff: 0, Sum: 0, Workers: 4
[24.432s][debug][gc,phases      ] GC(10)   Weak JFR Old Object Samples    Min:  0.0, Avg:  0.0, Max:  0.0, Diff:  0.0, Sum:  0.0, Workers: 4
[24.432s][debug][gc,phases      ] GC(10)     Dead                           Min: 0, Avg:  0.0, Max: 0, Diff: 0, Sum: 0, Workers: 4
[24.432s][debug][gc,phases      ] GC(10)     Total                          Min: 0, Avg:  0.0, Max: 0, Diff: 0, Sum: 0, Workers: 4
[24.432s][debug][gc,phases      ] GC(10) Weak Processing 0.843ms
[24.432s][debug][gc,age         ] GC(10) Desired survivor size 522715136 bytes, new threshold 7 (max threshold 15)
[24.432s][info ][gc,heap        ] GC(10) PSYoungGen: 1389512K(1572864K)->272606K(1572864K) Eden: 1048576K(1048576K)->0K(1048576K) From: 340936K(524288K)->272606K(524288K)
[24.432s][info ][gc,heap        ] GC(10) ParOldGen: 86133K(190976K)->86141K(190976K)
[24.432s][info ][gc,metaspace   ] GC(10) Metaspace: 75223K(76160K)->75223K(76160K) NonClass: 64279K(64768K)->64279K(64768K) Class: 10944K(11392K)->10944K(11392K)
[24.432s][info ][gc             ] GC(10) Pause Young (Allocation Failure) 1441M->350M(1722M) 102.025ms
[24.432s][info ][gc,cpu         ] GC(10) User=0.37s Sys=0.00s Real=0.11s
[24.432s][info ][safepoint      ] Safepoint "ParallelGCFailedAllocation", Time since last: 107281926 ns, Reaching safepoint: 44401 ns, At safepoint: 102107709 ns, Total: 102152110 ns
[24.834s][info ][safepoint      ] Safepoint "ICBufferFull", Time since last: 401923691 ns, Reaching safepoint: 278506 ns, At safepoint: 10100 ns, Total: 288606 ns
[24.949s][info ][safepoint      ] Safepoint "ICBufferFull", Time since last: 114709395 ns, Reaching safepoint: 285706 ns, At safepoint: 13500 ns, Total: 299206 ns
[25.083s][info ][safepoint      ] Safepoint "ICBufferFull", Time since last: 133964430 ns, Reaching safepoint: 261406 ns, At safepoint: 7900 ns, Total: 269306 ns
[25.218s][info ][safepoint      ] Safepoint "ICBufferFull", Time since last: 134819749 ns, Reaching safepoint: 290907 ns, At safepoint: 9900 ns, Total: 300807 ns
[25.549s][info ][safepoint      ] Safepoint "ICBufferFull", Time since last: 330291070 ns, Reaching safepoint: 205805 ns, At safepoint: 6500 ns, Total: 212305 ns
[25.862s][info ][safepoint      ] Safepoint "ICBufferFull", Time since last: 313360287 ns, Reaching safepoint: 179004 ns, At safepoint: 4601 ns, Total: 183605 ns
[26.357s][info ][safepoint      ] Safepoint "ICBufferFull", Time since last: 494889692 ns, Reaching safepoint: 206705 ns, At safepoint: 5100 ns, Total: 211805 ns
[26.959s][info ][safepoint      ] Safepoint "ICBufferFull", Time since last: 600921191 ns, Reaching safepoint: 259906 ns, At safepoint: 9700 ns, Total: 269606 ns
[26.959s][info ][safepoint      ] Safepoint "ICBufferFull", Time since last: 120103 ns, Reaching safepoint: 93002 ns, At safepoint: 8100 ns, Total: 101102 ns
[27.585s][info ][safepoint      ] Safepoint "ParallelGCFailedAllocation", Time since last: 626105761 ns, Reaching safepoint: 235305 ns, At safepoint: 17601 ns, Total: 252906 ns
[27.585s][info ][gc,start       ] GC(11) Pause Young (GCLocker Initiated GC)
[27.684s][debug][gc,phases      ] GC(11) Scavenge 98.384ms
[27.684s][debug][gc,ref         ] GC(11) Skipped phase 1 of Reference Processing: no references
[27.684s][debug][gc,ref         ] GC(11) ReferenceProcessor::execute queues: 2, RefProcThreadModel::Multi, marks_oops_alive: false
[27.684s][debug][gc,ref         ] GC(11) ReferenceProcessor::execute queues: 4, RefProcThreadModel::Multi, marks_oops_alive: true
[27.684s][debug][gc,ref         ] GC(11) ReferenceProcessor::execute queues: 1, RefProcThreadModel::Single, marks_oops_alive: false
[27.684s][debug][gc,phases      ] GC(11) Reference Processing 0.419ms
[27.685s][debug][gc,phases      ] GC(11)   VM Weak                        Min:  0.0, Avg:  0.0, Max:  0.0, Diff:  0.0, Sum:  0.0, Workers: 4
[27.685s][debug][gc,phases      ] GC(11)     Dead                           Min: 0, Avg:  0.0, Max: 0, Diff: 0, Sum: 0, Workers: 4
[27.685s][debug][gc,phases      ] GC(11)     Total                          Min: 64, Avg: 187.0, Max: 364, Diff: 300, Sum: 748, Workers: 4
[27.685s][debug][gc,phases      ] GC(11)   ObjectSynchronizer Weak        Min:  0.0, Avg:  0.0, Max:  0.0, Diff:  0.0, Sum:  0.0, Workers: 4
[27.685s][debug][gc,phases      ] GC(11)     Dead                           Min: 0, Avg:  0.2, Max: 1, Diff: 1, Sum: 1, Workers: 4
[27.685s][debug][gc,phases      ] GC(11)     Total                          Min: 0, Avg:  9.2, Max: 37, Diff: 37, Sum: 37, Workers: 4
[27.685s][debug][gc,phases      ] GC(11)   JVMTI Tag Weak OopStorage      Min:  0.0, Avg:  0.0, Max:  0.0, Diff:  0.0, Sum:  0.0, Workers: 4
[27.685s][debug][gc,phases      ] GC(11)     Dead                           Min: 0, Avg:  0.0, Max: 0, Diff: 0, Sum: 0, Workers: 4
[27.685s][debug][gc,phases      ] GC(11)     Total                          Min: 0, Avg:  0.0, Max: 0, Diff: 0, Sum: 0, Workers: 4
[27.685s][debug][gc,phases      ] GC(11)   StringTable Weak               Min:  0.4, Avg:  0.4, Max:  0.4, Diff:  0.0, Sum:  1.8, Workers: 4
[27.685s][debug][gc,phases      ] GC(11)     Dead                           Min: 0, Avg:  1.5, Max: 4, Diff: 4, Sum: 6, Workers: 4
[27.685s][debug][gc,phases      ] GC(11)     Total                          Min: 10368, Avg: 10410.2, Max: 10432, Diff: 64, Sum: 41641, Workers: 4
[27.685s][debug][gc,phases      ] GC(11)   ResolvedMethodTable Weak       Min:  0.1, Avg:  0.1, Max:  0.1, Diff:  0.0, Sum:  0.4, Workers: 4
[27.685s][debug][gc,phases      ] GC(11)     Dead                           Min: 0, Avg:  7.2, Max: 18, Diff: 18, Sum: 29, Workers: 4
[27.685s][debug][gc,phases      ] GC(11)     Total                          Min: 1920, Avg: 2084.2, Max: 2321, Diff: 401, Sum: 8337, Workers: 4
[27.685s][debug][gc,phases      ] GC(11)   JNI Weak                       Min:  0.0, Avg:  0.0, Max:  0.0, Diff:  0.0, Sum:  0.0, Workers: 4
[27.685s][debug][gc,phases      ] GC(11)     Dead                           Min: 0, Avg:  0.0, Max: 0, Diff: 0, Sum: 0, Workers: 4
[27.685s][debug][gc,phases      ] GC(11)     Total                          Min: 0, Avg: 23.5, Max: 46, Diff: 46, Sum: 94, Workers: 4
[27.685s][debug][gc,phases      ] GC(11)   StringDedup Table Weak         Min:  0.0, Avg:  0.0, Max:  0.0, Diff:  0.0, Sum:  0.0, Workers: 4
[27.685s][debug][gc,phases      ] GC(11)     Dead                           Min: 0, Avg:  0.0, Max: 0, Diff: 0, Sum: 0, Workers: 4
[27.685s][debug][gc,phases      ] GC(11)     Total                          Min: 0, Avg:  0.0, Max: 0, Diff: 0, Sum: 0, Workers: 4
[27.685s][debug][gc,phases      ] GC(11)   StringDedup Requests0 Weak     Min:  0.0, Avg:  0.0, Max:  0.0, Diff:  0.0, Sum:  0.0, Workers: 4
[27.685s][debug][gc,phases      ] GC(11)     Dead                           Min: 0, Avg:  0.0, Max: 0, Diff: 0, Sum: 0, Workers: 4
[27.685s][debug][gc,phases      ] GC(11)     Total                          Min: 0, Avg:  0.0, Max: 0, Diff: 0, Sum: 0, Workers: 4
[27.685s][debug][gc,phases      ] GC(11)   StringDedup Requests1 Weak     Min:  0.0, Avg:  0.0, Max:  0.0, Diff:  0.0, Sum:  0.0, Workers: 4
[27.685s][debug][gc,phases      ] GC(11)     Dead                           Min: 0, Avg:  0.0, Max: 0, Diff: 0, Sum: 0, Workers: 4
[27.685s][debug][gc,phases      ] GC(11)     Total                          Min: 0, Avg:  0.0, Max: 0, Diff: 0, Sum: 0, Workers: 4
[27.685s][debug][gc,phases      ] GC(11)   Weak JFR Old Object Samples    Min:  0.0, Avg:  0.0, Max:  0.0, Diff:  0.0, Sum:  0.0, Workers: 4
[27.685s][debug][gc,phases      ] GC(11)     Dead                           Min: 0, Avg:  0.0, Max: 0, Diff: 0, Sum: 0, Workers: 4
[27.685s][debug][gc,phases      ] GC(11)     Total                          Min: 0, Avg:  0.0, Max: 0, Diff: 0, Sum: 0, Workers: 4
[27.685s][debug][gc,phases      ] GC(11) Weak Processing 0.752ms
[27.685s][debug][gc,age         ] GC(11) Desired survivor size 496500736 bytes, new threshold 8 (max threshold 15)
[27.685s][info ][gc,heap        ] GC(11) PSYoungGen: 1321182K(1572864K)->280799K(1612288K) Eden: 1048576K(1048576K)->0K(1101824K) From: 272606K(524288K)->280799K(510464K)
[27.685s][info ][gc,heap        ] GC(11) ParOldGen: 86157K(190976K)->86173K(190976K)
[27.685s][info ][gc,metaspace   ] GC(11) Metaspace: 76958K(77888K)->76958K(77888K) NonClass: 65831K(66304K)->65831K(66304K) Class: 11127K(11584K)->11127K(11584K)
[27.685s][info ][gc             ] GC(11) Pause Young (GCLocker Initiated GC) 1374M->358M(1761M) 99.674ms
[27.685s][info ][gc,cpu         ] GC(11) User=0.36s Sys=0.00s Real=0.10s
[27.685s][info ][safepoint      ] Safepoint "ParallelGCSystemGC", Time since last: 65301 ns, Reaching safepoint: 94202 ns, At safepoint: 99757056 ns, Total: 99851258 ns
[28.685s][info ][safepoint      ] Safepoint "Cleanup", Time since last: 1000070816 ns, Reaching safepoint: 240905 ns, At safepoint: 13201 ns, Total: 254106 ns
[29.411s][info ][gc,start       ] GC(12) Pause Young (Allocation Failure)
[29.543s][debug][gc,phases      ] GC(12) Scavenge 131.611ms
[29.543s][debug][gc,ref         ] GC(12) Skipped phase 1 of Reference Processing: no references
[29.543s][debug][gc,ref         ] GC(12) ReferenceProcessor::execute queues: 4, RefProcThreadModel::Multi, marks_oops_alive: false
[29.543s][debug][gc,ref         ] GC(12) Skipped phase 3 of Reference Processing: no references
[29.543s][debug][gc,ref         ] GC(12) ReferenceProcessor::execute queues: 1, RefProcThreadModel::Single, marks_oops_alive: false
[29.543s][debug][gc,phases      ] GC(12) Reference Processing 0.439ms
[29.544s][debug][gc,phases      ] GC(12)   VM Weak                        Min:  0.0, Avg:  0.0, Max:  0.0, Diff:  0.0, Sum:  0.0, Workers: 4
[29.544s][debug][gc,phases      ] GC(12)     Dead                           Min: 0, Avg:  0.0, Max: 0, Diff: 0, Sum: 0, Workers: 4
[29.544s][debug][gc,phases      ] GC(12)     Total                          Min: 0, Avg: 187.0, Max: 364, Diff: 364, Sum: 748, Workers: 4
[29.544s][debug][gc,phases      ] GC(12)   ObjectSynchronizer Weak        Min:  0.0, Avg:  0.0, Max:  0.0, Diff:  0.0, Sum:  0.0, Workers: 4
[29.544s][debug][gc,phases      ] GC(12)     Dead                           Min: 0, Avg:  0.0, Max: 0, Diff: 0, Sum: 0, Workers: 4
[29.544s][debug][gc,phases      ] GC(12)     Total                          Min: 0, Avg:  9.2, Max: 37, Diff: 37, Sum: 37, Workers: 4
[29.544s][debug][gc,phases      ] GC(12)   JVMTI Tag Weak OopStorage      Min:  0.0, Avg:  0.0, Max:  0.0, Diff:  0.0, Sum:  0.0, Workers: 4
[29.544s][debug][gc,phases      ] GC(12)     Dead                           Min: 0, Avg:  0.0, Max: 0, Diff: 0, Sum: 0, Workers: 4
[29.544s][debug][gc,phases      ] GC(12)     Total                          Min: 0, Avg:  0.0, Max: 0, Diff: 0, Sum: 0, Workers: 4
[29.544s][debug][gc,phases      ] GC(12)   StringTable Weak               Min:  0.0, Avg:  0.4, Max:  0.5, Diff:  0.5, Sum:  1.5, Workers: 4
[29.544s][debug][gc,phases      ] GC(12)     Dead                           Min: 0, Avg:  0.0, Max: 0, Diff: 0, Sum: 0, Workers: 4
[29.544s][debug][gc,phases      ] GC(12)     Total                          Min: 0, Avg: 10429.8, Max: 14656, Diff: 14656, Sum: 41719, Workers: 4
[29.544s][debug][gc,phases      ] GC(12)   ResolvedMethodTable Weak       Min:  0.0, Avg:  0.1, Max:  0.1, Diff:  0.1, Sum:  0.4, Workers: 4
[29.544s][debug][gc,phases      ] GC(12)     Dead                           Min: 0, Avg:  0.0, Max: 0, Diff: 0, Sum: 0, Workers: 4
[29.544s][debug][gc,phases      ] GC(12)     Total                          Min: 0, Avg: 2085.2, Max: 2965, Diff: 2965, Sum: 8341, Workers: 4
[29.544s][debug][gc,phases      ] GC(12)   JNI Weak                       Min:  0.0, Avg:  0.0, Max:  0.0, Diff:  0.0, Sum:  0.0, Workers: 4
[29.544s][debug][gc,phases      ] GC(12)     Dead                           Min: 0, Avg:  0.0, Max: 0, Diff: 0, Sum: 0, Workers: 4
[29.544s][debug][gc,phases      ] GC(12)     Total                          Min: 0, Avg: 21.5, Max: 46, Diff: 46, Sum: 86, Workers: 4
[29.544s][debug][gc,phases      ] GC(12)   StringDedup Table Weak         Min:  0.0, Avg:  0.0, Max:  0.0, Diff:  0.0, Sum:  0.0, Workers: 4
[29.544s][debug][gc,phases      ] GC(12)     Dead                           Min: 0, Avg:  0.0, Max: 0, Diff: 0, Sum: 0, Workers: 4
[29.544s][debug][gc,phases      ] GC(12)     Total                          Min: 0, Avg:  0.0, Max: 0, Diff: 0, Sum: 0, Workers: 4
[29.544s][debug][gc,phases      ] GC(12)   StringDedup Requests0 Weak     Min:  0.0, Avg:  0.0, Max:  0.0, Diff:  0.0, Sum:  0.0, Workers: 4
[29.544s][debug][gc,phases      ] GC(12)     Dead                           Min: 0, Avg:  0.0, Max: 0, Diff: 0, Sum: 0, Workers: 4
[29.544s][debug][gc,phases      ] GC(12)     Total                          Min: 0, Avg:  0.0, Max: 0, Diff: 0, Sum: 0, Workers: 4
[29.544s][debug][gc,phases      ] GC(12)   StringDedup Requests1 Weak     Min:  0.0, Avg:  0.0, Max:  0.0, Diff:  0.0, Sum:  0.0, Workers: 4
[29.544s][debug][gc,phases      ] GC(12)     Dead                           Min: 0, Avg:  0.0, Max: 0, Diff: 0, Sum: 0, Workers: 4
[29.544s][debug][gc,phases      ] GC(12)     Total                          Min: 0, Avg:  0.0, Max: 0, Diff: 0, Sum: 0, Workers: 4
[29.544s][debug][gc,phases      ] GC(12)   Weak JFR Old Object Samples    Min:  0.0, Avg:  0.0, Max:  0.0, Diff:  0.0, Sum:  0.0, Workers: 4
[29.544s][debug][gc,phases      ] GC(12)     Dead                           Min: 0, Avg:  0.0, Max: 0, Diff: 0, Sum: 0, Workers: 4
[29.544s][debug][gc,phases      ] GC(12)     Total                          Min: 0, Avg:  0.0, Max: 0, Diff: 0, Sum: 0, Workers: 4
[29.544s][debug][gc,phases      ] GC(12) Weak Processing 0.886ms
[29.544s][debug][gc,age         ] GC(12) Desired survivor size 503316480 bytes, new threshold 9 (max threshold 15)
[29.544s][info ][gc,heap        ] GC(12) PSYoungGen: 1382623K(1612288K)->341525K(1586688K) Eden: 1101824K(1101824K)->0K(1101824K) From: 280799K(510464K)->341525K(484864K)
[29.544s][info ][gc,heap        ] GC(12) ParOldGen: 86175K(190976K)->86183K(190976K)
[29.544s][info ][gc,metaspace   ] GC(12) Metaspace: 77149K(78080K)->77149K(78080K) NonClass: 66018K(66496K)->66018K(66496K) Class: 11131K(11584K)->11131K(11584K)
[29.544s][info ][gc             ] GC(12) Pause Young (Allocation Failure) 1434M->417M(1736M) 133.106ms
[29.544s][info ][gc,cpu         ] GC(12) User=0.44s Sys=0.03s Real=0.13s
[29.544s][info ][safepoint      ] Safepoint "ParallelGCFailedAllocation", Time since last: 725784810 ns, Reaching safepoint: 104002 ns, At safepoint: 133201512 ns, Total: 133305514 ns
[30.200s][info ][safepoint      ] Safepoint "ICBufferFull", Time since last: 655411219 ns, Reaching safepoint: 286806 ns, At safepoint: 7500 ns, Total: 294306 ns
[30.849s][info ][safepoint      ] Safepoint "ICBufferFull", Time since last: 648490463 ns, Reaching safepoint: 207304 ns, At safepoint: 6200 ns, Total: 213504 ns
[31.271s][info ][gc,start       ] GC(13) Pause Young (Allocation Failure)
[31.404s][debug][gc,phases      ] GC(13) Scavenge 133.273ms
[31.404s][debug][gc,ref         ] GC(13) Skipped phase 1 of Reference Processing: no references
[31.404s][debug][gc,ref         ] GC(13) ReferenceProcessor::execute queues: 2, RefProcThreadModel::Multi, marks_oops_alive: false
[31.404s][debug][gc,ref         ] GC(13) Skipped phase 3 of Reference Processing: no references
[31.404s][debug][gc,ref         ] GC(13) ReferenceProcessor::execute queues: 1, RefProcThreadModel::Single, marks_oops_alive: false
[31.404s][debug][gc,phases      ] GC(13) Reference Processing 0.356ms
[31.405s][debug][gc,phases      ] GC(13)   VM Weak                        Min:  0.0, Avg:  0.0, Max:  0.0, Diff:  0.0, Sum:  0.0, Workers: 4
[31.405s][debug][gc,phases      ] GC(13)     Dead                           Min: 0, Avg:  0.0, Max: 0, Diff: 0, Sum: 0, Workers: 4
[31.405s][debug][gc,phases      ] GC(13)     Total                          Min: 64, Avg: 187.2, Max: 365, Diff: 301, Sum: 749, Workers: 4
[31.405s][debug][gc,phases      ] GC(13)   ObjectSynchronizer Weak        Min:  0.0, Avg:  0.0, Max:  0.0, Diff:  0.0, Sum:  0.0, Workers: 4
[31.405s][debug][gc,phases      ] GC(13)     Dead                           Min: 0, Avg:  0.0, Max: 0, Diff: 0, Sum: 0, Workers: 4
[31.405s][debug][gc,phases      ] GC(13)     Total                          Min: 0, Avg:  9.2, Max: 37, Diff: 37, Sum: 37, Workers: 4
[31.405s][debug][gc,phases      ] GC(13)   JVMTI Tag Weak OopStorage      Min:  0.0, Avg:  0.0, Max:  0.0, Diff:  0.0, Sum:  0.0, Workers: 4
[31.405s][debug][gc,phases      ] GC(13)     Dead                           Min: 0, Avg:  0.0, Max: 0, Diff: 0, Sum: 0, Workers: 4
[31.405s][debug][gc,phases      ] GC(13)     Total                          Min: 0, Avg:  0.0, Max: 0, Diff: 0, Sum: 0, Workers: 4
[31.405s][debug][gc,phases      ] GC(13)   StringTable Weak               Min:  0.4, Avg:  0.4, Max:  0.4, Diff:  0.0, Sum:  1.7, Workers: 4
[31.405s][debug][gc,phases      ] GC(13)     Dead                           Min: 0, Avg:  0.2, Max: 1, Diff: 1, Sum: 1, Workers: 4
[31.405s][debug][gc,phases      ] GC(13)     Total                          Min: 9536, Avg: 10456.5, Max: 11072, Diff: 1536, Sum: 41826, Workers: 4
[31.405s][debug][gc,phases      ] GC(13)   ResolvedMethodTable Weak       Min:  0.1, Avg:  0.1, Max:  0.1, Diff:  0.0, Sum:  0.4, Workers: 4
[31.405s][debug][gc,phases      ] GC(13)     Dead                           Min: 0, Avg:  4.5, Max: 18, Diff: 18, Sum: 18, Workers: 4
[31.405s][debug][gc,phases      ] GC(13)     Total                          Min: 1789, Avg: 2094.5, Max: 2432, Diff: 643, Sum: 8378, Workers: 4
[31.405s][debug][gc,phases      ] GC(13)   JNI Weak                       Min:  0.0, Avg:  0.0, Max:  0.0, Diff:  0.0, Sum:  0.0, Workers: 4
[31.405s][debug][gc,phases      ] GC(13)     Dead                           Min: 0, Avg:  0.0, Max: 0, Diff: 0, Sum: 0, Workers: 4
[31.405s][debug][gc,phases      ] GC(13)     Total                          Min: 0, Avg: 20.2, Max: 81, Diff: 81, Sum: 81, Workers: 4
[31.405s][debug][gc,phases      ] GC(13)   StringDedup Table Weak         Min:  0.0, Avg:  0.0, Max:  0.0, Diff:  0.0, Sum:  0.0, Workers: 4
[31.405s][debug][gc,phases      ] GC(13)     Dead                           Min: 0, Avg:  0.0, Max: 0, Diff: 0, Sum: 0, Workers: 4
[31.405s][debug][gc,phases      ] GC(13)     Total                          Min: 0, Avg:  0.0, Max: 0, Diff: 0, Sum: 0, Workers: 4
[31.405s][debug][gc,phases      ] GC(13)   StringDedup Requests0 Weak     Min:  0.0, Avg:  0.0, Max:  0.0, Diff:  0.0, Sum:  0.0, Workers: 4
[31.405s][debug][gc,phases      ] GC(13)     Dead                           Min: 0, Avg:  0.0, Max: 0, Diff: 0, Sum: 0, Workers: 4
[31.405s][debug][gc,phases      ] GC(13)     Total                          Min: 0, Avg:  0.0, Max: 0, Diff: 0, Sum: 0, Workers: 4
[31.405s][debug][gc,phases      ] GC(13)   StringDedup Requests1 Weak     Min:  0.0, Avg:  0.0, Max:  0.0, Diff:  0.0, Sum:  0.0, Workers: 4
[31.405s][debug][gc,phases      ] GC(13)     Dead                           Min: 0, Avg:  0.0, Max: 0, Diff: 0, Sum: 0, Workers: 4
[31.405s][debug][gc,phases      ] GC(13)     Total                          Min: 0, Avg:  0.0, Max: 0, Diff: 0, Sum: 0, Workers: 4
[31.405s][debug][gc,phases      ] GC(13)   Weak JFR Old Object Samples    Min:  0.0, Avg:  0.0, Max:  0.0, Diff:  0.0, Sum:  0.0, Workers: 4
[31.405s][debug][gc,phases      ] GC(13)     Dead                           Min: 0, Avg:  0.0, Max: 0, Diff: 0, Sum: 0, Workers: 4
[31.405s][debug][gc,phases      ] GC(13)     Total                          Min: 0, Avg:  0.0, Max: 0, Diff: 0, Sum: 0, Workers: 4
[31.405s][debug][gc,phases      ] GC(13) Weak Processing 0.731ms
[31.405s][debug][gc,age         ] GC(13) Desired survivor size 523763712 bytes, new threshold 10 (max threshold 15)
[31.405s][info ][gc,heap        ] GC(13) PSYoungGen: 1443349K(1586688K)->383974K(1565696K) Eden: 1101824K(1101824K)->0K(1074176K) From: 341525K(484864K)->383974K(491520K)
[31.405s][info ][gc,heap        ] GC(13) ParOldGen: 86183K(190976K)->86191K(190976K)
[31.405s][info ][gc,metaspace   ] GC(13) Metaspace: 77438K(78400K)->77438K(78400K) NonClass: 66285K(66816K)->66285K(66816K) Class: 11153K(11584K)->11153K(11584K)
[31.405s][info ][gc             ] GC(13) Pause Young (Allocation Failure) 1493M->459M(1715M) 134.520ms
[31.405s][info ][gc,cpu         ] GC(13) User=0.50s Sys=0.01s Real=0.14s
[31.405s][info ][safepoint      ] Safepoint "ParallelGCFailedAllocation", Time since last: 421615033 ns, Reaching safepoint: 80602 ns, At safepoint: 134621144 ns, Total: 134701746 ns
[32.406s][info ][safepoint      ] Safepoint "Cleanup", Time since last: 1000092312 ns, Reaching safepoint: 233405 ns, At safepoint: 9600 ns, Total: 243005 ns
[32.881s][info ][gc,start       ] GC(14) Pause Young (Allocation Failure)
[33.005s][debug][gc,phases      ] GC(14) Scavenge 124.163ms
[33.005s][debug][gc,ref         ] GC(14) Skipped phase 1 of Reference Processing: no references
[33.005s][debug][gc,ref         ] GC(14) ReferenceProcessor::execute queues: 4, RefProcThreadModel::Multi, marks_oops_alive: false
[33.006s][debug][gc,ref         ] GC(14) ReferenceProcessor::execute queues: 4, RefProcThreadModel::Multi, marks_oops_alive: true
[33.006s][debug][gc,ref         ] GC(14) ReferenceProcessor::execute queues: 1, RefProcThreadModel::Single, marks_oops_alive: false
[33.006s][debug][gc,phases      ] GC(14) Reference Processing 0.549ms
[33.006s][debug][gc,phases      ] GC(14)   VM Weak                        Min:  0.0, Avg:  0.0, Max:  0.0, Diff:  0.0, Sum:  0.0, Workers: 4
[33.006s][debug][gc,phases      ] GC(14)     Dead                           Min: 0, Avg:  0.0, Max: 0, Diff: 0, Sum: 0, Workers: 4
[33.006s][debug][gc,phases      ] GC(14)     Total                          Min: 45, Avg: 187.2, Max: 448, Diff: 403, Sum: 749, Workers: 4
[33.006s][debug][gc,phases      ] GC(14)   ObjectSynchronizer Weak        Min:  0.0, Avg:  0.0, Max:  0.0, Diff:  0.0, Sum:  0.0, Workers: 4
[33.006s][debug][gc,phases      ] GC(14)     Dead                           Min: 0, Avg:  0.0, Max: 0, Diff: 0, Sum: 0, Workers: 4
[33.006s][debug][gc,phases      ] GC(14)     Total                          Min: 0, Avg:  9.2, Max: 37, Diff: 37, Sum: 37, Workers: 4
[33.006s][debug][gc,phases      ] GC(14)   JVMTI Tag Weak OopStorage      Min:  0.0, Avg:  0.0, Max:  0.0, Diff:  0.0, Sum:  0.0, Workers: 4
[33.006s][debug][gc,phases      ] GC(14)     Dead                           Min: 0, Avg:  0.0, Max: 0, Diff: 0, Sum: 0, Workers: 4
[33.006s][debug][gc,phases      ] GC(14)     Total                          Min: 0, Avg:  0.0, Max: 0, Diff: 0, Sum: 0, Workers: 4
[33.006s][debug][gc,phases      ] GC(14)   StringTable Weak               Min:  0.5, Avg:  0.5, Max:  0.5, Diff:  0.0, Sum:  1.8, Workers: 4
[33.006s][debug][gc,phases      ] GC(14)     Dead                           Min: 0, Avg:  0.2, Max: 1, Diff: 1, Sum: 1, Workers: 4
[33.006s][debug][gc,phases      ] GC(14)     Total                          Min: 9664, Avg: 10493.5, Max: 11136, Diff: 1472, Sum: 41974, Workers: 4
[33.006s][debug][gc,phases      ] GC(14)   ResolvedMethodTable Weak       Min:  0.1, Avg:  0.1, Max:  0.1, Diff:  0.0, Sum:  0.4, Workers: 4
[33.006s][debug][gc,phases      ] GC(14)     Dead                           Min: 3, Avg:  6.2, Max: 11, Diff: 8, Sum: 25, Workers: 4
[33.006s][debug][gc,phases      ] GC(14)     Total                          Min: 1726, Avg: 2100.0, Max: 2322, Diff: 596, Sum: 8400, Workers: 4
[33.006s][debug][gc,phases      ] GC(14)   JNI Weak                       Min:  0.0, Avg:  0.0, Max:  0.0, Diff:  0.0, Sum:  0.0, Workers: 4
[33.006s][debug][gc,phases      ] GC(14)     Dead                           Min: 0, Avg:  0.0, Max: 0, Diff: 0, Sum: 0, Workers: 4
[33.006s][debug][gc,phases      ] GC(14)     Total                          Min: 0, Avg: 17.8, Max: 49, Diff: 49, Sum: 71, Workers: 4
[33.006s][debug][gc,phases      ] GC(14)   StringDedup Table Weak         Min:  0.0, Avg:  0.0, Max:  0.0, Diff:  0.0, Sum:  0.0, Workers: 4
[33.006s][debug][gc,phases      ] GC(14)     Dead                           Min: 0, Avg:  0.0, Max: 0, Diff: 0, Sum: 0, Workers: 4
[33.006s][debug][gc,phases      ] GC(14)     Total                          Min: 0, Avg:  0.0, Max: 0, Diff: 0, Sum: 0, Workers: 4
[33.006s][debug][gc,phases      ] GC(14)   StringDedup Requests0 Weak     Min:  0.0, Avg:  0.0, Max:  0.0, Diff:  0.0, Sum:  0.0, Workers: 4
[33.006s][debug][gc,phases      ] GC(14)     Dead                           Min: 0, Avg:  0.0, Max: 0, Diff: 0, Sum: 0, Workers: 4
[33.006s][debug][gc,phases      ] GC(14)     Total                          Min: 0, Avg:  0.0, Max: 0, Diff: 0, Sum: 0, Workers: 4
[33.006s][debug][gc,phases      ] GC(14)   StringDedup Requests1 Weak     Min:  0.0, Avg:  0.0, Max:  0.0, Diff:  0.0, Sum:  0.0, Workers: 4
[33.006s][debug][gc,phases      ] GC(14)     Dead                           Min: 0, Avg:  0.0, Max: 0, Diff: 0, Sum: 0, Workers: 4
[33.006s][debug][gc,phases      ] GC(14)     Total                          Min: 0, Avg:  0.0, Max: 0, Diff: 0, Sum: 0, Workers: 4
[33.006s][debug][gc,phases      ] GC(14)   Weak JFR Old Object Samples    Min:  0.0, Avg:  0.0, Max:  0.0, Diff:  0.0, Sum:  0.0, Workers: 4
[33.006s][debug][gc,phases      ] GC(14)     Dead                           Min: 0, Avg:  0.0, Max: 0, Diff: 0, Sum: 0, Workers: 4
[33.006s][debug][gc,phases      ] GC(14)     Total                          Min: 0, Avg:  0.0, Max: 0, Diff: 0, Sum: 0, Workers: 4
[33.006s][debug][gc,phases      ] GC(14) Weak Processing 0.760ms
[33.006s][debug][gc,age         ] GC(14) Desired survivor size 536346624 bytes, new threshold 11 (max threshold 15)
[33.006s][info ][gc,heap        ] GC(14) PSYoungGen: 1458150K(1565696K)->380252K(1454592K) Eden: 1074176K(1074176K)->0K(1074176K) From: 383974K(491520K)->380252K(380416K)
[33.006s][info ][gc,heap        ] GC(14) ParOldGen: 86191K(190976K)->86199K(190976K)
[33.006s][info ][gc,metaspace   ] GC(14) Metaspace: 77623K(78528K)->77623K(78528K) NonClass: 66463K(66944K)->66463K(66944K) Class: 11160K(11584K)->11160K(11584K)
[33.006s][info ][gc             ] GC(14) Pause Young (Allocation Failure) 1508M->455M(1607M) 125.601ms
[33.006s][info ][gc,cpu         ] GC(14) User=0.46s Sys=0.01s Real=0.12s
[33.007s][info ][safepoint      ] Safepoint "ParallelGCFailedAllocation", Time since last: 475210945 ns, Reaching safepoint: 91102 ns, At safepoint: 125686542 ns, Total: 125777644 ns
[34.007s][info ][safepoint      ] Safepoint "Cleanup", Time since last: 1000085411 ns, Reaching safepoint: 102103 ns, At safepoint: 5300 ns, Total: 107403 ns
[34.586s][info ][safepoint      ] Safepoint "ICBufferFull", Time since last: 579123694 ns, Reaching safepoint: 181904 ns, At safepoint: 3500 ns, Total: 185404 ns
[35.181s][info ][safepoint      ] Safepoint "ICBufferFull", Time since last: 594596944 ns, Reaching safepoint: 224705 ns, At safepoint: 12300 ns, Total: 237005 ns
[36.181s][info ][safepoint      ] Safepoint "Cleanup", Time since last: 1000081212 ns, Reaching safepoint: 196404 ns, At safepoint: 8401 ns, Total: 204805 ns
[37.181s][info ][safepoint      ] Safepoint "Cleanup", Time since last: 1000114993 ns, Reaching safepoint: 199205 ns, At safepoint: 8200 ns, Total: 207405 ns
[38.182s][info ][safepoint      ] Safepoint "Cleanup", Time since last: 1000109254 ns, Reaching safepoint: 162003 ns, At safepoint: 8401 ns, Total: 170404 ns
[39.408s][info ][safepoint      ] Safepoint "Cleanup", Time since last: 1226143683 ns, Reaching safepoint: 181404 ns, At safepoint: 6100 ns, Total: 187504 ns
[40.579s][info ][safepoint      ] Safepoint "Cleanup", Time since last: 1171146659 ns, Reaching safepoint: 83902 ns, At safepoint: 2300 ns, Total: 86202 ns
[41.579s][info ][safepoint      ] Safepoint "Cleanup", Time since last: 1000098654 ns, Reaching safepoint: 55201 ns, At safepoint: 6000 ns, Total: 61201 ns
[42.580s][info ][safepoint      ] Safepoint "Cleanup", Time since last: 1000126254 ns, Reaching safepoint: 82502 ns, At safepoint: 2600 ns, Total: 85102 ns
[43.580s][info ][safepoint      ] Safepoint "Cleanup", Time since last: 1000097254 ns, Reaching safepoint: 66801 ns, At safepoint: 2100 ns, Total: 68901 ns
[44.580s][info ][safepoint      ] Safepoint "Cleanup", Time since last: 1000110408 ns, Reaching safepoint: 57701 ns, At safepoint: 2600 ns, Total: 60301 ns
[45.580s][info ][safepoint      ] Safepoint "Cleanup", Time since last: 1000128048 ns, Reaching safepoint: 191904 ns, At safepoint: 5800 ns, Total: 197704 ns
[46.581s][info ][safepoint      ] Safepoint "Cleanup", Time since last: 1000124647 ns, Reaching safepoint: 122603 ns, At safepoint: 6800 ns, Total: 129403 ns
[47.581s][info ][safepoint      ] Safepoint "Cleanup", Time since last: 1000124848 ns, Reaching safepoint: 67001 ns, At safepoint: 2800 ns, Total: 69801 ns
[48.581s][info ][safepoint      ] Safepoint "Cleanup", Time since last: 1000111147 ns, Reaching safepoint: 88802 ns, At safepoint: 5400 ns, Total: 94202 ns
[49.581s][info ][safepoint      ] Safepoint "Cleanup", Time since last: 1000133948 ns, Reaching safepoint: 196504 ns, At safepoint: 7700 ns, Total: 204204 ns
[50.617s][info ][safepoint      ] Safepoint "Cleanup", Time since last: 1035478941 ns, Reaching safepoint: 132303 ns, At safepoint: 6900 ns, Total: 139203 ns
[51.617s][info ][safepoint      ] Safepoint "Cleanup", Time since last: 1000138748 ns, Reaching safepoint: 86802 ns, At safepoint: 2800 ns, Total: 89602 ns
[52.617s][info ][safepoint      ] Safepoint "Cleanup", Time since last: 1000115698 ns, Reaching safepoint: 104102 ns, At safepoint: 2600 ns, Total: 106702 ns
[53.618s][info ][safepoint      ] Safepoint "Cleanup", Time since last: 1000116602 ns, Reaching safepoint: 89002 ns, At safepoint: 2700 ns, Total: 91702 ns
[54.618s][info ][safepoint      ] Safepoint "Cleanup", Time since last: 1000121103 ns, Reaching safepoint: 64102 ns, At safepoint: 5100 ns, Total: 69202 ns
[55.618s][info ][safepoint      ] Safepoint "Cleanup", Time since last: 1000124202 ns, Reaching safepoint: 60202 ns, At safepoint: 4900 ns, Total: 65102 ns
[56.618s][info ][safepoint      ] Safepoint "Cleanup", Time since last: 1000117103 ns, Reaching safepoint: 96502 ns, At safepoint: 7900 ns, Total: 104402 ns
[57.618s][info ][safepoint      ] Safepoint "Cleanup", Time since last: 1000117502 ns, Reaching safepoint: 91202 ns, At safepoint: 2900 ns, Total: 94102 ns
[58.619s][info ][safepoint      ] Safepoint "Cleanup", Time since last: 1000109703 ns, Reaching safepoint: 86802 ns, At safepoint: 6300 ns, Total: 93102 ns
[59.619s][info ][safepoint      ] Safepoint "Cleanup", Time since last: 1000128216 ns, Reaching safepoint: 84202 ns, At safepoint: 2800 ns, Total: 87002 ns
[60.619s][info ][safepoint      ] Safepoint "Cleanup", Time since last: 1000128067 ns, Reaching safepoint: 74501 ns, At safepoint: 3100 ns, Total: 77601 ns
[61.619s][info ][safepoint      ] Safepoint "Cleanup", Time since last: 1000120949 ns, Reaching safepoint: 73401 ns, At safepoint: 2900 ns, Total: 76301 ns
[62.619s][info ][safepoint      ] Safepoint "Cleanup", Time since last: 1000102148 ns, Reaching safepoint: 62302 ns, At safepoint: 3200 ns, Total: 65502 ns
[63.620s][info ][safepoint      ] Safepoint "Cleanup", Time since last: 1000124848 ns, Reaching safepoint: 52602 ns, At safepoint: 2700 ns, Total: 55302 ns
[63.677s][info ][gc,start       ] GC(15) Pause Young (Allocation Failure)
[63.801s][debug][gc,phases      ] GC(15) Scavenge 123.683ms
[63.801s][debug][gc,ref         ] GC(15) Skipped phase 1 of Reference Processing: no references
[63.801s][debug][gc,ref         ] GC(15) ReferenceProcessor::execute queues: 2, RefProcThreadModel::Multi, marks_oops_alive: false
[63.802s][debug][gc,ref         ] GC(15) Skipped phase 3 of Reference Processing: no references
[63.802s][debug][gc,ref         ] GC(15) ReferenceProcessor::execute queues: 1, RefProcThreadModel::Single, marks_oops_alive: false
[63.802s][debug][gc,phases      ] GC(15) Reference Processing 0.321ms
[63.802s][debug][gc,phases      ] GC(15)   VM Weak                        Min:  0.0, Avg:  0.0, Max:  0.0, Diff:  0.0, Sum:  0.0, Workers: 4
[63.802s][debug][gc,phases      ] GC(15)     Dead                           Min: 0, Avg:  0.0, Max: 0, Diff: 0, Sum: 0, Workers: 4
[63.802s][debug][gc,phases      ] GC(15)     Total                          Min: 124, Avg: 191.0, Max: 320, Diff: 196, Sum: 764, Workers: 4
[63.802s][debug][gc,phases      ] GC(15)   ObjectSynchronizer Weak        Min:  0.0, Avg:  0.0, Max:  0.0, Diff:  0.0, Sum:  0.0, Workers: 4
[63.802s][debug][gc,phases      ] GC(15)     Dead                           Min: 0, Avg:  0.0, Max: 0, Diff: 0, Sum: 0, Workers: 4
[63.802s][debug][gc,phases      ] GC(15)     Total                          Min: 0, Avg:  9.2, Max: 37, Diff: 37, Sum: 37, Workers: 4
[63.802s][debug][gc,phases      ] GC(15)   JVMTI Tag Weak OopStorage      Min:  0.0, Avg:  0.0, Max:  0.0, Diff:  0.0, Sum:  0.0, Workers: 4
[63.802s][debug][gc,phases      ] GC(15)     Dead                           Min: 0, Avg:  0.0, Max: 0, Diff: 0, Sum: 0, Workers: 4
[63.802s][debug][gc,phases      ] GC(15)     Total                          Min: 0, Avg:  0.0, Max: 0, Diff: 0, Sum: 0, Workers: 4
[63.802s][debug][gc,phases      ] GC(15)   StringTable Weak               Min:  0.4, Avg:  0.4, Max:  0.4, Diff:  0.0, Sum:  1.7, Workers: 4
[63.802s][debug][gc,phases      ] GC(15)     Dead                           Min: 0, Avg:  0.2, Max: 1, Diff: 1, Sum: 1, Workers: 4
[63.802s][debug][gc,phases      ] GC(15)     Total                          Min: 9779, Avg: 10588.8, Max: 11264, Diff: 1485, Sum: 42355, Workers: 4
[63.802s][debug][gc,phases      ] GC(15)   ResolvedMethodTable Weak       Min:  0.1, Avg:  0.1, Max:  0.1, Diff:  0.0, Sum:  0.4, Workers: 4
[63.802s][debug][gc,phases      ] GC(15)     Dead                           Min: 0, Avg:  0.0, Max: 0, Diff: 0, Sum: 0, Workers: 4
[63.802s][debug][gc,phases      ] GC(15)     Total                          Min: 1984, Avg: 2122.0, Max: 2280, Diff: 296, Sum: 8488, Workers: 4
[63.802s][debug][gc,phases      ] GC(15)   JNI Weak                       Min:  0.0, Avg:  0.0, Max:  0.0, Diff:  0.0, Sum:  0.0, Workers: 4
[63.802s][debug][gc,phases      ] GC(15)     Dead                           Min: 0, Avg:  0.0, Max: 0, Diff: 0, Sum: 0, Workers: 4
[63.802s][debug][gc,phases      ] GC(15)     Total                          Min: 0, Avg: 11.2, Max: 45, Diff: 45, Sum: 45, Workers: 4
[63.802s][debug][gc,phases      ] GC(15)   StringDedup Table Weak         Min:  0.0, Avg:  0.0, Max:  0.0, Diff:  0.0, Sum:  0.0, Workers: 4
[63.802s][debug][gc,phases      ] GC(15)     Dead                           Min: 0, Avg:  0.0, Max: 0, Diff: 0, Sum: 0, Workers: 4
[63.802s][debug][gc,phases      ] GC(15)     Total                          Min: 0, Avg:  0.0, Max: 0, Diff: 0, Sum: 0, Workers: 4
[63.802s][debug][gc,phases      ] GC(15)   StringDedup Requests0 Weak     Min:  0.0, Avg:  0.0, Max:  0.0, Diff:  0.0, Sum:  0.0, Workers: 4
[63.802s][debug][gc,phases      ] GC(15)     Dead                           Min: 0, Avg:  0.0, Max: 0, Diff: 0, Sum: 0, Workers: 4
[63.802s][debug][gc,phases      ] GC(15)     Total                          Min: 0, Avg:  0.0, Max: 0, Diff: 0, Sum: 0, Workers: 4
[63.802s][debug][gc,phases      ] GC(15)   StringDedup Requests1 Weak     Min:  0.0, Avg:  0.0, Max:  0.0, Diff:  0.0, Sum:  0.0, Workers: 4
[63.802s][debug][gc,phases      ] GC(15)     Dead                           Min: 0, Avg:  0.0, Max: 0, Diff: 0, Sum: 0, Workers: 4
[63.802s][debug][gc,phases      ] GC(15)     Total                          Min: 0, Avg:  0.0, Max: 0, Diff: 0, Sum: 0, Workers: 4
[63.802s][debug][gc,phases      ] GC(15)   Weak JFR Old Object Samples    Min:  0.0, Avg:  0.0, Max:  0.0, Diff:  0.0, Sum:  0.0, Workers: 4
[63.802s][debug][gc,phases      ] GC(15)     Dead                           Min: 0, Avg:  0.0, Max: 0, Diff: 0, Sum: 0, Workers: 4
[63.802s][debug][gc,phases      ] GC(15)     Total                          Min: 0, Avg:  0.0, Max: 0, Diff: 0, Sum: 0, Workers: 4
[63.802s][debug][gc,phases      ] GC(15) Weak Processing 0.730ms
[63.802s][debug][gc,age         ] GC(15) Desired survivor size 536870912 bytes, new threshold 10 (max threshold 15)
[63.802s][info ][gc,heap        ] GC(15) PSYoungGen: 1454428K(1454592K)->379869K(1572352K) Eden: 1074176K(1074176K)->0K(1048576K) From: 380252K(380416K)->379869K(523776K)
[63.802s][info ][gc,heap        ] GC(15) ParOldGen: 86199K(190976K)->86207K(190976K)
[63.802s][info ][gc,metaspace   ] GC(15) Metaspace: 78149K(79104K)->78149K(79104K) NonClass: 66954K(67456K)->66954K(67456K) Class: 11194K(11648K)->11194K(11648K)
[63.802s][info ][gc             ] GC(15) Pause Young (Allocation Failure) 1504M->455M(1722M) 124.874ms
[63.802s][info ][gc,cpu         ] GC(15) User=0.46s Sys=0.01s Real=0.13s
[63.802s][info ][safepoint      ] Safepoint "ParallelGCFailedAllocation", Time since last: 57807091 ns, Reaching safepoint: 33401 ns, At safepoint: 124952592 ns, Total: 124985993 ns
[65.336s][info ][safepoint      ] Safepoint "Cleanup", Time since last: 1533227761 ns, Reaching safepoint: 149104 ns, At safepoint: 5400 ns, Total: 154504 ns
[66.715s][info ][safepoint      ] Safepoint "Cleanup", Time since last: 1379381923 ns, Reaching safepoint: 83802 ns, At safepoint: 2700 ns, Total: 86502 ns
[67.715s][info ][safepoint      ] Safepoint "Cleanup", Time since last: 1000111948 ns, Reaching safepoint: 48602 ns, At safepoint: 2400 ns, Total: 51002 ns
[68.716s][info ][safepoint      ] Safepoint "Cleanup", Time since last: 1000123068 ns, Reaching safepoint: 57802 ns, At safepoint: 2800 ns, Total: 60602 ns
[69.716s][info ][safepoint      ] Safepoint "Cleanup", Time since last: 1000116999 ns, Reaching safepoint: 78802 ns, At safepoint: 6400 ns, Total: 85202 ns
[70.716s][info ][safepoint      ] Safepoint "Cleanup", Time since last: 1000113599 ns, Reaching safepoint: 116703 ns, At safepoint: 5700 ns, Total: 122403 ns
[71.716s][info ][safepoint      ] Safepoint "Cleanup", Time since last: 1000114999 ns, Reaching safepoint: 62801 ns, At safepoint: 3600 ns, Total: 66401 ns
[72.716s][info ][safepoint      ] Safepoint "Cleanup", Time since last: 1000124000 ns, Reaching safepoint: 60501 ns, At safepoint: 5000 ns, Total: 65501 ns
[73.717s][info ][safepoint      ] Safepoint "Cleanup", Time since last: 1000125300 ns, Reaching safepoint: 44701 ns, At safepoint: 3900 ns, Total: 48601 ns
[74.717s][info ][safepoint      ] Safepoint "Cleanup", Time since last: 1000114799 ns, Reaching safepoint: 76802 ns, At safepoint: 6500 ns, Total: 83302 ns
[75.717s][info ][safepoint      ] Safepoint "Cleanup", Time since last: 1000082498 ns, Reaching safepoint: 49601 ns, At safepoint: 2700 ns, Total: 52301 ns
[76.717s][info ][safepoint      ] Safepoint "Cleanup", Time since last: 1000114817 ns, Reaching safepoint: 60401 ns, At safepoint: 2600 ns, Total: 63001 ns
[77.717s][info ][safepoint      ] Safepoint "Cleanup", Time since last: 1000115678 ns, Reaching safepoint: 57300 ns, At safepoint: 4000 ns, Total: 61300 ns
[78.717s][info ][safepoint      ] Safepoint "Cleanup", Time since last: 1000109978 ns, Reaching safepoint: 63401 ns, At safepoint: 3400 ns, Total: 66801 ns
[79.718s][info ][safepoint      ] Safepoint "Cleanup", Time since last: 1000127243 ns, Reaching safepoint: 60201 ns, At safepoint: 3900 ns, Total: 64101 ns
[80.718s][info ][safepoint      ] Safepoint "Cleanup", Time since last: 1000117494 ns, Reaching safepoint: 60402 ns, At safepoint: 7400 ns, Total: 67802 ns
[81.718s][info ][safepoint      ] Safepoint "Cleanup", Time since last: 1000146095 ns, Reaching safepoint: 67002 ns, At safepoint: 5800 ns, Total: 72802 ns
[82.718s][info ][safepoint      ] Safepoint "Cleanup", Time since last: 1000119194 ns, Reaching safepoint: 55201 ns, At safepoint: 3801 ns, Total: 59002 ns
[83.718s][info ][safepoint      ] Safepoint "Cleanup", Time since last: 1000121294 ns, Reaching safepoint: 59601 ns, At safepoint: 4901 ns, Total: 64502 ns
[84.719s][info ][safepoint      ] Safepoint "Cleanup", Time since last: 1000116145 ns, Reaching safepoint: 60402 ns, At safepoint: 33500 ns, Total: 93902 ns
[85.719s][info ][safepoint      ] Safepoint "Cleanup", Time since last: 1000107968 ns, Reaching safepoint: 48701 ns, At safepoint: 1900 ns, Total: 50601 ns
[86.719s][info ][safepoint      ] Safepoint "Cleanup", Time since last: 1000117768 ns, Reaching safepoint: 48401 ns, At safepoint: 2900 ns, Total: 51301 ns
[87.719s][info ][safepoint      ] Safepoint "Cleanup", Time since last: 1000121668 ns, Reaching safepoint: 54501 ns, At safepoint: 2900 ns, Total: 57401 ns
[88.719s][info ][safepoint      ] Safepoint "Cleanup", Time since last: 1000117868 ns, Reaching safepoint: 75302 ns, At safepoint: 6400 ns, Total: 81702 ns
[89.719s][info ][safepoint      ] Safepoint "Cleanup", Time since last: 1000112667 ns, Reaching safepoint: 50601 ns, At safepoint: 6601 ns, Total: 57202 ns
[90.720s][info ][safepoint      ] Safepoint "Cleanup", Time since last: 1000112467 ns, Reaching safepoint: 101602 ns, At safepoint: 4601 ns, Total: 106203 ns
[91.720s][info ][safepoint      ] Safepoint "Cleanup", Time since last: 1000115533 ns, Reaching safepoint: 143903 ns, At safepoint: 5300 ns, Total: 149203 ns
[92.720s][info ][safepoint      ] Safepoint "Cleanup", Time since last: 1000134693 ns, Reaching safepoint: 113002 ns, At safepoint: 3000 ns, Total: 116002 ns
[93.720s][info ][safepoint      ] Safepoint "Cleanup", Time since last: 1000129038 ns, Reaching safepoint: 144603 ns, At safepoint: 5000 ns, Total: 149603 ns
[94.721s][info ][safepoint      ] Safepoint "Cleanup", Time since last: 1000133138 ns, Reaching safepoint: 119303 ns, At safepoint: 6300 ns, Total: 125603 ns
[96.721s][info ][safepoint      ] Safepoint "Cleanup", Time since last: 2000191774 ns, Reaching safepoint: 159903 ns, At safepoint: 14501 ns, Total: 174404 ns
[96.822s][info ][gc,start       ] GC(16) Pause Young (Allocation Failure)
[96.976s][debug][gc,phases      ] GC(16) Scavenge 154.273ms
[96.976s][debug][gc,ref         ] GC(16) Skipped phase 1 of Reference Processing: no references
[96.977s][debug][gc,ref         ] GC(16) ReferenceProcessor::execute queues: 2, RefProcThreadModel::Multi, marks_oops_alive: false
[96.977s][debug][gc,ref         ] GC(16) Skipped phase 3 of Reference Processing: no references
[96.977s][debug][gc,ref         ] GC(16) ReferenceProcessor::execute queues: 1, RefProcThreadModel::Single, marks_oops_alive: false
[96.977s][debug][gc,phases      ] GC(16) Reference Processing 0.358ms
[96.977s][debug][gc,phases      ] GC(16)   VM Weak                        Min:  0.0, Avg:  0.0, Max:  0.0, Diff:  0.0, Sum:  0.0, Workers: 4
[96.977s][debug][gc,phases      ] GC(16)     Dead                           Min: 0, Avg:  0.0, Max: 0, Diff: 0, Sum: 0, Workers: 4
[96.978s][debug][gc,phases      ] GC(16)     Total                          Min: 125, Avg: 191.2, Max: 320, Diff: 195, Sum: 765, Workers: 4
[96.978s][debug][gc,phases      ] GC(16)   ObjectSynchronizer Weak        Min:  0.0, Avg:  0.0, Max:  0.0, Diff:  0.0, Sum:  0.0, Workers: 4
[96.978s][debug][gc,phases      ] GC(16)     Dead                           Min: 0, Avg:  0.0, Max: 0, Diff: 0, Sum: 0, Workers: 4
[96.978s][debug][gc,phases      ] GC(16)     Total                          Min: 0, Avg: 10.0, Max: 40, Diff: 40, Sum: 40, Workers: 4
[96.978s][debug][gc,phases      ] GC(16)   JVMTI Tag Weak OopStorage      Min:  0.0, Avg:  0.0, Max:  0.0, Diff:  0.0, Sum:  0.0, Workers: 4
[96.978s][debug][gc,phases      ] GC(16)     Dead                           Min: 0, Avg:  0.0, Max: 0, Diff: 0, Sum: 0, Workers: 4
[96.978s][debug][gc,phases      ] GC(16)     Total                          Min: 0, Avg:  0.0, Max: 0, Diff: 0, Sum: 0, Workers: 4
[96.978s][debug][gc,phases      ] GC(16)   StringTable Weak               Min:  0.5, Avg:  0.5, Max:  0.5, Diff:  0.0, Sum:  2.0, Workers: 4
[96.978s][debug][gc,phases      ] GC(16)     Dead                           Min: 0, Avg:  0.2, Max: 1, Diff: 1, Sum: 1, Workers: 4
[96.978s][debug][gc,phases      ] GC(16)     Total                          Min: 9728, Avg: 10602.2, Max: 11456, Diff: 1728, Sum: 42409, Workers: 4
[96.978s][debug][gc,phases      ] GC(16)   ResolvedMethodTable Weak       Min:  0.1, Avg:  0.1, Max:  0.1, Diff:  0.0, Sum:  0.4, Workers: 4
[96.978s][debug][gc,phases      ] GC(16)     Dead                           Min: 0, Avg:  4.8, Max: 7, Diff: 7, Sum: 19, Workers: 4
[96.978s][debug][gc,phases      ] GC(16)     Total                          Min: 2048, Avg: 2132.0, Max: 2368, Diff: 320, Sum: 8528, Workers: 4
[96.978s][debug][gc,phases      ] GC(16)   JNI Weak                       Min:  0.0, Avg:  0.0, Max:  0.0, Diff:  0.0, Sum:  0.0, Workers: 4
[96.978s][debug][gc,phases      ] GC(16)     Dead                           Min: 0, Avg:  0.0, Max: 0, Diff: 0, Sum: 0, Workers: 4
[96.978s][debug][gc,phases      ] GC(16)     Total                          Min: 0, Avg: 15.2, Max: 56, Diff: 56, Sum: 61, Workers: 4
[96.978s][debug][gc,phases      ] GC(16)   StringDedup Table Weak         Min:  0.0, Avg:  0.0, Max:  0.0, Diff:  0.0, Sum:  0.0, Workers: 4
[96.978s][debug][gc,phases      ] GC(16)     Dead                           Min: 0, Avg:  0.0, Max: 0, Diff: 0, Sum: 0, Workers: 4
[96.978s][debug][gc,phases      ] GC(16)     Total                          Min: 0, Avg:  0.0, Max: 0, Diff: 0, Sum: 0, Workers: 4
[96.978s][debug][gc,phases      ] GC(16)   StringDedup Requests0 Weak     Min:  0.0, Avg:  0.0, Max:  0.0, Diff:  0.0, Sum:  0.0, Workers: 4
[96.978s][debug][gc,phases      ] GC(16)     Dead                           Min: 0, Avg:  0.0, Max: 0, Diff: 0, Sum: 0, Workers: 4
[96.978s][debug][gc,phases      ] GC(16)     Total                          Min: 0, Avg:  0.0, Max: 0, Diff: 0, Sum: 0, Workers: 4
[96.978s][debug][gc,phases      ] GC(16)   StringDedup Requests1 Weak     Min:  0.0, Avg:  0.0, Max:  0.0, Diff:  0.0, Sum:  0.0, Workers: 4
[96.978s][debug][gc,phases      ] GC(16)     Dead                           Min: 0, Avg:  0.0, Max: 0, Diff: 0, Sum: 0, Workers: 4
[96.978s][debug][gc,phases      ] GC(16)     Total                          Min: 0, Avg:  0.0, Max: 0, Diff: 0, Sum: 0, Workers: 4
[96.978s][debug][gc,phases      ] GC(16)   Weak JFR Old Object Samples    Min:  0.0, Avg:  0.0, Max:  0.0, Diff:  0.0, Sum:  0.0, Workers: 4
[96.978s][debug][gc,phases      ] GC(16)     Dead                           Min: 0, Avg:  0.0, Max: 0, Diff: 0, Sum: 0, Workers: 4
[96.978s][debug][gc,phases      ] GC(16)     Total                          Min: 0, Avg:  0.0, Max: 0, Diff: 0, Sum: 0, Workers: 4
[96.978s][debug][gc,phases      ] GC(16) Weak Processing 0.811ms
[96.978s][debug][gc,age         ] GC(16) Desired survivor size 536870912 bytes, new threshold 9 (max threshold 15)
[96.978s][info ][gc,heap        ] GC(16) PSYoungGen: 1428445K(1572352K)->346367K(1572864K) Eden: 1048576K(1048576K)->0K(1048576K) From: 379869K(523776K)->346367K(524288K)
[96.978s][info ][gc,heap        ] GC(16) ParOldGen: 86207K(190976K)->164760K(190976K)
[96.978s][info ][gc,metaspace   ] GC(16) Metaspace: 78418K(79360K)->78418K(79360K) NonClass: 67198K(67712K)->67198K(67712K) Class: 11219K(11648K)->11219K(11648K)
[96.978s][info ][gc             ] GC(16) Pause Young (Allocation Failure) 1479M->499M(1722M) 155.586ms
[96.978s][info ][gc,cpu         ] GC(16) User=0.58s Sys=0.01s Real=0.15s
[96.978s][debug][gc,phases      ] GC(17) Pre Compact 0.013ms
[96.978s][info ][gc,start       ] GC(17) Pause Full (Ergonomics)
[96.978s][info ][gc,phases,start] GC(17) Marking Phase
[97.122s][debug][gc,phases      ] GC(17) Par Mark 144.236ms
[97.122s][debug][gc,ref         ] GC(17) Skipped phase 1 of Reference Processing: no references
[97.122s][debug][gc,ref         ] GC(17) ReferenceProcessor::execute queues: 4, RefProcThreadModel::Multi, marks_oops_alive: false
[97.123s][debug][gc,ref         ] GC(17) Skipped phase 3 of Reference Processing: no references
[97.123s][debug][gc,ref         ] GC(17) ReferenceProcessor::execute queues: 1, RefProcThreadModel::Single, marks_oops_alive: false
[97.123s][debug][gc,phases      ] GC(17) Reference Processing 0.697ms
[97.123s][debug][gc,phases      ] GC(17)   VM Weak                        Min:  0.0, Avg:  0.0, Max:  0.0, Diff:  0.0, Sum:  0.0, Workers: 4
[97.123s][debug][gc,phases      ] GC(17)     Dead                           Min: 0, Avg:  0.0, Max: 0, Diff: 0, Sum: 0, Workers: 4
[97.123s][debug][gc,phases      ] GC(17)     Total                          Min: 0, Avg: 191.2, Max: 384, Diff: 384, Sum: 765, Workers: 4
[97.123s][debug][gc,phases      ] GC(17)   ObjectSynchronizer Weak        Min:  0.0, Avg:  0.0, Max:  0.0, Diff:  0.0, Sum:  0.0, Workers: 4
[97.123s][debug][gc,phases      ] GC(17)     Dead                           Min: 0, Avg:  0.0, Max: 0, Diff: 0, Sum: 0, Workers: 4
[97.123s][debug][gc,phases      ] GC(17)     Total                          Min: 0, Avg: 10.0, Max: 40, Diff: 40, Sum: 40, Workers: 4
[97.123s][debug][gc,phases      ] GC(17)   JVMTI Tag Weak OopStorage      Min:  0.0, Avg:  0.0, Max:  0.0, Diff:  0.0, Sum:  0.0, Workers: 4
[97.123s][debug][gc,phases      ] GC(17)     Dead                           Min: 0, Avg:  0.0, Max: 0, Diff: 0, Sum: 0, Workers: 4
[97.123s][debug][gc,phases      ] GC(17)     Total                          Min: 0, Avg:  0.0, Max: 0, Diff: 0, Sum: 0, Workers: 4
[97.123s][debug][gc,phases      ] GC(17)   StringTable Weak               Min:  0.1, Avg:  0.2, Max:  0.3, Diff:  0.2, Sum:  0.8, Workers: 4
[97.123s][debug][gc,phases      ] GC(17)     Dead                           Min: 0, Avg:  0.0, Max: 0, Diff: 0, Sum: 0, Workers: 4
[97.123s][debug][gc,phases      ] GC(17)     Total                          Min: 5120, Avg: 10602.2, Max: 16768, Diff: 11648, Sum: 42409, Workers: 4
[97.123s][debug][gc,phases      ] GC(17)   ResolvedMethodTable Weak       Min:  0.0, Avg:  0.0, Max:  0.0, Diff:  0.0, Sum:  0.1, Workers: 4
[97.123s][debug][gc,phases      ] GC(17)     Dead                           Min: 0, Avg:  0.0, Max: 0, Diff: 0, Sum: 0, Workers: 4
[97.123s][debug][gc,phases      ] GC(17)     Total                          Min: 0, Avg: 2132.0, Max: 3520, Diff: 3520, Sum: 8528, Workers: 4
[97.123s][debug][gc,phases      ] GC(17)   JNI Weak                       Min:  0.0, Avg:  0.0, Max:  0.0, Diff:  0.0, Sum:  0.0, Workers: 4
[97.123s][debug][gc,phases      ] GC(17)     Dead                           Min: 0, Avg:  0.0, Max: 0, Diff: 0, Sum: 0, Workers: 4
[97.123s][debug][gc,phases      ] GC(17)     Total                          Min: 0, Avg: 15.2, Max: 56, Diff: 56, Sum: 61, Workers: 4
[97.123s][debug][gc,phases      ] GC(17)   StringDedup Table Weak         Min:  0.0, Avg:  0.0, Max:  0.0, Diff:  0.0, Sum:  0.0, Workers: 4
[97.123s][debug][gc,phases      ] GC(17)     Dead                           Min: 0, Avg:  0.0, Max: 0, Diff: 0, Sum: 0, Workers: 4
[97.123s][debug][gc,phases      ] GC(17)     Total                          Min: 0, Avg:  0.0, Max: 0, Diff: 0, Sum: 0, Workers: 4
[97.123s][debug][gc,phases      ] GC(17)   StringDedup Requests0 Weak     Min:  0.0, Avg:  0.0, Max:  0.0, Diff:  0.0, Sum:  0.0, Workers: 4
[97.123s][debug][gc,phases      ] GC(17)     Dead                           Min: 0, Avg:  0.0, Max: 0, Diff: 0, Sum: 0, Workers: 4
[97.123s][debug][gc,phases      ] GC(17)     Total                          Min: 0, Avg:  0.0, Max: 0, Diff: 0, Sum: 0, Workers: 4
[97.123s][debug][gc,phases      ] GC(17)   StringDedup Requests1 Weak     Min:  0.0, Avg:  0.0, Max:  0.0, Diff:  0.0, Sum:  0.0, Workers: 4
[97.123s][debug][gc,phases      ] GC(17)     Dead                           Min: 0, Avg:  0.0, Max: 0, Diff: 0, Sum: 0, Workers: 4
[97.123s][debug][gc,phases      ] GC(17)     Total                          Min: 0, Avg:  0.0, Max: 0, Diff: 0, Sum: 0, Workers: 4
[97.123s][debug][gc,phases      ] GC(17)   Weak JFR Old Object Samples    Min:  0.0, Avg:  0.0, Max:  0.0, Diff:  0.0, Sum:  0.0, Workers: 4
[97.123s][debug][gc,phases      ] GC(17)     Dead                           Min: 0, Avg:  0.0, Max: 0, Diff: 0, Sum: 0, Workers: 4
[97.123s][debug][gc,phases      ] GC(17)     Total                          Min: 0, Avg:  0.0, Max: 0, Diff: 0, Sum: 0, Workers: 4
[97.123s][debug][gc,phases      ] GC(17) Weak Processing 0.445ms
[97.123s][debug][gc,phases      ] GC(17) ClassLoaderData 0.101ms
[97.123s][debug][gc,phases      ] GC(17) Trigger cleanups 0.000ms
[97.141s][debug][gc,phases      ] GC(17) Class Unloading 18.064ms
[97.141s][info ][gc,phases      ] GC(17) Marking Phase 163.650ms
[97.141s][info ][gc,phases,start] GC(17) Summary Phase
[97.141s][info ][gc,phases      ] GC(17) Summary Phase 0.013ms
[97.141s][info ][gc,phases,start] GC(17) Adjust Roots
[97.161s][info ][gc,phases      ] GC(17) Adjust Roots 19.100ms
[97.161s][info ][gc,phases,start] GC(17) Compaction Phase
[97.661s][info ][gc,phases      ] GC(17) Compaction Phase 500.316ms
[97.661s][info ][gc,phases,start] GC(17) Post Compact
[97.664s][info ][gc,phases      ] GC(17) Post Compact 3.477ms
[97.665s][info ][gc,heap        ] GC(17) PSYoungGen: 346367K(1572864K)->283285K(1572864K) Eden: 0K(1048576K)->0K(1048576K) From: 346367K(524288K)->283285K(524288K)
[97.665s][info ][gc,heap        ] GC(17) ParOldGen: 164760K(190976K)->190498K(298496K)
[97.665s][info ][gc,metaspace   ] GC(17) Metaspace: 78418K(79360K)->78418K(79360K) NonClass: 67198K(67712K)->67198K(67712K) Class: 11219K(11648K)->11219K(11648K)
[97.665s][info ][gc             ] GC(17) Pause Full (Ergonomics) 499M->462M(1827M) 686.896ms
[97.665s][info ][gc,cpu         ] GC(17) User=2.46s Sys=0.06s Real=0.69s
[97.665s][info ][safepoint      ] Safepoint "ParallelGCFailedAllocation", Time since last: 100831190 ns, Reaching safepoint: 138203 ns, At safepoint: 842860277 ns, Total: 842998480 ns
[98.703s][info ][safepoint      ] Safepoint "Cleanup", Time since last: 1037563414 ns, Reaching safepoint: 139603 ns, At safepoint: 11200 ns, Total: 150803 ns
[99.703s][info ][safepoint      ] Safepoint "Cleanup", Time since last: 1000112515 ns, Reaching safepoint: 61002 ns, At safepoint: 5500 ns, Total: 66502 ns
[100.703s][info ][safepoint      ] Safepoint "Cleanup", Time since last: 1000132420 ns, Reaching safepoint: 64001 ns, At safepoint: 2600 ns, Total: 66601 ns
[101.703s][info ][safepoint      ] Safepoint "Cleanup", Time since last: 1000140767 ns, Reaching safepoint: 57901 ns, At safepoint: 3200 ns, Total: 61101 ns
[102.703s][info ][safepoint      ] Safepoint "Cleanup", Time since last: 1000109566 ns, Reaching safepoint: 49001 ns, At safepoint: 2500 ns, Total: 51501 ns
[103.704s][info ][safepoint      ] Safepoint "Cleanup", Time since last: 1000106966 ns, Reaching safepoint: 51201 ns, At safepoint: 2800 ns, Total: 54001 ns
[104.704s][info ][safepoint      ] Safepoint "Cleanup", Time since last: 1000108166 ns, Reaching safepoint: 44601 ns, At safepoint: 3000 ns, Total: 47601 ns
[105.704s][info ][safepoint      ] Safepoint "Cleanup", Time since last: 1000115766 ns, Reaching safepoint: 46201 ns, At safepoint: 3100 ns, Total: 49301 ns
[106.704s][info ][safepoint      ] Safepoint "Cleanup", Time since last: 1000177967 ns, Reaching safepoint: 101103 ns, At safepoint: 3200 ns, Total: 104303 ns
[107.704s][info ][safepoint      ] Safepoint "Cleanup", Time since last: 1000138266 ns, Reaching safepoint: 119503 ns, At safepoint: 3600 ns, Total: 123103 ns
[108.705s][info ][safepoint      ] Safepoint "Cleanup", Time since last: 1000117554 ns, Reaching safepoint: 60002 ns, At safepoint: 9400 ns, Total: 69402 ns
[109.705s][info ][safepoint      ] Safepoint "Cleanup", Time since last: 1000126143 ns, Reaching safepoint: 54901 ns, At safepoint: 2400 ns, Total: 57301 ns
[110.705s][info ][safepoint      ] Safepoint "Cleanup", Time since last: 1000110842 ns, Reaching safepoint: 63902 ns, At safepoint: 2800 ns, Total: 66702 ns
[111.705s][info ][safepoint      ] Safepoint "Cleanup", Time since last: 1000085842 ns, Reaching safepoint: 66401 ns, At safepoint: 2500 ns, Total: 68901 ns
[112.705s][info ][safepoint      ] Safepoint "Cleanup", Time since last: 1000109743 ns, Reaching safepoint: 51701 ns, At safepoint: 3700 ns, Total: 55401 ns
[113.705s][info ][safepoint      ] Safepoint "Cleanup", Time since last: 1000111642 ns, Reaching safepoint: 53202 ns, At safepoint: 2600 ns, Total: 55802 ns
[114.706s][info ][safepoint      ] Safepoint "Cleanup", Time since last: 1000127042 ns, Reaching safepoint: 57202 ns, At safepoint: 3100 ns, Total: 60302 ns
[115.706s][info ][safepoint      ] Safepoint "Cleanup", Time since last: 1000119542 ns, Reaching safepoint: 48901 ns, At safepoint: 4101 ns, Total: 53002 ns
[117.357s][info ][safepoint      ] Safepoint "Cleanup", Time since last: 1651418131 ns, Reaching safepoint: 89902 ns, At safepoint: 2500 ns, Total: 92402 ns
[118.531s][info ][safepoint      ] Safepoint "Cleanup", Time since last: 1174052897 ns, Reaching safepoint: 64202 ns, At safepoint: 7600 ns, Total: 71802 ns
[120.532s][info ][safepoint      ] Safepoint "Cleanup", Time since last: 2000164550 ns, Reaching safepoint: 54601 ns, At safepoint: 5201 ns, Total: 59802 ns
[122.532s][info ][safepoint      ] Safepoint "Cleanup", Time since last: 2000137849 ns, Reaching safepoint: 40301 ns, At safepoint: 3000 ns, Total: 43301 ns
[122.978s][info ][gc,start       ] GC(18) Pause Young (Allocation Failure)
[123.084s][debug][gc,phases      ] GC(18) Scavenge 106.000ms
[123.084s][debug][gc,ref         ] GC(18) Skipped phase 1 of Reference Processing: no references
[123.084s][debug][gc,ref         ] GC(18) ReferenceProcessor::execute queues: 2, RefProcThreadModel::Multi, marks_oops_alive: false
[123.084s][debug][gc,ref         ] GC(18) Skipped phase 3 of Reference Processing: no references
[123.084s][debug][gc,ref         ] GC(18) ReferenceProcessor::execute queues: 1, RefProcThreadModel::Single, marks_oops_alive: false
[123.084s][debug][gc,phases      ] GC(18) Reference Processing 0.222ms
[123.085s][debug][gc,phases      ] GC(18)   VM Weak                        Min:  0.0, Avg:  0.0, Max:  0.0, Diff:  0.0, Sum:  0.0, Workers: 4
[123.085s][debug][gc,phases      ] GC(18)     Dead                           Min: 0, Avg:  0.0, Max: 0, Diff: 0, Sum: 0, Workers: 4
[123.085s][debug][gc,phases      ] GC(18)     Total                          Min: 0, Avg: 192.2, Max: 512, Diff: 512, Sum: 769, Workers: 4
[123.085s][debug][gc,phases      ] GC(18)   ObjectSynchronizer Weak        Min:  0.0, Avg:  0.0, Max:  0.0, Diff:  0.0, Sum:  0.0, Workers: 4
[123.085s][debug][gc,phases      ] GC(18)     Dead                           Min: 0, Avg:  0.0, Max: 0, Diff: 0, Sum: 0, Workers: 4
[123.085s][debug][gc,phases      ] GC(18)     Total                          Min: 0, Avg: 10.0, Max: 40, Diff: 40, Sum: 40, Workers: 4
[123.085s][debug][gc,phases      ] GC(18)   JVMTI Tag Weak OopStorage      Min:  0.0, Avg:  0.0, Max:  0.0, Diff:  0.0, Sum:  0.0, Workers: 4
[123.085s][debug][gc,phases      ] GC(18)     Dead                           Min: 0, Avg:  0.0, Max: 0, Diff: 0, Sum: 0, Workers: 4
[123.085s][debug][gc,phases      ] GC(18)     Total                          Min: 0, Avg:  0.0, Max: 0, Diff: 0, Sum: 0, Workers: 4
[123.085s][debug][gc,phases      ] GC(18)   StringTable Weak               Min:  0.0, Avg:  0.2, Max:  0.2, Diff:  0.2, Sum:  0.7, Workers: 4
[123.085s][debug][gc,phases      ] GC(18)     Dead                           Min: 0, Avg:  0.2, Max: 1, Diff: 1, Sum: 1, Workers: 4
[123.085s][debug][gc,phases      ] GC(18)     Total                          Min: 0, Avg: 10611.2, Max: 16320, Diff: 16320, Sum: 42445, Workers: 4
[123.085s][debug][gc,phases      ] GC(18)   ResolvedMethodTable Weak       Min:  0.0, Avg:  0.1, Max:  0.1, Diff:  0.1, Sum:  0.2, Workers: 4
[123.085s][debug][gc,phases      ] GC(18)     Dead                           Min: 0, Avg:  0.0, Max: 0, Diff: 0, Sum: 0, Workers: 4
[123.085s][debug][gc,phases      ] GC(18)     Total                          Min: 0, Avg: 2142.5, Max: 3771, Diff: 3771, Sum: 8570, Workers: 4
[123.085s][debug][gc,phases      ] GC(18)   JNI Weak                       Min:  0.0, Avg:  0.0, Max:  0.0, Diff:  0.0, Sum:  0.0, Workers: 4
[123.085s][debug][gc,phases      ] GC(18)     Dead                           Min: 0, Avg:  0.0, Max: 0, Diff: 0, Sum: 0, Workers: 4
[123.085s][debug][gc,phases      ] GC(18)     Total                          Min: 0, Avg: 11.2, Max: 45, Diff: 45, Sum: 45, Workers: 4
[123.085s][debug][gc,phases      ] GC(18)   StringDedup Table Weak         Min:  0.0, Avg:  0.0, Max:  0.0, Diff:  0.0, Sum:  0.0, Workers: 4
[123.085s][debug][gc,phases      ] GC(18)     Dead                           Min: 0, Avg:  0.0, Max: 0, Diff: 0, Sum: 0, Workers: 4
[123.085s][debug][gc,phases      ] GC(18)     Total                          Min: 0, Avg:  0.0, Max: 0, Diff: 0, Sum: 0, Workers: 4
[123.085s][debug][gc,phases      ] GC(18)   StringDedup Requests0 Weak     Min:  0.0, Avg:  0.0, Max:  0.0, Diff:  0.0, Sum:  0.0, Workers: 4
[123.085s][debug][gc,phases      ] GC(18)     Dead                           Min: 0, Avg:  0.0, Max: 0, Diff: 0, Sum: 0, Workers: 4
[123.085s][debug][gc,phases      ] GC(18)     Total                          Min: 0, Avg:  0.0, Max: 0, Diff: 0, Sum: 0, Workers: 4
[123.085s][debug][gc,phases      ] GC(18)   StringDedup Requests1 Weak     Min:  0.0, Avg:  0.0, Max:  0.0, Diff:  0.0, Sum:  0.0, Workers: 4
[123.085s][debug][gc,phases      ] GC(18)     Dead                           Min: 0, Avg:  0.0, Max: 0, Diff: 0, Sum: 0, Workers: 4
[123.085s][debug][gc,phases      ] GC(18)     Total                          Min: 0, Avg:  0.0, Max: 0, Diff: 0, Sum: 0, Workers: 4
[123.085s][debug][gc,phases      ] GC(18)   Weak JFR Old Object Samples    Min:  0.0, Avg:  0.0, Max:  0.0, Diff:  0.0, Sum:  0.0, Workers: 4
[123.085s][debug][gc,phases      ] GC(18)     Dead                           Min: 0, Avg:  0.0, Max: 0, Diff: 0, Sum: 0, Workers: 4
[123.085s][debug][gc,phases      ] GC(18)     Total                          Min: 0, Avg:  0.0, Max: 0, Diff: 0, Sum: 0, Workers: 4
[123.085s][debug][gc,phases      ] GC(18) Weak Processing 0.499ms
[123.085s][debug][gc,age         ] GC(18) Desired survivor size 536870912 bytes, new threshold 8 (max threshold 15)
[123.085s][info ][gc,heap        ] GC(18) PSYoungGen: 1331861K(1572864K)->170459K(1572864K) Eden: 1048576K(1048576K)->0K(1048576K) From: 283285K(524288K)->170459K(524288K)
[123.085s][info ][gc,heap        ] GC(18) ParOldGen: 190498K(298496K)->287078K(298496K)
[123.085s][info ][gc,metaspace   ] GC(18) Metaspace: 78500K(79488K)->78500K(79488K) NonClass: 67265K(67776K)->67265K(67776K) Class: 11235K(11712K)->11235K(11712K)
[123.085s][info ][gc             ] GC(18) Pause Young (Allocation Failure) 1486M->446M(1827M) 106.866ms
[123.085s][info ][gc,cpu         ] GC(18) User=0.33s Sys=0.08s Real=0.11s
[123.085s][debug][gc,phases      ] GC(19) Pre Compact 0.010ms
[123.085s][info ][gc,start       ] GC(19) Pause Full (Ergonomics)
[123.085s][info ][gc,phases,start] GC(19) Marking Phase
[123.211s][debug][gc,phases      ] GC(19) Par Mark 126.030ms
[123.211s][debug][gc,ref         ] GC(19) Skipped phase 1 of Reference Processing: no references
[123.211s][debug][gc,ref         ] GC(19) ReferenceProcessor::execute queues: 4, RefProcThreadModel::Multi, marks_oops_alive: false
[123.212s][debug][gc,ref         ] GC(19) Skipped phase 3 of Reference Processing: no references
[123.212s][debug][gc,ref         ] GC(19) ReferenceProcessor::execute queues: 1, RefProcThreadModel::Single, marks_oops_alive: false
[123.212s][debug][gc,phases      ] GC(19) Reference Processing 0.609ms
[123.212s][debug][gc,phases      ] GC(19)   VM Weak                        Min:  0.0, Avg:  0.0, Max:  0.0, Diff:  0.0, Sum:  0.0, Workers: 4
[123.212s][debug][gc,phases      ] GC(19)     Dead                           Min: 0, Avg:  0.0, Max: 0, Diff: 0, Sum: 0, Workers: 4
[123.212s][debug][gc,phases      ] GC(19)     Total                          Min: 0, Avg: 192.2, Max: 385, Diff: 385, Sum: 769, Workers: 4
[123.212s][debug][gc,phases      ] GC(19)   ObjectSynchronizer Weak        Min:  0.0, Avg:  0.0, Max:  0.0, Diff:  0.0, Sum:  0.0, Workers: 4
[123.212s][debug][gc,phases      ] GC(19)     Dead                           Min: 0, Avg:  0.0, Max: 0, Diff: 0, Sum: 0, Workers: 4
[123.212s][debug][gc,phases      ] GC(19)     Total                          Min: 0, Avg: 10.0, Max: 40, Diff: 40, Sum: 40, Workers: 4
[123.212s][debug][gc,phases      ] GC(19)   JVMTI Tag Weak OopStorage      Min:  0.0, Avg:  0.0, Max:  0.0, Diff:  0.0, Sum:  0.0, Workers: 4
[123.212s][debug][gc,phases      ] GC(19)     Dead                           Min: 0, Avg:  0.0, Max: 0, Diff: 0, Sum: 0, Workers: 4
[123.212s][debug][gc,phases      ] GC(19)     Total                          Min: 0, Avg:  0.0, Max: 0, Diff: 0, Sum: 0, Workers: 4
[123.212s][debug][gc,phases      ] GC(19)   StringTable Weak               Min:  0.0, Avg:  0.1, Max:  0.2, Diff:  0.2, Sum:  0.6, Workers: 4
[123.212s][debug][gc,phases      ] GC(19)     Dead                           Min: 0, Avg:  0.0, Max: 0, Diff: 0, Sum: 0, Workers: 4
[123.212s][debug][gc,phases      ] GC(19)     Total                          Min: 0, Avg: 10611.2, Max: 16256, Diff: 16256, Sum: 42445, Workers: 4
[123.212s][debug][gc,phases      ] GC(19)   ResolvedMethodTable Weak       Min:  0.0, Avg:  0.0, Max:  0.0, Diff:  0.0, Sum:  0.1, Workers: 4
[123.212s][debug][gc,phases      ] GC(19)     Dead                           Min: 0, Avg:  0.0, Max: 0, Diff: 0, Sum: 0, Workers: 4
[123.212s][debug][gc,phases      ] GC(19)     Total                          Min: 0, Avg: 2142.5, Max: 3707, Diff: 3707, Sum: 8570, Workers: 4
[123.212s][debug][gc,phases      ] GC(19)   JNI Weak                       Min:  0.0, Avg:  0.0, Max:  0.0, Diff:  0.0, Sum:  0.0, Workers: 4
[123.212s][debug][gc,phases      ] GC(19)     Dead                           Min: 0, Avg:  0.0, Max: 0, Diff: 0, Sum: 0, Workers: 4
[123.212s][debug][gc,phases      ] GC(19)     Total                          Min: 0, Avg: 11.2, Max: 45, Diff: 45, Sum: 45, Workers: 4
[123.212s][debug][gc,phases      ] GC(19)   StringDedup Table Weak         Min:  0.0, Avg:  0.0, Max:  0.0, Diff:  0.0, Sum:  0.0, Workers: 4
[123.212s][debug][gc,phases      ] GC(19)     Dead                           Min: 0, Avg:  0.0, Max: 0, Diff: 0, Sum: 0, Workers: 4
[123.212s][debug][gc,phases      ] GC(19)     Total                          Min: 0, Avg:  0.0, Max: 0, Diff: 0, Sum: 0, Workers: 4
[123.212s][debug][gc,phases      ] GC(19)   StringDedup Requests0 Weak     Min:  0.0, Avg:  0.0, Max:  0.0, Diff:  0.0, Sum:  0.0, Workers: 4
[123.212s][debug][gc,phases      ] GC(19)     Dead                           Min: 0, Avg:  0.0, Max: 0, Diff: 0, Sum: 0, Workers: 4
[123.212s][debug][gc,phases      ] GC(19)     Total                          Min: 0, Avg:  0.0, Max: 0, Diff: 0, Sum: 0, Workers: 4
[123.212s][debug][gc,phases      ] GC(19)   StringDedup Requests1 Weak     Min:  0.0, Avg:  0.0, Max:  0.0, Diff:  0.0, Sum:  0.0, Workers: 4
[123.212s][debug][gc,phases      ] GC(19)     Dead                           Min: 0, Avg:  0.0, Max: 0, Diff: 0, Sum: 0, Workers: 4
[123.212s][debug][gc,phases      ] GC(19)     Total                          Min: 0, Avg:  0.0, Max: 0, Diff: 0, Sum: 0, Workers: 4
[123.212s][debug][gc,phases      ] GC(19)   Weak JFR Old Object Samples    Min:  0.0, Avg:  0.0, Max:  0.0, Diff:  0.0, Sum:  0.0, Workers: 4
[123.212s][debug][gc,phases      ] GC(19)     Dead                           Min: 0, Avg:  0.0, Max: 0, Diff: 0, Sum: 0, Workers: 4
[123.212s][debug][gc,phases      ] GC(19)     Total                          Min: 0, Avg:  0.0, Max: 0, Diff: 0, Sum: 0, Workers: 4
[123.212s][debug][gc,phases      ] GC(19) Weak Processing 0.444ms
[123.212s][debug][gc,phases      ] GC(19) ClassLoaderData 0.103ms
[123.212s][debug][gc,phases      ] GC(19) Trigger cleanups 0.000ms
[123.230s][debug][gc,phases      ] GC(19) Class Unloading 17.572ms
[123.230s][info ][gc,phases      ] GC(19) Marking Phase 144.889ms
[123.230s][info ][gc,phases,start] GC(19) Summary Phase
[123.230s][info ][gc,phases      ] GC(19) Summary Phase 0.012ms
[123.230s][info ][gc,phases,start] GC(19) Adjust Roots
[123.244s][info ][gc,phases      ] GC(19) Adjust Roots 14.412ms
[123.244s][info ][gc,phases,start] GC(19) Compaction Phase
[123.463s][info ][gc,phases      ] GC(19) Compaction Phase 218.696ms
[123.463s][info ][gc,phases,start] GC(19) Post Compact
[123.465s][info ][gc,phases      ] GC(19) Post Compact 1.693ms
[123.465s][info ][gc,heap        ] GC(19) PSYoungGen: 170459K(1572864K)->145390K(1572864K) Eden: 0K(1048576K)->0K(1048576K) From: 170459K(524288K)->145390K(524288K)
[123.465s][info ][gc,heap        ] GC(19) ParOldGen: 287078K(298496K)->298015K(451072K)
[123.465s][info ][gc,metaspace   ] GC(19) Metaspace: 78500K(79488K)->78500K(79488K) NonClass: 67265K(67776K)->67265K(67776K) Class: 11235K(11712K)->11235K(11712K)
[123.465s][info ][gc             ] GC(19) Pause Full (Ergonomics) 446M->433M(1976M) 380.120ms
[123.465s][info ][gc,cpu         ] GC(19) User=1.35s Sys=0.01s Real=0.38s
[123.465s][info ][safepoint      ] Safepoint "ParallelGCFailedAllocation", Time since last: 445916298 ns, Reaching safepoint: 36701 ns, At safepoint: 487129404 ns, Total: 487166105 ns
[124.465s][info ][safepoint      ] Safepoint "Cleanup", Time since last: 1000096374 ns, Reaching safepoint: 57901 ns, At safepoint: 2500 ns, Total: 60401 ns
[125.465s][info ][safepoint      ] Safepoint "Cleanup", Time since last: 1000126460 ns, Reaching safepoint: 54901 ns, At safepoint: 3000 ns, Total: 57901 ns
[126.465s][info ][safepoint      ] Safepoint "Cleanup", Time since last: 1000102559 ns, Reaching safepoint: 71501 ns, At safepoint: 3400 ns, Total: 74901 ns
[127.466s][info ][safepoint      ] Safepoint "Cleanup", Time since last: 1000151760 ns, Reaching safepoint: 64802 ns, At safepoint: 3300 ns, Total: 68102 ns
[129.466s][info ][safepoint      ] Safepoint "Cleanup", Time since last: 2000158216 ns, Reaching safepoint: 41301 ns, At safepoint: 11600 ns, Total: 52901 ns
[131.466s][info ][safepoint      ] Safepoint "Cleanup", Time since last: 2000189118 ns, Reaching safepoint: 59401 ns, At safepoint: 5500 ns, Total: 64901 ns
[132.466s][info ][safepoint      ] Safepoint "Cleanup", Time since last: 1000144577 ns, Reaching safepoint: 50001 ns, At safepoint: 2900 ns, Total: 52901 ns
[134.467s][info ][safepoint      ] Safepoint "Cleanup", Time since last: 2000173080 ns, Reaching safepoint: 54301 ns, At safepoint: 11300 ns, Total: 65601 ns
[135.467s][info ][safepoint      ] Safepoint "Cleanup", Time since last: 1000114891 ns, Reaching safepoint: 62801 ns, At safepoint: 3700 ns, Total: 66501 ns
[136.467s][info ][safepoint      ] Safepoint "Cleanup", Time since last: 1000110591 ns, Reaching safepoint: 53401 ns, At safepoint: 2600 ns, Total: 56001 ns
[137.467s][info ][safepoint      ] Safepoint "Cleanup", Time since last: 1000122791 ns, Reaching safepoint: 48501 ns, At safepoint: 14400 ns, Total: 62901 ns
[138.467s][info ][safepoint      ] Safepoint "Cleanup", Time since last: 1000098790 ns, Reaching safepoint: 58902 ns, At safepoint: 2300 ns, Total: 61202 ns
[139.467s][info ][safepoint      ] Safepoint "Cleanup", Time since last: 1000076489 ns, Reaching safepoint: 42401 ns, At safepoint: 2600 ns, Total: 45001 ns
[140.468s][info ][safepoint      ] Safepoint "Cleanup", Time since last: 1000114872 ns, Reaching safepoint: 58001 ns, At safepoint: 3300 ns, Total: 61301 ns
[142.468s][info ][safepoint      ] Safepoint "Cleanup", Time since last: 2000241968 ns, Reaching safepoint: 66601 ns, At safepoint: 3900 ns, Total: 70501 ns
[143.468s][info ][safepoint      ] Safepoint "Cleanup", Time since last: 1000124634 ns, Reaching safepoint: 64501 ns, At safepoint: 5200 ns, Total: 69701 ns
[144.468s][info ][safepoint      ] Safepoint "Cleanup", Time since last: 1000113034 ns, Reaching safepoint: 67901 ns, At safepoint: 4900 ns, Total: 72801 ns
[145.468s][info ][safepoint      ] Safepoint "Cleanup", Time since last: 1000113534 ns, Reaching safepoint: 51901 ns, At safepoint: 2900 ns, Total: 54801 ns
[146.469s][info ][safepoint      ] Safepoint "Cleanup", Time since last: 1000118834 ns, Reaching safepoint: 52701 ns, At safepoint: 2900 ns, Total: 55601 ns
[147.469s][info ][safepoint      ] Safepoint "Cleanup", Time since last: 1000126134 ns, Reaching safepoint: 51701 ns, At safepoint: 3200 ns, Total: 54901 ns
[148.469s][info ][safepoint      ] Safepoint "Cleanup", Time since last: 1000108822 ns, Reaching safepoint: 60901 ns, At safepoint: 3000 ns, Total: 63901 ns
[149.469s][info ][safepoint      ] Safepoint "Cleanup", Time since last: 1000104676 ns, Reaching safepoint: 57101 ns, At safepoint: 2600 ns, Total: 59701 ns
[150.469s][info ][safepoint      ] Safepoint "Cleanup", Time since last: 1000107277 ns, Reaching safepoint: 49501 ns, At safepoint: 2800 ns, Total: 52301 ns
[151.469s][info ][safepoint      ] Safepoint "Cleanup", Time since last: 1000126776 ns, Reaching safepoint: 64802 ns, At safepoint: 3200 ns, Total: 68002 ns
[152.470s][info ][safepoint      ] Safepoint "Cleanup", Time since last: 1000142577 ns, Reaching safepoint: 87802 ns, At safepoint: 2500 ns, Total: 90302 ns
[154.470s][info ][safepoint      ] Safepoint "Cleanup", Time since last: 2000190052 ns, Reaching safepoint: 126702 ns, At safepoint: 5200 ns, Total: 131902 ns
[155.470s][info ][safepoint      ] Safepoint "Cleanup", Time since last: 1000124877 ns, Reaching safepoint: 111202 ns, At safepoint: 6801 ns, Total: 118003 ns
[156.471s][info ][safepoint      ] Safepoint "Cleanup", Time since last: 1000114666 ns, Reaching safepoint: 146003 ns, At safepoint: 81202 ns, Total: 227205 ns
[158.471s][info ][safepoint      ] Safepoint "Cleanup", Time since last: 2000210686 ns, Reaching safepoint: 118002 ns, At safepoint: 4900 ns, Total: 122902 ns
[159.471s][info ][safepoint      ] Safepoint "Cleanup", Time since last: 1000123794 ns, Reaching safepoint: 140703 ns, At safepoint: 6600 ns, Total: 147303 ns
[159.474s][info ][gc,start       ] GC(20) Pause Young (Allocation Failure)
[159.553s][debug][gc,phases      ] GC(20) Scavenge 78.688ms
[159.553s][debug][gc,ref         ] GC(20) Skipped phase 1 of Reference Processing: no references
[159.553s][debug][gc,ref         ] GC(20) ReferenceProcessor::execute queues: 1, RefProcThreadModel::Single, marks_oops_alive: false
[159.553s][debug][gc,ref         ] GC(20) Skipped phase 3 of Reference Processing: no references
[159.553s][debug][gc,ref         ] GC(20) ReferenceProcessor::execute queues: 1, RefProcThreadModel::Single, marks_oops_alive: false
[159.553s][debug][gc,phases      ] GC(20) Reference Processing 0.124ms
[159.553s][debug][gc,phases      ] GC(20)   VM Weak                        Min:  0.0, Avg:  0.0, Max:  0.0, Diff:  0.0, Sum:  0.0, Workers: 4
[159.553s][debug][gc,phases      ] GC(20)     Dead                           Min: 0, Avg:  0.0, Max: 0, Diff: 0, Sum: 0, Workers: 4
[159.553s][debug][gc,phases      ] GC(20)     Total                          Min: 0, Avg: 192.2, Max: 384, Diff: 384, Sum: 769, Workers: 4
[159.553s][debug][gc,phases      ] GC(20)   ObjectSynchronizer Weak        Min:  0.0, Avg:  0.0, Max:  0.0, Diff:  0.0, Sum:  0.0, Workers: 4
[159.553s][debug][gc,phases      ] GC(20)     Dead                           Min: 0, Avg:  0.0, Max: 0, Diff: 0, Sum: 0, Workers: 4
[159.553s][debug][gc,phases      ] GC(20)     Total                          Min: 0, Avg: 10.0, Max: 40, Diff: 40, Sum: 40, Workers: 4
[159.553s][debug][gc,phases      ] GC(20)   JVMTI Tag Weak OopStorage      Min:  0.0, Avg:  0.0, Max:  0.0, Diff:  0.0, Sum:  0.0, Workers: 4
[159.553s][debug][gc,phases      ] GC(20)     Dead                           Min: 0, Avg:  0.0, Max: 0, Diff: 0, Sum: 0, Workers: 4
[159.553s][debug][gc,phases      ] GC(20)     Total                          Min: 0, Avg:  0.0, Max: 0, Diff: 0, Sum: 0, Workers: 4
[159.553s][debug][gc,phases      ] GC(20)   StringTable Weak               Min:  0.1, Avg:  0.1, Max:  0.1, Diff:  0.0, Sum:  0.5, Workers: 4
[159.553s][debug][gc,phases      ] GC(20)     Dead                           Min: 0, Avg:  0.0, Max: 0, Diff: 0, Sum: 0, Workers: 4
[159.553s][debug][gc,phases      ] GC(20)     Total                          Min: 9344, Avg: 10616.8, Max: 11520, Diff: 2176, Sum: 42467, Workers: 4
[159.553s][debug][gc,phases      ] GC(20)   ResolvedMethodTable Weak       Min:  0.0, Avg:  0.0, Max:  0.0, Diff:  0.0, Sum:  0.1, Workers: 4
[159.553s][debug][gc,phases      ] GC(20)     Dead                           Min: 0, Avg:  0.0, Max: 0, Diff: 0, Sum: 0, Workers: 4
[159.553s][debug][gc,phases      ] GC(20)     Total                          Min: 960, Avg: 2144.0, Max: 2752, Diff: 1792, Sum: 8576, Workers: 4
[159.553s][debug][gc,phases      ] GC(20)   JNI Weak                       Min:  0.0, Avg:  0.0, Max:  0.0, Diff:  0.0, Sum:  0.0, Workers: 4
[159.553s][debug][gc,phases      ] GC(20)     Dead                           Min: 0, Avg:  0.0, Max: 0, Diff: 0, Sum: 0, Workers: 4
[159.553s][debug][gc,phases      ] GC(20)     Total                          Min: 0, Avg: 11.2, Max: 45, Diff: 45, Sum: 45, Workers: 4
[159.553s][debug][gc,phases      ] GC(20)   StringDedup Table Weak         Min:  0.0, Avg:  0.0, Max:  0.0, Diff:  0.0, Sum:  0.0, Workers: 4
[159.553s][debug][gc,phases      ] GC(20)     Dead                           Min: 0, Avg:  0.0, Max: 0, Diff: 0, Sum: 0, Workers: 4
[159.553s][debug][gc,phases      ] GC(20)     Total                          Min: 0, Avg:  0.0, Max: 0, Diff: 0, Sum: 0, Workers: 4
[159.553s][debug][gc,phases      ] GC(20)   StringDedup Requests0 Weak     Min:  0.0, Avg:  0.0, Max:  0.0, Diff:  0.0, Sum:  0.0, Workers: 4
[159.553s][debug][gc,phases      ] GC(20)     Dead                           Min: 0, Avg:  0.0, Max: 0, Diff: 0, Sum: 0, Workers: 4
[159.553s][debug][gc,phases      ] GC(20)     Total                          Min: 0, Avg:  0.0, Max: 0, Diff: 0, Sum: 0, Workers: 4
[159.553s][debug][gc,phases      ] GC(20)   StringDedup Requests1 Weak     Min:  0.0, Avg:  0.0, Max:  0.0, Diff:  0.0, Sum:  0.0, Workers: 4
[159.553s][debug][gc,phases      ] GC(20)     Dead                           Min: 0, Avg:  0.0, Max: 0, Diff: 0, Sum: 0, Workers: 4
[159.553s][debug][gc,phases      ] GC(20)     Total                          Min: 0, Avg:  0.0, Max: 0, Diff: 0, Sum: 0, Workers: 4
[159.553s][debug][gc,phases      ] GC(20)   Weak JFR Old Object Samples    Min:  0.0, Avg:  0.0, Max:  0.0, Diff:  0.0, Sum:  0.0, Workers: 4
[159.553s][debug][gc,phases      ] GC(20)     Dead                           Min: 0, Avg:  0.0, Max: 0, Diff: 0, Sum: 0, Workers: 4
[159.553s][debug][gc,phases      ] GC(20)     Total                          Min: 0, Avg:  0.0, Max: 0, Diff: 0, Sum: 0, Workers: 4
[159.553s][debug][gc,phases      ] GC(20) Weak Processing 0.352ms
[159.553s][debug][gc,age         ] GC(20) Desired survivor size 536870912 bytes, new threshold 7 (max threshold 15)
[159.553s][info ][gc,heap        ] GC(20) PSYoungGen: 1193966K(1572864K)->104736K(1572864K) Eden: 1048576K(1048576K)->0K(1048576K) From: 145390K(524288K)->104736K(524288K)
[159.553s][info ][gc,heap        ] GC(20) ParOldGen: 298015K(451072K)->347209K(451072K)
[159.553s][info ][gc,metaspace   ] GC(20) Metaspace: 78574K(79552K)->78574K(79552K) NonClass: 67336K(67840K)->67336K(67840K) Class: 11237K(11712K)->11237K(11712K)
[159.553s][info ][gc             ] GC(20) Pause Young (Allocation Failure) 1457M->441M(1976M) 79.288ms
[159.553s][info ][gc,cpu         ] GC(20) User=0.26s Sys=0.03s Real=0.08s
[159.553s][info ][safepoint      ] Safepoint "ParallelGCFailedAllocation", Time since last: 2770856 ns, Reaching safepoint: 109102 ns, At safepoint: 79363603 ns, Total: 79472705 ns
[160.554s][info ][safepoint      ] Safepoint "Cleanup", Time since last: 1000110793 ns, Reaching safepoint: 72501 ns, At safepoint: 5400 ns, Total: 77901 ns
[161.554s][info ][safepoint      ] Safepoint "Cleanup", Time since last: 1000139894 ns, Reaching safepoint: 65502 ns, At safepoint: 2600 ns, Total: 68102 ns
[162.730s][info ][safepoint      ] Safepoint "Cleanup", Time since last: 1175701553 ns, Reaching safepoint: 76201 ns, At safepoint: 3000 ns, Total: 79201 ns
[163.730s][info ][safepoint      ] Safepoint "Cleanup", Time since last: 1000108713 ns, Reaching safepoint: 67801 ns, At safepoint: 2700 ns, Total: 70501 ns
[164.730s][info ][safepoint      ] Safepoint "Cleanup", Time since last: 1000113606 ns, Reaching safepoint: 75401 ns, At safepoint: 2501 ns, Total: 77902 ns
[165.730s][info ][safepoint      ] Safepoint "Cleanup", Time since last: 1000118134 ns, Reaching safepoint: 50401 ns, At safepoint: 4000 ns, Total: 54401 ns
[166.730s][info ][safepoint      ] Safepoint "Cleanup", Time since last: 1000071733 ns, Reaching safepoint: 75201 ns, At safepoint: 2700 ns, Total: 77901 ns
[167.730s][info ][safepoint      ] Safepoint "Cleanup", Time since last: 1000096534 ns, Reaching safepoint: 60601 ns, At safepoint: 5300 ns, Total: 65901 ns
[169.559s][info ][safepoint      ] Safepoint "Cleanup", Time since last: 1828752699 ns, Reaching safepoint: 109502 ns, At safepoint: 6100 ns, Total: 115602 ns
[170.560s][info ][safepoint      ] Safepoint "Cleanup", Time since last: 1000094623 ns, Reaching safepoint: 81602 ns, At safepoint: 2800 ns, Total: 84402 ns
[171.560s][info ][safepoint      ] Safepoint "Cleanup", Time since last: 1000082030 ns, Reaching safepoint: 67601 ns, At safepoint: 2900 ns, Total: 70501 ns
[172.560s][info ][safepoint      ] Safepoint "Cleanup", Time since last: 1000126556 ns, Reaching safepoint: 47501 ns, At safepoint: 2800 ns, Total: 50301 ns
[173.560s][info ][safepoint      ] Safepoint "Cleanup", Time since last: 1000115918 ns, Reaching safepoint: 65001 ns, At safepoint: 2600 ns, Total: 67601 ns
[174.560s][info ][safepoint      ] Safepoint "Cleanup", Time since last: 1000118218 ns, Reaching safepoint: 60602 ns, At safepoint: 3400 ns, Total: 64002 ns
[176.560s][info ][safepoint      ] Safepoint "Cleanup", Time since last: 2000183535 ns, Reaching safepoint: 71901 ns, At safepoint: 2900 ns, Total: 74801 ns
[177.561s][info ][safepoint      ] Safepoint "Cleanup", Time since last: 1000125218 ns, Reaching safepoint: 68502 ns, At safepoint: 3000 ns, Total: 71502 ns
[178.561s][info ][safepoint      ] Safepoint "Cleanup", Time since last: 1000116418 ns, Reaching safepoint: 63001 ns, At safepoint: 2400 ns, Total: 65401 ns
[179.561s][info ][safepoint      ] Safepoint "Cleanup", Time since last: 1000123318 ns, Reaching safepoint: 68502 ns, At safepoint: 2800 ns, Total: 71302 ns
[180.561s][info ][safepoint      ] Safepoint "Cleanup", Time since last: 1000133215 ns, Reaching safepoint: 64802 ns, At safepoint: 6000 ns, Total: 70802 ns
[181.561s][info ][safepoint      ] Safepoint "Cleanup", Time since last: 1000121184 ns, Reaching safepoint: 53801 ns, At safepoint: 2800 ns, Total: 56601 ns
[183.562s][info ][safepoint      ] Safepoint "Cleanup", Time since last: 2000179967 ns, Reaching safepoint: 49401 ns, At safepoint: 2600 ns, Total: 52001 ns
[184.562s][info ][safepoint      ] Safepoint "Cleanup", Time since last: 1000116184 ns, Reaching safepoint: 65001 ns, At safepoint: 7300 ns, Total: 72301 ns
[186.562s][info ][safepoint      ] Safepoint "Cleanup", Time since last: 2000213168 ns, Reaching safepoint: 48001 ns, At safepoint: 3100 ns, Total: 51101 ns
[187.562s][info ][safepoint      ] Safepoint "Cleanup", Time since last: 1000119255 ns, Reaching safepoint: 56401 ns, At safepoint: 35601 ns, Total: 92002 ns
[189.563s][info ][safepoint      ] Safepoint "Cleanup", Time since last: 2000168922 ns, Reaching safepoint: 73902 ns, At safepoint: 3900 ns, Total: 77802 ns
[190.123s][info ][gc,start       ] GC(21) Pause Young (Allocation Failure)
[190.163s][debug][gc,phases      ] GC(21) Scavenge 40.430ms
[190.163s][debug][gc,ref         ] GC(21) Skipped phase 1 of Reference Processing: no references
[190.163s][debug][gc,ref         ] GC(21) ReferenceProcessor::execute queues: 1, RefProcThreadModel::Single, marks_oops_alive: false
[190.163s][debug][gc,ref         ] GC(21) Skipped phase 3 of Reference Processing: no references
[190.163s][debug][gc,ref         ] GC(21) ReferenceProcessor::execute queues: 1, RefProcThreadModel::Single, marks_oops_alive: false
[190.163s][debug][gc,phases      ] GC(21) Reference Processing 0.123ms
[190.164s][debug][gc,phases      ] GC(21)   VM Weak                        Min:  0.0, Avg:  0.0, Max:  0.0, Diff:  0.0, Sum:  0.0, Workers: 4
[190.164s][debug][gc,phases      ] GC(21)     Dead                           Min: 0, Avg:  0.0, Max: 0, Diff: 0, Sum: 0, Workers: 4
[190.164s][debug][gc,phases      ] GC(21)     Total                          Min: 0, Avg: 194.5, Max: 394, Diff: 394, Sum: 778, Workers: 4
[190.164s][debug][gc,phases      ] GC(21)   ObjectSynchronizer Weak        Min:  0.0, Avg:  0.0, Max:  0.0, Diff:  0.0, Sum:  0.0, Workers: 4
[190.164s][debug][gc,phases      ] GC(21)     Dead                           Min: 0, Avg:  0.0, Max: 0, Diff: 0, Sum: 0, Workers: 4
[190.164s][debug][gc,phases      ] GC(21)     Total                          Min: 0, Avg: 10.0, Max: 40, Diff: 40, Sum: 40, Workers: 4
[190.164s][debug][gc,phases      ] GC(21)   JVMTI Tag Weak OopStorage      Min:  0.0, Avg:  0.0, Max:  0.0, Diff:  0.0, Sum:  0.0, Workers: 4
[190.164s][debug][gc,phases      ] GC(21)     Dead                           Min: 0, Avg:  0.0, Max: 0, Diff: 0, Sum: 0, Workers: 4
[190.164s][debug][gc,phases      ] GC(21)     Total                          Min: 0, Avg:  0.0, Max: 0, Diff: 0, Sum: 0, Workers: 4
[190.164s][debug][gc,phases      ] GC(21)   StringTable Weak               Min:  0.0, Avg:  0.1, Max:  0.2, Diff:  0.2, Sum:  0.4, Workers: 4
[190.164s][debug][gc,phases      ] GC(21)     Dead                           Min: 0, Avg:  0.2, Max: 1, Diff: 1, Sum: 1, Workers: 4
[190.164s][debug][gc,phases      ] GC(21)     Total                          Min: 0, Avg: 10637.2, Max: 14400, Diff: 14400, Sum: 42549, Workers: 4
[190.164s][debug][gc,phases      ] GC(21)   ResolvedMethodTable Weak       Min:  0.0, Avg:  0.0, Max:  0.0, Diff:  0.0, Sum:  0.1, Workers: 4
[190.164s][debug][gc,phases      ] GC(21)     Dead                           Min: 0, Avg:  0.0, Max: 0, Diff: 0, Sum: 0, Workers: 4
[190.164s][debug][gc,phases      ] GC(21)     Total                          Min: 0, Avg: 2155.5, Max: 3246, Diff: 3246, Sum: 8622, Workers: 4
[190.164s][debug][gc,phases      ] GC(21)   JNI Weak                       Min:  0.0, Avg:  0.0, Max:  0.0, Diff:  0.0, Sum:  0.0, Workers: 4
[190.164s][debug][gc,phases      ] GC(21)     Dead                           Min: 0, Avg:  0.0, Max: 0, Diff: 0, Sum: 0, Workers: 4
[190.164s][debug][gc,phases      ] GC(21)     Total                          Min: 0, Avg: 11.2, Max: 45, Diff: 45, Sum: 45, Workers: 4
[190.164s][debug][gc,phases      ] GC(21)   StringDedup Table Weak         Min:  0.0, Avg:  0.0, Max:  0.0, Diff:  0.0, Sum:  0.0, Workers: 4
[190.164s][debug][gc,phases      ] GC(21)     Dead                           Min: 0, Avg:  0.0, Max: 0, Diff: 0, Sum: 0, Workers: 4
[190.164s][debug][gc,phases      ] GC(21)     Total                          Min: 0, Avg:  0.0, Max: 0, Diff: 0, Sum: 0, Workers: 4
[190.164s][debug][gc,phases      ] GC(21)   StringDedup Requests0 Weak     Min:  0.0, Avg:  0.0, Max:  0.0, Diff:  0.0, Sum:  0.0, Workers: 4
[190.164s][debug][gc,phases      ] GC(21)     Dead                           Min: 0, Avg:  0.0, Max: 0, Diff: 0, Sum: 0, Workers: 4
[190.164s][debug][gc,phases      ] GC(21)     Total                          Min: 0, Avg:  0.0, Max: 0, Diff: 0, Sum: 0, Workers: 4
[190.164s][debug][gc,phases      ] GC(21)   StringDedup Requests1 Weak     Min:  0.0, Avg:  0.0, Max:  0.0, Diff:  0.0, Sum:  0.0, Workers: 4
[190.164s][debug][gc,phases      ] GC(21)     Dead                           Min: 0, Avg:  0.0, Max: 0, Diff: 0, Sum: 0, Workers: 4
[190.164s][debug][gc,phases      ] GC(21)     Total                          Min: 0, Avg:  0.0, Max: 0, Diff: 0, Sum: 0, Workers: 4
[190.164s][debug][gc,phases      ] GC(21)   Weak JFR Old Object Samples    Min:  0.0, Avg:  0.0, Max:  0.0, Diff:  0.0, Sum:  0.0, Workers: 4
[190.164s][debug][gc,phases      ] GC(21)     Dead                           Min: 0, Avg:  0.0, Max: 0, Diff: 0, Sum: 0, Workers: 4
[190.164s][debug][gc,phases      ] GC(21)     Total                          Min: 0, Avg:  0.0, Max: 0, Diff: 0, Sum: 0, Workers: 4
[190.164s][debug][gc,phases      ] GC(21) Weak Processing 0.394ms
[190.164s][debug][gc,age         ] GC(21) Desired survivor size 536870912 bytes, new threshold 6 (max threshold 15)
[190.164s][info ][gc,heap        ] GC(21) PSYoungGen: 1153312K(1572864K)->65568K(1572864K) Eden: 1048576K(1048576K)->0K(1048576K) From: 104736K(524288K)->65568K(524288K)
[190.164s][info ][gc,heap        ] GC(21) ParOldGen: 347209K(451072K)->390297K(451072K)
[190.164s][info ][gc,metaspace   ] GC(21) Metaspace: 78780K(79808K)->78780K(79808K) NonClass: 67518K(68096K)->67518K(68096K) Class: 11261K(11712K)->11261K(11712K)
[190.164s][info ][gc             ] GC(21) Pause Young (Allocation Failure) 1465M->445M(1976M) 41.103ms
[190.164s][info ][gc,cpu         ] GC(21) User=0.12s Sys=0.04s Real=0.04s
[190.164s][debug][gc,phases      ] GC(22) Pre Compact 0.009ms
[190.164s][info ][gc,start       ] GC(22) Pause Full (Ergonomics)
[190.164s][info ][gc,phases,start] GC(22) Marking Phase
[190.292s][debug][gc,phases      ] GC(22) Par Mark 128.429ms
[190.292s][debug][gc,ref         ] GC(22) Skipped phase 1 of Reference Processing: no references
[190.293s][debug][gc,ref         ] GC(22) ReferenceProcessor::execute queues: 4, RefProcThreadModel::Multi, marks_oops_alive: false
[190.293s][debug][gc,ref         ] GC(22) Skipped phase 3 of Reference Processing: no references
[190.293s][debug][gc,ref         ] GC(22) ReferenceProcessor::execute queues: 1, RefProcThreadModel::Single, marks_oops_alive: false
[190.293s][debug][gc,phases      ] GC(22) Reference Processing 0.502ms
[190.293s][debug][gc,phases      ] GC(22)   VM Weak                        Min:  0.0, Avg:  0.0, Max:  0.0, Diff:  0.0, Sum:  0.0, Workers: 4
[190.293s][debug][gc,phases      ] GC(22)     Dead                           Min: 0, Avg:  0.0, Max: 0, Diff: 0, Sum: 0, Workers: 4
[190.293s][debug][gc,phases      ] GC(22)     Total                          Min: 10, Avg: 194.5, Max: 384, Diff: 374, Sum: 778, Workers: 4
[190.293s][debug][gc,phases      ] GC(22)   ObjectSynchronizer Weak        Min:  0.0, Avg:  0.0, Max:  0.0, Diff:  0.0, Sum:  0.0, Workers: 4
[190.293s][debug][gc,phases      ] GC(22)     Dead                           Min: 0, Avg:  0.0, Max: 0, Diff: 0, Sum: 0, Workers: 4
[190.293s][debug][gc,phases      ] GC(22)     Total                          Min: 0, Avg: 10.0, Max: 40, Diff: 40, Sum: 40, Workers: 4
[190.293s][debug][gc,phases      ] GC(22)   JVMTI Tag Weak OopStorage      Min:  0.0, Avg:  0.0, Max:  0.0, Diff:  0.0, Sum:  0.0, Workers: 4
[190.293s][debug][gc,phases      ] GC(22)     Dead                           Min: 0, Avg:  0.0, Max: 0, Diff: 0, Sum: 0, Workers: 4
[190.293s][debug][gc,phases      ] GC(22)     Total                          Min: 0, Avg:  0.0, Max: 0, Diff: 0, Sum: 0, Workers: 4
[190.293s][debug][gc,phases      ] GC(22)   StringTable Weak               Min:  0.2, Avg:  0.2, Max:  0.2, Diff:  0.0, Sum:  0.7, Workers: 4
[190.293s][debug][gc,phases      ] GC(22)     Dead                           Min: 0, Avg:  0.0, Max: 0, Diff: 0, Sum: 0, Workers: 4
[190.293s][debug][gc,phases      ] GC(22)     Total                          Min: 9728, Avg: 10637.2, Max: 11840, Diff: 2112, Sum: 42549, Workers: 4
[190.293s][debug][gc,phases      ] GC(22)   ResolvedMethodTable Weak       Min:  0.0, Avg:  0.0, Max:  0.0, Diff:  0.0, Sum:  0.1, Workers: 4
[190.293s][debug][gc,phases      ] GC(22)     Dead                           Min: 0, Avg:  0.0, Max: 0, Diff: 0, Sum: 0, Workers: 4
[190.293s][debug][gc,phases      ] GC(22)     Total                          Min: 1728, Avg: 2155.5, Max: 2304, Diff: 576, Sum: 8622, Workers: 4
[190.293s][debug][gc,phases      ] GC(22)   JNI Weak                       Min:  0.0, Avg:  0.0, Max:  0.0, Diff:  0.0, Sum:  0.0, Workers: 4
[190.293s][debug][gc,phases      ] GC(22)     Dead                           Min: 0, Avg:  0.0, Max: 0, Diff: 0, Sum: 0, Workers: 4
[190.293s][debug][gc,phases      ] GC(22)     Total                          Min: 0, Avg: 11.2, Max: 45, Diff: 45, Sum: 45, Workers: 4
[190.293s][debug][gc,phases      ] GC(22)   StringDedup Table Weak         Min:  0.0, Avg:  0.0, Max:  0.0, Diff:  0.0, Sum:  0.0, Workers: 4
[190.293s][debug][gc,phases      ] GC(22)     Dead                           Min: 0, Avg:  0.0, Max: 0, Diff: 0, Sum: 0, Workers: 4
[190.293s][debug][gc,phases      ] GC(22)     Total                          Min: 0, Avg:  0.0, Max: 0, Diff: 0, Sum: 0, Workers: 4
[190.293s][debug][gc,phases      ] GC(22)   StringDedup Requests0 Weak     Min:  0.0, Avg:  0.0, Max:  0.0, Diff:  0.0, Sum:  0.0, Workers: 4
[190.293s][debug][gc,phases      ] GC(22)     Dead                           Min: 0, Avg:  0.0, Max: 0, Diff: 0, Sum: 0, Workers: 4
[190.293s][debug][gc,phases      ] GC(22)     Total                          Min: 0, Avg:  0.0, Max: 0, Diff: 0, Sum: 0, Workers: 4
[190.293s][debug][gc,phases      ] GC(22)   StringDedup Requests1 Weak     Min:  0.0, Avg:  0.0, Max:  0.0, Diff:  0.0, Sum:  0.0, Workers: 4
[190.293s][debug][gc,phases      ] GC(22)     Dead                           Min: 0, Avg:  0.0, Max: 0, Diff: 0, Sum: 0, Workers: 4
[190.293s][debug][gc,phases      ] GC(22)     Total                          Min: 0, Avg:  0.0, Max: 0, Diff: 0, Sum: 0, Workers: 4
[190.293s][debug][gc,phases      ] GC(22)   Weak JFR Old Object Samples    Min:  0.0, Avg:  0.0, Max:  0.0, Diff:  0.0, Sum:  0.0, Workers: 4
[190.293s][debug][gc,phases      ] GC(22)     Dead                           Min: 0, Avg:  0.0, Max: 0, Diff: 0, Sum: 0, Workers: 4
[190.293s][debug][gc,phases      ] GC(22)     Total                          Min: 0, Avg:  0.0, Max: 0, Diff: 0, Sum: 0, Workers: 4
[190.293s][debug][gc,phases      ] GC(22) Weak Processing 0.429ms
[190.293s][debug][gc,phases      ] GC(22) ClassLoaderData 0.107ms
[190.293s][debug][gc,phases      ] GC(22) Trigger cleanups 0.000ms
[190.314s][debug][gc,phases      ] GC(22) Class Unloading 20.242ms
[190.314s][info ][gc,phases      ] GC(22) Marking Phase 149.818ms
[190.314s][info ][gc,phases,start] GC(22) Summary Phase
[190.314s][info ][gc,phases      ] GC(22) Summary Phase 0.041ms
[190.314s][info ][gc,phases,start] GC(22) Adjust Roots
[190.328s][info ][gc,phases      ] GC(22) Adjust Roots 14.222ms
[190.328s][info ][gc,phases,start] GC(22) Compaction Phase
[190.502s][info ][gc,phases      ] GC(22) Compaction Phase 173.997ms
[190.502s][info ][gc,phases,start] GC(22) Post Compact
[190.503s][info ][gc,phases      ] GC(22) Post Compact 1.408ms
[190.504s][info ][gc,heap        ] GC(22) PSYoungGen: 65568K(1572864K)->0K(1572864K) Eden: 0K(1048576K)->0K(1048576K) From: 65568K(524288K)->0K(524288K)
[190.504s][info ][gc,heap        ] GC(22) ParOldGen: 390297K(451072K)->443829K(619520K)
[190.504s][info ][gc,metaspace   ] GC(22) Metaspace: 78780K(79808K)->78780K(79808K) NonClass: 67518K(68096K)->67518K(68096K) Class: 11261K(11712K)->11261K(11712K)
[190.504s][info ][gc             ] GC(22) Pause Full (Ergonomics) 445M->433M(2141M) 339.924ms
[190.504s][info ][gc,cpu         ] GC(22) User=1.17s Sys=0.02s Real=0.34s
[190.504s][info ][safepoint      ] Safepoint "ParallelGCFailedAllocation", Time since last: 559860774 ns, Reaching safepoint: 140803 ns, At safepoint: 381443526 ns, Total: 381584329 ns
[191.504s][info ][safepoint      ] Safepoint "Cleanup", Time since last: 1000114269 ns, Reaching safepoint: 60302 ns, At safepoint: 3500 ns, Total: 63802 ns
[192.504s][info ][safepoint      ] Safepoint "Cleanup", Time since last: 1000134369 ns, Reaching safepoint: 59202 ns, At safepoint: 3400 ns, Total: 62602 ns
[193.505s][info ][safepoint      ] Safepoint "Cleanup", Time since last: 1000127469 ns, Reaching safepoint: 59901 ns, At safepoint: 4200 ns, Total: 64101 ns
[196.505s][info ][safepoint      ] Safepoint "Cleanup", Time since last: 3000260104 ns, Reaching safepoint: 71501 ns, At safepoint: 7700 ns, Total: 79201 ns
[197.505s][info ][safepoint      ] Safepoint "Cleanup", Time since last: 1000125339 ns, Reaching safepoint: 72801 ns, At safepoint: 4600 ns, Total: 77401 ns
[198.505s][info ][safepoint      ] Safepoint "Cleanup", Time since last: 1000112739 ns, Reaching safepoint: 62401 ns, At safepoint: 10000 ns, Total: 72401 ns
[203.506s][info ][safepoint      ] Safepoint "Cleanup", Time since last: 5000374687 ns, Reaching safepoint: 45901 ns, At safepoint: 3500 ns, Total: 49401 ns
[204.506s][info ][safepoint      ] Safepoint "Cleanup", Time since last: 1000114138 ns, Reaching safepoint: 43001 ns, At safepoint: 2600 ns, Total: 45601 ns
[205.506s][info ][safepoint      ] Safepoint "Cleanup", Time since last: 1000118241 ns, Reaching safepoint: 56902 ns, At safepoint: 7600 ns, Total: 64502 ns
[206.506s][info ][safepoint      ] Safepoint "Cleanup", Time since last: 1000126641 ns, Reaching safepoint: 57701 ns, At safepoint: 2900 ns, Total: 60601 ns
[207.506s][info ][safepoint      ] Safepoint "Cleanup", Time since last: 1000120342 ns, Reaching safepoint: 62901 ns, At safepoint: 4800 ns, Total: 67701 ns
[208.507s][info ][safepoint      ] Safepoint "Cleanup", Time since last: 1000119241 ns, Reaching safepoint: 64202 ns, At safepoint: 5700 ns, Total: 69902 ns
[209.507s][info ][safepoint      ] Safepoint "Cleanup", Time since last: 1000101240 ns, Reaching safepoint: 58002 ns, At safepoint: 2800 ns, Total: 60802 ns
[210.507s][info ][safepoint      ] Safepoint "Cleanup", Time since last: 1000110641 ns, Reaching safepoint: 65401 ns, At safepoint: 3900 ns, Total: 69301 ns
[211.507s][info ][safepoint      ] Safepoint "Cleanup", Time since last: 1000114441 ns, Reaching safepoint: 55001 ns, At safepoint: 3000 ns, Total: 58001 ns
[212.507s][info ][safepoint      ] Safepoint "Cleanup", Time since last: 1000078120 ns, Reaching safepoint: 53401 ns, At safepoint: 2300 ns, Total: 55701 ns
[213.508s][info ][safepoint      ] Safepoint "Cleanup", Time since last: 1000125161 ns, Reaching safepoint: 77202 ns, At safepoint: 3000 ns, Total: 80202 ns
[214.508s][info ][safepoint      ] Safepoint "Cleanup", Time since last: 1000119160 ns, Reaching safepoint: 57401 ns, At safepoint: 2900 ns, Total: 60301 ns
[215.508s][info ][safepoint      ] Safepoint "Cleanup", Time since last: 1000112560 ns, Reaching safepoint: 42901 ns, At safepoint: 2400 ns, Total: 45301 ns
[218.508s][info ][safepoint      ] Safepoint "Cleanup", Time since last: 3000244979 ns, Reaching safepoint: 51501 ns, At safepoint: 4000 ns, Total: 55501 ns
[219.508s][info ][safepoint      ] Safepoint "Cleanup", Time since last: 1000109160 ns, Reaching safepoint: 36401 ns, At safepoint: 2500 ns, Total: 38901 ns
[220.508s][info ][safepoint      ] Safepoint "Cleanup", Time since last: 1000107195 ns, Reaching safepoint: 41801 ns, At safepoint: 4300 ns, Total: 46101 ns
[222.509s][info ][safepoint      ] Safepoint "Cleanup", Time since last: 2000165515 ns, Reaching safepoint: 42701 ns, At safepoint: 3200 ns, Total: 45901 ns
[224.509s][info ][safepoint      ] Safepoint "Cleanup", Time since last: 2000169816 ns, Reaching safepoint: 47801 ns, At safepoint: 8700 ns, Total: 56501 ns
[225.509s][info ][safepoint      ] Safepoint "Cleanup", Time since last: 1000101808 ns, Reaching safepoint: 50201 ns, At safepoint: 4100 ns, Total: 54301 ns
[226.509s][info ][safepoint      ] Safepoint "Cleanup", Time since last: 1000103608 ns, Reaching safepoint: 57402 ns, At safepoint: 2600 ns, Total: 60002 ns
[227.665s][info ][safepoint      ] Safepoint "Cleanup", Time since last: 1155371609 ns, Reaching safepoint: 101202 ns, At safepoint: 3100 ns, Total: 104302 ns
[228.665s][info ][safepoint      ] Safepoint "Cleanup", Time since last: 1000115753 ns, Reaching safepoint: 48101 ns, At safepoint: 3000 ns, Total: 51101 ns
[229.665s][info ][safepoint      ] Safepoint "Cleanup", Time since last: 1000101223 ns, Reaching safepoint: 58402 ns, At safepoint: 2800 ns, Total: 61202 ns
[230.025s][info ][gc,start       ] GC(23) Pause Young (Allocation Failure)
[230.029s][debug][gc,phases      ] GC(23) Scavenge 4.377ms
[230.029s][debug][gc,ref         ] GC(23) Skipped phase 1 of Reference Processing: no references
[230.029s][debug][gc,ref         ] GC(23) Skipped phase 2 of Reference Processing: no references
[230.029s][debug][gc,ref         ] GC(23) Skipped phase 3 of Reference Processing: no references
[230.029s][debug][gc,ref         ] GC(23) Skipped phase 4 of Reference Processing: no references
[230.029s][debug][gc,phases      ] GC(23) Reference Processing 0.032ms
[230.030s][debug][gc,phases      ] GC(23)   VM Weak                        Min:  0.0, Avg:  0.0, Max:  0.0, Diff:  0.0, Sum:  0.0, Workers: 4
[230.030s][debug][gc,phases      ] GC(23)     Dead                           Min: 0, Avg:  0.0, Max: 0, Diff: 0, Sum: 0, Workers: 4
[230.030s][debug][gc,phases      ] GC(23)     Total                          Min: 0, Avg: 194.5, Max: 778, Diff: 778, Sum: 778, Workers: 4
[230.030s][debug][gc,phases      ] GC(23)   ObjectSynchronizer Weak        Min:  0.0, Avg:  0.0, Max:  0.0, Diff:  0.0, Sum:  0.0, Workers: 4
[230.030s][debug][gc,phases      ] GC(23)     Dead                           Min: 0, Avg:  0.0, Max: 0, Diff: 0, Sum: 0, Workers: 4
[230.030s][debug][gc,phases      ] GC(23)     Total                          Min: 0, Avg: 10.0, Max: 40, Diff: 40, Sum: 40, Workers: 4
[230.030s][debug][gc,phases      ] GC(23)   JVMTI Tag Weak OopStorage      Min:  0.0, Avg:  0.0, Max:  0.0, Diff:  0.0, Sum:  0.0, Workers: 4
[230.030s][debug][gc,phases      ] GC(23)     Dead                           Min: 0, Avg:  0.0, Max: 0, Diff: 0, Sum: 0, Workers: 4
[230.030s][debug][gc,phases      ] GC(23)     Total                          Min: 0, Avg:  0.0, Max: 0, Diff: 0, Sum: 0, Workers: 4
[230.030s][debug][gc,phases      ] GC(23)   StringTable Weak               Min:  0.0, Avg:  0.1, Max:  0.4, Diff:  0.4, Sum:  0.4, Workers: 4
[230.030s][debug][gc,phases      ] GC(23)     Dead                           Min: 0, Avg:  0.0, Max: 0, Diff: 0, Sum: 0, Workers: 4
[230.030s][debug][gc,phases      ] GC(23)     Total                          Min: 0, Avg: 10638.2, Max: 42553, Diff: 42553, Sum: 42553, Workers: 4
[230.030s][debug][gc,phases      ] GC(23)   ResolvedMethodTable Weak       Min:  0.0, Avg:  0.0, Max:  0.1, Diff:  0.1, Sum:  0.1, Workers: 4
[230.030s][debug][gc,phases      ] GC(23)     Dead                           Min: 0, Avg:  0.0, Max: 0, Diff: 0, Sum: 0, Workers: 4
[230.030s][debug][gc,phases      ] GC(23)     Total                          Min: 0, Avg: 2155.5, Max: 8622, Diff: 8622, Sum: 8622, Workers: 4
[230.030s][debug][gc,phases      ] GC(23)   JNI Weak                       Min:  0.0, Avg:  0.0, Max:  0.0, Diff:  0.0, Sum:  0.0, Workers: 4
[230.030s][debug][gc,phases      ] GC(23)     Dead                           Min: 0, Avg:  0.0, Max: 0, Diff: 0, Sum: 0, Workers: 4
[230.030s][debug][gc,phases      ] GC(23)     Total                          Min: 0, Avg: 11.2, Max: 45, Diff: 45, Sum: 45, Workers: 4
[230.030s][debug][gc,phases      ] GC(23)   StringDedup Table Weak         Min:  0.0, Avg:  0.0, Max:  0.0, Diff:  0.0, Sum:  0.0, Workers: 4
[230.030s][debug][gc,phases      ] GC(23)     Dead                           Min: 0, Avg:  0.0, Max: 0, Diff: 0, Sum: 0, Workers: 4
[230.030s][debug][gc,phases      ] GC(23)     Total                          Min: 0, Avg:  0.0, Max: 0, Diff: 0, Sum: 0, Workers: 4
[230.030s][debug][gc,phases      ] GC(23)   StringDedup Requests0 Weak     Min:  0.0, Avg:  0.0, Max:  0.0, Diff:  0.0, Sum:  0.0, Workers: 4
[230.030s][debug][gc,phases      ] GC(23)     Dead                           Min: 0, Avg:  0.0, Max: 0, Diff: 0, Sum: 0, Workers: 4
[230.030s][debug][gc,phases      ] GC(23)     Total                          Min: 0, Avg:  0.0, Max: 0, Diff: 0, Sum: 0, Workers: 4
[230.030s][debug][gc,phases      ] GC(23)   StringDedup Requests1 Weak     Min:  0.0, Avg:  0.0, Max:  0.0, Diff:  0.0, Sum:  0.0, Workers: 4
[230.030s][debug][gc,phases      ] GC(23)     Dead                           Min: 0, Avg:  0.0, Max: 0, Diff: 0, Sum: 0, Workers: 4
[230.030s][debug][gc,phases      ] GC(23)     Total                          Min: 0, Avg:  0.0, Max: 0, Diff: 0, Sum: 0, Workers: 4
[230.030s][debug][gc,phases      ] GC(23)   Weak JFR Old Object Samples    Min:  0.0, Avg:  0.0, Max:  0.0, Diff:  0.0, Sum:  0.0, Workers: 4
[230.030s][debug][gc,phases      ] GC(23)     Dead                           Min: 0, Avg:  0.0, Max: 0, Diff: 0, Sum: 0, Workers: 4
[230.030s][debug][gc,phases      ] GC(23)     Total                          Min: 0, Avg:  0.0, Max: 0, Diff: 0, Sum: 0, Workers: 4
[230.030s][debug][gc,phases      ] GC(23) Weak Processing 0.725ms
[230.030s][debug][gc,age         ] GC(23) Desired survivor size 536870912 bytes, new threshold 5 (max threshold 15)
[230.030s][info ][gc,heap        ] GC(23) PSYoungGen: 1048576K(1572864K)->992K(1572864K) Eden: 1048576K(1048576K)->0K(1048576K) From: 0K(524288K)->992K(524288K)
[230.030s][info ][gc,heap        ] GC(23) ParOldGen: 443829K(619520K)->443829K(619520K)
[230.030s][info ][gc,metaspace   ] GC(23) Metaspace: 78840K(79808K)->78840K(79808K) NonClass: 67578K(68096K)->67578K(68096K) Class: 11261K(11712K)->11261K(11712K)
[230.030s][info ][gc             ] GC(23) Pause Young (Allocation Failure) 1457M->434M(2141M) 5.279ms
[230.030s][info ][gc,cpu         ] GC(23) User=0.01s Sys=0.00s Real=0.00s
[230.030s][info ][safepoint      ] Safepoint "ParallelGCFailedAllocation", Time since last: 359595275 ns, Reaching safepoint: 41101 ns, At safepoint: 5363216 ns, Total: 5404317 ns
[232.030s][info ][safepoint      ] Safepoint "Cleanup", Time since last: 2000111845 ns, Reaching safepoint: 47701 ns, At safepoint: 3000 ns, Total: 50701 ns
[234.030s][info ][safepoint      ] Safepoint "Cleanup", Time since last: 2000178246 ns, Reaching safepoint: 47201 ns, At safepoint: 2200 ns, Total: 49401 ns
[241.594s][info ][safepoint      ] Safepoint "Cleanup", Time since last: 7563899473 ns, Reaching safepoint: 171303 ns, At safepoint: 9601 ns, Total: 180904 ns
[242.993s][info ][safepoint      ] Safepoint "Cleanup", Time since last: 1397913933 ns, Reaching safepoint: 346907 ns, At safepoint: 9201 ns, Total: 356108 ns
[243.993s][info ][safepoint      ] Safepoint "Cleanup", Time since last: 1000121230 ns, Reaching safepoint: 128102 ns, At safepoint: 6800 ns, Total: 134902 ns
[244.993s][info ][safepoint      ] Safepoint "Cleanup", Time since last: 1000158220 ns, Reaching safepoint: 61101 ns, At safepoint: 5100 ns, Total: 66201 ns
[245.993s][info ][safepoint      ] Safepoint "Cleanup", Time since last: 1000120408 ns, Reaching safepoint: 63201 ns, At safepoint: 2600 ns, Total: 65801 ns
[246.994s][info ][safepoint      ] Safepoint "Cleanup", Time since last: 1000111907 ns, Reaching safepoint: 38201 ns, At safepoint: 3800 ns, Total: 42001 ns
[247.994s][info ][safepoint      ] Safepoint "Cleanup", Time since last: 1000135708 ns, Reaching safepoint: 42501 ns, At safepoint: 5200 ns, Total: 47701 ns
[248.994s][info ][safepoint      ] Safepoint "Cleanup", Time since last: 1000124007 ns, Reaching safepoint: 66302 ns, At safepoint: 2800 ns, Total: 69102 ns
[251.994s][info ][safepoint      ] Safepoint "Cleanup", Time since last: 3000237619 ns, Reaching safepoint: 45801 ns, At safepoint: 3400 ns, Total: 49201 ns
[252.994s][info ][safepoint      ] Safepoint "Cleanup", Time since last: 1000120344 ns, Reaching safepoint: 48501 ns, At safepoint: 2600 ns, Total: 51101 ns
[254.995s][info ][safepoint      ] Safepoint "Cleanup", Time since last: 2000194258 ns, Reaching safepoint: 65702 ns, At safepoint: 4000 ns, Total: 69702 ns
[255.995s][info ][safepoint      ] Safepoint "Cleanup", Time since last: 1000114179 ns, Reaching safepoint: 58602 ns, At safepoint: 2900 ns, Total: 61502 ns
[256.995s][info ][safepoint      ] Safepoint "Cleanup", Time since last: 1000126179 ns, Reaching safepoint: 123503 ns, At safepoint: 5000 ns, Total: 128503 ns
[257.995s][info ][safepoint      ] Safepoint "Cleanup", Time since last: 1000107479 ns, Reaching safepoint: 43601 ns, At safepoint: 2300 ns, Total: 45901 ns
[258.995s][info ][safepoint      ] Safepoint "Cleanup", Time since last: 1000114080 ns, Reaching safepoint: 118503 ns, At safepoint: 6100 ns, Total: 124603 ns
[260.996s][info ][safepoint      ] Safepoint "Cleanup", Time since last: 2000203408 ns, Reaching safepoint: 128103 ns, At safepoint: 6200 ns, Total: 134303 ns
[261.996s][info ][safepoint      ] Safepoint "Cleanup", Time since last: 1000123681 ns, Reaching safepoint: 83601 ns, At safepoint: 3201 ns, Total: 86802 ns
[265.996s][info ][safepoint      ] Safepoint "Cleanup", Time since last: 4000356220 ns, Reaching safepoint: 51601 ns, At safepoint: 3300 ns, Total: 54901 ns
[266.997s][info ][safepoint      ] Safepoint "Cleanup", Time since last: 1000126081 ns, Reaching safepoint: 46501 ns, At safepoint: 2800 ns, Total: 49301 ns
[267.997s][info ][safepoint      ] Safepoint "Cleanup", Time since last: 1000116781 ns, Reaching safepoint: 49601 ns, At safepoint: 2700 ns, Total: 52301 ns
[269.575s][info ][gc,start       ] GC(24) Pause Young (Allocation Failure)
[269.578s][debug][gc,phases      ] GC(24) Scavenge 2.957ms
[269.578s][debug][gc,ref         ] GC(24) Skipped phase 1 of Reference Processing: no references
[269.578s][debug][gc,ref         ] GC(24) ReferenceProcessor::execute queues: 1, RefProcThreadModel::Single, marks_oops_alive: false
[269.578s][debug][gc,ref         ] GC(24) Skipped phase 3 of Reference Processing: no references
[269.578s][debug][gc,ref         ] GC(24) ReferenceProcessor::execute queues: 1, RefProcThreadModel::Single, marks_oops_alive: false
[269.578s][debug][gc,phases      ] GC(24) Reference Processing 0.098ms
[269.579s][debug][gc,phases      ] GC(24)   VM Weak                        Min:  0.0, Avg:  0.0, Max:  0.0, Diff:  0.0, Sum:  0.0, Workers: 4
[269.579s][debug][gc,phases      ] GC(24)     Dead                           Min: 0, Avg:  0.0, Max: 0, Diff: 0, Sum: 0, Workers: 4
[269.579s][debug][gc,phases      ] GC(24)     Total                          Min: 0, Avg: 194.8, Max: 704, Diff: 704, Sum: 779, Workers: 4
[269.579s][debug][gc,phases      ] GC(24)   ObjectSynchronizer Weak        Min:  0.0, Avg:  0.0, Max:  0.0, Diff:  0.0, Sum:  0.0, Workers: 4
[269.579s][debug][gc,phases      ] GC(24)     Dead                           Min: 0, Avg:  0.0, Max: 0, Diff: 0, Sum: 0, Workers: 4
[269.579s][debug][gc,phases      ] GC(24)     Total                          Min: 0, Avg: 10.0, Max: 40, Diff: 40, Sum: 40, Workers: 4
[269.579s][debug][gc,phases      ] GC(24)   JVMTI Tag Weak OopStorage      Min:  0.0, Avg:  0.0, Max:  0.0, Diff:  0.0, Sum:  0.0, Workers: 4
[269.579s][debug][gc,phases      ] GC(24)     Dead                           Min: 0, Avg:  0.0, Max: 0, Diff: 0, Sum: 0, Workers: 4
[269.579s][debug][gc,phases      ] GC(24)     Total                          Min: 0, Avg:  0.0, Max: 0, Diff: 0, Sum: 0, Workers: 4
[269.579s][debug][gc,phases      ] GC(24)   StringTable Weak               Min:  0.0, Avg:  0.1, Max:  0.1, Diff:  0.1, Sum:  0.4, Workers: 4
[269.579s][debug][gc,phases      ] GC(24)     Dead                           Min: 0, Avg:  0.2, Max: 1, Diff: 1, Sum: 1, Workers: 4
[269.579s][debug][gc,phases      ] GC(24)     Total                          Min: 1024, Avg: 10643.2, Max: 16639, Diff: 15615, Sum: 42573, Workers: 4
[269.579s][debug][gc,phases      ] GC(24)   ResolvedMethodTable Weak       Min:  0.0, Avg:  0.0, Max:  0.0, Diff:  0.0, Sum:  0.1, Workers: 4
[269.579s][debug][gc,phases      ] GC(24)     Dead                           Min: 0, Avg:  0.0, Max: 0, Diff: 0, Sum: 0, Workers: 4
[269.579s][debug][gc,phases      ] GC(24)     Total                          Min: 1984, Avg: 2160.2, Max: 2305, Diff: 321, Sum: 8641, Workers: 4
[269.579s][debug][gc,phases      ] GC(24)   JNI Weak                       Min:  0.0, Avg:  0.0, Max:  0.0, Diff:  0.0, Sum:  0.0, Workers: 4
[269.579s][debug][gc,phases      ] GC(24)     Dead                           Min: 0, Avg:  0.0, Max: 0, Diff: 0, Sum: 0, Workers: 4
[269.579s][debug][gc,phases      ] GC(24)     Total                          Min: 0, Avg: 11.2, Max: 45, Diff: 45, Sum: 45, Workers: 4
[269.579s][debug][gc,phases      ] GC(24)   StringDedup Table Weak         Min:  0.0, Avg:  0.0, Max:  0.0, Diff:  0.0, Sum:  0.0, Workers: 4
[269.579s][debug][gc,phases      ] GC(24)     Dead                           Min: 0, Avg:  0.0, Max: 0, Diff: 0, Sum: 0, Workers: 4
[269.579s][debug][gc,phases      ] GC(24)     Total                          Min: 0, Avg:  0.0, Max: 0, Diff: 0, Sum: 0, Workers: 4
[269.579s][debug][gc,phases      ] GC(24)   StringDedup Requests0 Weak     Min:  0.0, Avg:  0.0, Max:  0.0, Diff:  0.0, Sum:  0.0, Workers: 4
[269.579s][debug][gc,phases      ] GC(24)     Dead                           Min: 0, Avg:  0.0, Max: 0, Diff: 0, Sum: 0, Workers: 4
[269.579s][debug][gc,phases      ] GC(24)     Total                          Min: 0, Avg:  0.0, Max: 0, Diff: 0, Sum: 0, Workers: 4
[269.579s][debug][gc,phases      ] GC(24)   StringDedup Requests1 Weak     Min:  0.0, Avg:  0.0, Max:  0.0, Diff:  0.0, Sum:  0.0, Workers: 4
[269.579s][debug][gc,phases      ] GC(24)     Dead                           Min: 0, Avg:  0.0, Max: 0, Diff: 0, Sum: 0, Workers: 4
[269.579s][debug][gc,phases      ] GC(24)     Total                          Min: 0, Avg:  0.0, Max: 0, Diff: 0, Sum: 0, Workers: 4
[269.579s][debug][gc,phases      ] GC(24)   Weak JFR Old Object Samples    Min:  0.0, Avg:  0.0, Max:  0.0, Diff:  0.0, Sum:  0.0, Workers: 4
[269.579s][debug][gc,phases      ] GC(24)     Dead                           Min: 0, Avg:  0.0, Max: 0, Diff: 0, Sum: 0, Workers: 4
[269.579s][debug][gc,phases      ] GC(24)     Total                          Min: 0, Avg:  0.0, Max: 0, Diff: 0, Sum: 0, Workers: 4
[269.579s][debug][gc,phases      ] GC(24) Weak Processing 0.364ms
[269.579s][debug][gc,age         ] GC(24) Desired survivor size 536870912 bytes, new threshold 4 (max threshold 15)
[269.579s][info ][gc,heap        ] GC(24) PSYoungGen: 1049568K(1572864K)->1760K(1572864K) Eden: 1048576K(1048576K)->0K(1048576K) From: 992K(524288K)->1760K(524288K)
[269.579s][info ][gc,heap        ] GC(24) ParOldGen: 443829K(619520K)->443837K(619520K)
[269.579s][info ][gc,metaspace   ] GC(24) Metaspace: 78909K(79872K)->78909K(79872K) NonClass: 67639K(68160K)->67639K(68160K) Class: 11269K(11712K)->11269K(11712K)
[269.579s][info ][gc             ] GC(24) Pause Young (Allocation Failure) 1458M->435M(2141M) 3.539ms
[269.579s][info ][gc,cpu         ] GC(24) User=0.01s Sys=0.00s Real=0.01s
[269.579s][info ][safepoint      ] Safepoint "ParallelGCFailedAllocation", Time since last: 1578488153 ns, Reaching safepoint: 46101 ns, At safepoint: 3607178 ns, Total: 3653279 ns
[271.579s][info ][safepoint      ] Safepoint "Cleanup", Time since last: 2000150445 ns, Reaching safepoint: 44801 ns, At safepoint: 3100 ns, Total: 47901 ns
[273.579s][info ][safepoint      ] Safepoint "Cleanup", Time since last: 2000196946 ns, Reaching safepoint: 48101 ns, At safepoint: 2100 ns, Total: 50201 ns
[275.580s][info ][safepoint      ] Safepoint "Cleanup", Time since last: 2000167946 ns, Reaching safepoint: 51101 ns, At safepoint: 3200 ns, Total: 54301 ns
[276.580s][info ][safepoint      ] Safepoint "Cleanup", Time since last: 1000128256 ns, Reaching safepoint: 58601 ns, At safepoint: 3901 ns, Total: 62502 ns
[277.580s][info ][safepoint      ] Safepoint "Cleanup", Time since last: 1000124075 ns, Reaching safepoint: 47701 ns, At safepoint: 10901 ns, Total: 58602 ns
[280.580s][info ][safepoint      ] Safepoint "Cleanup", Time since last: 3000246424 ns, Reaching safepoint: 60602 ns, At safepoint: 3300 ns, Total: 63902 ns
[281.580s][info ][safepoint      ] Safepoint "Cleanup", Time since last: 1000114575 ns, Reaching safepoint: 48501 ns, At safepoint: 3900 ns, Total: 52401 ns
[283.581s][info ][safepoint      ] Safepoint "Cleanup", Time since last: 2000187051 ns, Reaching safepoint: 166903 ns, At safepoint: 4600 ns, Total: 171503 ns
[287.581s][info ][safepoint      ] Safepoint "Cleanup", Time since last: 4000352539 ns, Reaching safepoint: 81202 ns, At safepoint: 3000 ns, Total: 84202 ns
[289.581s][info ][safepoint      ] Safepoint "Cleanup", Time since last: 2000181168 ns, Reaching safepoint: 43701 ns, At safepoint: 2100 ns, Total: 45801 ns
[290.582s][info ][safepoint      ] Safepoint "Cleanup", Time since last: 1000109885 ns, Reaching safepoint: 45001 ns, At safepoint: 2700 ns, Total: 47701 ns
[291.582s][info ][safepoint      ] Safepoint "Cleanup", Time since last: 1000122585 ns, Reaching safepoint: 67401 ns, At safepoint: 3101 ns, Total: 70502 ns
[292.582s][info ][safepoint      ] Safepoint "Cleanup", Time since last: 1000105667 ns, Reaching safepoint: 55301 ns, At safepoint: 2700 ns, Total: 58001 ns
[295.582s][info ][safepoint      ] Safepoint "Cleanup", Time since last: 3000259188 ns, Reaching safepoint: 51601 ns, At safepoint: 2700 ns, Total: 54301 ns
[296.582s][info ][safepoint      ] Safepoint "Cleanup", Time since last: 1000110597 ns, Reaching safepoint: 40301 ns, At safepoint: 5000 ns, Total: 45301 ns
[297.583s][info ][safepoint      ] Safepoint "Cleanup", Time since last: 1000115797 ns, Reaching safepoint: 74601 ns, At safepoint: 9900 ns, Total: 84501 ns
[299.583s][info ][safepoint      ] Safepoint "Cleanup", Time since last: 2000198993 ns, Reaching safepoint: 48101 ns, At safepoint: 4200 ns, Total: 52301 ns
[300.583s][info ][safepoint      ] Safepoint "Cleanup", Time since last: 1000112812 ns, Reaching safepoint: 45501 ns, At safepoint: 2200 ns, Total: 47701 ns
[303.583s][info ][safepoint      ] Safepoint "Cleanup", Time since last: 3000229635 ns, Reaching safepoint: 46801 ns, At safepoint: 2500 ns, Total: 49301 ns
[305.372s][info ][gc,start       ] GC(25) Pause Young (Allocation Failure)
[305.375s][debug][gc,phases      ] GC(25) Scavenge 2.614ms
[305.375s][debug][gc,ref         ] GC(25) Skipped phase 1 of Reference Processing: no references
[305.375s][debug][gc,ref         ] GC(25) ReferenceProcessor::execute queues: 1, RefProcThreadModel::Single, marks_oops_alive: false
[305.375s][debug][gc,ref         ] GC(25) Skipped phase 3 of Reference Processing: no references
[305.375s][debug][gc,ref         ] GC(25) ReferenceProcessor::execute queues: 1, RefProcThreadModel::Single, marks_oops_alive: false
[305.375s][debug][gc,phases      ] GC(25) Reference Processing 0.106ms
[305.375s][debug][gc,phases      ] GC(25)   VM Weak                        Min:  0.0, Avg:  0.0, Max:  0.0, Diff:  0.0, Sum:  0.0, Workers: 4
[305.375s][debug][gc,phases      ] GC(25)     Dead                           Min: 0, Avg:  0.0, Max: 0, Diff: 0, Sum: 0, Workers: 4
[305.375s][debug][gc,phases      ] GC(25)     Total                          Min: 0, Avg: 194.8, Max: 448, Diff: 448, Sum: 779, Workers: 4
[305.375s][debug][gc,phases      ] GC(25)   ObjectSynchronizer Weak        Min:  0.0, Avg:  0.0, Max:  0.0, Diff:  0.0, Sum:  0.0, Workers: 4
[305.375s][debug][gc,phases      ] GC(25)     Dead                           Min: 0, Avg:  0.0, Max: 0, Diff: 0, Sum: 0, Workers: 4
[305.375s][debug][gc,phases      ] GC(25)     Total                          Min: 0, Avg: 10.0, Max: 40, Diff: 40, Sum: 40, Workers: 4
[305.375s][debug][gc,phases      ] GC(25)   JVMTI Tag Weak OopStorage      Min:  0.0, Avg:  0.0, Max:  0.0, Diff:  0.0, Sum:  0.0, Workers: 4
[305.375s][debug][gc,phases      ] GC(25)     Dead                           Min: 0, Avg:  0.0, Max: 0, Diff: 0, Sum: 0, Workers: 4
[305.375s][debug][gc,phases      ] GC(25)     Total                          Min: 0, Avg:  0.0, Max: 0, Diff: 0, Sum: 0, Workers: 4
[305.375s][debug][gc,phases      ] GC(25)   StringTable Weak               Min:  0.0, Avg:  0.1, Max:  0.1, Diff:  0.1, Sum:  0.4, Workers: 4
[305.375s][debug][gc,phases      ] GC(25)     Dead                           Min: 0, Avg:  0.0, Max: 0, Diff: 0, Sum: 0, Workers: 4
[305.375s][debug][gc,phases      ] GC(25)     Total                          Min: 0, Avg: 10645.5, Max: 15702, Diff: 15702, Sum: 42582, Workers: 4
[305.375s][debug][gc,phases      ] GC(25)   ResolvedMethodTable Weak       Min:  0.0, Avg:  0.0, Max:  0.0, Diff:  0.0, Sum:  0.1, Workers: 4
[305.375s][debug][gc,phases      ] GC(25)     Dead                           Min: 0, Avg:  0.0, Max: 0, Diff: 0, Sum: 0, Workers: 4
[305.375s][debug][gc,phases      ] GC(25)     Total                          Min: 0, Avg: 2161.2, Max: 3200, Diff: 3200, Sum: 8645, Workers: 4
[305.375s][debug][gc,phases      ] GC(25)   JNI Weak                       Min:  0.0, Avg:  0.0, Max:  0.0, Diff:  0.0, Sum:  0.0, Workers: 4
[305.375s][debug][gc,phases      ] GC(25)     Dead                           Min: 0, Avg:  0.0, Max: 0, Diff: 0, Sum: 0, Workers: 4
[305.375s][debug][gc,phases      ] GC(25)     Total                          Min: 0, Avg: 11.2, Max: 45, Diff: 45, Sum: 45, Workers: 4
[305.375s][debug][gc,phases      ] GC(25)   StringDedup Table Weak         Min:  0.0, Avg:  0.0, Max:  0.0, Diff:  0.0, Sum:  0.0, Workers: 4
[305.375s][debug][gc,phases      ] GC(25)     Dead                           Min: 0, Avg:  0.0, Max: 0, Diff: 0, Sum: 0, Workers: 4
[305.375s][debug][gc,phases      ] GC(25)     Total                          Min: 0, Avg:  0.0, Max: 0, Diff: 0, Sum: 0, Workers: 4
[305.375s][debug][gc,phases      ] GC(25)   StringDedup Requests0 Weak     Min:  0.0, Avg:  0.0, Max:  0.0, Diff:  0.0, Sum:  0.0, Workers: 4
[305.375s][debug][gc,phases      ] GC(25)     Dead                           Min: 0, Avg:  0.0, Max: 0, Diff: 0, Sum: 0, Workers: 4
[305.375s][debug][gc,phases      ] GC(25)     Total                          Min: 0, Avg:  0.0, Max: 0, Diff: 0, Sum: 0, Workers: 4
[305.375s][debug][gc,phases      ] GC(25)   StringDedup Requests1 Weak     Min:  0.0, Avg:  0.0, Max:  0.0, Diff:  0.0, Sum:  0.0, Workers: 4
[305.375s][debug][gc,phases      ] GC(25)     Dead                           Min: 0, Avg:  0.0, Max: 0, Diff: 0, Sum: 0, Workers: 4
[305.375s][debug][gc,phases      ] GC(25)     Total                          Min: 0, Avg:  0.0, Max: 0, Diff: 0, Sum: 0, Workers: 4
[305.375s][debug][gc,phases      ] GC(25)   Weak JFR Old Object Samples    Min:  0.0, Avg:  0.0, Max:  0.0, Diff:  0.0, Sum:  0.0, Workers: 4
[305.375s][debug][gc,phases      ] GC(25)     Dead                           Min: 0, Avg:  0.0, Max: 0, Diff: 0, Sum: 0, Workers: 4
[305.375s][debug][gc,phases      ] GC(25)     Total                          Min: 0, Avg:  0.0, Max: 0, Diff: 0, Sum: 0, Workers: 4
[305.375s][debug][gc,phases      ] GC(25) Weak Processing 0.343ms
[305.375s][debug][gc,age         ] GC(25) Desired survivor size 536870912 bytes, new threshold 3 (max threshold 15)
[305.375s][info ][gc,heap        ] GC(25) PSYoungGen: 1050336K(1572864K)->2768K(1572864K) Eden: 1048576K(1048576K)->0K(1048576K) From: 1760K(524288K)->2768K(524288K)
[305.375s][info ][gc,heap        ] GC(25) ParOldGen: 443837K(619520K)->443837K(619520K)
[305.375s][info ][gc,metaspace   ] GC(25) Metaspace: 78951K(79936K)->78951K(79936K) NonClass: 67680K(68224K)->67680K(68224K) Class: 11270K(11712K)->11270K(11712K)
[305.375s][info ][gc             ] GC(25) Pause Young (Allocation Failure) 1459M->436M(2141M) 3.210ms
[305.375s][info ][gc,cpu         ] GC(25) User=0.01s Sys=0.00s Real=0.00s
[305.375s][info ][safepoint      ] Safepoint "ParallelGCFailedAllocation", Time since last: 1788690074 ns, Reaching safepoint: 120403 ns, At safepoint: 3290570 ns, Total: 3410973 ns
[307.376s][info ][safepoint      ] Safepoint "Cleanup", Time since last: 2000173824 ns, Reaching safepoint: 132503 ns, At safepoint: 5100 ns, Total: 137603 ns
[308.376s][info ][safepoint      ] Safepoint "Cleanup", Time since last: 1000120512 ns, Reaching safepoint: 116603 ns, At safepoint: 7300 ns, Total: 123903 ns
[309.376s][info ][safepoint      ] Safepoint "Cleanup", Time since last: 1000134605 ns, Reaching safepoint: 133703 ns, At safepoint: 5300 ns, Total: 139003 ns
[310.377s][info ][safepoint      ] Safepoint "Cleanup", Time since last: 1000135904 ns, Reaching safepoint: 210105 ns, At safepoint: 6700 ns, Total: 216805 ns
[315.377s][info ][safepoint      ] Safepoint "Cleanup", Time since last: 5000394615 ns, Reaching safepoint: 59701 ns, At safepoint: 5000 ns, Total: 64701 ns
[319.699s][info ][safepoint      ] Safepoint "Cleanup", Time since last: 4321637426 ns, Reaching safepoint: 74101 ns, At safepoint: 4301 ns, Total: 78402 ns
[320.729s][info ][safepoint      ] Safepoint "Cleanup", Time since last: 1024936648 ns, Reaching safepoint: 5411614 ns, At safepoint: 8600 ns, Total: 5420214 ns
[321.729s][info ][safepoint      ] Safepoint "Cleanup", Time since last: 1000126428 ns, Reaching safepoint: 56901 ns, At safepoint: 4700 ns, Total: 61601 ns
[322.730s][info ][safepoint      ] Safepoint "Cleanup", Time since last: 1000115327 ns, Reaching safepoint: 49301 ns, At safepoint: 2600 ns, Total: 51901 ns
[323.730s][info ][safepoint      ] Safepoint "Cleanup", Time since last: 1000117527 ns, Reaching safepoint: 48901 ns, At safepoint: 2700 ns, Total: 51601 ns
[324.730s][info ][safepoint      ] Safepoint "Cleanup", Time since last: 1000115596 ns, Reaching safepoint: 53601 ns, At safepoint: 3000 ns, Total: 56601 ns
[325.730s][info ][safepoint      ] Safepoint "Cleanup", Time since last: 1000114554 ns, Reaching safepoint: 58901 ns, At safepoint: 2800 ns, Total: 61701 ns
[327.730s][info ][safepoint      ] Safepoint "Cleanup", Time since last: 2000173107 ns, Reaching safepoint: 62402 ns, At safepoint: 5600 ns, Total: 68002 ns
[328.730s][info ][safepoint      ] Safepoint "Cleanup", Time since last: 1000097453 ns, Reaching safepoint: 38501 ns, At safepoint: 3300 ns, Total: 41801 ns
[329.731s][info ][safepoint      ] Safepoint "Cleanup", Time since last: 1000103754 ns, Reaching safepoint: 50601 ns, At safepoint: 3000 ns, Total: 53601 ns
[330.731s][info ][safepoint      ] Safepoint "Cleanup", Time since last: 1000115054 ns, Reaching safepoint: 45301 ns, At safepoint: 25701 ns, Total: 71002 ns
[332.731s][info ][safepoint      ] Safepoint "Cleanup", Time since last: 2000159317 ns, Reaching safepoint: 41201 ns, At safepoint: 2700 ns, Total: 43901 ns
[333.731s][info ][safepoint      ] Safepoint "Cleanup", Time since last: 1000114668 ns, Reaching safepoint: 50801 ns, At safepoint: 2600 ns, Total: 53401 ns
[334.731s][info ][safepoint      ] Safepoint "Cleanup", Time since last: 1000120967 ns, Reaching safepoint: 50501 ns, At safepoint: 3600 ns, Total: 54101 ns
[335.731s][info ][safepoint      ] Safepoint "Cleanup", Time since last: 1000115268 ns, Reaching safepoint: 43401 ns, At safepoint: 3200 ns, Total: 46601 ns
[336.732s][info ][safepoint      ] Safepoint "Cleanup", Time since last: 1000106367 ns, Reaching safepoint: 42001 ns, At safepoint: 3000 ns, Total: 45001 ns
[338.732s][info ][safepoint      ] Safepoint "Cleanup", Time since last: 2000204434 ns, Reaching safepoint: 57401 ns, At safepoint: 2900 ns, Total: 60301 ns
[339.422s][info ][gc,start       ] GC(26) Pause Young (Allocation Failure)
[339.425s][debug][gc,phases      ] GC(26) Scavenge 2.830ms
[339.425s][debug][gc,ref         ] GC(26) Skipped phase 1 of Reference Processing: no references
[339.425s][debug][gc,ref         ] GC(26) ReferenceProcessor::execute queues: 1, RefProcThreadModel::Single, marks_oops_alive: false
[339.425s][debug][gc,ref         ] GC(26) Skipped phase 3 of Reference Processing: no references
[339.425s][debug][gc,ref         ] GC(26) ReferenceProcessor::execute queues: 1, RefProcThreadModel::Single, marks_oops_alive: false
[339.425s][debug][gc,phases      ] GC(26) Reference Processing 0.127ms
[339.426s][debug][gc,phases      ] GC(26)   VM Weak                        Min:  0.0, Avg:  0.0, Max:  0.0, Diff:  0.0, Sum:  0.0, Workers: 4
[339.426s][debug][gc,phases      ] GC(26)     Dead                           Min: 0, Avg:  0.0, Max: 0, Diff: 0, Sum: 0, Workers: 4
[339.426s][debug][gc,phases      ] GC(26)     Total                          Min: 0, Avg: 195.0, Max: 396, Diff: 396, Sum: 780, Workers: 4
[339.426s][debug][gc,phases      ] GC(26)   ObjectSynchronizer Weak        Min:  0.0, Avg:  0.0, Max:  0.0, Diff:  0.0, Sum:  0.0, Workers: 4
[339.426s][debug][gc,phases      ] GC(26)     Dead                           Min: 0, Avg:  2.0, Max: 8, Diff: 8, Sum: 8, Workers: 4
[339.426s][debug][gc,phases      ] GC(26)     Total                          Min: 0, Avg: 12.0, Max: 48, Diff: 48, Sum: 48, Workers: 4
[339.426s][debug][gc,phases      ] GC(26)   JVMTI Tag Weak OopStorage      Min:  0.0, Avg:  0.0, Max:  0.0, Diff:  0.0, Sum:  0.0, Workers: 4
[339.426s][debug][gc,phases      ] GC(26)     Dead                           Min: 0, Avg:  0.0, Max: 0, Diff: 0, Sum: 0, Workers: 4
[339.426s][debug][gc,phases      ] GC(26)     Total                          Min: 0, Avg:  0.0, Max: 0, Diff: 0, Sum: 0, Workers: 4
[339.426s][debug][gc,phases      ] GC(26)   StringTable Weak               Min:  0.0, Avg:  0.1, Max:  0.1, Diff:  0.1, Sum:  0.4, Workers: 4
[339.426s][debug][gc,phases      ] GC(26)     Dead                           Min: 0, Avg:  0.5, Max: 2, Diff: 2, Sum: 2, Workers: 4
[339.426s][debug][gc,phases      ] GC(26)     Total                          Min: 0, Avg: 10666.5, Max: 15616, Diff: 15616, Sum: 42666, Workers: 4
[339.426s][debug][gc,phases      ] GC(26)   ResolvedMethodTable Weak       Min:  0.0, Avg:  0.0, Max:  0.0, Diff:  0.0, Sum:  0.1, Workers: 4
[339.426s][debug][gc,phases      ] GC(26)     Dead                           Min: 0, Avg:  0.0, Max: 0, Diff: 0, Sum: 0, Workers: 4
[339.426s][debug][gc,phases      ] GC(26)     Total                          Min: 0, Avg: 2173.0, Max: 3072, Diff: 3072, Sum: 8692, Workers: 4
[339.426s][debug][gc,phases      ] GC(26)   JNI Weak                       Min:  0.0, Avg:  0.0, Max:  0.0, Diff:  0.0, Sum:  0.0, Workers: 4
[339.426s][debug][gc,phases      ] GC(26)     Dead                           Min: 0, Avg:  0.0, Max: 0, Diff: 0, Sum: 0, Workers: 4
[339.426s][debug][gc,phases      ] GC(26)     Total                          Min: 0, Avg: 11.2, Max: 45, Diff: 45, Sum: 45, Workers: 4
[339.426s][debug][gc,phases      ] GC(26)   StringDedup Table Weak         Min:  0.0, Avg:  0.0, Max:  0.0, Diff:  0.0, Sum:  0.0, Workers: 4
[339.426s][debug][gc,phases      ] GC(26)     Dead                           Min: 0, Avg:  0.0, Max: 0, Diff: 0, Sum: 0, Workers: 4
[339.426s][debug][gc,phases      ] GC(26)     Total                          Min: 0, Avg:  0.0, Max: 0, Diff: 0, Sum: 0, Workers: 4
[339.426s][debug][gc,phases      ] GC(26)   StringDedup Requests0 Weak     Min:  0.0, Avg:  0.0, Max:  0.0, Diff:  0.0, Sum:  0.0, Workers: 4
[339.426s][debug][gc,phases      ] GC(26)     Dead                           Min: 0, Avg:  0.0, Max: 0, Diff: 0, Sum: 0, Workers: 4
[339.426s][debug][gc,phases      ] GC(26)     Total                          Min: 0, Avg:  0.0, Max: 0, Diff: 0, Sum: 0, Workers: 4
[339.426s][debug][gc,phases      ] GC(26)   StringDedup Requests1 Weak     Min:  0.0, Avg:  0.0, Max:  0.0, Diff:  0.0, Sum:  0.0, Workers: 4
[339.426s][debug][gc,phases      ] GC(26)     Dead                           Min: 0, Avg:  0.0, Max: 0, Diff: 0, Sum: 0, Workers: 4
[339.426s][debug][gc,phases      ] GC(26)     Total                          Min: 0, Avg:  0.0, Max: 0, Diff: 0, Sum: 0, Workers: 4
[339.426s][debug][gc,phases      ] GC(26)   Weak JFR Old Object Samples    Min:  0.0, Avg:  0.0, Max:  0.0, Diff:  0.0, Sum:  0.0, Workers: 4
[339.426s][debug][gc,phases      ] GC(26)     Dead                           Min: 0, Avg:  0.0, Max: 0, Diff: 0, Sum: 0, Workers: 4
[339.426s][debug][gc,phases      ] GC(26)     Total                          Min: 0, Avg:  0.0, Max: 0, Diff: 0, Sum: 0, Workers: 4
[339.426s][debug][gc,phases      ] GC(26) Weak Processing 0.334ms
[339.426s][debug][gc,age         ] GC(26) Desired survivor size 536870912 bytes, new threshold 2 (max threshold 15)
[339.426s][info ][gc,heap        ] GC(26) PSYoungGen: 1051344K(1572864K)->3008K(1572864K) Eden: 1048576K(1048576K)->0K(1048576K) From: 2768K(524288K)->3008K(524288K)
[339.426s][info ][gc,heap        ] GC(26) ParOldGen: 443837K(619520K)->444105K(619520K)
[339.426s][info ][gc,metaspace   ] GC(26) Metaspace: 79144K(80128K)->79144K(80128K) NonClass: 67854K(68416K)->67854K(68416K) Class: 11290K(11712K)->11290K(11712K)
[339.426s][info ][gc             ] GC(26) Pause Young (Allocation Failure) 1460M->436M(2141M) 3.421ms
[339.426s][info ][gc,cpu         ] GC(26) User=0.01s Sys=0.00s Real=0.00s
[339.426s][info ][safepoint      ] Safepoint "ParallelGCFailedAllocation", Time since last: 690315403 ns, Reaching safepoint: 125403 ns, At safepoint: 3502473 ns, Total: 3627876 ns
[340.426s][info ][safepoint      ] Safepoint "Cleanup", Time since last: 1000095667 ns, Reaching safepoint: 122603 ns, At safepoint: 5300 ns, Total: 127903 ns
[341.426s][info ][safepoint      ] Safepoint "Cleanup", Time since last: 1000108501 ns, Reaching safepoint: 114503 ns, At safepoint: 23300 ns, Total: 137803 ns
[342.427s][info ][safepoint      ] Safepoint "Cleanup", Time since last: 1000107647 ns, Reaching safepoint: 122503 ns, At safepoint: 27100 ns, Total: 149603 ns
[345.427s][info ][safepoint      ] Safepoint "Cleanup", Time since last: 3000245439 ns, Reaching safepoint: 46601 ns, At safepoint: 3200 ns, Total: 49801 ns
[347.427s][info ][safepoint      ] Safepoint "Cleanup", Time since last: 2000194993 ns, Reaching safepoint: 110302 ns, At safepoint: 7600 ns, Total: 117902 ns
[349.427s][info ][safepoint      ] Safepoint "Cleanup", Time since last: 2000178997 ns, Reaching safepoint: 44801 ns, At safepoint: 3000 ns, Total: 47801 ns
[352.428s][info ][safepoint      ] Safepoint "Cleanup", Time since last: 3000262864 ns, Reaching safepoint: 116702 ns, At safepoint: 5200 ns, Total: 121902 ns
[353.428s][info ][safepoint      ] Safepoint "Cleanup", Time since last: 1000112516 ns, Reaching safepoint: 55002 ns, At safepoint: 3000 ns, Total: 58002 ns
[354.428s][info ][safepoint      ] Safepoint "Cleanup", Time since last: 1000107332 ns, Reaching safepoint: 58101 ns, At safepoint: 4700 ns, Total: 62801 ns
[355.428s][info ][safepoint      ] Safepoint "Cleanup", Time since last: 1000108232 ns, Reaching safepoint: 50501 ns, At safepoint: 2500 ns, Total: 53001 ns
[357.428s][info ][safepoint      ] Safepoint "Cleanup", Time since last: 2000171667 ns, Reaching safepoint: 43900 ns, At safepoint: 2700 ns, Total: 46600 ns
[358.429s][info ][safepoint      ] Safepoint "Cleanup", Time since last: 1000106817 ns, Reaching safepoint: 42401 ns, At safepoint: 2800 ns, Total: 45201 ns
[361.429s][info ][safepoint      ] Safepoint "Cleanup", Time since last: 3000233947 ns, Reaching safepoint: 44301 ns, At safepoint: 3000 ns, Total: 47301 ns
[362.429s][info ][safepoint      ] Safepoint "Cleanup", Time since last: 1000123277 ns, Reaching safepoint: 44801 ns, At safepoint: 2800 ns, Total: 47601 ns
[363.429s][info ][safepoint      ] Safepoint "Cleanup", Time since last: 1000128420 ns, Reaching safepoint: 50301 ns, At safepoint: 3000 ns, Total: 53301 ns
[364.429s][info ][safepoint      ] Safepoint "Cleanup", Time since last: 1000117819 ns, Reaching safepoint: 67002 ns, At safepoint: 2600 ns, Total: 69602 ns
[365.430s][info ][safepoint      ] Safepoint "Cleanup", Time since last: 1000110182 ns, Reaching safepoint: 73101 ns, At safepoint: 5200 ns, Total: 78301 ns
[366.430s][info ][safepoint      ] Safepoint "Cleanup", Time since last: 1000103574 ns, Reaching safepoint: 47001 ns, At safepoint: 3000 ns, Total: 50001 ns
[368.430s][info ][safepoint      ] Safepoint "Cleanup", Time since last: 2000166246 ns, Reaching safepoint: 36201 ns, At safepoint: 3900 ns, Total: 40101 ns
[370.430s][info ][safepoint      ] Safepoint "Cleanup", Time since last: 2000196946 ns, Reaching safepoint: 43001 ns, At safepoint: 9200 ns, Total: 52201 ns
[371.430s][info ][safepoint      ] Safepoint "Cleanup", Time since last: 1000129474 ns, Reaching safepoint: 45501 ns, At safepoint: 2800 ns, Total: 48301 ns
[373.431s][info ][safepoint      ] Safepoint "Cleanup", Time since last: 2000196746 ns, Reaching safepoint: 42501 ns, At safepoint: 2500 ns, Total: 45001 ns
[374.026s][info ][gc,start       ] GC(27) Pause Young (Allocation Failure)
[374.030s][debug][gc,phases      ] GC(27) Scavenge 4.017ms
[374.031s][debug][gc,ref         ] GC(27) Skipped phase 1 of Reference Processing: no references
[374.031s][debug][gc,ref         ] GC(27) ReferenceProcessor::execute queues: 1, RefProcThreadModel::Single, marks_oops_alive: false
[374.031s][debug][gc,ref         ] GC(27) Skipped phase 3 of Reference Processing: no references
[374.031s][debug][gc,ref         ] GC(27) ReferenceProcessor::execute queues: 1, RefProcThreadModel::Single, marks_oops_alive: false
[374.031s][debug][gc,phases      ] GC(27) Reference Processing 0.129ms
[374.031s][debug][gc,phases      ] GC(27)   VM Weak                        Min:  0.0, Avg:  0.0, Max:  0.0, Diff:  0.0, Sum:  0.0, Workers: 4
[374.031s][debug][gc,phases      ] GC(27)     Dead                           Min: 0, Avg:  0.0, Max: 0, Diff: 0, Sum: 0, Workers: 4
[374.031s][debug][gc,phases      ] GC(27)     Total                          Min: 0, Avg: 196.0, Max: 576, Diff: 576, Sum: 784, Workers: 4
[374.031s][debug][gc,phases      ] GC(27)   ObjectSynchronizer Weak        Min:  0.0, Avg:  0.0, Max:  0.0, Diff:  0.0, Sum:  0.0, Workers: 4
[374.031s][debug][gc,phases      ] GC(27)     Dead                           Min: 0, Avg:  0.0, Max: 0, Diff: 0, Sum: 0, Workers: 4
[374.031s][debug][gc,phases      ] GC(27)     Total                          Min: 0, Avg: 12.0, Max: 48, Diff: 48, Sum: 48, Workers: 4
[374.031s][debug][gc,phases      ] GC(27)   JVMTI Tag Weak OopStorage      Min:  0.0, Avg:  0.0, Max:  0.0, Diff:  0.0, Sum:  0.0, Workers: 4
[374.031s][debug][gc,phases      ] GC(27)     Dead                           Min: 0, Avg:  0.0, Max: 0, Diff: 0, Sum: 0, Workers: 4
[374.031s][debug][gc,phases      ] GC(27)     Total                          Min: 0, Avg:  0.0, Max: 0, Diff: 0, Sum: 0, Workers: 4
[374.031s][debug][gc,phases      ] GC(27)   StringTable Weak               Min:  0.1, Avg:  0.1, Max:  0.1, Diff:  0.0, Sum:  0.4, Workers: 4
[374.031s][debug][gc,phases      ] GC(27)     Dead                           Min: 0, Avg:  0.0, Max: 0, Diff: 0, Sum: 0, Workers: 4
[374.031s][debug][gc,phases      ] GC(27)     Total                          Min: 10104, Avg: 10670.0, Max: 11968, Diff: 1864, Sum: 42680, Workers: 4
[374.031s][debug][gc,phases      ] GC(27)   ResolvedMethodTable Weak       Min:  0.0, Avg:  0.0, Max:  0.0, Diff:  0.0, Sum:  0.1, Workers: 4
[374.031s][debug][gc,phases      ] GC(27)     Dead                           Min: 0, Avg:  0.0, Max: 0, Diff: 0, Sum: 0, Workers: 4
[374.031s][debug][gc,phases      ] GC(27)     Total                          Min: 1920, Avg: 2176.0, Max: 2688, Diff: 768, Sum: 8704, Workers: 4
[374.031s][debug][gc,phases      ] GC(27)   JNI Weak                       Min:  0.0, Avg:  0.0, Max:  0.0, Diff:  0.0, Sum:  0.0, Workers: 4
[374.031s][debug][gc,phases      ] GC(27)     Dead                           Min: 0, Avg:  0.0, Max: 0, Diff: 0, Sum: 0, Workers: 4
[374.031s][debug][gc,phases      ] GC(27)     Total                          Min: 0, Avg: 11.2, Max: 45, Diff: 45, Sum: 45, Workers: 4
[374.031s][debug][gc,phases      ] GC(27)   StringDedup Table Weak         Min:  0.0, Avg:  0.0, Max:  0.0, Diff:  0.0, Sum:  0.0, Workers: 4
[374.031s][debug][gc,phases      ] GC(27)     Dead                           Min: 0, Avg:  0.0, Max: 0, Diff: 0, Sum: 0, Workers: 4
[374.031s][debug][gc,phases      ] GC(27)     Total                          Min: 0, Avg:  0.0, Max: 0, Diff: 0, Sum: 0, Workers: 4
[374.031s][debug][gc,phases      ] GC(27)   StringDedup Requests0 Weak     Min:  0.0, Avg:  0.0, Max:  0.0, Diff:  0.0, Sum:  0.0, Workers: 4
[374.031s][debug][gc,phases      ] GC(27)     Dead                           Min: 0, Avg:  0.0, Max: 0, Diff: 0, Sum: 0, Workers: 4
[374.031s][debug][gc,phases      ] GC(27)     Total                          Min: 0, Avg:  0.0, Max: 0, Diff: 0, Sum: 0, Workers: 4
[374.031s][debug][gc,phases      ] GC(27)   StringDedup Requests1 Weak     Min:  0.0, Avg:  0.0, Max:  0.0, Diff:  0.0, Sum:  0.0, Workers: 4
[374.031s][debug][gc,phases      ] GC(27)     Dead                           Min: 0, Avg:  0.0, Max: 0, Diff: 0, Sum: 0, Workers: 4
[374.031s][debug][gc,phases      ] GC(27)     Total                          Min: 0, Avg:  0.0, Max: 0, Diff: 0, Sum: 0, Workers: 4
[374.031s][debug][gc,phases      ] GC(27)   Weak JFR Old Object Samples    Min:  0.0, Avg:  0.0, Max:  0.0, Diff:  0.0, Sum:  0.0, Workers: 4
[374.031s][debug][gc,phases      ] GC(27)     Dead                           Min: 0, Avg:  0.0, Max: 0, Diff: 0, Sum: 0, Workers: 4
[374.031s][debug][gc,phases      ] GC(27)     Total                          Min: 0, Avg:  0.0, Max: 0, Diff: 0, Sum: 0, Workers: 4
[374.031s][debug][gc,phases      ] GC(27) Weak Processing 0.328ms
[374.031s][debug][gc,age         ] GC(27) Desired survivor size 536870912 bytes, new threshold 1 (max threshold 15)
[374.031s][info ][gc,heap        ] GC(27) PSYoungGen: 1051584K(1572864K)->2800K(1572864K) Eden: 1048576K(1048576K)->0K(1048576K) From: 3008K(524288K)->2800K(524288K)
[374.031s][info ][gc,heap        ] GC(27) ParOldGen: 444105K(619520K)->444681K(619520K)
[374.031s][info ][gc,metaspace   ] GC(27) Metaspace: 79171K(80192K)->79171K(80192K) NonClass: 67876K(68416K)->67876K(68416K) Class: 11294K(11776K)->11294K(11776K)
[374.031s][info ][gc             ] GC(27) Pause Young (Allocation Failure) 1460M->436M(2141M) 4.605ms
[374.031s][info ][gc,cpu         ] GC(27) User=0.02s Sys=0.00s Real=0.01s
[374.031s][info ][safepoint      ] Safepoint "ParallelGCFailedAllocation", Time since last: 595663563 ns, Reaching safepoint: 44101 ns, At safepoint: 4677598 ns, Total: 4721699 ns
[381.032s][info ][safepoint      ] Safepoint "Cleanup", Time since last: 7000520363 ns, Reaching safepoint: 44301 ns, At safepoint: 3400 ns, Total: 47701 ns
[383.032s][info ][safepoint      ] Safepoint "Cleanup", Time since last: 2000172511 ns, Reaching safepoint: 52801 ns, At safepoint: 2600 ns, Total: 55401 ns
[390.032s][info ][safepoint      ] Safepoint "Cleanup", Time since last: 7000535663 ns, Reaching safepoint: 56401 ns, At safepoint: 3200 ns, Total: 59601 ns
[391.033s][info ][safepoint      ] Safepoint "Cleanup", Time since last: 1000115210 ns, Reaching safepoint: 55401 ns, At safepoint: 3000 ns, Total: 58401 ns
[394.033s][info ][safepoint      ] Safepoint "Cleanup", Time since last: 3000209726 ns, Reaching safepoint: 58001 ns, At safepoint: 3000 ns, Total: 61001 ns
[398.033s][info ][safepoint      ] Safepoint "Cleanup", Time since last: 4000325679 ns, Reaching safepoint: 44801 ns, At safepoint: 2600 ns, Total: 47401 ns
[400.033s][info ][safepoint      ] Safepoint "Cleanup", Time since last: 2000150735 ns, Reaching safepoint: 48501 ns, At safepoint: 4100 ns, Total: 52601 ns
[402.034s][info ][safepoint      ] Safepoint "Cleanup", Time since last: 2000185036 ns, Reaching safepoint: 52301 ns, At safepoint: 2800 ns, Total: 55101 ns
[407.034s][info ][safepoint      ] Safepoint "Cleanup", Time since last: 5000379740 ns, Reaching safepoint: 52201 ns, At safepoint: 3200 ns, Total: 55401 ns
[413.035s][info ][safepoint      ] Safepoint "Cleanup", Time since last: 6000492290 ns, Reaching safepoint: 57702 ns, At safepoint: 6800 ns, Total: 64502 ns
[413.171s][info ][gc,start       ] GC(28) Pause Young (Allocation Failure)
[413.174s][debug][gc,phases      ] GC(28) Scavenge 3.397ms
[413.174s][debug][gc,ref         ] GC(28) Skipped phase 1 of Reference Processing: no references
[413.174s][debug][gc,ref         ] GC(28) Skipped phase 2 of Reference Processing: no references
[413.174s][debug][gc,ref         ] GC(28) Skipped phase 3 of Reference Processing: no references
[413.174s][debug][gc,ref         ] GC(28) Skipped phase 4 of Reference Processing: no references
[413.174s][debug][gc,phases      ] GC(28) Reference Processing 0.039ms
[413.174s][debug][gc,phases      ] GC(28)   VM Weak                        Min:  0.0, Avg:  0.0, Max:  0.0, Diff:  0.0, Sum:  0.0, Workers: 4
[413.174s][debug][gc,phases      ] GC(28)     Dead                           Min: 0, Avg:  0.0, Max: 0, Diff: 0, Sum: 0, Workers: 4
[413.174s][debug][gc,phases      ] GC(28)     Total                          Min: 0, Avg: 196.0, Max: 576, Diff: 576, Sum: 784, Workers: 4
[413.174s][debug][gc,phases      ] GC(28)   ObjectSynchronizer Weak        Min:  0.0, Avg:  0.0, Max:  0.0, Diff:  0.0, Sum:  0.0, Workers: 4
[413.174s][debug][gc,phases      ] GC(28)     Dead                           Min: 0, Avg:  0.0, Max: 0, Diff: 0, Sum: 0, Workers: 4
[413.174s][debug][gc,phases      ] GC(28)     Total                          Min: 0, Avg: 12.0, Max: 48, Diff: 48, Sum: 48, Workers: 4
[413.174s][debug][gc,phases      ] GC(28)   JVMTI Tag Weak OopStorage      Min:  0.0, Avg:  0.0, Max:  0.0, Diff:  0.0, Sum:  0.0, Workers: 4
[413.174s][debug][gc,phases      ] GC(28)     Dead                           Min: 0, Avg:  0.0, Max: 0, Diff: 0, Sum: 0, Workers: 4
[413.174s][debug][gc,phases      ] GC(28)     Total                          Min: 0, Avg:  0.0, Max: 0, Diff: 0, Sum: 0, Workers: 4
[413.174s][debug][gc,phases      ] GC(28)   StringTable Weak               Min:  0.0, Avg:  0.1, Max:  0.1, Diff:  0.1, Sum:  0.4, Workers: 4
[413.174s][debug][gc,phases      ] GC(28)     Dead                           Min: 0, Avg:  0.0, Max: 0, Diff: 0, Sum: 0, Workers: 4
[413.174s][debug][gc,phases      ] GC(28)     Total                          Min: 0, Avg: 10670.2, Max: 14848, Diff: 14848, Sum: 42681, Workers: 4
[413.174s][debug][gc,phases      ] GC(28)   ResolvedMethodTable Weak       Min:  0.0, Avg:  0.0, Max:  0.0, Diff:  0.0, Sum:  0.1, Workers: 4
[413.174s][debug][gc,phases      ] GC(28)     Dead                           Min: 0, Avg:  0.0, Max: 0, Diff: 0, Sum: 0, Workers: 4
[413.174s][debug][gc,phases      ] GC(28)     Total                          Min: 0, Avg: 2176.0, Max: 3136, Diff: 3136, Sum: 8704, Workers: 4
[413.174s][debug][gc,phases      ] GC(28)   JNI Weak                       Min:  0.0, Avg:  0.0, Max:  0.0, Diff:  0.0, Sum:  0.0, Workers: 4
[413.174s][debug][gc,phases      ] GC(28)     Dead                           Min: 0, Avg:  0.0, Max: 0, Diff: 0, Sum: 0, Workers: 4
[413.174s][debug][gc,phases      ] GC(28)     Total                          Min: 0, Avg: 11.2, Max: 45, Diff: 45, Sum: 45, Workers: 4
[413.174s][debug][gc,phases      ] GC(28)   StringDedup Table Weak         Min:  0.0, Avg:  0.0, Max:  0.0, Diff:  0.0, Sum:  0.0, Workers: 4
[413.174s][debug][gc,phases      ] GC(28)     Dead                           Min: 0, Avg:  0.0, Max: 0, Diff: 0, Sum: 0, Workers: 4
[413.174s][debug][gc,phases      ] GC(28)     Total                          Min: 0, Avg:  0.0, Max: 0, Diff: 0, Sum: 0, Workers: 4
[413.174s][debug][gc,phases      ] GC(28)   StringDedup Requests0 Weak     Min:  0.0, Avg:  0.0, Max:  0.0, Diff:  0.0, Sum:  0.0, Workers: 4
[413.174s][debug][gc,phases      ] GC(28)     Dead                           Min: 0, Avg:  0.0, Max: 0, Diff: 0, Sum: 0, Workers: 4
[413.174s][debug][gc,phases      ] GC(28)     Total                          Min: 0, Avg:  0.0, Max: 0, Diff: 0, Sum: 0, Workers: 4
[413.174s][debug][gc,phases      ] GC(28)   StringDedup Requests1 Weak     Min:  0.0, Avg:  0.0, Max:  0.0, Diff:  0.0, Sum:  0.0, Workers: 4
[413.174s][debug][gc,phases      ] GC(28)     Dead                           Min: 0, Avg:  0.0, Max: 0, Diff: 0, Sum: 0, Workers: 4
[413.174s][debug][gc,phases      ] GC(28)     Total                          Min: 0, Avg:  0.0, Max: 0, Diff: 0, Sum: 0, Workers: 4
[413.174s][debug][gc,phases      ] GC(28)   Weak JFR Old Object Samples    Min:  0.0, Avg:  0.0, Max:  0.0, Diff:  0.0, Sum:  0.0, Workers: 4
[413.174s][debug][gc,phases      ] GC(28)     Dead                           Min: 0, Avg:  0.0, Max: 0, Diff: 0, Sum: 0, Workers: 4
[413.174s][debug][gc,phases      ] GC(28)     Total                          Min: 0, Avg:  0.0, Max: 0, Diff: 0, Sum: 0, Workers: 4
[413.174s][debug][gc,phases      ] GC(28) Weak Processing 0.341ms
[413.174s][debug][gc,age         ] GC(28) Desired survivor size 536870912 bytes, new threshold 1 (max threshold 15)
[413.175s][info ][gc,heap        ] GC(28) PSYoungGen: 1051376K(1572864K)->1056K(1572864K) Eden: 1048576K(1048576K)->0K(1048576K) From: 2800K(524288K)->1056K(524288K)
[413.175s][info ][gc,heap        ] GC(28) ParOldGen: 444681K(619520K)->446861K(619520K)
[413.175s][info ][gc,metaspace   ] GC(28) Metaspace: 79184K(80192K)->79184K(80192K) NonClass: 67890K(68416K)->67890K(68416K) Class: 11294K(11776K)->11294K(11776K)
[413.175s][info ][gc             ] GC(28) Pause Young (Allocation Failure) 1460M->437M(2141M) 3.920ms
[413.175s][info ][gc,cpu         ] GC(28) User=0.01s Sys=0.00s Real=0.01s
[413.175s][info ][safepoint      ] Safepoint "ParallelGCFailedAllocation", Time since last: 135821267 ns, Reaching safepoint: 27101 ns, At safepoint: 3996784 ns, Total: 4023885 ns
[415.175s][info ][safepoint      ] Safepoint "Cleanup", Time since last: 2000154327 ns, Reaching safepoint: 114603 ns, At safepoint: 8000 ns, Total: 122603 ns
[423.176s][info ][safepoint      ] Safepoint "Cleanup", Time since last: 8000615600 ns, Reaching safepoint: 108902 ns, At safepoint: 7800 ns, Total: 116702 ns
[429.176s][info ][safepoint      ] Safepoint "Cleanup", Time since last: 6000472428 ns, Reaching safepoint: 123103 ns, At safepoint: 5400 ns, Total: 128503 ns
[435.177s][info ][safepoint      ] Safepoint "Cleanup", Time since last: 6000499037 ns, Reaching safepoint: 117502 ns, At safepoint: 5400 ns, Total: 122902 ns
[437.177s][info ][safepoint      ] Safepoint "Cleanup", Time since last: 2000200702 ns, Reaching safepoint: 48901 ns, At safepoint: 7200 ns, Total: 56101 ns
[439.177s][info ][safepoint      ] Safepoint "Cleanup", Time since last: 2000176968 ns, Reaching safepoint: 43601 ns, At safepoint: 2400 ns, Total: 46001 ns
[445.178s][info ][safepoint      ] Safepoint "Cleanup", Time since last: 6000487601 ns, Reaching safepoint: 53601 ns, At safepoint: 3800 ns, Total: 57401 ns
[446.178s][info ][safepoint      ] Safepoint "Cleanup", Time since last: 1000095283 ns, Reaching safepoint: 49601 ns, At safepoint: 2700 ns, Total: 52301 ns
[447.178s][info ][safepoint      ] Safepoint "Cleanup", Time since last: 1000092183 ns, Reaching safepoint: 53501 ns, At safepoint: 6400 ns, Total: 59901 ns
[452.179s][info ][safepoint      ] Safepoint "Cleanup", Time since last: 5000394612 ns, Reaching safepoint: 149103 ns, At safepoint: 8900 ns, Total: 158003 ns
[452.425s][info ][gc,start       ] GC(29) Pause Young (Allocation Failure)
[452.427s][debug][gc,phases      ] GC(29) Scavenge 1.787ms
[452.427s][debug][gc,ref         ] GC(29) Skipped phase 1 of Reference Processing: no references
[452.427s][debug][gc,ref         ] GC(29) Skipped phase 2 of Reference Processing: no references
[452.427s][debug][gc,ref         ] GC(29) Skipped phase 3 of Reference Processing: no references
[452.427s][debug][gc,ref         ] GC(29) Skipped phase 4 of Reference Processing: no references
[452.427s][debug][gc,phases      ] GC(29) Reference Processing 0.023ms
[452.427s][debug][gc,phases      ] GC(29)   VM Weak                        Min:  0.0, Avg:  0.0, Max:  0.0, Diff:  0.0, Sum:  0.0, Workers: 4
[452.427s][debug][gc,phases      ] GC(29)     Dead                           Min: 0, Avg:  0.0, Max: 0, Diff: 0, Sum: 0, Workers: 4
[452.427s][debug][gc,phases      ] GC(29)     Total                          Min: 0, Avg: 196.0, Max: 720, Diff: 720, Sum: 784, Workers: 4
[452.427s][debug][gc,phases      ] GC(29)   ObjectSynchronizer Weak        Min:  0.0, Avg:  0.0, Max:  0.0, Diff:  0.0, Sum:  0.0, Workers: 4
[452.427s][debug][gc,phases      ] GC(29)     Dead                           Min: 0, Avg:  0.0, Max: 0, Diff: 0, Sum: 0, Workers: 4
[452.427s][debug][gc,phases      ] GC(29)     Total                          Min: 0, Avg: 12.0, Max: 48, Diff: 48, Sum: 48, Workers: 4
[452.427s][debug][gc,phases      ] GC(29)   JVMTI Tag Weak OopStorage      Min:  0.0, Avg:  0.0, Max:  0.0, Diff:  0.0, Sum:  0.0, Workers: 4
[452.427s][debug][gc,phases      ] GC(29)     Dead                           Min: 0, Avg:  0.0, Max: 0, Diff: 0, Sum: 0, Workers: 4
[452.427s][debug][gc,phases      ] GC(29)     Total                          Min: 0, Avg:  0.0, Max: 0, Diff: 0, Sum: 0, Workers: 4
[452.427s][debug][gc,phases      ] GC(29)   StringTable Weak               Min:  0.0, Avg:  0.1, Max:  0.1, Diff:  0.1, Sum:  0.4, Workers: 4
[452.427s][debug][gc,phases      ] GC(29)     Dead                           Min: 0, Avg:  0.0, Max: 0, Diff: 0, Sum: 0, Workers: 4
[452.427s][debug][gc,phases      ] GC(29)     Total                          Min: 0, Avg: 10675.0, Max: 15232, Diff: 15232, Sum: 42700, Workers: 4
[452.427s][debug][gc,phases      ] GC(29)   ResolvedMethodTable Weak       Min:  0.0, Avg:  0.0, Max:  0.0, Diff:  0.0, Sum:  0.1, Workers: 4
[452.427s][debug][gc,phases      ] GC(29)     Dead                           Min: 0, Avg:  0.0, Max: 0, Diff: 0, Sum: 0, Workers: 4
[452.427s][debug][gc,phases      ] GC(29)     Total                          Min: 0, Avg: 2176.0, Max: 3648, Diff: 3648, Sum: 8704, Workers: 4
[452.427s][debug][gc,phases      ] GC(29)   JNI Weak                       Min:  0.0, Avg:  0.0, Max:  0.0, Diff:  0.0, Sum:  0.0, Workers: 4
[452.427s][debug][gc,phases      ] GC(29)     Dead                           Min: 0, Avg:  0.0, Max: 0, Diff: 0, Sum: 0, Workers: 4
[452.427s][debug][gc,phases      ] GC(29)     Total                          Min: 0, Avg: 11.2, Max: 45, Diff: 45, Sum: 45, Workers: 4
[452.427s][debug][gc,phases      ] GC(29)   StringDedup Table Weak         Min:  0.0, Avg:  0.0, Max:  0.0, Diff:  0.0, Sum:  0.0, Workers: 4
[452.427s][debug][gc,phases      ] GC(29)     Dead                           Min: 0, Avg:  0.0, Max: 0, Diff: 0, Sum: 0, Workers: 4
[452.427s][debug][gc,phases      ] GC(29)     Total                          Min: 0, Avg:  0.0, Max: 0, Diff: 0, Sum: 0, Workers: 4
[452.427s][debug][gc,phases      ] GC(29)   StringDedup Requests0 Weak     Min:  0.0, Avg:  0.0, Max:  0.0, Diff:  0.0, Sum:  0.0, Workers: 4
[452.427s][debug][gc,phases      ] GC(29)     Dead                           Min: 0, Avg:  0.0, Max: 0, Diff: 0, Sum: 0, Workers: 4
[452.427s][debug][gc,phases      ] GC(29)     Total                          Min: 0, Avg:  0.0, Max: 0, Diff: 0, Sum: 0, Workers: 4
[452.427s][debug][gc,phases      ] GC(29)   StringDedup Requests1 Weak     Min:  0.0, Avg:  0.0, Max:  0.0, Diff:  0.0, Sum:  0.0, Workers: 4
[452.427s][debug][gc,phases      ] GC(29)     Dead                           Min: 0, Avg:  0.0, Max: 0, Diff: 0, Sum: 0, Workers: 4
[452.427s][debug][gc,phases      ] GC(29)     Total                          Min: 0, Avg:  0.0, Max: 0, Diff: 0, Sum: 0, Workers: 4
[452.427s][debug][gc,phases      ] GC(29)   Weak JFR Old Object Samples    Min:  0.0, Avg:  0.0, Max:  0.0, Diff:  0.0, Sum:  0.0, Workers: 4
[452.427s][debug][gc,phases      ] GC(29)     Dead                           Min: 0, Avg:  0.0, Max: 0, Diff: 0, Sum: 0, Workers: 4
[452.427s][debug][gc,phases      ] GC(29)     Total                          Min: 0, Avg:  0.0, Max: 0, Diff: 0, Sum: 0, Workers: 4
[452.427s][debug][gc,phases      ] GC(29) Weak Processing 0.340ms
[452.427s][debug][gc,age         ] GC(29) Desired survivor size 528482304 bytes, new threshold 2 (max threshold 15)
[452.427s][info ][gc,heap        ] GC(29) PSYoungGen: 1049632K(1572864K)->1280K(1581056K) Eden: 1048576K(1048576K)->0K(1056768K) From: 1056K(524288K)->1280K(524288K)
[452.427s][info ][gc,heap        ] GC(29) ParOldGen: 446861K(619520K)->447166K(619520K)
[452.427s][info ][gc,metaspace   ] GC(29) Metaspace: 79192K(80192K)->79192K(80192K) NonClass: 67898K(68416K)->67898K(68416K) Class: 11294K(11776K)->11294K(11776K)
[452.427s][info ][gc             ] GC(29) Pause Young (Allocation Failure) 1461M->437M(2149M) 2.264ms
[452.427s][info ][gc,cpu         ] GC(29) User=0.00s Sys=0.01s Real=0.00s
[452.427s][info ][safepoint      ] Safepoint "ParallelGCFailedAllocation", Time since last: 246113213 ns, Reaching safepoint: 34801 ns, At safepoint: 2331349 ns, Total: 2366150 ns
[454.427s][info ][safepoint      ] Safepoint "Cleanup", Time since last: 2000117778 ns, Reaching safepoint: 44801 ns, At safepoint: 2800 ns, Total: 47601 ns
[455.427s][info ][safepoint      ] Safepoint "Cleanup", Time since last: 1000108992 ns, Reaching safepoint: 45501 ns, At safepoint: 2600 ns, Total: 48101 ns
[456.428s][info ][safepoint      ] Safepoint "Cleanup", Time since last: 1000114391 ns, Reaching safepoint: 42601 ns, At safepoint: 2900 ns, Total: 45501 ns
[457.428s][info ][safepoint      ] Safepoint "Cleanup", Time since last: 1000106491 ns, Reaching safepoint: 42801 ns, At safepoint: 2800 ns, Total: 45601 ns
[461.495s][info ][safepoint      ] Safepoint "Cleanup", Time since last: 4067141810 ns, Reaching safepoint: 69601 ns, At safepoint: 4801 ns, Total: 74402 ns
[463.495s][info ][safepoint      ] Safepoint "Cleanup", Time since last: 2000169726 ns, Reaching safepoint: 42001 ns, At safepoint: 2400 ns, Total: 44401 ns
[465.495s][info ][safepoint      ] Safepoint "Cleanup", Time since last: 2000175727 ns, Reaching safepoint: 44001 ns, At safepoint: 3300 ns, Total: 47301 ns
[473.496s][info ][safepoint      ] Safepoint "Cleanup", Time since last: 8000579727 ns, Reaching safepoint: 41501 ns, At safepoint: 3800 ns, Total: 45301 ns
[475.496s][info ][safepoint      ] Safepoint "Cleanup", Time since last: 2000131732 ns, Reaching safepoint: 43901 ns, At safepoint: 3300 ns, Total: 47201 ns
[477.496s][info ][safepoint      ] Safepoint "Cleanup", Time since last: 2000181679 ns, Reaching safepoint: 47701 ns, At safepoint: 2500 ns, Total: 50201 ns
[480.497s][info ][safepoint      ] Safepoint "Cleanup", Time since last: 3000249657 ns, Reaching safepoint: 50001 ns, At safepoint: 3600 ns, Total: 53601 ns
[481.497s][info ][safepoint      ] Safepoint "Cleanup", Time since last: 1000128187 ns, Reaching safepoint: 50101 ns, At safepoint: 3600 ns, Total: 53701 ns
[485.497s][info ][safepoint      ] Safepoint "Cleanup", Time since last: 4000303620 ns, Reaching safepoint: 44923 ns, At safepoint: 3602 ns, Total: 48525 ns
[487.498s][info ][safepoint      ] Safepoint "Cleanup", Time since last: 2000169957 ns, Reaching safepoint: 56601 ns, At safepoint: 7601 ns, Total: 64202 ns
[488.498s][info ][safepoint      ] Safepoint "Cleanup", Time since last: 1000111175 ns, Reaching safepoint: 49301 ns, At safepoint: 2800 ns, Total: 52101 ns
[489.794s][info ][safepoint      ] Safepoint "Cleanup", Time since last: 1296431779 ns, Reaching safepoint: 53201 ns, At safepoint: 2900 ns, Total: 56101 ns
[490.027s][info ][gc,start       ] GC(30) Pause Young (Allocation Failure)
[490.029s][debug][gc,phases      ] GC(30) Scavenge 2.340ms
[490.029s][debug][gc,ref         ] GC(30) Skipped phase 1 of Reference Processing: no references
[490.029s][debug][gc,ref         ] GC(30) Skipped phase 2 of Reference Processing: no references
[490.029s][debug][gc,ref         ] GC(30) Skipped phase 3 of Reference Processing: no references
[490.029s][debug][gc,ref         ] GC(30) ReferenceProcessor::execute queues: 1, RefProcThreadModel::Single, marks_oops_alive: false
[490.029s][debug][gc,phases      ] GC(30) Reference Processing 0.126ms
[490.029s][debug][gc,phases      ] GC(30)   VM Weak                        Min:  0.0, Avg:  0.0, Max:  0.0, Diff:  0.0, Sum:  0.0, Workers: 4
[490.029s][debug][gc,phases      ] GC(30)     Dead                           Min: 0, Avg:  0.0, Max: 0, Diff: 0, Sum: 0, Workers: 4
[490.029s][debug][gc,phases      ] GC(30)     Total                          Min: 0, Avg: 196.0, Max: 784, Diff: 784, Sum: 784, Workers: 4
[490.029s][debug][gc,phases      ] GC(30)   ObjectSynchronizer Weak        Min:  0.0, Avg:  0.0, Max:  0.0, Diff:  0.0, Sum:  0.0, Workers: 4
[490.029s][debug][gc,phases      ] GC(30)     Dead                           Min: 0, Avg:  0.0, Max: 0, Diff: 0, Sum: 0, Workers: 4
[490.029s][debug][gc,phases      ] GC(30)     Total                          Min: 0, Avg: 12.0, Max: 48, Diff: 48, Sum: 48, Workers: 4
[490.029s][debug][gc,phases      ] GC(30)   JVMTI Tag Weak OopStorage      Min:  0.0, Avg:  0.0, Max:  0.0, Diff:  0.0, Sum:  0.0, Workers: 4
[490.029s][debug][gc,phases      ] GC(30)     Dead                           Min: 0, Avg:  0.0, Max: 0, Diff: 0, Sum: 0, Workers: 4
[490.029s][debug][gc,phases      ] GC(30)     Total                          Min: 0, Avg:  0.0, Max: 0, Diff: 0, Sum: 0, Workers: 4
[490.029s][debug][gc,phases      ] GC(30)   StringTable Weak               Min:  0.0, Avg:  0.1, Max:  0.1, Diff:  0.1, Sum:  0.4, Workers: 4
[490.029s][debug][gc,phases      ] GC(30)     Dead                           Min: 0, Avg:  0.0, Max: 0, Diff: 0, Sum: 0, Workers: 4
[490.029s][debug][gc,phases      ] GC(30)     Total                          Min: 0, Avg: 10680.0, Max: 15360, Diff: 15360, Sum: 42720, Workers: 4
[490.029s][debug][gc,phases      ] GC(30)   ResolvedMethodTable Weak       Min:  0.0, Avg:  0.0, Max:  0.0, Diff:  0.0, Sum:  0.1, Workers: 4
[490.029s][debug][gc,phases      ] GC(30)     Dead                           Min: 0, Avg:  0.0, Max: 0, Diff: 0, Sum: 0, Workers: 4
[490.029s][debug][gc,phases      ] GC(30)     Total                          Min: 0, Avg: 2176.2, Max: 3073, Diff: 3073, Sum: 8705, Workers: 4
[490.029s][debug][gc,phases      ] GC(30)   JNI Weak                       Min:  0.0, Avg:  0.0, Max:  0.0, Diff:  0.0, Sum:  0.0, Workers: 4
[490.029s][debug][gc,phases      ] GC(30)     Dead                           Min: 0, Avg:  0.0, Max: 0, Diff: 0, Sum: 0, Workers: 4
[490.030s][debug][gc,phases      ] GC(30)     Total                          Min: 0, Avg: 11.2, Max: 45, Diff: 45, Sum: 45, Workers: 4
[490.030s][debug][gc,phases      ] GC(30)   StringDedup Table Weak         Min:  0.0, Avg:  0.0, Max:  0.0, Diff:  0.0, Sum:  0.0, Workers: 4
[490.030s][debug][gc,phases      ] GC(30)     Dead                           Min: 0, Avg:  0.0, Max: 0, Diff: 0, Sum: 0, Workers: 4
[490.030s][debug][gc,phases      ] GC(30)     Total                          Min: 0, Avg:  0.0, Max: 0, Diff: 0, Sum: 0, Workers: 4
[490.030s][debug][gc,phases      ] GC(30)   StringDedup Requests0 Weak     Min:  0.0, Avg:  0.0, Max:  0.0, Diff:  0.0, Sum:  0.0, Workers: 4
[490.030s][debug][gc,phases      ] GC(30)     Dead                           Min: 0, Avg:  0.0, Max: 0, Diff: 0, Sum: 0, Workers: 4
[490.030s][debug][gc,phases      ] GC(30)     Total                          Min: 0, Avg:  0.0, Max: 0, Diff: 0, Sum: 0, Workers: 4
[490.030s][debug][gc,phases      ] GC(30)   StringDedup Requests1 Weak     Min:  0.0, Avg:  0.0, Max:  0.0, Diff:  0.0, Sum:  0.0, Workers: 4
[490.030s][debug][gc,phases      ] GC(30)     Dead                           Min: 0, Avg:  0.0, Max: 0, Diff: 0, Sum: 0, Workers: 4
[490.030s][debug][gc,phases      ] GC(30)     Total                          Min: 0, Avg:  0.0, Max: 0, Diff: 0, Sum: 0, Workers: 4
[490.030s][debug][gc,phases      ] GC(30)   Weak JFR Old Object Samples    Min:  0.0, Avg:  0.0, Max:  0.0, Diff:  0.0, Sum:  0.0, Workers: 4
[490.030s][debug][gc,phases      ] GC(30)     Dead                           Min: 0, Avg:  0.0, Max: 0, Diff: 0, Sum: 0, Workers: 4
[490.030s][debug][gc,phases      ] GC(30)     Total                          Min: 0, Avg:  0.0, Max: 0, Diff: 0, Sum: 0, Workers: 4
[490.030s][debug][gc,phases      ] GC(30) Weak Processing 0.348ms
[490.030s][debug][gc,age         ] GC(30) Desired survivor size 509607936 bytes, new threshold 3 (max threshold 15)
[490.030s][info ][gc,heap        ] GC(30) PSYoungGen: 1058048K(1581056K)->2688K(1572864K) Eden: 1056768K(1056768K)->0K(1056768K) From: 1280K(524288K)->2688K(516096K)
[490.030s][info ][gc,heap        ] GC(30) ParOldGen: 447166K(619520K)->447166K(619520K)
[490.030s][info ][gc,metaspace   ] GC(30) Metaspace: 79227K(80256K)->79227K(80256K) NonClass: 67929K(68480K)->67929K(68480K) Class: 11298K(11776K)->11298K(11776K)
[490.030s][info ][gc             ] GC(30) Pause Young (Allocation Failure) 1469M->439M(2141M) 2.973ms
[490.030s][info ][gc,cpu         ] GC(30) User=0.01s Sys=0.00s Real=0.00s
[490.030s][info ][safepoint      ] Safepoint "ParallelGCFailedAllocation", Time since last: 232299042 ns, Reaching safepoint: 115202 ns, At safepoint: 3061766 ns, Total: 3176968 ns
[491.030s][info ][safepoint      ] Safepoint "Cleanup", Time since last: 1000085774 ns, Reaching safepoint: 53902 ns, At safepoint: 2600 ns, Total: 56502 ns
[492.030s][info ][safepoint      ] Safepoint "Cleanup", Time since last: 1000150476 ns, Reaching safepoint: 35501 ns, At safepoint: 2300 ns, Total: 37801 ns
[493.030s][info ][safepoint      ] Safepoint "Cleanup", Time since last: 1000093785 ns, Reaching safepoint: 49805 ns, At safepoint: 2900 ns, Total: 52705 ns
[497.031s][info ][safepoint      ] Safepoint "Cleanup", Time since last: 4000324567 ns, Reaching safepoint: 63002 ns, At safepoint: 3300 ns, Total: 66302 ns
[500.031s][info ][safepoint      ] Safepoint "Cleanup", Time since last: 3000275177 ns, Reaching safepoint: 47602 ns, At safepoint: 3000 ns, Total: 50602 ns
[503.031s][info ][safepoint      ] Safepoint "Cleanup", Time since last: 3000255922 ns, Reaching safepoint: 49201 ns, At safepoint: 2400 ns, Total: 51601 ns
[504.031s][info ][safepoint      ] Safepoint "Cleanup", Time since last: 1000112948 ns, Reaching safepoint: 56102 ns, At safepoint: 5300 ns, Total: 61402 ns
[506.073s][info ][safepoint      ] Safepoint "Cleanup", Time since last: 2041847105 ns, Reaching safepoint: 122204 ns, At safepoint: 5400 ns, Total: 127604 ns
[510.074s][info ][safepoint      ] Safepoint "Cleanup", Time since last: 4000351278 ns, Reaching safepoint: 127705 ns, At safepoint: 5200 ns, Total: 132905 ns
[511.074s][info ][safepoint      ] Safepoint "Cleanup", Time since last: 1000126931 ns, Reaching safepoint: 116705 ns, At safepoint: 10500 ns, Total: 127205 ns
[512.074s][info ][safepoint      ] Safepoint "Cleanup", Time since last: 1000119931 ns, Reaching safepoint: 122605 ns, At safepoint: 6400 ns, Total: 129005 ns
[513.075s][info ][safepoint      ] Safepoint "Cleanup", Time since last: 1000120131 ns, Reaching safepoint: 128405 ns, At safepoint: 5000 ns, Total: 133405 ns
[514.075s][info ][safepoint      ] Safepoint "Cleanup", Time since last: 1000121631 ns, Reaching safepoint: 119804 ns, At safepoint: 5501 ns, Total: 125305 ns
[515.075s][info ][safepoint      ] Safepoint "Cleanup", Time since last: 1000116131 ns, Reaching safepoint: 120604 ns, At safepoint: 6100 ns, Total: 126704 ns
[516.075s][info ][safepoint      ] Safepoint "Cleanup", Time since last: 1000131032 ns, Reaching safepoint: 127404 ns, At safepoint: 7301 ns, Total: 134705 ns
[519.076s][info ][safepoint      ] Safepoint "Cleanup", Time since last: 3000277268 ns, Reaching safepoint: 120404 ns, At safepoint: 5700 ns, Total: 126104 ns
[521.076s][info ][safepoint      ] Safepoint "Cleanup", Time since last: 2000223047 ns, Reaching safepoint: 118004 ns, At safepoint: 8600 ns, Total: 126604 ns
[522.076s][info ][safepoint      ] Safepoint "Cleanup", Time since last: 1000128024 ns, Reaching safepoint: 122404 ns, At safepoint: 5100 ns, Total: 127504 ns
[523.077s][info ][safepoint      ] Safepoint "Cleanup", Time since last: 1000138225 ns, Reaching safepoint: 122004 ns, At safepoint: 6200 ns, Total: 128204 ns
[526.077s][info ][safepoint      ] Safepoint "Cleanup", Time since last: 3000274120 ns, Reaching safepoint: 44901 ns, At safepoint: 3200 ns, Total: 48101 ns
[527.325s][info ][gc,start       ] GC(31) Pause Young (Allocation Failure)
[527.327s][debug][gc,phases      ] GC(31) Scavenge 2.255ms
[527.327s][debug][gc,ref         ] GC(31) Skipped phase 1 of Reference Processing: no references
[527.327s][debug][gc,ref         ] GC(31) ReferenceProcessor::execute queues: 1, RefProcThreadModel::Single, marks_oops_alive: false
[527.327s][debug][gc,ref         ] GC(31) Skipped phase 3 of Reference Processing: no references
[527.327s][debug][gc,ref         ] GC(31) ReferenceProcessor::execute queues: 1, RefProcThreadModel::Single, marks_oops_alive: false
[527.327s][debug][gc,phases      ] GC(31) Reference Processing 0.153ms
[527.327s][debug][gc,phases      ] GC(31)   VM Weak                        Min:  0.0, Avg:  0.0, Max:  0.0, Diff:  0.0, Sum:  0.0, Workers: 4
[527.327s][debug][gc,phases      ] GC(31)     Dead                           Min: 0, Avg:  0.0, Max: 0, Diff: 0, Sum: 0, Workers: 4
[527.327s][debug][gc,phases      ] GC(31)     Total                          Min: 0, Avg: 196.0, Max: 656, Diff: 656, Sum: 784, Workers: 4
[527.327s][debug][gc,phases      ] GC(31)   ObjectSynchronizer Weak        Min:  0.0, Avg:  0.0, Max:  0.0, Diff:  0.0, Sum:  0.0, Workers: 4
[527.327s][debug][gc,phases      ] GC(31)     Dead                           Min: 0, Avg:  0.0, Max: 0, Diff: 0, Sum: 0, Workers: 4
[527.327s][debug][gc,phases      ] GC(31)     Total                          Min: 0, Avg: 12.0, Max: 48, Diff: 48, Sum: 48, Workers: 4
[527.327s][debug][gc,phases      ] GC(31)   JVMTI Tag Weak OopStorage      Min:  0.0, Avg:  0.0, Max:  0.0, Diff:  0.0, Sum:  0.0, Workers: 4
[527.327s][debug][gc,phases      ] GC(31)     Dead                           Min: 0, Avg:  0.0, Max: 0, Diff: 0, Sum: 0, Workers: 4
[527.327s][debug][gc,phases      ] GC(31)     Total                          Min: 0, Avg:  0.0, Max: 0, Diff: 0, Sum: 0, Workers: 4
[527.327s][debug][gc,phases      ] GC(31)   StringTable Weak               Min:  0.0, Avg:  0.1, Max:  0.1, Diff:  0.1, Sum:  0.4, Workers: 4
[527.327s][debug][gc,phases      ] GC(31)     Dead                           Min: 0, Avg:  0.5, Max: 2, Diff: 2, Sum: 2, Workers: 4
[527.327s][debug][gc,phases      ] GC(31)     Total                          Min: 0, Avg: 10682.8, Max: 15467, Diff: 15467, Sum: 42731, Workers: 4
[527.327s][debug][gc,phases      ] GC(31)   ResolvedMethodTable Weak       Min:  0.0, Avg:  0.0, Max:  0.0, Diff:  0.0, Sum:  0.1, Workers: 4
[527.327s][debug][gc,phases      ] GC(31)     Dead                           Min: 0, Avg:  0.0, Max: 0, Diff: 0, Sum: 0, Workers: 4
[527.327s][debug][gc,phases      ] GC(31)     Total                          Min: 0, Avg: 2178.0, Max: 3272, Diff: 3272, Sum: 8712, Workers: 4
[527.327s][debug][gc,phases      ] GC(31)   JNI Weak                       Min:  0.0, Avg:  0.0, Max:  0.0, Diff:  0.0, Sum:  0.0, Workers: 4
[527.327s][debug][gc,phases      ] GC(31)     Dead                           Min: 0, Avg:  0.0, Max: 0, Diff: 0, Sum: 0, Workers: 4
[527.327s][debug][gc,phases      ] GC(31)     Total                          Min: 0, Avg: 11.2, Max: 45, Diff: 45, Sum: 45, Workers: 4
[527.327s][debug][gc,phases      ] GC(31)   StringDedup Table Weak         Min:  0.0, Avg:  0.0, Max:  0.0, Diff:  0.0, Sum:  0.0, Workers: 4
[527.327s][debug][gc,phases      ] GC(31)     Dead                           Min: 0, Avg:  0.0, Max: 0, Diff: 0, Sum: 0, Workers: 4
[527.327s][debug][gc,phases      ] GC(31)     Total                          Min: 0, Avg:  0.0, Max: 0, Diff: 0, Sum: 0, Workers: 4
[527.327s][debug][gc,phases      ] GC(31)   StringDedup Requests0 Weak     Min:  0.0, Avg:  0.0, Max:  0.0, Diff:  0.0, Sum:  0.0, Workers: 4
[527.327s][debug][gc,phases      ] GC(31)     Dead                           Min: 0, Avg:  0.0, Max: 0, Diff: 0, Sum: 0, Workers: 4
[527.327s][debug][gc,phases      ] GC(31)     Total                          Min: 0, Avg:  0.0, Max: 0, Diff: 0, Sum: 0, Workers: 4
[527.327s][debug][gc,phases      ] GC(31)   StringDedup Requests1 Weak     Min:  0.0, Avg:  0.0, Max:  0.0, Diff:  0.0, Sum:  0.0, Workers: 4
[527.327s][debug][gc,phases      ] GC(31)     Dead                           Min: 0, Avg:  0.0, Max: 0, Diff: 0, Sum: 0, Workers: 4
[527.327s][debug][gc,phases      ] GC(31)     Total                          Min: 0, Avg:  0.0, Max: 0, Diff: 0, Sum: 0, Workers: 4
[527.327s][debug][gc,phases      ] GC(31)   Weak JFR Old Object Samples    Min:  0.0, Avg:  0.0, Max:  0.0, Diff:  0.0, Sum:  0.0, Workers: 4
[527.327s][debug][gc,phases      ] GC(31)     Dead                           Min: 0, Avg:  0.0, Max: 0, Diff: 0, Sum: 0, Workers: 4
[527.327s][debug][gc,phases      ] GC(31)     Total                          Min: 0, Avg:  0.0, Max: 0, Diff: 0, Sum: 0, Workers: 4
[527.327s][debug][gc,phases      ] GC(31) Weak Processing 0.339ms
[527.327s][debug][gc,age         ] GC(31) Desired survivor size 488636416 bytes, new threshold 4 (max threshold 15)
[527.327s][info ][gc,heap        ] GC(31) PSYoungGen: 1059456K(1572864K)->2848K(1619968K) Eden: 1056768K(1056768K)->0K(1122304K) From: 2688K(516096K)->2848K(497664K)
[527.327s][info ][gc,heap        ] GC(31) ParOldGen: 447166K(619520K)->447166K(619520K)
[527.327s][info ][gc,metaspace   ] GC(31) Metaspace: 79269K(80256K)->79269K(80256K) NonClass: 67966K(68480K)->67966K(68480K) Class: 11302K(11776K)->11302K(11776K)
[527.327s][info ][gc             ] GC(31) Pause Young (Allocation Failure) 1471M->439M(2187M) 2.915ms
[527.327s][info ][gc,cpu         ] GC(31) User=0.01s Sys=0.00s Real=0.00s
[527.328s][info ][safepoint      ] Safepoint "ParallelGCFailedAllocation", Time since last: 1247567396 ns, Reaching safepoint: 30201 ns, At safepoint: 2992998 ns, Total: 3023199 ns
[528.328s][info ][safepoint      ] Safepoint "Cleanup", Time since last: 1000081384 ns, Reaching safepoint: 47001 ns, At safepoint: 2800 ns, Total: 49801 ns
[529.328s][info ][safepoint      ] Safepoint "Cleanup", Time since last: 1000126085 ns, Reaching safepoint: 66402 ns, At safepoint: 2800 ns, Total: 69202 ns
[534.328s][info ][safepoint      ] Safepoint "Cleanup", Time since last: 5000389239 ns, Reaching safepoint: 56902 ns, At safepoint: 2800 ns, Total: 59702 ns
[544.329s][info ][safepoint      ] Safepoint "Cleanup", Time since last: 10000742012 ns, Reaching safepoint: 52001 ns, At safepoint: 2800 ns, Total: 54801 ns
[546.329s][info ][safepoint      ] Safepoint "Cleanup", Time since last: 2000189611 ns, Reaching safepoint: 67303 ns, At safepoint: 5700 ns, Total: 73003 ns
[551.330s][info ][safepoint      ] Safepoint "Cleanup", Time since last: 5000392950 ns, Reaching safepoint: 44501 ns, At safepoint: 2401 ns, Total: 46902 ns
[553.330s][info ][safepoint      ] Safepoint "Cleanup", Time since last: 2000185613 ns, Reaching safepoint: 41801 ns, At safepoint: 2500 ns, Total: 44301 ns
[554.330s][info ][safepoint      ] Safepoint "Cleanup", Time since last: 1000104707 ns, Reaching safepoint: 51002 ns, At safepoint: 2500 ns, Total: 53502 ns
[556.330s][info ][safepoint      ] Safepoint "Cleanup", Time since last: 2000144813 ns, Reaching safepoint: 96603 ns, At safepoint: 3600 ns, Total: 100203 ns
[557.331s][info ][safepoint      ] Safepoint "Cleanup", Time since last: 1000129081 ns, Reaching safepoint: 57902 ns, At safepoint: 2600 ns, Total: 60502 ns
[558.331s][info ][safepoint      ] Safepoint "Cleanup", Time since last: 1000125952 ns, Reaching safepoint: 63802 ns, At safepoint: 3000 ns, Total: 66802 ns
[559.331s][info ][safepoint      ] Safepoint "Cleanup", Time since last: 1000108351 ns, Reaching safepoint: 49302 ns, At safepoint: 3100 ns, Total: 52402 ns
[560.331s][info ][safepoint      ] Safepoint "Cleanup", Time since last: 1000125051 ns, Reaching safepoint: 54502 ns, At safepoint: 3200 ns, Total: 57702 ns
[561.331s][info ][safepoint      ] Safepoint "Cleanup", Time since last: 1000108151 ns, Reaching safepoint: 57402 ns, At safepoint: 5400 ns, Total: 62802 ns
[564.332s][info ][safepoint      ] Safepoint "Cleanup", Time since last: 3000255951 ns, Reaching safepoint: 45402 ns, At safepoint: 2900 ns, Total: 48302 ns
[568.074s][info ][gc,start       ] GC(32) Pause Young (Allocation Failure)
[568.077s][debug][gc,phases      ] GC(32) Scavenge 2.937ms
[568.077s][debug][gc,ref         ] GC(32) Skipped phase 1 of Reference Processing: no references
[568.077s][debug][gc,ref         ] GC(32) ReferenceProcessor::execute queues: 1, RefProcThreadModel::Single, marks_oops_alive: false
[568.077s][debug][gc,ref         ] GC(32) Skipped phase 3 of Reference Processing: no references
[568.077s][debug][gc,ref         ] GC(32) Skipped phase 4 of Reference Processing: no references
[568.077s][debug][gc,phases      ] GC(32) Reference Processing 0.105ms
[568.077s][debug][gc,phases      ] GC(32)   VM Weak                        Min:  0.0, Avg:  0.0, Max:  0.0, Diff:  0.0, Sum:  0.0, Workers: 4
[568.077s][debug][gc,phases      ] GC(32)     Dead                           Min: 0, Avg:  0.0, Max: 0, Diff: 0, Sum: 0, Workers: 4
[568.077s][debug][gc,phases      ] GC(32)     Total                          Min: 0, Avg: 196.0, Max: 784, Diff: 784, Sum: 784, Workers: 4
[568.077s][debug][gc,phases      ] GC(32)   ObjectSynchronizer Weak        Min:  0.0, Avg:  0.0, Max:  0.0, Diff:  0.0, Sum:  0.0, Workers: 4
[568.077s][debug][gc,phases      ] GC(32)     Dead                           Min: 0, Avg:  0.0, Max: 0, Diff: 0, Sum: 0, Workers: 4
[568.077s][debug][gc,phases      ] GC(32)     Total                          Min: 0, Avg: 12.0, Max: 48, Diff: 48, Sum: 48, Workers: 4
[568.077s][debug][gc,phases      ] GC(32)   JVMTI Tag Weak OopStorage      Min:  0.0, Avg:  0.0, Max:  0.0, Diff:  0.0, Sum:  0.0, Workers: 4
[568.077s][debug][gc,phases      ] GC(32)     Dead                           Min: 0, Avg:  0.0, Max: 0, Diff: 0, Sum: 0, Workers: 4
[568.077s][debug][gc,phases      ] GC(32)     Total                          Min: 0, Avg:  0.0, Max: 0, Diff: 0, Sum: 0, Workers: 4
[568.077s][debug][gc,phases      ] GC(32)   StringTable Weak               Min:  0.0, Avg:  0.1, Max:  0.2, Diff:  0.2, Sum:  0.4, Workers: 4
[568.077s][debug][gc,phases      ] GC(32)     Dead                           Min: 0, Avg:  0.0, Max: 0, Diff: 0, Sum: 0, Workers: 4
[568.077s][debug][gc,phases      ] GC(32)     Total                          Min: 0, Avg: 10687.2, Max: 18494, Diff: 18494, Sum: 42749, Workers: 4
[568.077s][debug][gc,phases      ] GC(32)   ResolvedMethodTable Weak       Min:  0.0, Avg:  0.0, Max:  0.0, Diff:  0.0, Sum:  0.1, Workers: 4
[568.077s][debug][gc,phases      ] GC(32)     Dead                           Min: 0, Avg:  0.0, Max: 0, Diff: 0, Sum: 0, Workers: 4
[568.077s][debug][gc,phases      ] GC(32)     Total                          Min: 0, Avg: 2178.0, Max: 3017, Diff: 3017, Sum: 8712, Workers: 4
[568.077s][debug][gc,phases      ] GC(32)   JNI Weak                       Min:  0.0, Avg:  0.0, Max:  0.0, Diff:  0.0, Sum:  0.0, Workers: 4
[568.077s][debug][gc,phases      ] GC(32)     Dead                           Min: 0, Avg:  0.0, Max: 0, Diff: 0, Sum: 0, Workers: 4
[568.077s][debug][gc,phases      ] GC(32)     Total                          Min: 0, Avg: 11.2, Max: 45, Diff: 45, Sum: 45, Workers: 4
[568.077s][debug][gc,phases      ] GC(32)   StringDedup Table Weak         Min:  0.0, Avg:  0.0, Max:  0.0, Diff:  0.0, Sum:  0.0, Workers: 4
[568.077s][debug][gc,phases      ] GC(32)     Dead                           Min: 0, Avg:  0.0, Max: 0, Diff: 0, Sum: 0, Workers: 4
[568.077s][debug][gc,phases      ] GC(32)     Total                          Min: 0, Avg:  0.0, Max: 0, Diff: 0, Sum: 0, Workers: 4
[568.077s][debug][gc,phases      ] GC(32)   StringDedup Requests0 Weak     Min:  0.0, Avg:  0.0, Max:  0.0, Diff:  0.0, Sum:  0.0, Workers: 4
[568.077s][debug][gc,phases      ] GC(32)     Dead                           Min: 0, Avg:  0.0, Max: 0, Diff: 0, Sum: 0, Workers: 4
[568.077s][debug][gc,phases      ] GC(32)     Total                          Min: 0, Avg:  0.0, Max: 0, Diff: 0, Sum: 0, Workers: 4
[568.077s][debug][gc,phases      ] GC(32)   StringDedup Requests1 Weak     Min:  0.0, Avg:  0.0, Max:  0.0, Diff:  0.0, Sum:  0.0, Workers: 4
[568.077s][debug][gc,phases      ] GC(32)     Dead                           Min: 0, Avg:  0.0, Max: 0, Diff: 0, Sum: 0, Workers: 4
[568.077s][debug][gc,phases      ] GC(32)     Total                          Min: 0, Avg:  0.0, Max: 0, Diff: 0, Sum: 0, Workers: 4
[568.077s][debug][gc,phases      ] GC(32)   Weak JFR Old Object Samples    Min:  0.0, Avg:  0.0, Max:  0.0, Diff:  0.0, Sum:  0.0, Workers: 4
[568.077s][debug][gc,phases      ] GC(32)     Dead                           Min: 0, Avg:  0.0, Max: 0, Diff: 0, Sum: 0, Workers: 4
[568.077s][debug][gc,phases      ] GC(32)     Total                          Min: 0, Avg:  0.0, Max: 0, Diff: 0, Sum: 0, Workers: 4
[568.077s][debug][gc,phases      ] GC(32) Weak Processing 0.448ms
[568.077s][debug][gc,age         ] GC(32) Desired survivor size 467140608 bytes, new threshold 5 (max threshold 15)
[568.077s][info ][gc,heap        ] GC(32) PSYoungGen: 1125152K(1619968K)->3136K(1599488K) Eden: 1122304K(1122304K)->0K(1122304K) From: 2848K(497664K)->3136K(477184K)
[568.078s][info ][gc,heap        ] GC(32) ParOldGen: 447166K(619520K)->447166K(619520K)
[568.078s][info ][gc,metaspace   ] GC(32) Metaspace: 79281K(80320K)->79281K(80320K) NonClass: 67978K(68544K)->67978K(68544K) Class: 11302K(11776K)->11302K(11776K)
[568.078s][info ][gc             ] GC(32) Pause Young (Allocation Failure) 1535M->439M(2167M) 3.631ms
[568.078s][info ][gc,cpu         ] GC(32) User=0.01s Sys=0.00s Real=0.00s
[568.078s][info ][safepoint      ] Safepoint "ParallelGCFailedAllocation", Time since last: 3742147973 ns, Reaching safepoint: 87603 ns, At safepoint: 3708018 ns, Total: 3795621 ns
[569.078s][info ][safepoint      ] Safepoint "Cleanup", Time since last: 1000175649 ns, Reaching safepoint: 48901 ns, At safepoint: 7300 ns, Total: 56201 ns
[570.078s][info ][safepoint      ] Safepoint "Cleanup", Time since last: 1000113147 ns, Reaching safepoint: 74303 ns, At safepoint: 3800 ns, Total: 78103 ns
[572.078s][info ][safepoint      ] Safepoint "Cleanup", Time since last: 2000187992 ns, Reaching safepoint: 47201 ns, At safepoint: 10101 ns, Total: 57302 ns
[582.079s][info ][safepoint      ] Safepoint "Cleanup", Time since last: 10000683660 ns, Reaching safepoint: 50701 ns, At safepoint: 2700 ns, Total: 53401 ns
[583.079s][info ][safepoint      ] Safepoint "Cleanup", Time since last: 1000111158 ns, Reaching safepoint: 46402 ns, At safepoint: 2700 ns, Total: 49102 ns
[584.079s][info ][safepoint      ] Safepoint "Cleanup", Time since last: 1000115458 ns, Reaching safepoint: 32001 ns, At safepoint: 3000 ns, Total: 35001 ns
[585.079s][info ][safepoint      ] Safepoint "Cleanup", Time since last: 1000114858 ns, Reaching safepoint: 55302 ns, At safepoint: 3700 ns, Total: 59002 ns
[586.080s][info ][safepoint      ] Safepoint "Cleanup", Time since last: 1000106858 ns, Reaching safepoint: 38301 ns, At safepoint: 3700 ns, Total: 42001 ns
[587.080s][info ][safepoint      ] Safepoint "Cleanup", Time since last: 1000154614 ns, Reaching safepoint: 50301 ns, At safepoint: 3600 ns, Total: 53901 ns
[588.080s][info ][safepoint      ] Safepoint "Cleanup", Time since last: 1000102796 ns, Reaching safepoint: 50302 ns, At safepoint: 3000 ns, Total: 53302 ns
[590.080s][info ][safepoint      ] Safepoint "Cleanup", Time since last: 2000185944 ns, Reaching safepoint: 56602 ns, At safepoint: 3200 ns, Total: 59802 ns
[591.080s][info ][safepoint      ] Safepoint "Cleanup", Time since last: 1000111152 ns, Reaching safepoint: 49802 ns, At safepoint: 6200 ns, Total: 56002 ns
[593.081s][info ][safepoint      ] Safepoint "Cleanup", Time since last: 2000209904 ns, Reaching safepoint: 101503 ns, At safepoint: 3400 ns, Total: 104903 ns
[598.081s][info ][safepoint      ] Safepoint "Cleanup", Time since last: 5000464529 ns, Reaching safepoint: 62202 ns, At safepoint: 5800 ns, Total: 68002 ns
[599.081s][info ][safepoint      ] Safepoint "Cleanup", Time since last: 1000092291 ns, Reaching safepoint: 59302 ns, At safepoint: 2700 ns, Total: 62002 ns
[601.082s][info ][safepoint      ] Safepoint "Cleanup", Time since last: 2000185682 ns, Reaching safepoint: 52502 ns, At safepoint: 2900 ns, Total: 55402 ns
[603.082s][info ][safepoint      ] Safepoint "Cleanup", Time since last: 2000177182 ns, Reaching safepoint: 44801 ns, At safepoint: 3100 ns, Total: 47901 ns
[605.082s][info ][safepoint      ] Safepoint "Cleanup", Time since last: 2000148759 ns, Reaching safepoint: 66902 ns, At safepoint: 2500 ns, Total: 69402 ns
[606.892s][info ][gc,start       ] GC(33) Pause Young (Allocation Failure)
[606.896s][debug][gc,phases      ] GC(33) Scavenge 3.998ms
[606.896s][debug][gc,ref         ] GC(33) Skipped phase 1 of Reference Processing: no references
[606.896s][debug][gc,ref         ] GC(33) ReferenceProcessor::execute queues: 1, RefProcThreadModel::Single, marks_oops_alive: false
[606.896s][debug][gc,ref         ] GC(33) Skipped phase 3 of Reference Processing: no references
[606.896s][debug][gc,ref         ] GC(33) ReferenceProcessor::execute queues: 1, RefProcThreadModel::Single, marks_oops_alive: false
[606.896s][debug][gc,phases      ] GC(33) Reference Processing 0.147ms
[606.896s][debug][gc,phases      ] GC(33)   VM Weak                        Min:  0.0, Avg:  0.0, Max:  0.0, Diff:  0.0, Sum:  0.0, Workers: 4
[606.896s][debug][gc,phases      ] GC(33)     Dead                           Min: 0, Avg:  0.0, Max: 0, Diff: 0, Sum: 0, Workers: 4
[606.896s][debug][gc,phases      ] GC(33)     Total                          Min: 0, Avg: 196.0, Max: 400, Diff: 400, Sum: 784, Workers: 4
[606.896s][debug][gc,phases      ] GC(33)   ObjectSynchronizer Weak        Min:  0.0, Avg:  0.0, Max:  0.0, Diff:  0.0, Sum:  0.0, Workers: 4
[606.896s][debug][gc,phases      ] GC(33)     Dead                           Min: 0, Avg:  0.0, Max: 0, Diff: 0, Sum: 0, Workers: 4
[606.896s][debug][gc,phases      ] GC(33)     Total                          Min: 0, Avg: 12.0, Max: 48, Diff: 48, Sum: 48, Workers: 4
[606.896s][debug][gc,phases      ] GC(33)   JVMTI Tag Weak OopStorage      Min:  0.0, Avg:  0.0, Max:  0.0, Diff:  0.0, Sum:  0.0, Workers: 4
[606.896s][debug][gc,phases      ] GC(33)     Dead                           Min: 0, Avg:  0.0, Max: 0, Diff: 0, Sum: 0, Workers: 4
[606.896s][debug][gc,phases      ] GC(33)     Total                          Min: 0, Avg:  0.0, Max: 0, Diff: 0, Sum: 0, Workers: 4
[606.896s][debug][gc,phases      ] GC(33)   StringTable Weak               Min:  0.0, Avg:  0.1, Max:  0.1, Diff:  0.1, Sum:  0.4, Workers: 4
[606.896s][debug][gc,phases      ] GC(33)     Dead                           Min: 0, Avg:  0.0, Max: 0, Diff: 0, Sum: 0, Workers: 4
[606.896s][debug][gc,phases      ] GC(33)     Total                          Min: 0, Avg: 10689.0, Max: 15040, Diff: 15040, Sum: 42756, Workers: 4
[606.896s][debug][gc,phases      ] GC(33)   ResolvedMethodTable Weak       Min:  0.0, Avg:  0.0, Max:  0.0, Diff:  0.0, Sum:  0.1, Workers: 4
[606.896s][debug][gc,phases      ] GC(33)     Dead                           Min: 0, Avg:  0.0, Max: 0, Diff: 0, Sum: 0, Workers: 4
[606.897s][debug][gc,phases      ] GC(33)     Total                          Min: 0, Avg: 2178.5, Max: 3072, Diff: 3072, Sum: 8714, Workers: 4
[606.897s][debug][gc,phases      ] GC(33)   JNI Weak                       Min:  0.0, Avg:  0.0, Max:  0.0, Diff:  0.0, Sum:  0.0, Workers: 4
[606.897s][debug][gc,phases      ] GC(33)     Dead                           Min: 0, Avg:  0.0, Max: 0, Diff: 0, Sum: 0, Workers: 4
[606.897s][debug][gc,phases      ] GC(33)     Total                          Min: 0, Avg: 11.2, Max: 45, Diff: 45, Sum: 45, Workers: 4
[606.897s][debug][gc,phases      ] GC(33)   StringDedup Table Weak         Min:  0.0, Avg:  0.0, Max:  0.0, Diff:  0.0, Sum:  0.0, Workers: 4
[606.897s][debug][gc,phases      ] GC(33)     Dead                           Min: 0, Avg:  0.0, Max: 0, Diff: 0, Sum: 0, Workers: 4
[606.897s][debug][gc,phases      ] GC(33)     Total                          Min: 0, Avg:  0.0, Max: 0, Diff: 0, Sum: 0, Workers: 4
[606.897s][debug][gc,phases      ] GC(33)   StringDedup Requests0 Weak     Min:  0.0, Avg:  0.0, Max:  0.0, Diff:  0.0, Sum:  0.0, Workers: 4
[606.897s][debug][gc,phases      ] GC(33)     Dead                           Min: 0, Avg:  0.0, Max: 0, Diff: 0, Sum: 0, Workers: 4
[606.897s][debug][gc,phases      ] GC(33)     Total                          Min: 0, Avg:  0.0, Max: 0, Diff: 0, Sum: 0, Workers: 4
[606.897s][debug][gc,phases      ] GC(33)   StringDedup Requests1 Weak     Min:  0.0, Avg:  0.0, Max:  0.0, Diff:  0.0, Sum:  0.0, Workers: 4
[606.897s][debug][gc,phases      ] GC(33)     Dead                           Min: 0, Avg:  0.0, Max: 0, Diff: 0, Sum: 0, Workers: 4
[606.897s][debug][gc,phases      ] GC(33)     Total                          Min: 0, Avg:  0.0, Max: 0, Diff: 0, Sum: 0, Workers: 4
[606.897s][debug][gc,phases      ] GC(33)   Weak JFR Old Object Samples    Min:  0.0, Avg:  0.0, Max:  0.0, Diff:  0.0, Sum:  0.0, Workers: 4
[606.897s][debug][gc,phases      ] GC(33)     Dead                           Min: 0, Avg:  0.0, Max: 0, Diff: 0, Sum: 0, Workers: 4
[606.897s][debug][gc,phases      ] GC(33)     Total                          Min: 0, Avg:  0.0, Max: 0, Diff: 0, Sum: 0, Workers: 4
[606.897s][debug][gc,phases      ] GC(33) Weak Processing 0.333ms
[606.897s][debug][gc,age         ] GC(33) Desired survivor size 444596224 bytes, new threshold 6 (max threshold 15)
[606.897s][info ][gc,heap        ] GC(33) PSYoungGen: 1125440K(1599488K)->3520K(1662976K) Eden: 1122304K(1122304K)->0K(1206784K) From: 3136K(477184K)->3520K(456192K)
[606.897s][info ][gc,heap        ] GC(33) ParOldGen: 447166K(619520K)->447166K(619520K)
[606.897s][info ][gc,metaspace   ] GC(33) Metaspace: 79322K(80320K)->79322K(80320K) NonClass: 68019K(68544K)->68019K(68544K) Class: 11303K(11776K)->11303K(11776K)
[606.897s][info ][gc             ] GC(33) Pause Young (Allocation Failure) 1535M->440M(2229M) 4.608ms
[606.897s][info ][gc,cpu         ] GC(33) User=0.00s Sys=0.00s Real=0.00s
[606.897s][info ][safepoint      ] Safepoint "ParallelGCFailedAllocation", Time since last: 1809871107 ns, Reaching safepoint: 47802 ns, At safepoint: 4674539 ns, Total: 4722341 ns
[608.897s][info ][safepoint      ] Safepoint "Cleanup", Time since last: 2000152986 ns, Reaching safepoint: 51701 ns, At safepoint: 5301 ns, Total: 57002 ns
[609.897s][info ][safepoint      ] Safepoint "Cleanup", Time since last: 1000114043 ns, Reaching safepoint: 58202 ns, At safepoint: 3100 ns, Total: 61302 ns
[611.897s][info ][safepoint      ] Safepoint "Cleanup", Time since last: 2000188687 ns, Reaching safepoint: 108703 ns, At safepoint: 5800 ns, Total: 114503 ns
[613.898s][info ][safepoint      ] Safepoint "Cleanup", Time since last: 2000186829 ns, Reaching safepoint: 41201 ns, At safepoint: 2500 ns, Total: 43701 ns
[614.898s][info ][safepoint      ] Safepoint "Cleanup", Time since last: 1000128970 ns, Reaching safepoint: 54901 ns, At safepoint: 3800 ns, Total: 58701 ns
[617.898s][info ][safepoint      ] Safepoint "Cleanup", Time since last: 3000254805 ns, Reaching safepoint: 37501 ns, At safepoint: 3601 ns, Total: 41102 ns
[618.898s][info ][safepoint      ] Safepoint "Cleanup", Time since last: 1000129259 ns, Reaching safepoint: 53501 ns, At safepoint: 2800 ns, Total: 56301 ns
[620.666s][info ][safepoint      ] Safepoint "Cleanup", Time since last: 1767347422 ns, Reaching safepoint: 91903 ns, At safepoint: 9400 ns, Total: 101303 ns
[621.666s][info ][safepoint      ] Safepoint "Cleanup", Time since last: 1000116781 ns, Reaching safepoint: 46101 ns, At safepoint: 7201 ns, Total: 53302 ns
[622.666s][info ][safepoint      ] Safepoint "Cleanup", Time since last: 1000117944 ns, Reaching safepoint: 108503 ns, At safepoint: 7101 ns, Total: 115604 ns
[623.666s][info ][safepoint      ] Safepoint "Cleanup", Time since last: 1000114144 ns, Reaching safepoint: 47401 ns, At safepoint: 3200 ns, Total: 50601 ns
[627.667s][info ][safepoint      ] Safepoint "Cleanup", Time since last: 4000313373 ns, Reaching safepoint: 55202 ns, At safepoint: 2600 ns, Total: 57802 ns
[629.667s][info ][safepoint      ] Safepoint "Cleanup", Time since last: 2000375336 ns, Reaching safepoint: 72302 ns, At safepoint: 2900 ns, Total: 75202 ns
[630.667s][info ][safepoint      ] Safepoint "Cleanup", Time since last: 1000094799 ns, Reaching safepoint: 80002 ns, At safepoint: 3200 ns, Total: 83202 ns
[631.668s][info ][safepoint      ] Safepoint "Cleanup", Time since last: 1000121200 ns, Reaching safepoint: 137304 ns, At safepoint: 5300 ns, Total: 142604 ns
[632.668s][info ][safepoint      ] Safepoint "Cleanup", Time since last: 1000125800 ns, Reaching safepoint: 62202 ns, At safepoint: 3200 ns, Total: 65402 ns
[634.668s][info ][safepoint      ] Safepoint "Cleanup", Time since last: 2000210198 ns, Reaching safepoint: 59602 ns, At safepoint: 2900 ns, Total: 62502 ns
[635.668s][info ][safepoint      ] Safepoint "Cleanup", Time since last: 1000121099 ns, Reaching safepoint: 54102 ns, At safepoint: 2600 ns, Total: 56702 ns
[636.668s][info ][safepoint      ] Safepoint "Cleanup", Time since last: 1000117799 ns, Reaching safepoint: 40602 ns, At safepoint: 2700 ns, Total: 43302 ns
[637.669s][info ][safepoint      ] Safepoint "Cleanup", Time since last: 1000120109 ns, Reaching safepoint: 66601 ns, At safepoint: 6101 ns, Total: 72702 ns
[638.669s][info ][safepoint      ] Safepoint "Cleanup", Time since last: 1000123267 ns, Reaching safepoint: 64902 ns, At safepoint: 8800 ns, Total: 73702 ns
[640.669s][info ][safepoint      ] Safepoint "Cleanup", Time since last: 2000182033 ns, Reaching safepoint: 63602 ns, At safepoint: 3200 ns, Total: 66802 ns
[641.669s][info ][safepoint      ] Safepoint "Cleanup", Time since last: 1000122767 ns, Reaching safepoint: 48601 ns, At safepoint: 2801 ns, Total: 51402 ns
[642.877s][info ][gc,start       ] GC(34) Pause Young (Allocation Failure)
[642.880s][debug][gc,phases      ] GC(34) Scavenge 3.323ms
[642.880s][debug][gc,ref         ] GC(34) Skipped phase 1 of Reference Processing: no references
[642.880s][debug][gc,ref         ] GC(34) ReferenceProcessor::execute queues: 1, RefProcThreadModel::Single, marks_oops_alive: false
[642.880s][debug][gc,ref         ] GC(34) Skipped phase 3 of Reference Processing: no references
[642.880s][debug][gc,ref         ] GC(34) ReferenceProcessor::execute queues: 1, RefProcThreadModel::Single, marks_oops_alive: false
[642.880s][debug][gc,phases      ] GC(34) Reference Processing 0.105ms
[642.880s][debug][gc,phases      ] GC(34)   VM Weak                        Min:  0.0, Avg:  0.0, Max:  0.0, Diff:  0.0, Sum:  0.0, Workers: 4
[642.880s][debug][gc,phases      ] GC(34)     Dead                           Min: 0, Avg:  0.0, Max: 0, Diff: 0, Sum: 0, Workers: 4
[642.880s][debug][gc,phases      ] GC(34)     Total                          Min: 0, Avg: 196.0, Max: 448, Diff: 448, Sum: 784, Workers: 4
[642.880s][debug][gc,phases      ] GC(34)   ObjectSynchronizer Weak        Min:  0.0, Avg:  0.0, Max:  0.0, Diff:  0.0, Sum:  0.0, Workers: 4
[642.880s][debug][gc,phases      ] GC(34)     Dead                           Min: 0, Avg:  0.0, Max: 0, Diff: 0, Sum: 0, Workers: 4
[642.880s][debug][gc,phases      ] GC(34)     Total                          Min: 0, Avg: 12.0, Max: 48, Diff: 48, Sum: 48, Workers: 4
[642.880s][debug][gc,phases      ] GC(34)   JVMTI Tag Weak OopStorage      Min:  0.0, Avg:  0.0, Max:  0.0, Diff:  0.0, Sum:  0.0, Workers: 4
[642.880s][debug][gc,phases      ] GC(34)     Dead                           Min: 0, Avg:  0.0, Max: 0, Diff: 0, Sum: 0, Workers: 4
[642.880s][debug][gc,phases      ] GC(34)     Total                          Min: 0, Avg:  0.0, Max: 0, Diff: 0, Sum: 0, Workers: 4
[642.880s][debug][gc,phases      ] GC(34)   StringTable Weak               Min:  0.0, Avg:  0.1, Max:  0.1, Diff:  0.1, Sum:  0.3, Workers: 4
[642.880s][debug][gc,phases      ] GC(34)     Dead                           Min: 0, Avg:  0.0, Max: 0, Diff: 0, Sum: 0, Workers: 4
[642.880s][debug][gc,phases      ] GC(34)     Total                          Min: 0, Avg: 10693.8, Max: 15831, Diff: 15831, Sum: 42775, Workers: 4
[642.880s][debug][gc,phases      ] GC(34)   ResolvedMethodTable Weak       Min:  0.0, Avg:  0.0, Max:  0.0, Diff:  0.0, Sum:  0.1, Workers: 4
[642.880s][debug][gc,phases      ] GC(34)     Dead                           Min: 0, Avg:  0.0, Max: 0, Diff: 0, Sum: 0, Workers: 4
[642.880s][debug][gc,phases      ] GC(34)     Total                          Min: 0, Avg: 2179.2, Max: 3213, Diff: 3213, Sum: 8717, Workers: 4
[642.880s][debug][gc,phases      ] GC(34)   JNI Weak                       Min:  0.0, Avg:  0.0, Max:  0.0, Diff:  0.0, Sum:  0.0, Workers: 4
[642.880s][debug][gc,phases      ] GC(34)     Dead                           Min: 0, Avg:  0.0, Max: 0, Diff: 0, Sum: 0, Workers: 4
[642.880s][debug][gc,phases      ] GC(34)     Total                          Min: 0, Avg: 11.2, Max: 45, Diff: 45, Sum: 45, Workers: 4
[642.880s][debug][gc,phases      ] GC(34)   StringDedup Table Weak         Min:  0.0, Avg:  0.0, Max:  0.0, Diff:  0.0, Sum:  0.0, Workers: 4
[642.880s][debug][gc,phases      ] GC(34)     Dead                           Min: 0, Avg:  0.0, Max: 0, Diff: 0, Sum: 0, Workers: 4
[642.880s][debug][gc,phases      ] GC(34)     Total                          Min: 0, Avg:  0.0, Max: 0, Diff: 0, Sum: 0, Workers: 4
[642.880s][debug][gc,phases      ] GC(34)   StringDedup Requests0 Weak     Min:  0.0, Avg:  0.0, Max:  0.0, Diff:  0.0, Sum:  0.0, Workers: 4
[642.880s][debug][gc,phases      ] GC(34)     Dead                           Min: 0, Avg:  0.0, Max: 0, Diff: 0, Sum: 0, Workers: 4
[642.880s][debug][gc,phases      ] GC(34)     Total                          Min: 0, Avg:  0.0, Max: 0, Diff: 0, Sum: 0, Workers: 4
[642.880s][debug][gc,phases      ] GC(34)   StringDedup Requests1 Weak     Min:  0.0, Avg:  0.0, Max:  0.0, Diff:  0.0, Sum:  0.0, Workers: 4
[642.880s][debug][gc,phases      ] GC(34)     Dead                           Min: 0, Avg:  0.0, Max: 0, Diff: 0, Sum: 0, Workers: 4
[642.880s][debug][gc,phases      ] GC(34)     Total                          Min: 0, Avg:  0.0, Max: 0, Diff: 0, Sum: 0, Workers: 4
[642.880s][debug][gc,phases      ] GC(34)   Weak JFR Old Object Samples    Min:  0.0, Avg:  0.0, Max:  0.0, Diff:  0.0, Sum:  0.0, Workers: 4
[642.880s][debug][gc,phases      ] GC(34)     Dead                           Min: 0, Avg:  0.0, Max: 0, Diff: 0, Sum: 0, Workers: 4
[642.880s][debug][gc,phases      ] GC(34)     Total                          Min: 0, Avg:  0.0, Max: 0, Diff: 0, Sum: 0, Workers: 4
[642.880s][debug][gc,phases      ] GC(34) Weak Processing 0.333ms
[642.880s][debug][gc,age         ] GC(34) Desired survivor size 422051840 bytes, new threshold 7 (max threshold 15)
[642.880s][info ][gc,heap        ] GC(34) PSYoungGen: 1210304K(1662976K)->3648K(1640960K) Eden: 1206784K(1206784K)->0K(1206784K) From: 3520K(456192K)->3648K(434176K)
[642.880s][info ][gc,heap        ] GC(34) ParOldGen: 447166K(619520K)->447166K(619520K)
[642.880s][info ][gc,metaspace   ] GC(34) Metaspace: 79357K(80384K)->79357K(80384K) NonClass: 68053K(68608K)->68053K(68608K) Class: 11304K(11776K)->11304K(11776K)
[642.880s][info ][gc             ] GC(34) Pause Young (Allocation Failure) 1618M->440M(2207M) 3.909ms
[642.880s][info ][gc,cpu         ] GC(34) User=0.02s Sys=0.00s Real=0.01s
[642.880s][info ][safepoint      ] Safepoint "ParallelGCFailedAllocation", Time since last: 1207251372 ns, Reaching safepoint: 104303 ns, At safepoint: 3987819 ns, Total: 4092122 ns
[643.881s][info ][safepoint      ] Safepoint "Cleanup", Time since last: 1000110623 ns, Reaching safepoint: 52902 ns, At safepoint: 3100 ns, Total: 56002 ns
[644.881s][info ][safepoint      ] Safepoint "Cleanup", Time since last: 1000117424 ns, Reaching safepoint: 46802 ns, At safepoint: 3000 ns, Total: 49802 ns
[648.883s][info ][safepoint      ] Safepoint "Cleanup", Time since last: 4001625104 ns, Reaching safepoint: 52301 ns, At safepoint: 5900 ns, Total: 58201 ns
[649.883s][info ][safepoint      ] Safepoint "Cleanup", Time since last: 1000115188 ns, Reaching safepoint: 83502 ns, At safepoint: 5200 ns, Total: 88702 ns
[650.883s][info ][safepoint      ] Safepoint "Cleanup", Time since last: 1000108187 ns, Reaching safepoint: 48002 ns, At safepoint: 6000 ns, Total: 54002 ns
[651.883s][info ][safepoint      ] Safepoint "Cleanup", Time since last: 1000114587 ns, Reaching safepoint: 50802 ns, At safepoint: 5300 ns, Total: 56102 ns
[652.883s][info ][safepoint      ] Safepoint "Cleanup", Time since last: 1000118688 ns, Reaching safepoint: 60101 ns, At safepoint: 6800 ns, Total: 66901 ns
[654.883s][info ][safepoint      ] Safepoint "Cleanup", Time since last: 2000188172 ns, Reaching safepoint: 60601 ns, At safepoint: 2900 ns, Total: 63501 ns
[655.884s][info ][safepoint      ] Safepoint "Cleanup", Time since last: 1000119355 ns, Reaching safepoint: 42300 ns, At safepoint: 2900 ns, Total: 45200 ns
[657.884s][info ][safepoint      ] Safepoint "Cleanup", Time since last: 2000343632 ns, Reaching safepoint: 73702 ns, At safepoint: 7600 ns, Total: 81302 ns
[663.885s][info ][safepoint      ] Safepoint "Cleanup", Time since last: 6000497117 ns, Reaching safepoint: 47401 ns, At safepoint: 31701 ns, Total: 79102 ns
[666.885s][info ][safepoint      ] Safepoint "Cleanup", Time since last: 3000262575 ns, Reaching safepoint: 46601 ns, At safepoint: 2800 ns, Total: 49401 ns
[667.885s][info ][safepoint      ] Safepoint "Cleanup", Time since last: 1000117659 ns, Reaching safepoint: 57902 ns, At safepoint: 7300 ns, Total: 65202 ns
[671.885s][info ][safepoint      ] Safepoint "Cleanup", Time since last: 4000295061 ns, Reaching safepoint: 48102 ns, At safepoint: 5100 ns, Total: 53202 ns
[679.886s][info ][safepoint      ] Safepoint "Cleanup", Time since last: 8000553391 ns, Reaching safepoint: 35301 ns, At safepoint: 4400 ns, Total: 39701 ns
[680.886s][info ][safepoint      ] Safepoint "Cleanup", Time since last: 1000090950 ns, Reaching safepoint: 49701 ns, At safepoint: 2500 ns, Total: 52201 ns
[683.887s][info ][safepoint      ] Safepoint "Cleanup", Time since last: 3000247652 ns, Reaching safepoint: 49301 ns, At safepoint: 5301 ns, Total: 54602 ns
[685.323s][info ][gc,start       ] GC(35) Pause Young (Allocation Failure)
[685.326s][debug][gc,phases      ] GC(35) Scavenge 2.784ms
[685.326s][debug][gc,ref         ] GC(35) Skipped phase 1 of Reference Processing: no references
[685.326s][debug][gc,ref         ] GC(35) ReferenceProcessor::execute queues: 1, RefProcThreadModel::Single, marks_oops_alive: false
[685.326s][debug][gc,ref         ] GC(35) Skipped phase 3 of Reference Processing: no references
[685.326s][debug][gc,ref         ] GC(35) ReferenceProcessor::execute queues: 1, RefProcThreadModel::Single, marks_oops_alive: false
[685.326s][debug][gc,phases      ] GC(35) Reference Processing 0.114ms
[685.327s][debug][gc,phases      ] GC(35)   VM Weak                        Min:  0.0, Avg:  0.0, Max:  0.0, Diff:  0.0, Sum:  0.0, Workers: 4
[685.327s][debug][gc,phases      ] GC(35)     Dead                           Min: 0, Avg:  0.0, Max: 0, Diff: 0, Sum: 0, Workers: 4
[685.327s][debug][gc,phases      ] GC(35)     Total                          Min: 0, Avg: 196.0, Max: 704, Diff: 704, Sum: 784, Workers: 4
[685.327s][debug][gc,phases      ] GC(35)   ObjectSynchronizer Weak        Min:  0.0, Avg:  0.0, Max:  0.0, Diff:  0.0, Sum:  0.0, Workers: 4
[685.327s][debug][gc,phases      ] GC(35)     Dead                           Min: 0, Avg:  0.0, Max: 0, Diff: 0, Sum: 0, Workers: 4
[685.327s][debug][gc,phases      ] GC(35)     Total                          Min: 0, Avg: 12.0, Max: 48, Diff: 48, Sum: 48, Workers: 4
[685.327s][debug][gc,phases      ] GC(35)   JVMTI Tag Weak OopStorage      Min:  0.0, Avg:  0.0, Max:  0.0, Diff:  0.0, Sum:  0.0, Workers: 4
[685.327s][debug][gc,phases      ] GC(35)     Dead                           Min: 0, Avg:  0.0, Max: 0, Diff: 0, Sum: 0, Workers: 4
[685.327s][debug][gc,phases      ] GC(35)     Total                          Min: 0, Avg:  0.0, Max: 0, Diff: 0, Sum: 0, Workers: 4
[685.327s][debug][gc,phases      ] GC(35)   StringTable Weak               Min:  0.1, Avg:  0.1, Max:  0.1, Diff:  0.0, Sum:  0.4, Workers: 4
[685.327s][debug][gc,phases      ] GC(35)     Dead                           Min: 0, Avg:  0.0, Max: 0, Diff: 0, Sum: 0, Workers: 4
[685.327s][debug][gc,phases      ] GC(35)     Total                          Min: 9472, Avg: 10699.5, Max: 11776, Diff: 2304, Sum: 42798, Workers: 4
[685.327s][debug][gc,phases      ] GC(35)   ResolvedMethodTable Weak       Min:  0.0, Avg:  0.0, Max:  0.0, Diff:  0.0, Sum:  0.1, Workers: 4
[685.327s][debug][gc,phases      ] GC(35)     Dead                           Min: 0, Avg:  0.0, Max: 0, Diff: 0, Sum: 0, Workers: 4
[685.327s][debug][gc,phases      ] GC(35)     Total                          Min: 2048, Avg: 2179.2, Max: 2304, Diff: 256, Sum: 8717, Workers: 4
[685.327s][debug][gc,phases      ] GC(35)   JNI Weak                       Min:  0.0, Avg:  0.0, Max:  0.0, Diff:  0.0, Sum:  0.0, Workers: 4
[685.327s][debug][gc,phases      ] GC(35)     Dead                           Min: 0, Avg:  0.0, Max: 0, Diff: 0, Sum: 0, Workers: 4
[685.327s][debug][gc,phases      ] GC(35)     Total                          Min: 0, Avg: 11.2, Max: 45, Diff: 45, Sum: 45, Workers: 4
[685.327s][debug][gc,phases      ] GC(35)   StringDedup Table Weak         Min:  0.0, Avg:  0.0, Max:  0.0, Diff:  0.0, Sum:  0.0, Workers: 4
[685.327s][debug][gc,phases      ] GC(35)     Dead                           Min: 0, Avg:  0.0, Max: 0, Diff: 0, Sum: 0, Workers: 4
[685.327s][debug][gc,phases      ] GC(35)     Total                          Min: 0, Avg:  0.0, Max: 0, Diff: 0, Sum: 0, Workers: 4
[685.327s][debug][gc,phases      ] GC(35)   StringDedup Requests0 Weak     Min:  0.0, Avg:  0.0, Max:  0.0, Diff:  0.0, Sum:  0.0, Workers: 4
[685.327s][debug][gc,phases      ] GC(35)     Dead                           Min: 0, Avg:  0.0, Max: 0, Diff: 0, Sum: 0, Workers: 4
[685.327s][debug][gc,phases      ] GC(35)     Total                          Min: 0, Avg:  0.0, Max: 0, Diff: 0, Sum: 0, Workers: 4
[685.327s][debug][gc,phases      ] GC(35)   StringDedup Requests1 Weak     Min:  0.0, Avg:  0.0, Max:  0.0, Diff:  0.0, Sum:  0.0, Workers: 4
[685.327s][debug][gc,phases      ] GC(35)     Dead                           Min: 0, Avg:  0.0, Max: 0, Diff: 0, Sum: 0, Workers: 4
[685.327s][debug][gc,phases      ] GC(35)     Total                          Min: 0, Avg:  0.0, Max: 0, Diff: 0, Sum: 0, Workers: 4
[685.327s][debug][gc,phases      ] GC(35)   Weak JFR Old Object Samples    Min:  0.0, Avg:  0.0, Max:  0.0, Diff:  0.0, Sum:  0.0, Workers: 4
[685.327s][debug][gc,phases      ] GC(35)     Dead                           Min: 0, Avg:  0.0, Max: 0, Diff: 0, Sum: 0, Workers: 4
[685.327s][debug][gc,phases      ] GC(35)     Total                          Min: 0, Avg:  0.0, Max: 0, Diff: 0, Sum: 0, Workers: 4
[685.327s][debug][gc,phases      ] GC(35) Weak Processing 0.367ms
[685.327s][debug][gc,age         ] GC(35) Desired survivor size 400031744 bytes, new threshold 8 (max threshold 15)
[685.327s][info ][gc,heap        ] GC(35) PSYoungGen: 1210432K(1640960K)->3616K(1706496K) Eden: 1206784K(1206784K)->0K(1294336K) From: 3648K(434176K)->3616K(412160K)
[685.327s][info ][gc,heap        ] GC(35) ParOldGen: 447166K(619520K)->447174K(619520K)
[685.327s][info ][gc,metaspace   ] GC(35) Metaspace: 79369K(80384K)->79369K(80384K) NonClass: 68065K(68608K)->68065K(68608K) Class: 11304K(11776K)->11304K(11776K)
[685.327s][info ][gc             ] GC(35) Pause Young (Allocation Failure) 1618M->440M(2271M) 3.392ms
[685.327s][info ][gc,cpu         ] GC(35) User=0.01s Sys=0.01s Real=0.00s
[685.327s][info ][safepoint      ] Safepoint "ParallelGCFailedAllocation", Time since last: 1436780161 ns, Reaching safepoint: 40401 ns, At safepoint: 3464897 ns, Total: 3505298 ns
[693.327s][info ][safepoint      ] Safepoint "Cleanup", Time since last: 8000503849 ns, Reaching safepoint: 49001 ns, At safepoint: 3000 ns, Total: 52001 ns
[695.328s][info ][safepoint      ] Safepoint "Cleanup", Time since last: 2000209963 ns, Reaching safepoint: 48002 ns, At safepoint: 3000 ns, Total: 51002 ns
[698.328s][info ][safepoint      ] Safepoint "Cleanup", Time since last: 3000262043 ns, Reaching safepoint: 52101 ns, At safepoint: 9301 ns, Total: 61402 ns
[700.328s][info ][safepoint      ] Safepoint "Cleanup", Time since last: 2000180640 ns, Reaching safepoint: 55102 ns, At safepoint: 2600 ns, Total: 57702 ns
[701.328s][info ][safepoint      ] Safepoint "Cleanup", Time since last: 1000110708 ns, Reaching safepoint: 40201 ns, At safepoint: 2900 ns, Total: 43101 ns
[702.328s][info ][safepoint      ] Safepoint "Cleanup", Time since last: 1000099687 ns, Reaching safepoint: 49101 ns, At safepoint: 3200 ns, Total: 52301 ns
[704.329s][info ][safepoint      ] Safepoint "Cleanup", Time since last: 2000211573 ns, Reaching safepoint: 58102 ns, At safepoint: 5600 ns, Total: 63702 ns
[706.329s][info ][safepoint      ] Safepoint "Cleanup", Time since last: 2000186072 ns, Reaching safepoint: 44301 ns, At safepoint: 2701 ns, Total: 47002 ns
[708.329s][info ][safepoint      ] Safepoint "Cleanup", Time since last: 2000206672 ns, Reaching safepoint: 54502 ns, At safepoint: 3600 ns, Total: 58102 ns
[723.331s][info ][safepoint      ] Safepoint "Cleanup", Time since last: 15001190449 ns, Reaching safepoint: 45601 ns, At safepoint: 2600 ns, Total: 48201 ns
[726.332s][info ][safepoint      ] Safepoint "Cleanup", Time since last: 3000268576 ns, Reaching safepoint: 766719 ns, At safepoint: 9500 ns, Total: 776219 ns
[727.332s][info ][safepoint      ] Safepoint "Cleanup", Time since last: 1000112426 ns, Reaching safepoint: 47101 ns, At safepoint: 2900 ns, Total: 50001 ns
[732.823s][info ][gc,start       ] GC(36) Pause Young (Allocation Failure)
[732.826s][debug][gc,phases      ] GC(36) Scavenge 2.805ms
[732.826s][debug][gc,ref         ] GC(36) Skipped phase 1 of Reference Processing: no references
[732.826s][debug][gc,ref         ] GC(36) ReferenceProcessor::execute queues: 1, RefProcThreadModel::Single, marks_oops_alive: false
[732.826s][debug][gc,ref         ] GC(36) Skipped phase 3 of Reference Processing: no references
[732.826s][debug][gc,ref         ] GC(36) ReferenceProcessor::execute queues: 1, RefProcThreadModel::Single, marks_oops_alive: false
[732.826s][debug][gc,phases      ] GC(36) Reference Processing 0.113ms
[732.827s][debug][gc,phases      ] GC(36)   VM Weak                        Min:  0.0, Avg:  0.0, Max:  0.0, Diff:  0.0, Sum:  0.0, Workers: 4
[732.827s][debug][gc,phases      ] GC(36)     Dead                           Min: 0, Avg:  0.0, Max: 0, Diff: 0, Sum: 0, Workers: 4
[732.827s][debug][gc,phases      ] GC(36)     Total                          Min: 0, Avg: 196.0, Max: 704, Diff: 704, Sum: 784, Workers: 4
[732.827s][debug][gc,phases      ] GC(36)   ObjectSynchronizer Weak        Min:  0.0, Avg:  0.0, Max:  0.0, Diff:  0.0, Sum:  0.0, Workers: 4
[732.827s][debug][gc,phases      ] GC(36)     Dead                           Min: 0, Avg:  0.0, Max: 0, Diff: 0, Sum: 0, Workers: 4
[732.827s][debug][gc,phases      ] GC(36)     Total                          Min: 0, Avg: 12.0, Max: 48, Diff: 48, Sum: 48, Workers: 4
[732.827s][debug][gc,phases      ] GC(36)   JVMTI Tag Weak OopStorage      Min:  0.0, Avg:  0.0, Max:  0.0, Diff:  0.0, Sum:  0.0, Workers: 4
[732.827s][debug][gc,phases      ] GC(36)     Dead                           Min: 0, Avg:  0.0, Max: 0, Diff: 0, Sum: 0, Workers: 4
[732.827s][debug][gc,phases      ] GC(36)     Total                          Min: 0, Avg:  0.0, Max: 0, Diff: 0, Sum: 0, Workers: 4
[732.827s][debug][gc,phases      ] GC(36)   StringTable Weak               Min:  0.0, Avg:  0.1, Max:  0.1, Diff:  0.1, Sum:  0.4, Workers: 4
[732.827s][debug][gc,phases      ] GC(36)     Dead                           Min: 0, Avg:  0.0, Max: 0, Diff: 0, Sum: 0, Workers: 4
[732.827s][debug][gc,phases      ] GC(36)     Total                          Min: 0, Avg: 10701.2, Max: 16000, Diff: 16000, Sum: 42805, Workers: 4
[732.827s][debug][gc,phases      ] GC(36)   ResolvedMethodTable Weak       Min:  0.0, Avg:  0.0, Max:  0.0, Diff:  0.0, Sum:  0.1, Workers: 4
[732.827s][debug][gc,phases      ] GC(36)     Dead                           Min: 0, Avg:  0.0, Max: 0, Diff: 0, Sum: 0, Workers: 4
[732.827s][debug][gc,phases      ] GC(36)     Total                          Min: 0, Avg: 2179.2, Max: 3341, Diff: 3341, Sum: 8717, Workers: 4
[732.827s][debug][gc,phases      ] GC(36)   JNI Weak                       Min:  0.0, Avg:  0.0, Max:  0.0, Diff:  0.0, Sum:  0.0, Workers: 4
[732.827s][debug][gc,phases      ] GC(36)     Dead                           Min: 0, Avg:  0.0, Max: 0, Diff: 0, Sum: 0, Workers: 4
[732.827s][debug][gc,phases      ] GC(36)     Total                          Min: 0, Avg: 11.2, Max: 45, Diff: 45, Sum: 45, Workers: 4
[732.827s][debug][gc,phases      ] GC(36)   StringDedup Table Weak         Min:  0.0, Avg:  0.0, Max:  0.0, Diff:  0.0, Sum:  0.0, Workers: 4
[732.827s][debug][gc,phases      ] GC(36)     Dead                           Min: 0, Avg:  0.0, Max: 0, Diff: 0, Sum: 0, Workers: 4
[732.827s][debug][gc,phases      ] GC(36)     Total                          Min: 0, Avg:  0.0, Max: 0, Diff: 0, Sum: 0, Workers: 4
[732.827s][debug][gc,phases      ] GC(36)   StringDedup Requests0 Weak     Min:  0.0, Avg:  0.0, Max:  0.0, Diff:  0.0, Sum:  0.0, Workers: 4
[732.827s][debug][gc,phases      ] GC(36)     Dead                           Min: 0, Avg:  0.0, Max: 0, Diff: 0, Sum: 0, Workers: 4
[732.827s][debug][gc,phases      ] GC(36)     Total                          Min: 0, Avg:  0.0, Max: 0, Diff: 0, Sum: 0, Workers: 4
[732.827s][debug][gc,phases      ] GC(36)   StringDedup Requests1 Weak     Min:  0.0, Avg:  0.0, Max:  0.0, Diff:  0.0, Sum:  0.0, Workers: 4
[732.827s][debug][gc,phases      ] GC(36)     Dead                           Min: 0, Avg:  0.0, Max: 0, Diff: 0, Sum: 0, Workers: 4
[732.827s][debug][gc,phases      ] GC(36)     Total                          Min: 0, Avg:  0.0, Max: 0, Diff: 0, Sum: 0, Workers: 4
[732.827s][debug][gc,phases      ] GC(36)   Weak JFR Old Object Samples    Min:  0.0, Avg:  0.0, Max:  0.0, Diff:  0.0, Sum:  0.0, Workers: 4
[732.827s][debug][gc,phases      ] GC(36)     Dead                           Min: 0, Avg:  0.0, Max: 0, Diff: 0, Sum: 0, Workers: 4
[732.827s][debug][gc,phases      ] GC(36)     Total                          Min: 0, Avg:  0.0, Max: 0, Diff: 0, Sum: 0, Workers: 4
[732.827s][debug][gc,phases      ] GC(36) Weak Processing 0.378ms
[732.827s][debug][gc,age         ] GC(36) Desired survivor size 377487360 bytes, new threshold 9 (max threshold 15)
[732.827s][info ][gc,heap        ] GC(36) PSYoungGen: 1297952K(1706496K)->3744K(1684992K) Eden: 1294336K(1294336K)->0K(1294336K) From: 3616K(412160K)->3744K(390656K)
[732.827s][info ][gc,heap        ] GC(36) ParOldGen: 447174K(619520K)->447174K(619520K)
[732.827s][info ][gc,metaspace   ] GC(36) Metaspace: 79382K(80384K)->79382K(80384K) NonClass: 68078K(68608K)->68078K(68608K) Class: 11304K(11776K)->11304K(11776K)
[732.827s][info ][gc             ] GC(36) Pause Young (Allocation Failure) 1704M->440M(2250M) 3.436ms
[732.827s][info ][gc,cpu         ] GC(36) User=0.01s Sys=0.00s Real=0.00s
[732.827s][info ][safepoint      ] Safepoint "ParallelGCFailedAllocation", Time since last: 5491593788 ns, Reaching safepoint: 41802 ns, At safepoint: 3507993 ns, Total: 3549795 ns
[733.827s][info ][safepoint      ] Safepoint "Cleanup", Time since last: 1000092719 ns, Reaching safepoint: 49501 ns, At safepoint: 3600 ns, Total: 53101 ns
[737.827s][info ][safepoint      ] Safepoint "Cleanup", Time since last: 4000314004 ns, Reaching safepoint: 49701 ns, At safepoint: 3400 ns, Total: 53101 ns
[744.828s][info ][safepoint      ] Safepoint "Cleanup", Time since last: 7000497484 ns, Reaching safepoint: 50401 ns, At safepoint: 5500 ns, Total: 55901 ns
[756.829s][info ][safepoint      ] Safepoint "Cleanup", Time since last: 12000854656 ns, Reaching safepoint: 48501 ns, At safepoint: 2900 ns, Total: 51401 ns
[757.829s][info ][safepoint      ] Safepoint "Cleanup", Time since last: 1000123751 ns, Reaching safepoint: 53602 ns, At safepoint: 4200 ns, Total: 57802 ns
[760.829s][info ][safepoint      ] Safepoint "Cleanup", Time since last: 3000277911 ns, Reaching safepoint: 65802 ns, At safepoint: 6500 ns, Total: 72302 ns
[766.830s][info ][safepoint      ] Safepoint "Cleanup", Time since last: 6000465604 ns, Reaching safepoint: 47002 ns, At safepoint: 2900 ns, Total: 49902 ns
[767.830s][info ][safepoint      ] Safepoint "Cleanup", Time since last: 1000110128 ns, Reaching safepoint: 47502 ns, At safepoint: 2800 ns, Total: 50302 ns
[768.830s][info ][safepoint      ] Safepoint "Cleanup", Time since last: 1000125429 ns, Reaching safepoint: 42801 ns, At safepoint: 3300 ns, Total: 46101 ns
[771.831s][info ][safepoint      ] Safepoint "Cleanup", Time since last: 3000245983 ns, Reaching safepoint: 46202 ns, At safepoint: 2900 ns, Total: 49102 ns
[774.831s][info ][safepoint      ] Safepoint "Cleanup", Time since last: 3000270057 ns, Reaching safepoint: 53301 ns, At safepoint: 7201 ns, Total: 60502 ns
[781.074s][info ][gc,start       ] GC(37) Pause Young (Allocation Failure)
[781.076s][debug][gc,phases      ] GC(37) Scavenge 2.430ms
[781.077s][debug][gc,ref         ] GC(37) Skipped phase 1 of Reference Processing: no references
[781.077s][debug][gc,ref         ] GC(37) ReferenceProcessor::execute queues: 1, RefProcThreadModel::Single, marks_oops_alive: false
[781.077s][debug][gc,ref         ] GC(37) Skipped phase 3 of Reference Processing: no references
[781.077s][debug][gc,ref         ] GC(37) ReferenceProcessor::execute queues: 1, RefProcThreadModel::Single, marks_oops_alive: false
[781.077s][debug][gc,phases      ] GC(37) Reference Processing 0.120ms
[781.077s][debug][gc,phases      ] GC(37)   VM Weak                        Min:  0.0, Avg:  0.0, Max:  0.0, Diff:  0.0, Sum:  0.0, Workers: 4
[781.077s][debug][gc,phases      ] GC(37)     Dead                           Min: 0, Avg:  0.0, Max: 0, Diff: 0, Sum: 0, Workers: 4
[781.077s][debug][gc,phases      ] GC(37)     Total                          Min: 0, Avg: 196.0, Max: 384, Diff: 384, Sum: 784, Workers: 4
[781.077s][debug][gc,phases      ] GC(37)   ObjectSynchronizer Weak        Min:  0.0, Avg:  0.0, Max:  0.0, Diff:  0.0, Sum:  0.0, Workers: 4
[781.077s][debug][gc,phases      ] GC(37)     Dead                           Min: 0, Avg:  0.0, Max: 0, Diff: 0, Sum: 0, Workers: 4
[781.077s][debug][gc,phases      ] GC(37)     Total                          Min: 0, Avg: 12.0, Max: 48, Diff: 48, Sum: 48, Workers: 4
[781.077s][debug][gc,phases      ] GC(37)   JVMTI Tag Weak OopStorage      Min:  0.0, Avg:  0.0, Max:  0.0, Diff:  0.0, Sum:  0.0, Workers: 4
[781.077s][debug][gc,phases      ] GC(37)     Dead                           Min: 0, Avg:  0.0, Max: 0, Diff: 0, Sum: 0, Workers: 4
[781.077s][debug][gc,phases      ] GC(37)     Total                          Min: 0, Avg:  0.0, Max: 0, Diff: 0, Sum: 0, Workers: 4
[781.077s][debug][gc,phases      ] GC(37)   StringTable Weak               Min:  0.0, Avg:  0.1, Max:  0.1, Diff:  0.1, Sum:  0.4, Workers: 4
[781.077s][debug][gc,phases      ] GC(37)     Dead                           Min: 0, Avg:  0.0, Max: 0, Diff: 0, Sum: 0, Workers: 4
[781.077s][debug][gc,phases      ] GC(37)     Total                          Min: 0, Avg: 10701.2, Max: 16501, Diff: 16501, Sum: 42805, Workers: 4
[781.077s][debug][gc,phases      ] GC(37)   ResolvedMethodTable Weak       Min:  0.0, Avg:  0.0, Max:  0.0, Diff:  0.0, Sum:  0.1, Workers: 4
[781.077s][debug][gc,phases      ] GC(37)     Dead                           Min: 0, Avg:  0.0, Max: 0, Diff: 0, Sum: 0, Workers: 4
[781.077s][debug][gc,phases      ] GC(37)     Total                          Min: 0, Avg: 2179.2, Max: 3149, Diff: 3149, Sum: 8717, Workers: 4
[781.077s][debug][gc,phases      ] GC(37)   JNI Weak                       Min:  0.0, Avg:  0.0, Max:  0.0, Diff:  0.0, Sum:  0.0, Workers: 4
[781.077s][debug][gc,phases      ] GC(37)     Dead                           Min: 0, Avg:  0.0, Max: 0, Diff: 0, Sum: 0, Workers: 4
[781.077s][debug][gc,phases      ] GC(37)     Total                          Min: 0, Avg: 11.2, Max: 45, Diff: 45, Sum: 45, Workers: 4
[781.077s][debug][gc,phases      ] GC(37)   StringDedup Table Weak         Min:  0.0, Avg:  0.0, Max:  0.0, Diff:  0.0, Sum:  0.0, Workers: 4
[781.077s][debug][gc,phases      ] GC(37)     Dead                           Min: 0, Avg:  0.0, Max: 0, Diff: 0, Sum: 0, Workers: 4
[781.077s][debug][gc,phases      ] GC(37)     Total                          Min: 0, Avg:  0.0, Max: 0, Diff: 0, Sum: 0, Workers: 4
[781.077s][debug][gc,phases      ] GC(37)   StringDedup Requests0 Weak     Min:  0.0, Avg:  0.0, Max:  0.0, Diff:  0.0, Sum:  0.0, Workers: 4
[781.077s][debug][gc,phases      ] GC(37)     Dead                           Min: 0, Avg:  0.0, Max: 0, Diff: 0, Sum: 0, Workers: 4
[781.077s][debug][gc,phases      ] GC(37)     Total                          Min: 0, Avg:  0.0, Max: 0, Diff: 0, Sum: 0, Workers: 4
[781.077s][debug][gc,phases      ] GC(37)   StringDedup Requests1 Weak     Min:  0.0, Avg:  0.0, Max:  0.0, Diff:  0.0, Sum:  0.0, Workers: 4
[781.077s][debug][gc,phases      ] GC(37)     Dead                           Min: 0, Avg:  0.0, Max: 0, Diff: 0, Sum: 0, Workers: 4
[781.077s][debug][gc,phases      ] GC(37)     Total                          Min: 0, Avg:  0.0, Max: 0, Diff: 0, Sum: 0, Workers: 4
[781.077s][debug][gc,phases      ] GC(37)   Weak JFR Old Object Samples    Min:  0.0, Avg:  0.0, Max:  0.0, Diff:  0.0, Sum:  0.0, Workers: 4
[781.077s][debug][gc,phases      ] GC(37)     Dead                           Min: 0, Avg:  0.0, Max: 0, Diff: 0, Sum: 0, Workers: 4
[781.077s][debug][gc,phases      ] GC(37)     Total                          Min: 0, Avg:  0.0, Max: 0, Diff: 0, Sum: 0, Workers: 4
[781.077s][debug][gc,phases      ] GC(37) Weak Processing 0.331ms
[781.077s][debug][gc,age         ] GC(37) Desired survivor size 355991552 bytes, new threshold 10 (max threshold 15)
[781.077s][info ][gc,heap        ] GC(37) PSYoungGen: 1298080K(1684992K)->3424K(1749504K) Eden: 1294336K(1294336K)->0K(1380864K) From: 3744K(390656K)->3424K(368640K)
[781.077s][info ][gc,heap        ] GC(37) ParOldGen: 447174K(619520K)->447174K(619520K)
[781.077s][info ][gc,metaspace   ] GC(37) Metaspace: 79387K(80384K)->79387K(80384K) NonClass: 68082K(68608K)->68082K(68608K) Class: 11304K(11776K)->11304K(11776K)
[781.077s][info ][gc             ] GC(37) Pause Young (Allocation Failure) 1704M->440M(2313M) 3.007ms
[781.077s][info ][gc,cpu         ] GC(37) User=0.01s Sys=0.00s Real=0.00s
[781.077s][info ][safepoint      ] Safepoint "ParallelGCFailedAllocation", Time since last: 6243095001 ns, Reaching safepoint: 28801 ns, At safepoint: 3079379 ns, Total: 3108180 ns
[783.077s][info ][safepoint      ] Safepoint "Cleanup", Time since last: 2000149864 ns, Reaching safepoint: 57501 ns, At safepoint: 6600 ns, Total: 64101 ns
[789.078s][info ][safepoint      ] Safepoint "Cleanup", Time since last: 6000463470 ns, Reaching safepoint: 58502 ns, At safepoint: 6100 ns, Total: 64602 ns
[792.078s][info ][safepoint      ] Safepoint "Cleanup", Time since last: 3000249233 ns, Reaching safepoint: 117703 ns, At safepoint: 5100 ns, Total: 122803 ns
[794.078s][info ][safepoint      ] Safepoint "Cleanup", Time since last: 2000189623 ns, Reaching safepoint: 54901 ns, At safepoint: 3800 ns, Total: 58701 ns
[798.079s][info ][safepoint      ] Safepoint "Cleanup", Time since last: 4000313324 ns, Reaching safepoint: 52601 ns, At safepoint: 4100 ns, Total: 56701 ns
[802.079s][info ][safepoint      ] Safepoint "Cleanup", Time since last: 4000303570 ns, Reaching safepoint: 45502 ns, At safepoint: 2600 ns, Total: 48102 ns
[811.080s][info ][safepoint      ] Safepoint "Cleanup", Time since last: 9001014932 ns, Reaching safepoint: 49701 ns, At safepoint: 3801 ns, Total: 53502 ns
[815.081s][info ][safepoint      ] Safepoint "Cleanup", Time since last: 4000325250 ns, Reaching safepoint: 59202 ns, At safepoint: 2900 ns, Total: 62102 ns
[816.081s][info ][safepoint      ] Safepoint "Cleanup", Time since last: 1000118133 ns, Reaching safepoint: 43901 ns, At safepoint: 2900 ns, Total: 46801 ns
[819.081s][info ][safepoint      ] Safepoint "Cleanup", Time since last: 3000238597 ns, Reaching safepoint: 49501 ns, At safepoint: 3000 ns, Total: 52501 ns
[820.081s][info ][safepoint      ] Safepoint "Cleanup", Time since last: 1000115529 ns, Reaching safepoint: 58502 ns, At safepoint: 2800 ns, Total: 61302 ns
[822.081s][info ][safepoint      ] Safepoint "Cleanup", Time since last: 2000184859 ns, Reaching safepoint: 47301 ns, At safepoint: 3200 ns, Total: 50501 ns
[824.124s][info ][safepoint      ] Safepoint "Cleanup", Time since last: 2042695785 ns, Reaching safepoint: 138803 ns, At safepoint: 5200 ns, Total: 144003 ns
[828.125s][info ][safepoint      ] Safepoint "Cleanup", Time since last: 4000338429 ns, Reaching safepoint: 137504 ns, At safepoint: 7000 ns, Total: 144504 ns
[829.125s][info ][safepoint      ] Safepoint "Cleanup", Time since last: 1000137220 ns, Reaching safepoint: 128603 ns, At safepoint: 6800 ns, Total: 135403 ns
[830.125s][info ][safepoint      ] Safepoint "Cleanup", Time since last: 1000129209 ns, Reaching safepoint: 125003 ns, At safepoint: 4800 ns, Total: 129803 ns
[832.024s][info ][gc,start       ] GC(38) Pause Young (Allocation Failure)
[832.026s][debug][gc,phases      ] GC(38) Scavenge 2.742ms
[832.026s][debug][gc,ref         ] GC(38) Skipped phase 1 of Reference Processing: no references
[832.027s][debug][gc,ref         ] GC(38) ReferenceProcessor::execute queues: 1, RefProcThreadModel::Single, marks_oops_alive: false
[832.027s][debug][gc,ref         ] GC(38) Skipped phase 3 of Reference Processing: no references
[832.027s][debug][gc,ref         ] GC(38) ReferenceProcessor::execute queues: 1, RefProcThreadModel::Single, marks_oops_alive: false
[832.027s][debug][gc,phases      ] GC(38) Reference Processing 0.118ms
[832.027s][debug][gc,phases      ] GC(38)   VM Weak                        Min:  0.0, Avg:  0.0, Max:  0.0, Diff:  0.0, Sum:  0.0, Workers: 4
[832.027s][debug][gc,phases      ] GC(38)     Dead                           Min: 0, Avg:  0.0, Max: 0, Diff: 0, Sum: 0, Workers: 4
[832.027s][debug][gc,phases      ] GC(38)     Total                          Min: 0, Avg: 196.0, Max: 528, Diff: 528, Sum: 784, Workers: 4
[832.027s][debug][gc,phases      ] GC(38)   ObjectSynchronizer Weak        Min:  0.0, Avg:  0.0, Max:  0.0, Diff:  0.0, Sum:  0.0, Workers: 4
[832.027s][debug][gc,phases      ] GC(38)     Dead                           Min: 0, Avg:  0.0, Max: 0, Diff: 0, Sum: 0, Workers: 4
[832.027s][debug][gc,phases      ] GC(38)     Total                          Min: 0, Avg: 12.0, Max: 48, Diff: 48, Sum: 48, Workers: 4
[832.027s][debug][gc,phases      ] GC(38)   JVMTI Tag Weak OopStorage      Min:  0.0, Avg:  0.0, Max:  0.0, Diff:  0.0, Sum:  0.0, Workers: 4
[832.027s][debug][gc,phases      ] GC(38)     Dead                           Min: 0, Avg:  0.0, Max: 0, Diff: 0, Sum: 0, Workers: 4
[832.027s][debug][gc,phases      ] GC(38)     Total                          Min: 0, Avg:  0.0, Max: 0, Diff: 0, Sum: 0, Workers: 4
[832.027s][debug][gc,phases      ] GC(38)   StringTable Weak               Min:  0.1, Avg:  0.1, Max:  0.1, Diff:  0.0, Sum:  0.4, Workers: 4
[832.027s][debug][gc,phases      ] GC(38)     Dead                           Min: 0, Avg:  0.0, Max: 0, Diff: 0, Sum: 0, Workers: 4
[832.027s][debug][gc,phases      ] GC(38)     Total                          Min: 9536, Avg: 10704.5, Max: 12288, Diff: 2752, Sum: 42818, Workers: 4
[832.027s][debug][gc,phases      ] GC(38)   ResolvedMethodTable Weak       Min:  0.0, Avg:  0.0, Max:  0.0, Diff:  0.0, Sum:  0.1, Workers: 4
[832.027s][debug][gc,phases      ] GC(38)     Dead                           Min: 0, Avg:  0.0, Max: 0, Diff: 0, Sum: 0, Workers: 4
[832.027s][debug][gc,phases      ] GC(38)     Total                          Min: 2112, Avg: 2179.2, Max: 2304, Diff: 192, Sum: 8717, Workers: 4
[832.027s][debug][gc,phases      ] GC(38)   JNI Weak                       Min:  0.0, Avg:  0.0, Max:  0.0, Diff:  0.0, Sum:  0.0, Workers: 4
[832.027s][debug][gc,phases      ] GC(38)     Dead                           Min: 0, Avg:  0.0, Max: 0, Diff: 0, Sum: 0, Workers: 4
[832.027s][debug][gc,phases      ] GC(38)     Total                          Min: 0, Avg: 11.2, Max: 45, Diff: 45, Sum: 45, Workers: 4
[832.027s][debug][gc,phases      ] GC(38)   StringDedup Table Weak         Min:  0.0, Avg:  0.0, Max:  0.0, Diff:  0.0, Sum:  0.0, Workers: 4
[832.027s][debug][gc,phases      ] GC(38)     Dead                           Min: 0, Avg:  0.0, Max: 0, Diff: 0, Sum: 0, Workers: 4
[832.027s][debug][gc,phases      ] GC(38)     Total                          Min: 0, Avg:  0.0, Max: 0, Diff: 0, Sum: 0, Workers: 4
[832.027s][debug][gc,phases      ] GC(38)   StringDedup Requests0 Weak     Min:  0.0, Avg:  0.0, Max:  0.0, Diff:  0.0, Sum:  0.0, Workers: 4
[832.027s][debug][gc,phases      ] GC(38)     Dead                           Min: 0, Avg:  0.0, Max: 0, Diff: 0, Sum: 0, Workers: 4
[832.027s][debug][gc,phases      ] GC(38)     Total                          Min: 0, Avg:  0.0, Max: 0, Diff: 0, Sum: 0, Workers: 4
[832.027s][debug][gc,phases      ] GC(38)   StringDedup Requests1 Weak     Min:  0.0, Avg:  0.0, Max:  0.0, Diff:  0.0, Sum:  0.0, Workers: 4
[832.027s][debug][gc,phases      ] GC(38)     Dead                           Min: 0, Avg:  0.0, Max: 0, Diff: 0, Sum: 0, Workers: 4
[832.027s][debug][gc,phases      ] GC(38)     Total                          Min: 0, Avg:  0.0, Max: 0, Diff: 0, Sum: 0, Workers: 4
[832.027s][debug][gc,phases      ] GC(38)   Weak JFR Old Object Samples    Min:  0.0, Avg:  0.0, Max:  0.0, Diff:  0.0, Sum:  0.0, Workers: 4
[832.027s][debug][gc,phases      ] GC(38)     Dead                           Min: 0, Avg:  0.0, Max: 0, Diff: 0, Sum: 0, Workers: 4
[832.027s][debug][gc,phases      ] GC(38)     Total                          Min: 0, Avg:  0.0, Max: 0, Diff: 0, Sum: 0, Workers: 4
[832.027s][debug][gc,phases      ] GC(38) Weak Processing 0.308ms
[832.027s][debug][gc,age         ] GC(38) Desired survivor size 335020032 bytes, new threshold 11 (max threshold 15)
[832.027s][info ][gc,heap        ] GC(38) PSYoungGen: 1384288K(1749504K)->3856K(1728512K) Eden: 1380864K(1380864K)->0K(1380864K) From: 3424K(368640K)->3856K(347648K)
[832.027s][info ][gc,heap        ] GC(38) ParOldGen: 447174K(619520K)->447174K(619520K)
[832.027s][info ][gc,metaspace   ] GC(38) Metaspace: 79402K(80384K)->79402K(80384K) NonClass: 68098K(68608K)->68098K(68608K) Class: 11304K(11776K)->11304K(11776K)
[832.027s][info ][gc             ] GC(38) Pause Young (Allocation Failure) 1788M->440M(2293M) 3.287ms
[832.027s][info ][gc,cpu         ] GC(38) User=0.01s Sys=0.01s Real=0.00s
[832.027s][info ][safepoint      ] Safepoint "ParallelGCFailedAllocation", Time since last: 1898299379 ns, Reaching safepoint: 42501 ns, At safepoint: 3348880 ns, Total: 3391381 ns
[834.027s][info ][safepoint      ] Safepoint "Cleanup", Time since last: 2000168315 ns, Reaching safepoint: 132503 ns, At safepoint: 6101 ns, Total: 138604 ns
[835.027s][info ][safepoint      ] Safepoint "Cleanup", Time since last: 1000119908 ns, Reaching safepoint: 52001 ns, At safepoint: 5900 ns, Total: 57901 ns
[836.028s][info ][safepoint      ] Safepoint "Cleanup", Time since last: 1000104408 ns, Reaching safepoint: 40501 ns, At safepoint: 2700 ns, Total: 43201 ns
[842.929s][info ][safepoint      ] Safepoint "Cleanup", Time since last: 6901209518 ns, Reaching safepoint: 92003 ns, At safepoint: 2700 ns, Total: 94703 ns
[844.311s][info ][safepoint      ] Safepoint "Cleanup", Time since last: 1382039249 ns, Reaching safepoint: 75702 ns, At safepoint: 5300 ns, Total: 81002 ns
[848.311s][info ][safepoint      ] Safepoint "Cleanup", Time since last: 4000312916 ns, Reaching safepoint: 76701 ns, At safepoint: 2501 ns, Total: 79202 ns
[853.312s][info ][safepoint      ] Safepoint "Cleanup", Time since last: 5000355524 ns, Reaching safepoint: 53702 ns, At safepoint: 2600 ns, Total: 56302 ns
[854.312s][info ][safepoint      ] Safepoint "Cleanup", Time since last: 1000120007 ns, Reaching safepoint: 48002 ns, At safepoint: 2700 ns, Total: 50702 ns
[857.312s][info ][safepoint      ] Safepoint "Cleanup", Time since last: 3000255520 ns, Reaching safepoint: 52502 ns, At safepoint: 3200 ns, Total: 55702 ns
[858.312s][info ][safepoint      ] Safepoint "Cleanup", Time since last: 1000116307 ns, Reaching safepoint: 45301 ns, At safepoint: 2600 ns, Total: 47901 ns
[859.313s][info ][safepoint      ] Safepoint "Cleanup", Time since last: 1000127508 ns, Reaching safepoint: 54602 ns, At safepoint: 5500 ns, Total: 60102 ns
[860.313s][info ][safepoint      ] Safepoint "Cleanup", Time since last: 1000123212 ns, Reaching safepoint: 90302 ns, At safepoint: 6400 ns, Total: 96702 ns
[861.313s][info ][safepoint      ] Safepoint "Cleanup", Time since last: 1000111950 ns, Reaching safepoint: 56202 ns, At safepoint: 4600 ns, Total: 60802 ns
[864.313s][info ][safepoint      ] Safepoint "Cleanup", Time since last: 3000241008 ns, Reaching safepoint: 71202 ns, At safepoint: 5700 ns, Total: 76902 ns
[870.314s][info ][safepoint      ] Safepoint "Cleanup", Time since last: 6000427124 ns, Reaching safepoint: 75402 ns, At safepoint: 2900 ns, Total: 78302 ns
[873.314s][info ][safepoint      ] Safepoint "Cleanup", Time since last: 3000275240 ns, Reaching safepoint: 42501 ns, At safepoint: 3000 ns, Total: 45501 ns
[878.315s][info ][safepoint      ] Safepoint "Cleanup", Time since last: 5000387691 ns, Reaching safepoint: 60701 ns, At safepoint: 2900 ns, Total: 63601 ns
[879.315s][info ][safepoint      ] Safepoint "Cleanup", Time since last: 1000123055 ns, Reaching safepoint: 50501 ns, At safepoint: 5200 ns, Total: 55701 ns
[880.315s][info ][safepoint      ] Safepoint "Cleanup", Time since last: 1000128455 ns, Reaching safepoint: 45101 ns, At safepoint: 3400 ns, Total: 48501 ns
[880.599s][info ][gc,start       ] GC(39) Pause Young (Allocation Failure)
[880.604s][debug][gc,phases      ] GC(39) Scavenge 4.507ms
[880.604s][debug][gc,ref         ] GC(39) Skipped phase 1 of Reference Processing: no references
[880.604s][debug][gc,ref         ] GC(39) ReferenceProcessor::execute queues: 1, RefProcThreadModel::Single, marks_oops_alive: false
[880.604s][debug][gc,ref         ] GC(39) Skipped phase 3 of Reference Processing: no references
[880.604s][debug][gc,ref         ] GC(39) ReferenceProcessor::execute queues: 1, RefProcThreadModel::Single, marks_oops_alive: false
[880.604s][debug][gc,phases      ] GC(39) Reference Processing 0.104ms
[880.604s][debug][gc,phases      ] GC(39)   VM Weak                        Min:  0.0, Avg:  0.0, Max:  0.0, Diff:  0.0, Sum:  0.0, Workers: 4
[880.604s][debug][gc,phases      ] GC(39)     Dead                           Min: 0, Avg:  0.0, Max: 0, Diff: 0, Sum: 0, Workers: 4
[880.604s][debug][gc,phases      ] GC(39)     Total                          Min: 0, Avg: 196.0, Max: 400, Diff: 400, Sum: 784, Workers: 4
[880.604s][debug][gc,phases      ] GC(39)   ObjectSynchronizer Weak        Min:  0.0, Avg:  0.0, Max:  0.0, Diff:  0.0, Sum:  0.0, Workers: 4
[880.604s][debug][gc,phases      ] GC(39)     Dead                           Min: 0, Avg:  0.0, Max: 0, Diff: 0, Sum: 0, Workers: 4
[880.604s][debug][gc,phases      ] GC(39)     Total                          Min: 0, Avg: 12.0, Max: 48, Diff: 48, Sum: 48, Workers: 4
[880.604s][debug][gc,phases      ] GC(39)   JVMTI Tag Weak OopStorage      Min:  0.0, Avg:  0.0, Max:  0.0, Diff:  0.0, Sum:  0.0, Workers: 4
[880.604s][debug][gc,phases      ] GC(39)     Dead                           Min: 0, Avg:  0.0, Max: 0, Diff: 0, Sum: 0, Workers: 4
[880.604s][debug][gc,phases      ] GC(39)     Total                          Min: 0, Avg:  0.0, Max: 0, Diff: 0, Sum: 0, Workers: 4
[880.604s][debug][gc,phases      ] GC(39)   StringTable Weak               Min:  0.0, Avg:  0.1, Max:  0.1, Diff:  0.1, Sum:  0.4, Workers: 4
[880.604s][debug][gc,phases      ] GC(39)     Dead                           Min: 0, Avg:  0.0, Max: 0, Diff: 0, Sum: 0, Workers: 4
[880.604s][debug][gc,phases      ] GC(39)     Total                          Min: 0, Avg: 10704.5, Max: 17728, Diff: 17728, Sum: 42818, Workers: 4
[880.604s][debug][gc,phases      ] GC(39)   ResolvedMethodTable Weak       Min:  0.0, Avg:  0.0, Max:  0.0, Diff:  0.0, Sum:  0.1, Workers: 4
[880.604s][debug][gc,phases      ] GC(39)     Dead                           Min: 0, Avg:  0.0, Max: 0, Diff: 0, Sum: 0, Workers: 4
[880.604s][debug][gc,phases      ] GC(39)     Total                          Min: 0, Avg: 2179.2, Max: 3264, Diff: 3264, Sum: 8717, Workers: 4
[880.604s][debug][gc,phases      ] GC(39)   JNI Weak                       Min:  0.0, Avg:  0.0, Max:  0.0, Diff:  0.0, Sum:  0.0, Workers: 4
[880.604s][debug][gc,phases      ] GC(39)     Dead                           Min: 0, Avg:  0.0, Max: 0, Diff: 0, Sum: 0, Workers: 4
[880.604s][debug][gc,phases      ] GC(39)     Total                          Min: 0, Avg: 11.2, Max: 45, Diff: 45, Sum: 45, Workers: 4
[880.604s][debug][gc,phases      ] GC(39)   StringDedup Table Weak         Min:  0.0, Avg:  0.0, Max:  0.0, Diff:  0.0, Sum:  0.0, Workers: 4
[880.604s][debug][gc,phases      ] GC(39)     Dead                           Min: 0, Avg:  0.0, Max: 0, Diff: 0, Sum: 0, Workers: 4
[880.604s][debug][gc,phases      ] GC(39)     Total                          Min: 0, Avg:  0.0, Max: 0, Diff: 0, Sum: 0, Workers: 4
[880.604s][debug][gc,phases      ] GC(39)   StringDedup Requests0 Weak     Min:  0.0, Avg:  0.0, Max:  0.0, Diff:  0.0, Sum:  0.0, Workers: 4
[880.604s][debug][gc,phases      ] GC(39)     Dead                           Min: 0, Avg:  0.0, Max: 0, Diff: 0, Sum: 0, Workers: 4
[880.605s][debug][gc,phases      ] GC(39)     Total                          Min: 0, Avg:  0.0, Max: 0, Diff: 0, Sum: 0, Workers: 4
[880.605s][debug][gc,phases      ] GC(39)   StringDedup Requests1 Weak     Min:  0.0, Avg:  0.0, Max:  0.0, Diff:  0.0, Sum:  0.0, Workers: 4
[880.605s][debug][gc,phases      ] GC(39)     Dead                           Min: 0, Avg:  0.0, Max: 0, Diff: 0, Sum: 0, Workers: 4
[880.605s][debug][gc,phases      ] GC(39)     Total                          Min: 0, Avg:  0.0, Max: 0, Diff: 0, Sum: 0, Workers: 4
[880.605s][debug][gc,phases      ] GC(39)   Weak JFR Old Object Samples    Min:  0.0, Avg:  0.0, Max:  0.0, Diff:  0.0, Sum:  0.0, Workers: 4
[880.605s][debug][gc,phases      ] GC(39)     Dead                           Min: 0, Avg:  0.0, Max: 0, Diff: 0, Sum: 0, Workers: 4
[880.605s][debug][gc,phases      ] GC(39)     Total                          Min: 0, Avg:  0.0, Max: 0, Diff: 0, Sum: 0, Workers: 4
[880.605s][debug][gc,phases      ] GC(39) Weak Processing 0.358ms
[880.605s][debug][gc,age         ] GC(39) Desired survivor size 314572800 bytes, new threshold 12 (max threshold 15)
[880.605s][info ][gc,heap        ] GC(39) PSYoungGen: 1384720K(1728512K)->3888K(1789952K) Eden: 1380864K(1380864K)->0K(1462784K) From: 3856K(347648K)->3888K(327168K)
[880.605s][info ][gc,heap        ] GC(39) ParOldGen: 447174K(619520K)->447182K(619520K)
[880.605s][info ][gc,metaspace   ] GC(39) Metaspace: 79416K(80448K)->79416K(80448K) NonClass: 68112K(68672K)->68112K(68672K) Class: 11304K(11776K)->11304K(11776K)
[880.605s][info ][gc             ] GC(39) Pause Young (Allocation Failure) 1788M->440M(2353M) 5.099ms
[880.605s][info ][gc,cpu         ] GC(39) User=0.02s Sys=0.00s Real=0.00s
[880.605s][info ][safepoint      ] Safepoint "ParallelGCFailedAllocation", Time since last: 284371440 ns, Reaching safepoint: 44201 ns, At safepoint: 5168724 ns, Total: 5212925 ns
[881.605s][info ][safepoint      ] Safepoint "Cleanup", Time since last: 1000072954 ns, Reaching safepoint: 47901 ns, At safepoint: 3900 ns, Total: 51801 ns
[882.605s][info ][safepoint      ] Safepoint "Cleanup", Time since last: 1000115854 ns, Reaching safepoint: 53802 ns, At safepoint: 4000 ns, Total: 57802 ns
[896.606s][info ][safepoint      ] Safepoint "Cleanup", Time since last: 14001050521 ns, Reaching safepoint: 43901 ns, At safepoint: 3000 ns, Total: 46901 ns
[899.606s][info ][safepoint      ] Safepoint "Cleanup", Time since last: 3000258824 ns, Reaching safepoint: 52201 ns, At safepoint: 3000 ns, Total: 55201 ns
[907.607s][info ][safepoint      ] Safepoint "Cleanup", Time since last: 8000568373 ns, Reaching safepoint: 57602 ns, At safepoint: 2600 ns, Total: 60202 ns
[909.607s][info ][safepoint      ] Safepoint "Cleanup", Time since last: 2000208577 ns, Reaching safepoint: 66801 ns, At safepoint: 3300 ns, Total: 70101 ns
[910.607s][info ][safepoint      ] Safepoint "Cleanup", Time since last: 1000124627 ns, Reaching safepoint: 53801 ns, At safepoint: 2800 ns, Total: 56601 ns
[911.608s][info ][safepoint      ] Safepoint "Cleanup", Time since last: 1000118327 ns, Reaching safepoint: 47701 ns, At safepoint: 2700 ns, Total: 50401 ns
[912.608s][info ][safepoint      ] Safepoint "Cleanup", Time since last: 1000123927 ns, Reaching safepoint: 53602 ns, At safepoint: 6700 ns, Total: 60302 ns
[915.608s][info ][safepoint      ] Safepoint "Cleanup", Time since last: 3000252778 ns, Reaching safepoint: 47301 ns, At safepoint: 3000 ns, Total: 50301 ns
[918.608s][info ][safepoint      ] Safepoint "Cleanup", Time since last: 3000252652 ns, Reaching safepoint: 119702 ns, At safepoint: 5100 ns, Total: 124802 ns
[920.609s][info ][safepoint      ] Safepoint "Cleanup", Time since last: 2000171556 ns, Reaching safepoint: 78902 ns, At safepoint: 2600 ns, Total: 81502 ns
[928.609s][info ][safepoint      ] Safepoint "Cleanup", Time since last: 8000643056 ns, Reaching safepoint: 63302 ns, At safepoint: 3500 ns, Total: 66802 ns
[933.772s][info ][gc,start       ] GC(40) Pause Young (Allocation Failure)
[933.776s][debug][gc,phases      ] GC(40) Scavenge 4.116ms
[933.776s][debug][gc,ref         ] GC(40) Skipped phase 1 of Reference Processing: no references
[933.776s][debug][gc,ref         ] GC(40) ReferenceProcessor::execute queues: 1, RefProcThreadModel::Single, marks_oops_alive: false
[933.776s][debug][gc,ref         ] GC(40) Skipped phase 3 of Reference Processing: no references
[933.776s][debug][gc,ref         ] GC(40) ReferenceProcessor::execute queues: 1, RefProcThreadModel::Single, marks_oops_alive: false
[933.776s][debug][gc,phases      ] GC(40) Reference Processing 0.123ms
[933.776s][debug][gc,phases      ] GC(40)   VM Weak                        Min:  0.0, Avg:  0.0, Max:  0.0, Diff:  0.0, Sum:  0.0, Workers: 4
[933.776s][debug][gc,phases      ] GC(40)     Dead                           Min: 0, Avg:  0.0, Max: 0, Diff: 0, Sum: 0, Workers: 4
[933.776s][debug][gc,phases      ] GC(40)     Total                          Min: 0, Avg: 196.0, Max: 720, Diff: 720, Sum: 784, Workers: 4
[933.776s][debug][gc,phases      ] GC(40)   ObjectSynchronizer Weak        Min:  0.0, Avg:  0.0, Max:  0.0, Diff:  0.0, Sum:  0.0, Workers: 4
[933.776s][debug][gc,phases      ] GC(40)     Dead                           Min: 0, Avg:  0.0, Max: 0, Diff: 0, Sum: 0, Workers: 4
[933.776s][debug][gc,phases      ] GC(40)     Total                          Min: 0, Avg: 12.0, Max: 48, Diff: 48, Sum: 48, Workers: 4
[933.776s][debug][gc,phases      ] GC(40)   JVMTI Tag Weak OopStorage      Min:  0.0, Avg:  0.0, Max:  0.0, Diff:  0.0, Sum:  0.0, Workers: 4
[933.776s][debug][gc,phases      ] GC(40)     Dead                           Min: 0, Avg:  0.0, Max: 0, Diff: 0, Sum: 0, Workers: 4
[933.776s][debug][gc,phases      ] GC(40)     Total                          Min: 0, Avg:  0.0, Max: 0, Diff: 0, Sum: 0, Workers: 4
[933.776s][debug][gc,phases      ] GC(40)   StringTable Weak               Min:  0.0, Avg:  0.1, Max:  0.1, Diff:  0.1, Sum:  0.4, Workers: 4
[933.776s][debug][gc,phases      ] GC(40)     Dead                           Min: 0, Avg:  0.0, Max: 0, Diff: 0, Sum: 0, Workers: 4
[933.776s][debug][gc,phases      ] GC(40)     Total                          Min: 0, Avg: 10706.0, Max: 14984, Diff: 14984, Sum: 42824, Workers: 4
[933.776s][debug][gc,phases      ] GC(40)   ResolvedMethodTable Weak       Min:  0.0, Avg:  0.0, Max:  0.0, Diff:  0.0, Sum:  0.1, Workers: 4
[933.776s][debug][gc,phases      ] GC(40)     Dead                           Min: 0, Avg:  0.0, Max: 0, Diff: 0, Sum: 0, Workers: 4
[933.776s][debug][gc,phases      ] GC(40)     Total                          Min: 0, Avg: 2179.2, Max: 3008, Diff: 3008, Sum: 8717, Workers: 4
[933.776s][debug][gc,phases      ] GC(40)   JNI Weak                       Min:  0.0, Avg:  0.0, Max:  0.0, Diff:  0.0, Sum:  0.0, Workers: 4
[933.776s][debug][gc,phases      ] GC(40)     Dead                           Min: 0, Avg:  0.0, Max: 0, Diff: 0, Sum: 0, Workers: 4
[933.776s][debug][gc,phases      ] GC(40)     Total                          Min: 0, Avg: 11.2, Max: 45, Diff: 45, Sum: 45, Workers: 4
[933.776s][debug][gc,phases      ] GC(40)   StringDedup Table Weak         Min:  0.0, Avg:  0.0, Max:  0.0, Diff:  0.0, Sum:  0.0, Workers: 4
[933.776s][debug][gc,phases      ] GC(40)     Dead                           Min: 0, Avg:  0.0, Max: 0, Diff: 0, Sum: 0, Workers: 4
[933.776s][debug][gc,phases      ] GC(40)     Total                          Min: 0, Avg:  0.0, Max: 0, Diff: 0, Sum: 0, Workers: 4
[933.776s][debug][gc,phases      ] GC(40)   StringDedup Requests0 Weak     Min:  0.0, Avg:  0.0, Max:  0.0, Diff:  0.0, Sum:  0.0, Workers: 4
[933.776s][debug][gc,phases      ] GC(40)     Dead                           Min: 0, Avg:  0.0, Max: 0, Diff: 0, Sum: 0, Workers: 4
[933.776s][debug][gc,phases      ] GC(40)     Total                          Min: 0, Avg:  0.0, Max: 0, Diff: 0, Sum: 0, Workers: 4
[933.776s][debug][gc,phases      ] GC(40)   StringDedup Requests1 Weak     Min:  0.0, Avg:  0.0, Max:  0.0, Diff:  0.0, Sum:  0.0, Workers: 4
[933.776s][debug][gc,phases      ] GC(40)     Dead                           Min: 0, Avg:  0.0, Max: 0, Diff: 0, Sum: 0, Workers: 4
[933.776s][debug][gc,phases      ] GC(40)     Total                          Min: 0, Avg:  0.0, Max: 0, Diff: 0, Sum: 0, Workers: 4
[933.776s][debug][gc,phases      ] GC(40)   Weak JFR Old Object Samples    Min:  0.0, Avg:  0.0, Max:  0.0, Diff:  0.0, Sum:  0.0, Workers: 4
[933.776s][debug][gc,phases      ] GC(40)     Dead                           Min: 0, Avg:  0.0, Max: 0, Diff: 0, Sum: 0, Workers: 4
[933.776s][debug][gc,phases      ] GC(40)     Total                          Min: 0, Avg:  0.0, Max: 0, Diff: 0, Sum: 0, Workers: 4
[933.776s][debug][gc,phases      ] GC(40) Weak Processing 0.333ms
[933.776s][debug][gc,age         ] GC(40) Desired survivor size 295174144 bytes, new threshold 13 (max threshold 15)
[933.776s][info ][gc,heap        ] GC(40) PSYoungGen: 1466672K(1789952K)->3584K(1769984K) Eden: 1462784K(1462784K)->0K(1462784K) From: 3888K(327168K)->3584K(307200K)
[933.776s][info ][gc,heap        ] GC(40) ParOldGen: 447182K(619520K)->447190K(619520K)
[933.776s][info ][gc,metaspace   ] GC(40) Metaspace: 79438K(80448K)->79438K(80448K) NonClass: 68134K(68672K)->68134K(68672K) Class: 11304K(11776K)->11304K(11776K)
[933.776s][info ][gc             ] GC(40) Pause Young (Allocation Failure) 1868M->440M(2333M) 4.719ms
[933.776s][info ][gc,cpu         ] GC(40) User=0.01s Sys=0.01s Real=0.00s
[933.776s][info ][safepoint      ] Safepoint "ParallelGCFailedAllocation", Time since last: 5162165924 ns, Reaching safepoint: 33700 ns, At safepoint: 4797001 ns, Total: 4830701 ns
[938.777s][info ][safepoint      ] Safepoint "Cleanup", Time since last: 5000392602 ns, Reaching safepoint: 139603 ns, At safepoint: 5101 ns, Total: 144704 ns
[940.777s][info ][safepoint      ] Safepoint "Cleanup", Time since last: 2000185817 ns, Reaching safepoint: 54101 ns, At safepoint: 5900 ns, Total: 60001 ns
[945.778s][info ][safepoint      ] Safepoint "Cleanup", Time since last: 5000402922 ns, Reaching safepoint: 48501 ns, At safepoint: 3500 ns, Total: 52001 ns
[946.778s][info ][safepoint      ] Safepoint "Cleanup", Time since last: 1000122298 ns, Reaching safepoint: 54702 ns, At safepoint: 3200 ns, Total: 57902 ns
[947.778s][info ][safepoint      ] Safepoint "Cleanup", Time since last: 1000120598 ns, Reaching safepoint: 56801 ns, At safepoint: 2900 ns, Total: 59701 ns
[953.778s][info ][safepoint      ] Safepoint "Cleanup", Time since last: 6000430343 ns, Reaching safepoint: 52001 ns, At safepoint: 2800 ns, Total: 54801 ns
[955.779s][info ][safepoint      ] Safepoint "Cleanup", Time since last: 2000199954 ns, Reaching safepoint: 43601 ns, At safepoint: 2900 ns, Total: 46501 ns
[957.779s][info ][safepoint      ] Safepoint "Cleanup", Time since last: 2000178390 ns, Reaching safepoint: 41601 ns, At safepoint: 3200 ns, Total: 44801 ns
[961.779s][info ][safepoint      ] Safepoint "Cleanup", Time since last: 4000333495 ns, Reaching safepoint: 47401 ns, At safepoint: 2601 ns, Total: 50002 ns
[966.780s][info ][safepoint      ] Safepoint "Cleanup", Time since last: 5000330802 ns, Reaching safepoint: 56402 ns, At safepoint: 2800 ns, Total: 59202 ns
[967.780s][info ][safepoint      ] Safepoint "Cleanup", Time since last: 1000125404 ns, Reaching safepoint: 57901 ns, At safepoint: 5001 ns, Total: 62902 ns
[969.780s][info ][safepoint      ] Safepoint "Cleanup", Time since last: 2000186907 ns, Reaching safepoint: 49801 ns, At safepoint: 2800 ns, Total: 52601 ns
[971.780s][info ][safepoint      ] Safepoint "Cleanup", Time since last: 2000176307 ns, Reaching safepoint: 50202 ns, At safepoint: 3800 ns, Total: 54002 ns
[972.781s][info ][safepoint      ] Safepoint "Cleanup", Time since last: 1000088803 ns, Reaching safepoint: 56002 ns, At safepoint: 2700 ns, Total: 58702 ns
[974.781s][info ][safepoint      ] Safepoint "Cleanup", Time since last: 2000180135 ns, Reaching safepoint: 50101 ns, At safepoint: 5000 ns, Total: 55101 ns
[979.781s][info ][safepoint      ] Safepoint "Cleanup", Time since last: 5000386876 ns, Reaching safepoint: 37001 ns, At safepoint: 2600 ns, Total: 39601 ns
[981.781s][info ][safepoint      ] Safepoint "Cleanup", Time since last: 2000194379 ns, Reaching safepoint: 46101 ns, At safepoint: 3100 ns, Total: 49201 ns
[984.272s][info ][gc,start       ] GC(41) Pause Young (Allocation Failure)
[984.276s][debug][gc,phases      ] GC(41) Scavenge 3.900ms
[984.276s][debug][gc,ref         ] GC(41) Skipped phase 1 of Reference Processing: no references
[984.276s][debug][gc,ref         ] GC(41) ReferenceProcessor::execute queues: 1, RefProcThreadModel::Single, marks_oops_alive: false
[984.276s][debug][gc,ref         ] GC(41) Skipped phase 3 of Reference Processing: no references
[984.276s][debug][gc,ref         ] GC(41) ReferenceProcessor::execute queues: 1, RefProcThreadModel::Single, marks_oops_alive: false
[984.276s][debug][gc,phases      ] GC(41) Reference Processing 0.107ms
[984.277s][debug][gc,phases      ] GC(41)   VM Weak                        Min:  0.0, Avg:  0.0, Max:  0.0, Diff:  0.0, Sum:  0.0, Workers: 4
[984.277s][debug][gc,phases      ] GC(41)     Dead                           Min: 0, Avg:  0.0, Max: 0, Diff: 0, Sum: 0, Workers: 4
[984.277s][debug][gc,phases      ] GC(41)     Total                          Min: 0, Avg: 196.0, Max: 528, Diff: 528, Sum: 784, Workers: 4
[984.277s][debug][gc,phases      ] GC(41)   ObjectSynchronizer Weak        Min:  0.0, Avg:  0.0, Max:  0.0, Diff:  0.0, Sum:  0.0, Workers: 4
[984.277s][debug][gc,phases      ] GC(41)     Dead                           Min: 0, Avg:  0.0, Max: 0, Diff: 0, Sum: 0, Workers: 4
[984.277s][debug][gc,phases      ] GC(41)     Total                          Min: 0, Avg: 12.0, Max: 48, Diff: 48, Sum: 48, Workers: 4
[984.277s][debug][gc,phases      ] GC(41)   JVMTI Tag Weak OopStorage      Min:  0.0, Avg:  0.0, Max:  0.0, Diff:  0.0, Sum:  0.0, Workers: 4
[984.277s][debug][gc,phases      ] GC(41)     Dead                           Min: 0, Avg:  0.0, Max: 0, Diff: 0, Sum: 0, Workers: 4
[984.277s][debug][gc,phases      ] GC(41)     Total                          Min: 0, Avg:  0.0, Max: 0, Diff: 0, Sum: 0, Workers: 4
[984.277s][debug][gc,phases      ] GC(41)   StringTable Weak               Min:  0.0, Avg:  0.1, Max:  0.1, Diff:  0.1, Sum:  0.4, Workers: 4
[984.277s][debug][gc,phases      ] GC(41)     Dead                           Min: 0, Avg:  0.0, Max: 0, Diff: 0, Sum: 0, Workers: 4
[984.277s][debug][gc,phases      ] GC(41)     Total                          Min: 0, Avg: 10706.5, Max: 14848, Diff: 14848, Sum: 42826, Workers: 4
[984.277s][debug][gc,phases      ] GC(41)   ResolvedMethodTable Weak       Min:  0.0, Avg:  0.0, Max:  0.0, Diff:  0.0, Sum:  0.1, Workers: 4
[984.277s][debug][gc,phases      ] GC(41)     Dead                           Min: 0, Avg:  0.0, Max: 0, Diff: 0, Sum: 0, Workers: 4
[984.277s][debug][gc,phases      ] GC(41)     Total                          Min: 0, Avg: 2179.2, Max: 3021, Diff: 3021, Sum: 8717, Workers: 4
[984.277s][debug][gc,phases      ] GC(41)   JNI Weak                       Min:  0.0, Avg:  0.0, Max:  0.0, Diff:  0.0, Sum:  0.0, Workers: 4
[984.277s][debug][gc,phases      ] GC(41)     Dead                           Min: 0, Avg:  0.0, Max: 0, Diff: 0, Sum: 0, Workers: 4
[984.277s][debug][gc,phases      ] GC(41)     Total                          Min: 0, Avg: 11.2, Max: 45, Diff: 45, Sum: 45, Workers: 4
[984.277s][debug][gc,phases      ] GC(41)   StringDedup Table Weak         Min:  0.0, Avg:  0.0, Max:  0.0, Diff:  0.0, Sum:  0.0, Workers: 4
[984.277s][debug][gc,phases      ] GC(41)     Dead                           Min: 0, Avg:  0.0, Max: 0, Diff: 0, Sum: 0, Workers: 4
[984.277s][debug][gc,phases      ] GC(41)     Total                          Min: 0, Avg:  0.0, Max: 0, Diff: 0, Sum: 0, Workers: 4
[984.277s][debug][gc,phases      ] GC(41)   StringDedup Requests0 Weak     Min:  0.0, Avg:  0.0, Max:  0.0, Diff:  0.0, Sum:  0.0, Workers: 4
[984.277s][debug][gc,phases      ] GC(41)     Dead                           Min: 0, Avg:  0.0, Max: 0, Diff: 0, Sum: 0, Workers: 4
[984.277s][debug][gc,phases      ] GC(41)     Total                          Min: 0, Avg:  0.0, Max: 0, Diff: 0, Sum: 0, Workers: 4
[984.277s][debug][gc,phases      ] GC(41)   StringDedup Requests1 Weak     Min:  0.0, Avg:  0.0, Max:  0.0, Diff:  0.0, Sum:  0.0, Workers: 4
[984.277s][debug][gc,phases      ] GC(41)     Dead                           Min: 0, Avg:  0.0, Max: 0, Diff: 0, Sum: 0, Workers: 4
[984.277s][debug][gc,phases      ] GC(41)     Total                          Min: 0, Avg:  0.0, Max: 0, Diff: 0, Sum: 0, Workers: 4
[984.277s][debug][gc,phases      ] GC(41)   Weak JFR Old Object Samples    Min:  0.0, Avg:  0.0, Max:  0.0, Diff:  0.0, Sum:  0.0, Workers: 4
[984.277s][debug][gc,phases      ] GC(41)     Dead                           Min: 0, Avg:  0.0, Max: 0, Diff: 0, Sum: 0, Workers: 4
[984.277s][debug][gc,phases      ] GC(41)     Total                          Min: 0, Avg:  0.0, Max: 0, Diff: 0, Sum: 0, Workers: 4
[984.277s][debug][gc,phases      ] GC(41) Weak Processing 0.348ms
[984.277s][debug][gc,age         ] GC(41) Desired survivor size 276299776 bytes, new threshold 14 (max threshold 15)
[984.277s][info ][gc,heap        ] GC(41) PSYoungGen: 1466368K(1769984K)->3760K(1827328K) Eden: 1462784K(1462784K)->0K(1539072K) From: 3584K(307200K)->3760K(288256K)
[984.277s][info ][gc,heap        ] GC(41) ParOldGen: 447190K(619520K)->447190K(619520K)
[984.277s][info ][gc,metaspace   ] GC(41) Metaspace: 79460K(80448K)->79460K(80448K) NonClass: 68155K(68672K)->68155K(68672K) Class: 11304K(11776K)->11304K(11776K)
[984.277s][info ][gc             ] GC(41) Pause Young (Allocation Failure) 1868M->440M(2389M) 4.487ms
[984.277s][info ][gc,cpu         ] GC(41) User=0.01s Sys=0.00s Real=0.00s
[984.277s][info ][safepoint      ] Safepoint "ParallelGCFailedAllocation", Time since last: 2490624325 ns, Reaching safepoint: 132403 ns, At safepoint: 4567406 ns, Total: 4699809 ns
[989.277s][info ][safepoint      ] Safepoint "Cleanup", Time since last: 5000409292 ns, Reaching safepoint: 125403 ns, At safepoint: 5800 ns, Total: 131203 ns
[1017.279s][info ][safepoint      ] Safepoint "Cleanup", Time since last: 28001988995 ns, Reaching safepoint: 47401 ns, At safepoint: 27000 ns, Total: 74401 ns
[1018.280s][info ][safepoint      ] Safepoint "Cleanup", Time since last: 1000117303 ns, Reaching safepoint: 80302 ns, At safepoint: 3400 ns, Total: 83702 ns
[1019.280s][info ][safepoint      ] Safepoint "Cleanup", Time since last: 1000112003 ns, Reaching safepoint: 45801 ns, At safepoint: 2600 ns, Total: 48401 ns
[1030.281s][info ][safepoint      ] Safepoint "Cleanup", Time since last: 11000767081 ns, Reaching safepoint: 36401 ns, At safepoint: 3200 ns, Total: 39601 ns
[1031.281s][info ][safepoint      ] Safepoint "Cleanup", Time since last: 1000114186 ns, Reaching safepoint: 59402 ns, At safepoint: 4200 ns, Total: 63602 ns
[1037.281s][info ][safepoint      ] Safepoint "Cleanup", Time since last: 6000457211 ns, Reaching safepoint: 52301 ns, At safepoint: 3000 ns, Total: 55301 ns
[1038.322s][info ][gc,start       ] GC(42) Pause Young (Allocation Failure)
[1038.326s][debug][gc,phases      ] GC(42) Scavenge 3.521ms
[1038.326s][debug][gc,ref         ] GC(42) Skipped phase 1 of Reference Processing: no references
[1038.326s][debug][gc,ref         ] GC(42) ReferenceProcessor::execute queues: 1, RefProcThreadModel::Single, marks_oops_alive: false
[1038.326s][debug][gc,ref         ] GC(42) Skipped phase 3 of Reference Processing: no references
[1038.326s][debug][gc,ref         ] GC(42) ReferenceProcessor::execute queues: 1, RefProcThreadModel::Single, marks_oops_alive: false
[1038.326s][debug][gc,phases      ] GC(42) Reference Processing 0.139ms
[1038.326s][debug][gc,phases      ] GC(42)   VM Weak                        Min:  0.0, Avg:  0.0, Max:  0.0, Diff:  0.0, Sum:  0.0, Workers: 4
[1038.326s][debug][gc,phases      ] GC(42)     Dead                           Min: 0, Avg:  0.0, Max: 0, Diff: 0, Sum: 0, Workers: 4
[1038.326s][debug][gc,phases      ] GC(42)     Total                          Min: 0, Avg: 196.0, Max: 464, Diff: 464, Sum: 784, Workers: 4
[1038.326s][debug][gc,phases      ] GC(42)   ObjectSynchronizer Weak        Min:  0.0, Avg:  0.0, Max:  0.0, Diff:  0.0, Sum:  0.0, Workers: 4
[1038.326s][debug][gc,phases      ] GC(42)     Dead                           Min: 0, Avg:  0.0, Max: 0, Diff: 0, Sum: 0, Workers: 4
[1038.326s][debug][gc,phases      ] GC(42)     Total                          Min: 0, Avg: 12.0, Max: 48, Diff: 48, Sum: 48, Workers: 4
[1038.326s][debug][gc,phases      ] GC(42)   JVMTI Tag Weak OopStorage      Min:  0.0, Avg:  0.0, Max:  0.0, Diff:  0.0, Sum:  0.0, Workers: 4
[1038.326s][debug][gc,phases      ] GC(42)     Dead                           Min: 0, Avg:  0.0, Max: 0, Diff: 0, Sum: 0, Workers: 4
[1038.326s][debug][gc,phases      ] GC(42)     Total                          Min: 0, Avg:  0.0, Max: 0, Diff: 0, Sum: 0, Workers: 4
[1038.326s][debug][gc,phases      ] GC(42)   StringTable Weak               Min:  0.0, Avg:  0.1, Max:  0.1, Diff:  0.1, Sum:  0.4, Workers: 4
[1038.326s][debug][gc,phases      ] GC(42)     Dead                           Min: 0, Avg:  0.0, Max: 0, Diff: 0, Sum: 0, Workers: 4
[1038.326s][debug][gc,phases      ] GC(42)     Total                          Min: 0, Avg: 10707.2, Max: 15168, Diff: 15168, Sum: 42829, Workers: 4
[1038.326s][debug][gc,phases      ] GC(42)   ResolvedMethodTable Weak       Min:  0.0, Avg:  0.0, Max:  0.0, Diff:  0.0, Sum:  0.1, Workers: 4
[1038.326s][debug][gc,phases      ] GC(42)     Dead                           Min: 0, Avg:  0.0, Max: 0, Diff: 0, Sum: 0, Workers: 4
[1038.326s][debug][gc,phases      ] GC(42)     Total                          Min: 0, Avg: 2179.2, Max: 3149, Diff: 3149, Sum: 8717, Workers: 4
[1038.326s][debug][gc,phases      ] GC(42)   JNI Weak                       Min:  0.0, Avg:  0.0, Max:  0.0, Diff:  0.0, Sum:  0.0, Workers: 4
[1038.326s][debug][gc,phases      ] GC(42)     Dead                           Min: 0, Avg:  0.0, Max: 0, Diff: 0, Sum: 0, Workers: 4
[1038.326s][debug][gc,phases      ] GC(42)     Total                          Min: 0, Avg: 11.2, Max: 45, Diff: 45, Sum: 45, Workers: 4
[1038.326s][debug][gc,phases      ] GC(42)   StringDedup Table Weak         Min:  0.0, Avg:  0.0, Max:  0.0, Diff:  0.0, Sum:  0.0, Workers: 4
[1038.326s][debug][gc,phases      ] GC(42)     Dead                           Min: 0, Avg:  0.0, Max: 0, Diff: 0, Sum: 0, Workers: 4
[1038.326s][debug][gc,phases      ] GC(42)     Total                          Min: 0, Avg:  0.0, Max: 0, Diff: 0, Sum: 0, Workers: 4
[1038.326s][debug][gc,phases      ] GC(42)   StringDedup Requests0 Weak     Min:  0.0, Avg:  0.0, Max:  0.0, Diff:  0.0, Sum:  0.0, Workers: 4
[1038.326s][debug][gc,phases      ] GC(42)     Dead                           Min: 0, Avg:  0.0, Max: 0, Diff: 0, Sum: 0, Workers: 4
[1038.326s][debug][gc,phases      ] GC(42)     Total                          Min: 0, Avg:  0.0, Max: 0, Diff: 0, Sum: 0, Workers: 4
[1038.326s][debug][gc,phases      ] GC(42)   StringDedup Requests1 Weak     Min:  0.0, Avg:  0.0, Max:  0.0, Diff:  0.0, Sum:  0.0, Workers: 4
[1038.326s][debug][gc,phases      ] GC(42)     Dead                           Min: 0, Avg:  0.0, Max: 0, Diff: 0, Sum: 0, Workers: 4
[1038.326s][debug][gc,phases      ] GC(42)     Total                          Min: 0, Avg:  0.0, Max: 0, Diff: 0, Sum: 0, Workers: 4
[1038.326s][debug][gc,phases      ] GC(42)   Weak JFR Old Object Samples    Min:  0.0, Avg:  0.0, Max:  0.0, Diff:  0.0, Sum:  0.0, Workers: 4
[1038.326s][debug][gc,phases      ] GC(42)     Dead                           Min: 0, Avg:  0.0, Max: 0, Diff: 0, Sum: 0, Workers: 4
[1038.326s][debug][gc,phases      ] GC(42)     Total                          Min: 0, Avg:  0.0, Max: 0, Diff: 0, Sum: 0, Workers: 4
[1038.326s][debug][gc,phases      ] GC(42) Weak Processing 0.347ms
[1038.326s][debug][gc,age         ] GC(42) Desired survivor size 258473984 bytes, new threshold 15 (max threshold 15)
[1038.326s][info ][gc,heap        ] GC(42) PSYoungGen: 1542832K(1827328K)->3648K(1808896K) Eden: 1539072K(1539072K)->0K(1539072K) From: 3760K(288256K)->3648K(269824K)
[1038.326s][info ][gc,heap        ] GC(42) ParOldGen: 447190K(619520K)->447190K(619520K)
[1038.326s][info ][gc,metaspace   ] GC(42) Metaspace: 79472K(80448K)->79472K(80448K) NonClass: 68168K(68672K)->68168K(68672K) Class: 11304K(11776K)->11304K(11776K)
[1038.326s][info ][gc             ] GC(42) Pause Young (Allocation Failure) 1943M->440M(2371M) 4.171ms
[1038.326s][info ][gc,cpu         ] GC(42) User=0.01s Sys=0.00s Real=0.00s
[1038.326s][info ][safepoint      ] Safepoint "ParallelGCFailedAllocation", Time since last: 1040649204 ns, Reaching safepoint: 101602 ns, At safepoint: 4253997 ns, Total: 4355599 ns
[1039.326s][info ][safepoint      ] Safepoint "Cleanup", Time since last: 1000090597 ns, Reaching safepoint: 48801 ns, At safepoint: 3000 ns, Total: 51801 ns
[1040.327s][info ][safepoint      ] Safepoint "Cleanup", Time since last: 1000115897 ns, Reaching safepoint: 49402 ns, At safepoint: 2800 ns, Total: 52202 ns
[1044.327s][info ][safepoint      ] Safepoint "Cleanup", Time since last: 4000298186 ns, Reaching safepoint: 43901 ns, At safepoint: 3000 ns, Total: 46901 ns
[1048.327s][info ][safepoint      ] Safepoint "Cleanup", Time since last: 4000320164 ns, Reaching safepoint: 53901 ns, At safepoint: 29500 ns, Total: 83401 ns
[1049.328s][info ][safepoint      ] Safepoint "Cleanup", Time since last: 1000108690 ns, Reaching safepoint: 118503 ns, At safepoint: 8800 ns, Total: 127303 ns
[1067.329s][info ][safepoint      ] Safepoint "Cleanup", Time since last: 18001273881 ns, Reaching safepoint: 54901 ns, At safepoint: 2801 ns, Total: 57702 ns
[1068.329s][info ][safepoint      ] Safepoint "Cleanup", Time since last: 1000116735 ns, Reaching safepoint: 51201 ns, At safepoint: 2600 ns, Total: 53801 ns
[1078.330s][info ][safepoint      ] Safepoint "Cleanup", Time since last: 10000738155 ns, Reaching safepoint: 127202 ns, At safepoint: 11401 ns, Total: 138603 ns
[1079.330s][info ][safepoint      ] Safepoint "Cleanup", Time since last: 1000117204 ns, Reaching safepoint: 40200 ns, At safepoint: 3800 ns, Total: 44000 ns
[1083.330s][info ][safepoint      ] Safepoint "Cleanup", Time since last: 4000331513 ns, Reaching safepoint: 49001 ns, At safepoint: 2600 ns, Total: 51601 ns
[1084.331s][info ][safepoint      ] Safepoint "Cleanup", Time since last: 1000116104 ns, Reaching safepoint: 49301 ns, At safepoint: 4000 ns, Total: 53301 ns
[1085.331s][info ][safepoint      ] Safepoint "Cleanup", Time since last: 1000121728 ns, Reaching safepoint: 49801 ns, At safepoint: 2500 ns, Total: 52301 ns
[1095.473s][info ][gc,start       ] GC(43) Pause Young (Allocation Failure)
[1095.476s][debug][gc,phases      ] GC(43) Scavenge 3.392ms
[1095.476s][debug][gc,ref         ] GC(43) Skipped phase 1 of Reference Processing: no references
[1095.476s][debug][gc,ref         ] GC(43) ReferenceProcessor::execute queues: 1, RefProcThreadModel::Single, marks_oops_alive: false
[1095.476s][debug][gc,ref         ] GC(43) Skipped phase 3 of Reference Processing: no references
[1095.476s][debug][gc,ref         ] GC(43) ReferenceProcessor::execute queues: 1, RefProcThreadModel::Single, marks_oops_alive: false
[1095.476s][debug][gc,phases      ] GC(43) Reference Processing 0.111ms
[1095.476s][debug][gc,phases      ] GC(43)   VM Weak                        Min:  0.0, Avg:  0.0, Max:  0.0, Diff:  0.0, Sum:  0.0, Workers: 4
[1095.476s][debug][gc,phases      ] GC(43)     Dead                           Min: 0, Avg:  0.0, Max: 0, Diff: 0, Sum: 0, Workers: 4
[1095.476s][debug][gc,phases      ] GC(43)     Total                          Min: 0, Avg: 196.0, Max: 640, Diff: 640, Sum: 784, Workers: 4
[1095.476s][debug][gc,phases      ] GC(43)   ObjectSynchronizer Weak        Min:  0.0, Avg:  0.0, Max:  0.0, Diff:  0.0, Sum:  0.0, Workers: 4
[1095.476s][debug][gc,phases      ] GC(43)     Dead                           Min: 0, Avg:  0.0, Max: 0, Diff: 0, Sum: 0, Workers: 4
[1095.476s][debug][gc,phases      ] GC(43)     Total                          Min: 0, Avg: 12.0, Max: 48, Diff: 48, Sum: 48, Workers: 4
[1095.476s][debug][gc,phases      ] GC(43)   JVMTI Tag Weak OopStorage      Min:  0.0, Avg:  0.0, Max:  0.0, Diff:  0.0, Sum:  0.0, Workers: 4
[1095.476s][debug][gc,phases      ] GC(43)     Dead                           Min: 0, Avg:  0.0, Max: 0, Diff: 0, Sum: 0, Workers: 4
[1095.476s][debug][gc,phases      ] GC(43)     Total                          Min: 0, Avg:  0.0, Max: 0, Diff: 0, Sum: 0, Workers: 4
[1095.476s][debug][gc,phases      ] GC(43)   StringTable Weak               Min:  0.0, Avg:  0.1, Max:  0.1, Diff:  0.1, Sum:  0.3, Workers: 4
[1095.477s][debug][gc,phases      ] GC(43)     Dead                           Min: 0, Avg:  0.0, Max: 0, Diff: 0, Sum: 0, Workers: 4
[1095.477s][debug][gc,phases      ] GC(43)     Total                          Min: 0, Avg: 10707.2, Max: 15552, Diff: 15552, Sum: 42829, Workers: 4
[1095.477s][debug][gc,phases      ] GC(43)   ResolvedMethodTable Weak       Min:  0.0, Avg:  0.0, Max:  0.0, Diff:  0.0, Sum:  0.1, Workers: 4
[1095.477s][debug][gc,phases      ] GC(43)     Dead                           Min: 0, Avg:  0.0, Max: 0, Diff: 0, Sum: 0, Workers: 4
[1095.477s][debug][gc,phases      ] GC(43)     Total                          Min: 0, Avg: 2179.2, Max: 3149, Diff: 3149, Sum: 8717, Workers: 4
[1095.477s][debug][gc,phases      ] GC(43)   JNI Weak                       Min:  0.0, Avg:  0.0, Max:  0.0, Diff:  0.0, Sum:  0.0, Workers: 4
[1095.477s][debug][gc,phases      ] GC(43)     Dead                           Min: 0, Avg:  0.0, Max: 0, Diff: 0, Sum: 0, Workers: 4
[1095.477s][debug][gc,phases      ] GC(43)     Total                          Min: 0, Avg: 11.2, Max: 45, Diff: 45, Sum: 45, Workers: 4
[1095.477s][debug][gc,phases      ] GC(43)   StringDedup Table Weak         Min:  0.0, Avg:  0.0, Max:  0.0, Diff:  0.0, Sum:  0.0, Workers: 4
[1095.477s][debug][gc,phases      ] GC(43)     Dead                           Min: 0, Avg:  0.0, Max: 0, Diff: 0, Sum: 0, Workers: 4
[1095.477s][debug][gc,phases      ] GC(43)     Total                          Min: 0, Avg:  0.0, Max: 0, Diff: 0, Sum: 0, Workers: 4
[1095.477s][debug][gc,phases      ] GC(43)   StringDedup Requests0 Weak     Min:  0.0, Avg:  0.0, Max:  0.0, Diff:  0.0, Sum:  0.0, Workers: 4
[1095.477s][debug][gc,phases      ] GC(43)     Dead                           Min: 0, Avg:  0.0, Max: 0, Diff: 0, Sum: 0, Workers: 4
[1095.477s][debug][gc,phases      ] GC(43)     Total                          Min: 0, Avg:  0.0, Max: 0, Diff: 0, Sum: 0, Workers: 4
[1095.477s][debug][gc,phases      ] GC(43)   StringDedup Requests1 Weak     Min:  0.0, Avg:  0.0, Max:  0.0, Diff:  0.0, Sum:  0.0, Workers: 4
[1095.477s][debug][gc,phases      ] GC(43)     Dead                           Min: 0, Avg:  0.0, Max: 0, Diff: 0, Sum: 0, Workers: 4
[1095.477s][debug][gc,phases      ] GC(43)     Total                          Min: 0, Avg:  0.0, Max: 0, Diff: 0, Sum: 0, Workers: 4
[1095.477s][debug][gc,phases      ] GC(43)   Weak JFR Old Object Samples    Min:  0.0, Avg:  0.0, Max:  0.0, Diff:  0.0, Sum:  0.0, Workers: 4
[1095.477s][debug][gc,phases      ] GC(43)     Dead                           Min: 0, Avg:  0.0, Max: 0, Diff: 0, Sum: 0, Workers: 4
[1095.477s][debug][gc,phases      ] GC(43)     Total                          Min: 0, Avg:  0.0, Max: 0, Diff: 0, Sum: 0, Workers: 4
[1095.477s][debug][gc,phases      ] GC(43) Weak Processing 0.335ms
[1095.477s][debug][gc,age         ] GC(43) Desired survivor size 241172480 bytes, new threshold 15 (max threshold 15)
[1095.477s][info ][gc,heap        ] GC(43) PSYoungGen: 1542720K(1808896K)->3760K(1861632K) Eden: 1539072K(1539072K)->0K(1609216K) From: 3648K(269824K)->3760K(252416K)
[1095.477s][info ][gc,heap        ] GC(43) ParOldGen: 447190K(619520K)->447190K(619520K)
[1095.477s][info ][gc,metaspace   ] GC(43) Metaspace: 79487K(80512K)->79487K(80512K) NonClass: 68183K(68736K)->68183K(68736K) Class: 11304K(11776K)->11304K(11776K)
[1095.477s][info ][gc             ] GC(43) Pause Young (Allocation Failure) 1943M->440M(2423M) 3.968ms
[1095.477s][info ][gc,cpu         ] GC(43) User=0.01s Sys=0.00s Real=0.00s
[1095.477s][info ][safepoint      ] Safepoint "ParallelGCFailedAllocation", Time since last: 10141589044 ns, Reaching safepoint: 203904 ns, At safepoint: 4091989 ns, Total: 4295893 ns
[1099.477s][info ][safepoint      ] Safepoint "Cleanup", Time since last: 4000309109 ns, Reaching safepoint: 48601 ns, At safepoint: 3000 ns, Total: 51601 ns
[1100.477s][info ][safepoint      ] Safepoint "Cleanup", Time since last: 1000150928 ns, Reaching safepoint: 122303 ns, At safepoint: 7400 ns, Total: 129703 ns
[1102.478s][info ][safepoint      ] Safepoint "Cleanup", Time since last: 2000195012 ns, Reaching safepoint: 56501 ns, At safepoint: 5300 ns, Total: 61801 ns
[1109.478s][info ][safepoint      ] Safepoint "Cleanup", Time since last: 7000515076 ns, Reaching safepoint: 50201 ns, At safepoint: 2900 ns, Total: 53101 ns
[1110.478s][info ][safepoint      ] Safepoint "Cleanup", Time since last: 1000146172 ns, Reaching safepoint: 54901 ns, At safepoint: 2700 ns, Total: 57601 ns
[1146.481s][info ][safepoint      ] Safepoint "Cleanup", Time since last: 36002464108 ns, Reaching safepoint: 47801 ns, At safepoint: 2500 ns, Total: 50301 ns
[1149.481s][info ][safepoint      ] Safepoint "Cleanup", Time since last: 3000258420 ns, Reaching safepoint: 60701 ns, At safepoint: 3701 ns, Total: 64402 ns
[1151.481s][info ][safepoint      ] Safepoint "Cleanup", Time since last: 2000190559 ns, Reaching safepoint: 55301 ns, At safepoint: 5300 ns, Total: 60601 ns
[1155.425s][info ][gc,start       ] GC(44) Pause Young (Allocation Failure)
[1155.428s][debug][gc,phases      ] GC(44) Scavenge 3.465ms
[1155.428s][debug][gc,ref         ] GC(44) Skipped phase 1 of Reference Processing: no references
[1155.428s][debug][gc,ref         ] GC(44) ReferenceProcessor::execute queues: 1, RefProcThreadModel::Single, marks_oops_alive: false
[1155.428s][debug][gc,ref         ] GC(44) Skipped phase 3 of Reference Processing: no references
[1155.428s][debug][gc,ref         ] GC(44) ReferenceProcessor::execute queues: 1, RefProcThreadModel::Single, marks_oops_alive: false
[1155.428s][debug][gc,phases      ] GC(44) Reference Processing 0.112ms
[1155.428s][debug][gc,phases      ] GC(44)   VM Weak                        Min:  0.0, Avg:  0.0, Max:  0.0, Diff:  0.0, Sum:  0.0, Workers: 4
[1155.428s][debug][gc,phases      ] GC(44)     Dead                           Min: 0, Avg:  0.0, Max: 0, Diff: 0, Sum: 0, Workers: 4
[1155.428s][debug][gc,phases      ] GC(44)     Total                          Min: 0, Avg: 196.0, Max: 592, Diff: 592, Sum: 784, Workers: 4
[1155.428s][debug][gc,phases      ] GC(44)   ObjectSynchronizer Weak        Min:  0.0, Avg:  0.0, Max:  0.0, Diff:  0.0, Sum:  0.0, Workers: 4
[1155.428s][debug][gc,phases      ] GC(44)     Dead                           Min: 0, Avg:  0.0, Max: 0, Diff: 0, Sum: 0, Workers: 4
[1155.428s][debug][gc,phases      ] GC(44)     Total                          Min: 0, Avg: 12.0, Max: 48, Diff: 48, Sum: 48, Workers: 4
[1155.428s][debug][gc,phases      ] GC(44)   JVMTI Tag Weak OopStorage      Min:  0.0, Avg:  0.0, Max:  0.0, Diff:  0.0, Sum:  0.0, Workers: 4
[1155.428s][debug][gc,phases      ] GC(44)     Dead                           Min: 0, Avg:  0.0, Max: 0, Diff: 0, Sum: 0, Workers: 4
[1155.428s][debug][gc,phases      ] GC(44)     Total                          Min: 0, Avg:  0.0, Max: 0, Diff: 0, Sum: 0, Workers: 4
[1155.428s][debug][gc,phases      ] GC(44)   StringTable Weak               Min:  0.0, Avg:  0.1, Max:  0.1, Diff:  0.1, Sum:  0.4, Workers: 4
[1155.428s][debug][gc,phases      ] GC(44)     Dead                           Min: 0, Avg:  0.0, Max: 0, Diff: 0, Sum: 0, Workers: 4
[1155.428s][debug][gc,phases      ] GC(44)     Total                          Min: 0, Avg: 10707.2, Max: 15744, Diff: 15744, Sum: 42829, Workers: 4
[1155.428s][debug][gc,phases      ] GC(44)   ResolvedMethodTable Weak       Min:  0.0, Avg:  0.0, Max:  0.0, Diff:  0.0, Sum:  0.1, Workers: 4
[1155.428s][debug][gc,phases      ] GC(44)     Dead                           Min: 0, Avg:  0.0, Max: 0, Diff: 0, Sum: 0, Workers: 4
[1155.428s][debug][gc,phases      ] GC(44)     Total                          Min: 0, Avg: 2179.2, Max: 3661, Diff: 3661, Sum: 8717, Workers: 4
[1155.428s][debug][gc,phases      ] GC(44)   JNI Weak                       Min:  0.0, Avg:  0.0, Max:  0.0, Diff:  0.0, Sum:  0.0, Workers: 4
[1155.428s][debug][gc,phases      ] GC(44)     Dead                           Min: 0, Avg:  0.0, Max: 0, Diff: 0, Sum: 0, Workers: 4
[1155.428s][debug][gc,phases      ] GC(44)     Total                          Min: 0, Avg: 11.2, Max: 45, Diff: 45, Sum: 45, Workers: 4
[1155.428s][debug][gc,phases      ] GC(44)   StringDedup Table Weak         Min:  0.0, Avg:  0.0, Max:  0.0, Diff:  0.0, Sum:  0.0, Workers: 4
[1155.428s][debug][gc,phases      ] GC(44)     Dead                           Min: 0, Avg:  0.0, Max: 0, Diff: 0, Sum: 0, Workers: 4
[1155.429s][debug][gc,phases      ] GC(44)     Total                          Min: 0, Avg:  0.0, Max: 0, Diff: 0, Sum: 0, Workers: 4
[1155.429s][debug][gc,phases      ] GC(44)   StringDedup Requests0 Weak     Min:  0.0, Avg:  0.0, Max:  0.0, Diff:  0.0, Sum:  0.0, Workers: 4
[1155.429s][debug][gc,phases      ] GC(44)     Dead                           Min: 0, Avg:  0.0, Max: 0, Diff: 0, Sum: 0, Workers: 4
[1155.429s][debug][gc,phases      ] GC(44)     Total                          Min: 0, Avg:  0.0, Max: 0, Diff: 0, Sum: 0, Workers: 4
[1155.429s][debug][gc,phases      ] GC(44)   StringDedup Requests1 Weak     Min:  0.0, Avg:  0.0, Max:  0.0, Diff:  0.0, Sum:  0.0, Workers: 4
[1155.429s][debug][gc,phases      ] GC(44)     Dead                           Min: 0, Avg:  0.0, Max: 0, Diff: 0, Sum: 0, Workers: 4
[1155.429s][debug][gc,phases      ] GC(44)     Total                          Min: 0, Avg:  0.0, Max: 0, Diff: 0, Sum: 0, Workers: 4
[1155.429s][debug][gc,phases      ] GC(44)   Weak JFR Old Object Samples    Min:  0.0, Avg:  0.0, Max:  0.0, Diff:  0.0, Sum:  0.0, Workers: 4
[1155.429s][debug][gc,phases      ] GC(44)     Dead                           Min: 0, Avg:  0.0, Max: 0, Diff: 0, Sum: 0, Workers: 4
[1155.429s][debug][gc,phases      ] GC(44)     Total                          Min: 0, Avg:  0.0, Max: 0, Diff: 0, Sum: 0, Workers: 4
[1155.429s][debug][gc,phases      ] GC(44) Weak Processing 0.344ms
[1155.429s][debug][gc,age         ] GC(44) Desired survivor size 224919552 bytes, new threshold 15 (max threshold 15)
[1155.429s][info ][gc,heap        ] GC(44) PSYoungGen: 1612976K(1861632K)->3616K(1844736K) Eden: 1609216K(1609216K)->0K(1609216K) From: 3760K(252416K)->3616K(235520K)
[1155.429s][info ][gc,heap        ] GC(44) ParOldGen: 447190K(619520K)->447370K(619520K)
[1155.429s][info ][gc,metaspace   ] GC(44) Metaspace: 79502K(80512K)->79502K(80512K) NonClass: 68198K(68736K)->68198K(68736K) Class: 11304K(11776K)->11304K(11776K)
[1155.429s][info ][gc             ] GC(44) Pause Young (Allocation Failure) 2011M->440M(2406M) 4.056ms
[1155.429s][info ][gc,cpu         ] GC(44) User=0.01s Sys=0.00s Real=0.00s
[1155.429s][info ][safepoint      ] Safepoint "ParallelGCFailedAllocation", Time since last: 3942925053 ns, Reaching safepoint: 133103 ns, At safepoint: 4136791 ns, Total: 4269894 ns
[1171.430s][info ][safepoint      ] Safepoint "Cleanup", Time since last: 16001091566 ns, Reaching safepoint: 51002 ns, At safepoint: 3500 ns, Total: 54502 ns
[1182.431s][info ][safepoint      ] Safepoint "Cleanup", Time since last: 11000789062 ns, Reaching safepoint: 50601 ns, At safepoint: 2900 ns, Total: 53501 ns
[1184.431s][info ][safepoint      ] Safepoint "Cleanup", Time since last: 2000214900 ns, Reaching safepoint: 52002 ns, At safepoint: 5600 ns, Total: 57602 ns
[1193.432s][info ][safepoint      ] Safepoint "Cleanup", Time since last: 9000741896 ns, Reaching safepoint: 57201 ns, At safepoint: 3200 ns, Total: 60401 ns
[1208.433s][info ][safepoint      ] Safepoint "Cleanup", Time since last: 15001093606 ns, Reaching safepoint: 55601 ns, At safepoint: 5500 ns, Total: 61101 ns
[1212.074s][info ][gc,start       ] GC(45) Pause Young (Allocation Failure)
[1212.076s][debug][gc,phases      ] GC(45) Scavenge 2.692ms
[1212.077s][debug][gc,ref         ] GC(45) Skipped phase 1 of Reference Processing: no references
[1212.077s][debug][gc,ref         ] GC(45) ReferenceProcessor::execute queues: 1, RefProcThreadModel::Single, marks_oops_alive: false
[1212.077s][debug][gc,ref         ] GC(45) Skipped phase 3 of Reference Processing: no references
[1212.077s][debug][gc,ref         ] GC(45) ReferenceProcessor::execute queues: 1, RefProcThreadModel::Single, marks_oops_alive: false
[1212.077s][debug][gc,phases      ] GC(45) Reference Processing 0.118ms
[1212.077s][debug][gc,phases      ] GC(45)   VM Weak                        Min:  0.0, Avg:  0.0, Max:  0.0, Diff:  0.0, Sum:  0.0, Workers: 4
[1212.077s][debug][gc,phases      ] GC(45)     Dead                           Min: 0, Avg:  0.0, Max: 0, Diff: 0, Sum: 0, Workers: 4
[1212.077s][debug][gc,phases      ] GC(45)     Total                          Min: 0, Avg: 196.0, Max: 784, Diff: 784, Sum: 784, Workers: 4
[1212.077s][debug][gc,phases      ] GC(45)   ObjectSynchronizer Weak        Min:  0.0, Avg:  0.0, Max:  0.0, Diff:  0.0, Sum:  0.0, Workers: 4
[1212.077s][debug][gc,phases      ] GC(45)     Dead                           Min: 0, Avg:  0.0, Max: 0, Diff: 0, Sum: 0, Workers: 4
[1212.077s][debug][gc,phases      ] GC(45)     Total                          Min: 0, Avg: 12.0, Max: 48, Diff: 48, Sum: 48, Workers: 4
[1212.077s][debug][gc,phases      ] GC(45)   JVMTI Tag Weak OopStorage      Min:  0.0, Avg:  0.0, Max:  0.0, Diff:  0.0, Sum:  0.0, Workers: 4
[1212.077s][debug][gc,phases      ] GC(45)     Dead                           Min: 0, Avg:  0.0, Max: 0, Diff: 0, Sum: 0, Workers: 4
[1212.077s][debug][gc,phases      ] GC(45)     Total                          Min: 0, Avg:  0.0, Max: 0, Diff: 0, Sum: 0, Workers: 4
[1212.077s][debug][gc,phases      ] GC(45)   StringTable Weak               Min:  0.0, Avg:  0.1, Max:  0.1, Diff:  0.1, Sum:  0.4, Workers: 4
[1212.077s][debug][gc,phases      ] GC(45)     Dead                           Min: 0, Avg:  0.0, Max: 0, Diff: 0, Sum: 0, Workers: 4
[1212.077s][debug][gc,phases      ] GC(45)     Total                          Min: 0, Avg: 10707.5, Max: 15054, Diff: 15054, Sum: 42830, Workers: 4
[1212.077s][debug][gc,phases      ] GC(45)   ResolvedMethodTable Weak       Min:  0.0, Avg:  0.0, Max:  0.0, Diff:  0.0, Sum:  0.1, Workers: 4
[1212.077s][debug][gc,phases      ] GC(45)     Dead                           Min: 0, Avg:  0.0, Max: 0, Diff: 0, Sum: 0, Workers: 4
[1212.077s][debug][gc,phases      ] GC(45)     Total                          Min: 0, Avg: 2179.8, Max: 3264, Diff: 3264, Sum: 8719, Workers: 4
[1212.077s][debug][gc,phases      ] GC(45)   JNI Weak                       Min:  0.0, Avg:  0.0, Max:  0.0, Diff:  0.0, Sum:  0.0, Workers: 4
[1212.077s][debug][gc,phases      ] GC(45)     Dead                           Min: 0, Avg:  0.0, Max: 0, Diff: 0, Sum: 0, Workers: 4
[1212.077s][debug][gc,phases      ] GC(45)     Total                          Min: 0, Avg: 11.2, Max: 45, Diff: 45, Sum: 45, Workers: 4
[1212.077s][debug][gc,phases      ] GC(45)   StringDedup Table Weak         Min:  0.0, Avg:  0.0, Max:  0.0, Diff:  0.0, Sum:  0.0, Workers: 4
[1212.077s][debug][gc,phases      ] GC(45)     Dead                           Min: 0, Avg:  0.0, Max: 0, Diff: 0, Sum: 0, Workers: 4
[1212.077s][debug][gc,phases      ] GC(45)     Total                          Min: 0, Avg:  0.0, Max: 0, Diff: 0, Sum: 0, Workers: 4
[1212.077s][debug][gc,phases      ] GC(45)   StringDedup Requests0 Weak     Min:  0.0, Avg:  0.0, Max:  0.0, Diff:  0.0, Sum:  0.0, Workers: 4
[1212.077s][debug][gc,phases      ] GC(45)     Dead                           Min: 0, Avg:  0.0, Max: 0, Diff: 0, Sum: 0, Workers: 4
[1212.077s][debug][gc,phases      ] GC(45)     Total                          Min: 0, Avg:  0.0, Max: 0, Diff: 0, Sum: 0, Workers: 4
[1212.077s][debug][gc,phases      ] GC(45)   StringDedup Requests1 Weak     Min:  0.0, Avg:  0.0, Max:  0.0, Diff:  0.0, Sum:  0.0, Workers: 4
[1212.077s][debug][gc,phases      ] GC(45)     Dead                           Min: 0, Avg:  0.0, Max: 0, Diff: 0, Sum: 0, Workers: 4
[1212.077s][debug][gc,phases      ] GC(45)     Total                          Min: 0, Avg:  0.0, Max: 0, Diff: 0, Sum: 0, Workers: 4
[1212.077s][debug][gc,phases      ] GC(45)   Weak JFR Old Object Samples    Min:  0.0, Avg:  0.0, Max:  0.0, Diff:  0.0, Sum:  0.0, Workers: 4
[1212.077s][debug][gc,phases      ] GC(45)     Dead                           Min: 0, Avg:  0.0, Max: 0, Diff: 0, Sum: 0, Workers: 4
[1212.077s][debug][gc,phases      ] GC(45)     Total                          Min: 0, Avg:  0.0, Max: 0, Diff: 0, Sum: 0, Workers: 4
[1212.077s][debug][gc,phases      ] GC(45) Weak Processing 0.331ms
[1212.077s][debug][gc,age         ] GC(45) Desired survivor size 209715200 bytes, new threshold 15 (max threshold 15)
[1212.077s][info ][gc,heap        ] GC(45) PSYoungGen: 1612832K(1844736K)->3680K(1892352K) Eden: 1609216K(1609216K)->0K(1672704K) From: 3616K(235520K)->3680K(219648K)
[1212.077s][info ][gc,heap        ] GC(45) ParOldGen: 447370K(619520K)->447458K(619520K)
[1212.077s][info ][gc,metaspace   ] GC(45) Metaspace: 79510K(80512K)->79510K(80512K) NonClass: 68205K(68736K)->68205K(68736K) Class: 11305K(11776K)->11305K(11776K)
[1212.077s][info ][gc             ] GC(45) Pause Young (Allocation Failure) 2011M->440M(2453M) 3.268ms
[1212.077s][info ][gc,cpu         ] GC(45) User=0.01s Sys=0.00s Real=0.00s
[1212.077s][info ][safepoint      ] Safepoint "ParallelGCFailedAllocation", Time since last: 3640728749 ns, Reaching safepoint: 118103 ns, At safepoint: 3345273 ns, Total: 3463376 ns
[1215.077s][info ][safepoint      ] Safepoint "Cleanup", Time since last: 3000225872 ns, Reaching safepoint: 44001 ns, At safepoint: 3100 ns, Total: 47101 ns
[1220.078s][info ][safepoint      ] Safepoint "Cleanup", Time since last: 5000383268 ns, Reaching safepoint: 41001 ns, At safepoint: 3100 ns, Total: 44101 ns
[1222.078s][info ][safepoint      ] Safepoint "Cleanup", Time since last: 2000188543 ns, Reaching safepoint: 71302 ns, At safepoint: 5100 ns, Total: 76402 ns
[1226.078s][info ][safepoint      ] Safepoint "Cleanup", Time since last: 4000307056 ns, Reaching safepoint: 47401 ns, At safepoint: 2800 ns, Total: 50201 ns
[1232.079s][info ][safepoint      ] Safepoint "Cleanup", Time since last: 6000482192 ns, Reaching safepoint: 39801 ns, At safepoint: 4200 ns, Total: 44001 ns
[1243.080s][info ][safepoint      ] Safepoint "Cleanup", Time since last: 11000827027 ns, Reaching safepoint: 51501 ns, At safepoint: 2600 ns, Total: 54101 ns
[1264.084s][info ][safepoint      ] Safepoint "Cleanup", Time since last: 21003946418 ns, Reaching safepoint: 46401 ns, At safepoint: 3501 ns, Total: 49902 ns
[1269.084s][info ][safepoint      ] Safepoint "Cleanup", Time since last: 5000414029 ns, Reaching safepoint: 54201 ns, At safepoint: 30601 ns, Total: 84802 ns
[1270.970s][info ][gc,start       ] GC(46) Pause Young (Allocation Failure)
[1270.973s][debug][gc,phases      ] GC(46) Scavenge 2.951ms
[1270.973s][debug][gc,ref         ] GC(46) Skipped phase 1 of Reference Processing: no references
[1270.973s][debug][gc,ref         ] GC(46) ReferenceProcessor::execute queues: 1, RefProcThreadModel::Single, marks_oops_alive: false
[1270.973s][debug][gc,ref         ] GC(46) Skipped phase 3 of Reference Processing: no references
[1270.973s][debug][gc,ref         ] GC(46) ReferenceProcessor::execute queues: 1, RefProcThreadModel::Single, marks_oops_alive: false
[1270.973s][debug][gc,phases      ] GC(46) Reference Processing 0.128ms
[1270.973s][debug][gc,phases      ] GC(46)   VM Weak                        Min:  0.0, Avg:  0.0, Max:  0.0, Diff:  0.0, Sum:  0.0, Workers: 4
[1270.973s][debug][gc,phases      ] GC(46)     Dead                           Min: 0, Avg:  0.0, Max: 0, Diff: 0, Sum: 0, Workers: 4
[1270.973s][debug][gc,phases      ] GC(46)     Total                          Min: 0, Avg: 196.0, Max: 400, Diff: 400, Sum: 784, Workers: 4
[1270.973s][debug][gc,phases      ] GC(46)   ObjectSynchronizer Weak        Min:  0.0, Avg:  0.0, Max:  0.0, Diff:  0.0, Sum:  0.0, Workers: 4
[1270.973s][debug][gc,phases      ] GC(46)     Dead                           Min: 0, Avg:  0.0, Max: 0, Diff: 0, Sum: 0, Workers: 4
[1270.973s][debug][gc,phases      ] GC(46)     Total                          Min: 0, Avg: 12.0, Max: 48, Diff: 48, Sum: 48, Workers: 4
[1270.973s][debug][gc,phases      ] GC(46)   JVMTI Tag Weak OopStorage      Min:  0.0, Avg:  0.0, Max:  0.0, Diff:  0.0, Sum:  0.0, Workers: 4
[1270.973s][debug][gc,phases      ] GC(46)     Dead                           Min: 0, Avg:  0.0, Max: 0, Diff: 0, Sum: 0, Workers: 4
[1270.973s][debug][gc,phases      ] GC(46)     Total                          Min: 0, Avg:  0.0, Max: 0, Diff: 0, Sum: 0, Workers: 4
[1270.973s][debug][gc,phases      ] GC(46)   StringTable Weak               Min:  0.0, Avg:  0.1, Max:  0.1, Diff:  0.1, Sum:  0.4, Workers: 4
[1270.973s][debug][gc,phases      ] GC(46)     Dead                           Min: 0, Avg:  0.0, Max: 0, Diff: 0, Sum: 0, Workers: 4
[1270.973s][debug][gc,phases      ] GC(46)     Total                          Min: 0, Avg: 10707.8, Max: 15616, Diff: 15616, Sum: 42831, Workers: 4
[1270.973s][debug][gc,phases      ] GC(46)   ResolvedMethodTable Weak       Min:  0.0, Avg:  0.0, Max:  0.0, Diff:  0.0, Sum:  0.1, Workers: 4
[1270.973s][debug][gc,phases      ] GC(46)     Dead                           Min: 0, Avg:  0.0, Max: 0, Diff: 0, Sum: 0, Workers: 4
[1270.973s][debug][gc,phases      ] GC(46)     Total                          Min: 0, Avg: 2179.8, Max: 2944, Diff: 2944, Sum: 8719, Workers: 4
[1270.973s][debug][gc,phases      ] GC(46)   JNI Weak                       Min:  0.0, Avg:  0.0, Max:  0.0, Diff:  0.0, Sum:  0.0, Workers: 4
[1270.973s][debug][gc,phases      ] GC(46)     Dead                           Min: 0, Avg:  0.0, Max: 0, Diff: 0, Sum: 0, Workers: 4
[1270.973s][debug][gc,phases      ] GC(46)     Total                          Min: 0, Avg: 11.2, Max: 45, Diff: 45, Sum: 45, Workers: 4
[1270.973s][debug][gc,phases      ] GC(46)   StringDedup Table Weak         Min:  0.0, Avg:  0.0, Max:  0.0, Diff:  0.0, Sum:  0.0, Workers: 4
[1270.973s][debug][gc,phases      ] GC(46)     Dead                           Min: 0, Avg:  0.0, Max: 0, Diff: 0, Sum: 0, Workers: 4
[1270.973s][debug][gc,phases      ] GC(46)     Total                          Min: 0, Avg:  0.0, Max: 0, Diff: 0, Sum: 0, Workers: 4
[1270.973s][debug][gc,phases      ] GC(46)   StringDedup Requests0 Weak     Min:  0.0, Avg:  0.0, Max:  0.0, Diff:  0.0, Sum:  0.0, Workers: 4
[1270.973s][debug][gc,phases      ] GC(46)     Dead                           Min: 0, Avg:  0.0, Max: 0, Diff: 0, Sum: 0, Workers: 4
[1270.973s][debug][gc,phases      ] GC(46)     Total                          Min: 0, Avg:  0.0, Max: 0, Diff: 0, Sum: 0, Workers: 4
[1270.973s][debug][gc,phases      ] GC(46)   StringDedup Requests1 Weak     Min:  0.0, Avg:  0.0, Max:  0.0, Diff:  0.0, Sum:  0.0, Workers: 4
[1270.973s][debug][gc,phases      ] GC(46)     Dead                           Min: 0, Avg:  0.0, Max: 0, Diff: 0, Sum: 0, Workers: 4
[1270.973s][debug][gc,phases      ] GC(46)     Total                          Min: 0, Avg:  0.0, Max: 0, Diff: 0, Sum: 0, Workers: 4
[1270.973s][debug][gc,phases      ] GC(46)   Weak JFR Old Object Samples    Min:  0.0, Avg:  0.0, Max:  0.0, Diff:  0.0, Sum:  0.0, Workers: 4
[1270.973s][debug][gc,phases      ] GC(46)     Dead                           Min: 0, Avg:  0.0, Max: 0, Diff: 0, Sum: 0, Workers: 4
[1270.973s][debug][gc,phases      ] GC(46)     Total                          Min: 0, Avg:  0.0, Max: 0, Diff: 0, Sum: 0, Workers: 4
[1270.974s][debug][gc,phases      ] GC(46) Weak Processing 0.361ms
[1270.974s][debug][gc,age         ] GC(46) Desired survivor size 195035136 bytes, new threshold 15 (max threshold 15)
[1270.974s][info ][gc,heap        ] GC(46) PSYoungGen: 1676384K(1892352K)->3696K(1877504K) Eden: 1672704K(1672704K)->0K(1672704K) From: 3680K(219648K)->3696K(204800K)
[1270.974s][info ][gc,heap        ] GC(46) ParOldGen: 447458K(619520K)->447498K(619520K)
[1270.974s][info ][gc,metaspace   ] GC(46) Metaspace: 79535K(80512K)->79535K(80512K) NonClass: 68230K(68736K)->68230K(68736K) Class: 11305K(11776K)->11305K(11776K)
[1270.974s][info ][gc             ] GC(46) Pause Young (Allocation Failure) 2074M->440M(2438M) 3.597ms
[1270.974s][info ][gc,cpu         ] GC(46) User=0.01s Sys=0.00s Real=0.01s
[1270.974s][info ][safepoint      ] Safepoint "ParallelGCFailedAllocation", Time since last: 1885614173 ns, Reaching safepoint: 31001 ns, At safepoint: 3672379 ns, Total: 3703380 ns
[1295.976s][info ][safepoint      ] Safepoint "Cleanup", Time since last: 25001933855 ns, Reaching safepoint: 116903 ns, At safepoint: 7100 ns, Total: 124003 ns
[1300.976s][info ][safepoint      ] Safepoint "Cleanup", Time since last: 5000439208 ns, Reaching safepoint: 119902 ns, At safepoint: 5500 ns, Total: 125402 ns
[1301.976s][info ][safepoint      ] Safepoint "Cleanup", Time since last: 1000125482 ns, Reaching safepoint: 119603 ns, At safepoint: 5900 ns, Total: 125503 ns
[1305.977s][info ][safepoint      ] Safepoint "Cleanup", Time since last: 4000322601 ns, Reaching safepoint: 42301 ns, At safepoint: 7300 ns, Total: 49601 ns
[1308.977s][info ][safepoint      ] Safepoint "Cleanup", Time since last: 3000294426 ns, Reaching safepoint: 46701 ns, At safepoint: 24901 ns, Total: 71602 ns
[1320.978s][info ][safepoint      ] Safepoint "Cleanup", Time since last: 12000956890 ns, Reaching safepoint: 44301 ns, At safepoint: 3500 ns, Total: 47801 ns
[1335.075s][info ][gc,start       ] GC(47) Pause Young (Allocation Failure)
[1335.078s][debug][gc,phases      ] GC(47) Scavenge 3.289ms
[1335.078s][debug][gc,ref         ] GC(47) Skipped phase 1 of Reference Processing: no references
[1335.078s][debug][gc,ref         ] GC(47) ReferenceProcessor::execute queues: 1, RefProcThreadModel::Single, marks_oops_alive: false
[1335.078s][debug][gc,ref         ] GC(47) Skipped phase 3 of Reference Processing: no references
[1335.078s][debug][gc,ref         ] GC(47) ReferenceProcessor::execute queues: 1, RefProcThreadModel::Single, marks_oops_alive: false
[1335.078s][debug][gc,phases      ] GC(47) Reference Processing 0.139ms
[1335.079s][debug][gc,phases      ] GC(47)   VM Weak                        Min:  0.0, Avg:  0.0, Max:  0.0, Diff:  0.0, Sum:  0.0, Workers: 4
[1335.079s][debug][gc,phases      ] GC(47)     Dead                           Min: 0, Avg:  0.0, Max: 0, Diff: 0, Sum: 0, Workers: 4
[1335.079s][debug][gc,phases      ] GC(47)     Total                          Min: 0, Avg: 196.0, Max: 640, Diff: 640, Sum: 784, Workers: 4
[1335.079s][debug][gc,phases      ] GC(47)   ObjectSynchronizer Weak        Min:  0.0, Avg:  0.0, Max:  0.0, Diff:  0.0, Sum:  0.0, Workers: 4
[1335.079s][debug][gc,phases      ] GC(47)     Dead                           Min: 0, Avg:  0.0, Max: 0, Diff: 0, Sum: 0, Workers: 4
[1335.079s][debug][gc,phases      ] GC(47)     Total                          Min: 0, Avg: 12.0, Max: 48, Diff: 48, Sum: 48, Workers: 4
[1335.079s][debug][gc,phases      ] GC(47)   JVMTI Tag Weak OopStorage      Min:  0.0, Avg:  0.0, Max:  0.0, Diff:  0.0, Sum:  0.0, Workers: 4
[1335.079s][debug][gc,phases      ] GC(47)     Dead                           Min: 0, Avg:  0.0, Max: 0, Diff: 0, Sum: 0, Workers: 4
[1335.079s][debug][gc,phases      ] GC(47)     Total                          Min: 0, Avg:  0.0, Max: 0, Diff: 0, Sum: 0, Workers: 4
[1335.079s][debug][gc,phases      ] GC(47)   StringTable Weak               Min:  0.0, Avg:  0.1, Max:  0.1, Diff:  0.1, Sum:  0.4, Workers: 4
[1335.079s][debug][gc,phases      ] GC(47)     Dead                           Min: 0, Avg:  0.0, Max: 0, Diff: 0, Sum: 0, Workers: 4
[1335.079s][debug][gc,phases      ] GC(47)     Total                          Min: 0, Avg: 10708.0, Max: 15104, Diff: 15104, Sum: 42832, Workers: 4
[1335.079s][debug][gc,phases      ] GC(47)   ResolvedMethodTable Weak       Min:  0.0, Avg:  0.0, Max:  0.0, Diff:  0.0, Sum:  0.1, Workers: 4
[1335.079s][debug][gc,phases      ] GC(47)     Dead                           Min: 0, Avg:  0.0, Max: 0, Diff: 0, Sum: 0, Workers: 4
[1335.079s][debug][gc,phases      ] GC(47)     Total                          Min: 0, Avg: 2179.8, Max: 3200, Diff: 3200, Sum: 8719, Workers: 4
[1335.079s][debug][gc,phases      ] GC(47)   JNI Weak                       Min:  0.0, Avg:  0.0, Max:  0.0, Diff:  0.0, Sum:  0.0, Workers: 4
[1335.079s][debug][gc,phases      ] GC(47)     Dead                           Min: 0, Avg:  0.0, Max: 0, Diff: 0, Sum: 0, Workers: 4
[1335.079s][debug][gc,phases      ] GC(47)     Total                          Min: 0, Avg: 11.2, Max: 45, Diff: 45, Sum: 45, Workers: 4
[1335.079s][debug][gc,phases      ] GC(47)   StringDedup Table Weak         Min:  0.0, Avg:  0.0, Max:  0.0, Diff:  0.0, Sum:  0.0, Workers: 4
[1335.079s][debug][gc,phases      ] GC(47)     Dead                           Min: 0, Avg:  0.0, Max: 0, Diff: 0, Sum: 0, Workers: 4
[1335.079s][debug][gc,phases      ] GC(47)     Total                          Min: 0, Avg:  0.0, Max: 0, Diff: 0, Sum: 0, Workers: 4
[1335.079s][debug][gc,phases      ] GC(47)   StringDedup Requests0 Weak     Min:  0.0, Avg:  0.0, Max:  0.0, Diff:  0.0, Sum:  0.0, Workers: 4
[1335.079s][debug][gc,phases      ] GC(47)     Dead                           Min: 0, Avg:  0.0, Max: 0, Diff: 0, Sum: 0, Workers: 4
[1335.079s][debug][gc,phases      ] GC(47)     Total                          Min: 0, Avg:  0.0, Max: 0, Diff: 0, Sum: 0, Workers: 4
[1335.079s][debug][gc,phases      ] GC(47)   StringDedup Requests1 Weak     Min:  0.0, Avg:  0.0, Max:  0.0, Diff:  0.0, Sum:  0.0, Workers: 4
[1335.079s][debug][gc,phases      ] GC(47)     Dead                           Min: 0, Avg:  0.0, Max: 0, Diff: 0, Sum: 0, Workers: 4
[1335.079s][debug][gc,phases      ] GC(47)     Total                          Min: 0, Avg:  0.0, Max: 0, Diff: 0, Sum: 0, Workers: 4
[1335.079s][debug][gc,phases      ] GC(47)   Weak JFR Old Object Samples    Min:  0.0, Avg:  0.0, Max:  0.0, Diff:  0.0, Sum:  0.0, Workers: 4
[1335.079s][debug][gc,phases      ] GC(47)     Dead                           Min: 0, Avg:  0.0, Max: 0, Diff: 0, Sum: 0, Workers: 4
[1335.079s][debug][gc,phases      ] GC(47)     Total                          Min: 0, Avg:  0.0, Max: 0, Diff: 0, Sum: 0, Workers: 4
[1335.079s][debug][gc,phases      ] GC(47) Weak Processing 0.358ms
[1335.079s][debug][gc,age         ] GC(47) Desired survivor size 181927936 bytes, new threshold 15 (max threshold 15)
[1335.079s][info ][gc,heap        ] GC(47) PSYoungGen: 1676400K(1877504K)->3504K(1919488K) Eden: 1672704K(1672704K)->0K(1729024K) From: 3696K(204800K)->3504K(190464K)
[1335.079s][info ][gc,heap        ] GC(47) ParOldGen: 447498K(619520K)->447538K(619520K)
[1335.079s][info ][gc,metaspace   ] GC(47) Metaspace: 79550K(80512K)->79550K(80512K) NonClass: 68245K(68736K)->68245K(68736K) Class: 11305K(11776K)->11305K(11776K)
[1335.079s][info ][gc             ] GC(47) Pause Young (Allocation Failure) 2074M->440M(2479M) 3.917ms
[1335.079s][info ][gc,cpu         ] GC(47) User=0.01s Sys=0.00s Real=0.01s
[1335.079s][info ][safepoint      ] Safepoint "ParallelGCFailedAllocation", Time since last: 14096607788 ns, Reaching safepoint: 58001 ns, At safepoint: 4015986 ns, Total: 4073987 ns
[1341.079s][info ][safepoint      ] Safepoint "Cleanup", Time since last: 6000455607 ns, Reaching safepoint: 64601 ns, At safepoint: 2600 ns, Total: 67201 ns
[1343.080s][info ][safepoint      ] Safepoint "Cleanup", Time since last: 2000163852 ns, Reaching safepoint: 44601 ns, At safepoint: 2600 ns, Total: 47201 ns
[1345.080s][info ][safepoint      ] Safepoint "Cleanup", Time since last: 2000184622 ns, Reaching safepoint: 50601 ns, At safepoint: 2500 ns, Total: 53101 ns
[1347.080s][info ][safepoint      ] Safepoint "Cleanup", Time since last: 2000170823 ns, Reaching safepoint: 111002 ns, At safepoint: 7600 ns, Total: 118602 ns
[1355.081s][info ][safepoint      ] Safepoint "Cleanup", Time since last: 8000508095 ns, Reaching safepoint: 37401 ns, At safepoint: 3700 ns, Total: 41101 ns
[1356.081s][info ][safepoint      ] Safepoint "Cleanup", Time since last: 1000123412 ns, Reaching safepoint: 36600 ns, At safepoint: 2700 ns, Total: 39300 ns
[1364.081s][info ][safepoint      ] Safepoint "Cleanup", Time since last: 8000575376 ns, Reaching safepoint: 39601 ns, At safepoint: 4200 ns, Total: 43801 ns
[1370.087s][info ][safepoint      ] Safepoint "Cleanup", Time since last: 6005044487 ns, Reaching safepoint: 43001 ns, At safepoint: 20000 ns, Total: 63001 ns
[1377.087s][info ][safepoint      ] Safepoint "Cleanup", Time since last: 7000529100 ns, Reaching safepoint: 47201 ns, At safepoint: 2700 ns, Total: 49901 ns
[1383.088s][info ][safepoint      ] Safepoint "Cleanup", Time since last: 6000477069 ns, Reaching safepoint: 56701 ns, At safepoint: 4000 ns, Total: 60701 ns
[1396.089s][info ][safepoint      ] Safepoint "Cleanup", Time since last: 13000915958 ns, Reaching safepoint: 45701 ns, At safepoint: 2700 ns, Total: 48401 ns
[1396.172s][info ][gc,start       ] GC(48) Pause Young (Allocation Failure)
[1396.176s][debug][gc,phases      ] GC(48) Scavenge 3.345ms
[1396.176s][debug][gc,ref         ] GC(48) Skipped phase 1 of Reference Processing: no references
[1396.176s][debug][gc,ref         ] GC(48) ReferenceProcessor::execute queues: 1, RefProcThreadModel::Single, marks_oops_alive: false
[1396.176s][debug][gc,ref         ] GC(48) Skipped phase 3 of Reference Processing: no references
[1396.176s][debug][gc,ref         ] GC(48) ReferenceProcessor::execute queues: 1, RefProcThreadModel::Single, marks_oops_alive: false
[1396.176s][debug][gc,phases      ] GC(48) Reference Processing 0.111ms
[1396.176s][debug][gc,phases      ] GC(48)   VM Weak                        Min:  0.0, Avg:  0.0, Max:  0.0, Diff:  0.0, Sum:  0.0, Workers: 4
[1396.176s][debug][gc,phases      ] GC(48)     Dead                           Min: 0, Avg:  0.0, Max: 0, Diff: 0, Sum: 0, Workers: 4
[1396.176s][debug][gc,phases      ] GC(48)     Total                          Min: 0, Avg: 196.0, Max: 720, Diff: 720, Sum: 784, Workers: 4
[1396.176s][debug][gc,phases      ] GC(48)   ObjectSynchronizer Weak        Min:  0.0, Avg:  0.0, Max:  0.0, Diff:  0.0, Sum:  0.0, Workers: 4
[1396.176s][debug][gc,phases      ] GC(48)     Dead                           Min: 0, Avg:  0.0, Max: 0, Diff: 0, Sum: 0, Workers: 4
[1396.176s][debug][gc,phases      ] GC(48)     Total                          Min: 0, Avg: 12.0, Max: 48, Diff: 48, Sum: 48, Workers: 4
[1396.176s][debug][gc,phases      ] GC(48)   JVMTI Tag Weak OopStorage      Min:  0.0, Avg:  0.0, Max:  0.0, Diff:  0.0, Sum:  0.0, Workers: 4
[1396.176s][debug][gc,phases      ] GC(48)     Dead                           Min: 0, Avg:  0.0, Max: 0, Diff: 0, Sum: 0, Workers: 4
[1396.176s][debug][gc,phases      ] GC(48)     Total                          Min: 0, Avg:  0.0, Max: 0, Diff: 0, Sum: 0, Workers: 4
[1396.176s][debug][gc,phases      ] GC(48)   StringTable Weak               Min:  0.0, Avg:  0.1, Max:  0.1, Diff:  0.1, Sum:  0.4, Workers: 4
[1396.176s][debug][gc,phases      ] GC(48)     Dead                           Min: 0, Avg:  0.0, Max: 0, Diff: 0, Sum: 0, Workers: 4
[1396.176s][debug][gc,phases      ] GC(48)     Total                          Min: 0, Avg: 10708.0, Max: 15248, Diff: 15248, Sum: 42832, Workers: 4
[1396.176s][debug][gc,phases      ] GC(48)   ResolvedMethodTable Weak       Min:  0.0, Avg:  0.0, Max:  0.0, Diff:  0.0, Sum:  0.1, Workers: 4
[1396.176s][debug][gc,phases      ] GC(48)     Dead                           Min: 0, Avg:  0.0, Max: 0, Diff: 0, Sum: 0, Workers: 4
[1396.176s][debug][gc,phases      ] GC(48)     Total                          Min: 0, Avg: 2179.8, Max: 3087, Diff: 3087, Sum: 8719, Workers: 4
[1396.176s][debug][gc,phases      ] GC(48)   JNI Weak                       Min:  0.0, Avg:  0.0, Max:  0.0, Diff:  0.0, Sum:  0.0, Workers: 4
[1396.176s][debug][gc,phases      ] GC(48)     Dead                           Min: 0, Avg:  0.0, Max: 0, Diff: 0, Sum: 0, Workers: 4
[1396.176s][debug][gc,phases      ] GC(48)     Total                          Min: 0, Avg: 11.2, Max: 45, Diff: 45, Sum: 45, Workers: 4
[1396.176s][debug][gc,phases      ] GC(48)   StringDedup Table Weak         Min:  0.0, Avg:  0.0, Max:  0.0, Diff:  0.0, Sum:  0.0, Workers: 4
[1396.176s][debug][gc,phases      ] GC(48)     Dead                           Min: 0, Avg:  0.0, Max: 0, Diff: 0, Sum: 0, Workers: 4
[1396.176s][debug][gc,phases      ] GC(48)     Total                          Min: 0, Avg:  0.0, Max: 0, Diff: 0, Sum: 0, Workers: 4
[1396.176s][debug][gc,phases      ] GC(48)   StringDedup Requests0 Weak     Min:  0.0, Avg:  0.0, Max:  0.0, Diff:  0.0, Sum:  0.0, Workers: 4
[1396.176s][debug][gc,phases      ] GC(48)     Dead                           Min: 0, Avg:  0.0, Max: 0, Diff: 0, Sum: 0, Workers: 4
[1396.176s][debug][gc,phases      ] GC(48)     Total                          Min: 0, Avg:  0.0, Max: 0, Diff: 0, Sum: 0, Workers: 4
[1396.176s][debug][gc,phases      ] GC(48)   StringDedup Requests1 Weak     Min:  0.0, Avg:  0.0, Max:  0.0, Diff:  0.0, Sum:  0.0, Workers: 4
[1396.176s][debug][gc,phases      ] GC(48)     Dead                           Min: 0, Avg:  0.0, Max: 0, Diff: 0, Sum: 0, Workers: 4
[1396.176s][debug][gc,phases      ] GC(48)     Total                          Min: 0, Avg:  0.0, Max: 0, Diff: 0, Sum: 0, Workers: 4
[1396.176s][debug][gc,phases      ] GC(48)   Weak JFR Old Object Samples    Min:  0.0, Avg:  0.0, Max:  0.0, Diff:  0.0, Sum:  0.0, Workers: 4
[1396.176s][debug][gc,phases      ] GC(48)     Dead                           Min: 0, Avg:  0.0, Max: 0, Diff: 0, Sum: 0, Workers: 4
[1396.176s][debug][gc,phases      ] GC(48)     Total                          Min: 0, Avg:  0.0, Max: 0, Diff: 0, Sum: 0, Workers: 4
[1396.176s][debug][gc,phases      ] GC(48) Weak Processing 0.374ms
[1396.176s][debug][gc,age         ] GC(48) Desired survivor size 168820736 bytes, new threshold 15 (max threshold 15)
[1396.176s][info ][gc,heap        ] GC(48) PSYoungGen: 1732528K(1919488K)->3504K(1906688K) Eden: 1729024K(1729024K)->0K(1729024K) From: 3504K(190464K)->3504K(177664K)
[1396.176s][info ][gc,heap        ] GC(48) ParOldGen: 447538K(619520K)->447638K(619520K)
[1396.176s][info ][gc,metaspace   ] GC(48) Metaspace: 79563K(80576K)->79563K(80576K) NonClass: 68258K(68800K)->68258K(68800K) Class: 11305K(11776K)->11305K(11776K)
[1396.176s][info ][gc             ] GC(48) Pause Young (Allocation Failure) 2128M->440M(2467M) 3.965ms
[1396.176s][info ][gc,cpu         ] GC(48) User=0.01s Sys=0.00s Real=0.00s
[1396.176s][info ][safepoint      ] Safepoint "ParallelGCFailedAllocation", Time since last: 83392967 ns, Reaching safepoint: 108302 ns, At safepoint: 4051386 ns, Total: 4159688 ns
[1402.177s][info ][safepoint      ] Safepoint "Cleanup", Time since last: 6000487803 ns, Reaching safepoint: 123202 ns, At safepoint: 29801 ns, Total: 153003 ns
[1411.178s][info ][safepoint      ] Safepoint "Cleanup", Time since last: 9000659832 ns, Reaching safepoint: 118802 ns, At safepoint: 29801 ns, Total: 148603 ns
[1422.178s][info ][safepoint      ] Safepoint "Cleanup", Time since last: 11000773488 ns, Reaching safepoint: 48201 ns, At safepoint: 3500 ns, Total: 51701 ns
[1424.179s][info ][safepoint      ] Safepoint "Cleanup", Time since last: 2000174559 ns, Reaching safepoint: 57401 ns, At safepoint: 3000 ns, Total: 60401 ns
[1426.179s][info ][safepoint      ] Safepoint "Cleanup", Time since last: 2000181059 ns, Reaching safepoint: 46501 ns, At safepoint: 3000 ns, Total: 49501 ns
[1429.179s][info ][safepoint      ] Safepoint "Cleanup", Time since last: 3000254739 ns, Reaching safepoint: 47201 ns, At safepoint: 2700 ns, Total: 49901 ns
[1433.180s][info ][safepoint      ] Safepoint "Cleanup", Time since last: 4000537252 ns, Reaching safepoint: 92002 ns, At safepoint: 5900 ns, Total: 97902 ns
[1434.180s][info ][safepoint      ] Safepoint "Cleanup", Time since last: 1000125673 ns, Reaching safepoint: 72201 ns, At safepoint: 5000 ns, Total: 77201 ns
[1435.180s][info ][safepoint      ] Safepoint "Cleanup", Time since last: 1000128774 ns, Reaching safepoint: 57101 ns, At safepoint: 5800 ns, Total: 62901 ns
[1439.181s][info ][safepoint      ] Safepoint "Cleanup", Time since last: 4000290769 ns, Reaching safepoint: 54001 ns, At safepoint: 4300 ns, Total: 58301 ns
[1441.181s][info ][safepoint      ] Safepoint "Cleanup", Time since last: 2000175619 ns, Reaching safepoint: 48001 ns, At safepoint: 3501 ns, Total: 51502 ns
[1443.181s][info ][safepoint      ] Safepoint "Cleanup", Time since last: 2000173419 ns, Reaching safepoint: 50201 ns, At safepoint: 2700 ns, Total: 52901 ns
[1445.181s][info ][safepoint      ] Safepoint "Cleanup", Time since last: 2000178919 ns, Reaching safepoint: 51401 ns, At safepoint: 3400 ns, Total: 54801 ns
[1447.182s][info ][safepoint      ] Safepoint "Cleanup", Time since last: 2000186611 ns, Reaching safepoint: 45701 ns, At safepoint: 4200 ns, Total: 49901 ns
[1448.182s][info ][safepoint      ] Safepoint "Cleanup", Time since last: 1000132954 ns, Reaching safepoint: 44401 ns, At safepoint: 2900 ns, Total: 47301 ns
[1449.182s][info ][safepoint      ] Safepoint "Cleanup", Time since last: 1000123854 ns, Reaching safepoint: 58702 ns, At safepoint: 2800 ns, Total: 61502 ns
[1451.182s][info ][safepoint      ] Safepoint "Cleanup", Time since last: 2000170106 ns, Reaching safepoint: 33001 ns, At safepoint: 2300 ns, Total: 35301 ns
[1455.183s][info ][safepoint      ] Safepoint "Cleanup", Time since last: 4000315949 ns, Reaching safepoint: 62001 ns, At safepoint: 3300 ns, Total: 65301 ns
[1457.276s][info ][gc,start       ] GC(49) Pause Young (Allocation Failure)
[1457.279s][debug][gc,phases      ] GC(49) Scavenge 3.086ms
[1457.279s][debug][gc,ref         ] GC(49) Skipped phase 1 of Reference Processing: no references
[1457.279s][debug][gc,ref         ] GC(49) ReferenceProcessor::execute queues: 1, RefProcThreadModel::Single, marks_oops_alive: false
[1457.279s][debug][gc,ref         ] GC(49) Skipped phase 3 of Reference Processing: no references
[1457.279s][debug][gc,ref         ] GC(49) ReferenceProcessor::execute queues: 1, RefProcThreadModel::Single, marks_oops_alive: false
[1457.279s][debug][gc,phases      ] GC(49) Reference Processing 0.111ms
[1457.280s][debug][gc,phases      ] GC(49)   VM Weak                        Min:  0.0, Avg:  0.0, Max:  0.0, Diff:  0.0, Sum:  0.0, Workers: 4
[1457.280s][debug][gc,phases      ] GC(49)     Dead                           Min: 0, Avg:  0.0, Max: 0, Diff: 0, Sum: 0, Workers: 4
[1457.280s][debug][gc,phases      ] GC(49)     Total                          Min: 0, Avg: 196.0, Max: 576, Diff: 576, Sum: 784, Workers: 4
[1457.280s][debug][gc,phases      ] GC(49)   ObjectSynchronizer Weak        Min:  0.0, Avg:  0.0, Max:  0.0, Diff:  0.0, Sum:  0.0, Workers: 4
[1457.280s][debug][gc,phases      ] GC(49)     Dead                           Min: 0, Avg:  0.0, Max: 0, Diff: 0, Sum: 0, Workers: 4
[1457.280s][debug][gc,phases      ] GC(49)     Total                          Min: 0, Avg: 12.0, Max: 48, Diff: 48, Sum: 48, Workers: 4
[1457.280s][debug][gc,phases      ] GC(49)   JVMTI Tag Weak OopStorage      Min:  0.0, Avg:  0.0, Max:  0.0, Diff:  0.0, Sum:  0.0, Workers: 4
[1457.280s][debug][gc,phases      ] GC(49)     Dead                           Min: 0, Avg:  0.0, Max: 0, Diff: 0, Sum: 0, Workers: 4
[1457.280s][debug][gc,phases      ] GC(49)     Total                          Min: 0, Avg:  0.0, Max: 0, Diff: 0, Sum: 0, Workers: 4
[1457.280s][debug][gc,phases      ] GC(49)   StringTable Weak               Min:  0.0, Avg:  0.1, Max:  0.2, Diff:  0.2, Sum:  0.4, Workers: 4
[1457.280s][debug][gc,phases      ] GC(49)     Dead                           Min: 0, Avg:  0.0, Max: 0, Diff: 0, Sum: 0, Workers: 4
[1457.280s][debug][gc,phases      ] GC(49)     Total                          Min: 0, Avg: 10708.5, Max: 22354, Diff: 22354, Sum: 42834, Workers: 4
[1457.280s][debug][gc,phases      ] GC(49)   ResolvedMethodTable Weak       Min:  0.0, Avg:  0.0, Max:  0.0, Diff:  0.0, Sum:  0.1, Workers: 4
[1457.280s][debug][gc,phases      ] GC(49)     Dead                           Min: 0, Avg:  0.0, Max: 0, Diff: 0, Sum: 0, Workers: 4
[1457.280s][debug][gc,phases      ] GC(49)     Total                          Min: 0, Avg: 2179.8, Max: 4672, Diff: 4672, Sum: 8719, Workers: 4
[1457.280s][debug][gc,phases      ] GC(49)   JNI Weak                       Min:  0.0, Avg:  0.0, Max:  0.0, Diff:  0.0, Sum:  0.0, Workers: 4
[1457.280s][debug][gc,phases      ] GC(49)     Dead                           Min: 0, Avg:  0.0, Max: 0, Diff: 0, Sum: 0, Workers: 4
[1457.280s][debug][gc,phases      ] GC(49)     Total                          Min: 0, Avg: 11.2, Max: 45, Diff: 45, Sum: 45, Workers: 4
[1457.280s][debug][gc,phases      ] GC(49)   StringDedup Table Weak         Min:  0.0, Avg:  0.0, Max:  0.0, Diff:  0.0, Sum:  0.0, Workers: 4
[1457.280s][debug][gc,phases      ] GC(49)     Dead                           Min: 0, Avg:  0.0, Max: 0, Diff: 0, Sum: 0, Workers: 4
[1457.280s][debug][gc,phases      ] GC(49)     Total                          Min: 0, Avg:  0.0, Max: 0, Diff: 0, Sum: 0, Workers: 4
[1457.280s][debug][gc,phases      ] GC(49)   StringDedup Requests0 Weak     Min:  0.0, Avg:  0.0, Max:  0.0, Diff:  0.0, Sum:  0.0, Workers: 4
[1457.280s][debug][gc,phases      ] GC(49)     Dead                           Min: 0, Avg:  0.0, Max: 0, Diff: 0, Sum: 0, Workers: 4
[1457.280s][debug][gc,phases      ] GC(49)     Total                          Min: 0, Avg:  0.0, Max: 0, Diff: 0, Sum: 0, Workers: 4
[1457.280s][debug][gc,phases      ] GC(49)   StringDedup Requests1 Weak     Min:  0.0, Avg:  0.0, Max:  0.0, Diff:  0.0, Sum:  0.0, Workers: 4
[1457.280s][debug][gc,phases      ] GC(49)     Dead                           Min: 0, Avg:  0.0, Max: 0, Diff: 0, Sum: 0, Workers: 4
[1457.280s][debug][gc,phases      ] GC(49)     Total                          Min: 0, Avg:  0.0, Max: 0, Diff: 0, Sum: 0, Workers: 4
[1457.280s][debug][gc,phases      ] GC(49)   Weak JFR Old Object Samples    Min:  0.0, Avg:  0.0, Max:  0.0, Diff:  0.0, Sum:  0.0, Workers: 4
[1457.280s][debug][gc,phases      ] GC(49)     Dead                           Min: 0, Avg:  0.0, Max: 0, Diff: 0, Sum: 0, Workers: 4
[1457.280s][debug][gc,phases      ] GC(49)     Total                          Min: 0, Avg:  0.0, Max: 0, Diff: 0, Sum: 0, Workers: 4
[1457.280s][debug][gc,phases      ] GC(49) Weak Processing 0.410ms
[1457.280s][debug][gc,age         ] GC(49) Desired survivor size 156762112 bytes, new threshold 15 (max threshold 15)
[1457.280s][info ][gc,heap        ] GC(49) PSYoungGen: 1732528K(1906688K)->3600K(1944064K) Eden: 1729024K(1729024K)->0K(1779200K) From: 3504K(177664K)->3600K(164864K)
[1457.280s][info ][gc,heap        ] GC(49) ParOldGen: 447638K(619520K)->447782K(619520K)
[1457.280s][info ][gc,metaspace   ] GC(49) Metaspace: 79578K(80576K)->79578K(80576K) NonClass: 68273K(68800K)->68273K(68800K) Class: 11305K(11776K)->11305K(11776K)
[1457.280s][info ][gc             ] GC(49) Pause Young (Allocation Failure) 2129M->440M(2503M) 3.744ms
[1457.280s][info ][gc,cpu         ] GC(49) User=0.02s Sys=0.00s Real=0.01s
[1457.280s][info ][safepoint      ] Safepoint "ParallelGCFailedAllocation", Time since last: 2093479704 ns, Reaching safepoint: 44801 ns, At safepoint: 3818382 ns, Total: 3863183 ns
[1458.280s][info ][safepoint      ] Safepoint "Cleanup", Time since last: 1000086308 ns, Reaching safepoint: 44501 ns, At safepoint: 2500 ns, Total: 47001 ns
[1460.280s][info ][safepoint      ] Safepoint "Cleanup", Time since last: 2000188816 ns, Reaching safepoint: 46101 ns, At safepoint: 5900 ns, Total: 52001 ns
[1461.280s][info ][safepoint      ] Safepoint "Cleanup", Time since last: 1000116509 ns, Reaching safepoint: 51101 ns, At safepoint: 2800 ns, Total: 53901 ns
[1463.281s][info ][safepoint      ] Safepoint "Cleanup", Time since last: 2000179290 ns, Reaching safepoint: 78201 ns, At safepoint: 4700 ns, Total: 82901 ns
[1471.188s][info ][safepoint      ] Safepoint "Cleanup", Time since last: 7907030803 ns, Reaching safepoint: 102703 ns, At safepoint: 3300 ns, Total: 106003 ns
[1475.188s][info ][safepoint      ] Safepoint "Cleanup", Time since last: 4000264108 ns, Reaching safepoint: 34001 ns, At safepoint: 3500 ns, Total: 37501 ns
[1488.189s][info ][safepoint      ] Safepoint "Cleanup", Time since last: 13000952874 ns, Reaching safepoint: 61701 ns, At safepoint: 29601 ns, Total: 91302 ns
[1492.189s][info ][safepoint      ] Safepoint "Cleanup", Time since last: 4000274935 ns, Reaching safepoint: 49901 ns, At safepoint: 4300 ns, Total: 54201 ns
[1496.190s][info ][safepoint      ] Safepoint "Cleanup", Time since last: 4000258864 ns, Reaching safepoint: 56701 ns, At safepoint: 3000 ns, Total: 59701 ns
[1503.190s][info ][safepoint      ] Safepoint "Cleanup", Time since last: 7000523332 ns, Reaching safepoint: 47104 ns, At safepoint: 2500 ns, Total: 49604 ns
[1506.191s][info ][safepoint      ] Safepoint "Cleanup", Time since last: 3000264388 ns, Reaching safepoint: 48101 ns, At safepoint: 2700 ns, Total: 50801 ns
[1514.572s][info ][gc,start       ] GC(50) Pause Young (Allocation Failure)
[1514.575s][debug][gc,phases      ] GC(50) Scavenge 2.590ms
[1514.575s][debug][gc,ref         ] GC(50) Skipped phase 1 of Reference Processing: no references
[1514.575s][debug][gc,ref         ] GC(50) ReferenceProcessor::execute queues: 1, RefProcThreadModel::Single, marks_oops_alive: false
[1514.575s][debug][gc,ref         ] GC(50) Skipped phase 3 of Reference Processing: no references
[1514.575s][debug][gc,ref         ] GC(50) Skipped phase 4 of Reference Processing: no references
[1514.575s][debug][gc,phases      ] GC(50) Reference Processing 0.104ms
[1514.575s][debug][gc,phases      ] GC(50)   VM Weak                        Min:  0.0, Avg:  0.0, Max:  0.0, Diff:  0.0, Sum:  0.0, Workers: 4
[1514.575s][debug][gc,phases      ] GC(50)     Dead                           Min: 0, Avg:  0.0, Max: 0, Diff: 0, Sum: 0, Workers: 4
[1514.575s][debug][gc,phases      ] GC(50)     Total                          Min: 0, Avg: 196.0, Max: 400, Diff: 400, Sum: 784, Workers: 4
[1514.575s][debug][gc,phases      ] GC(50)   ObjectSynchronizer Weak        Min:  0.0, Avg:  0.0, Max:  0.0, Diff:  0.0, Sum:  0.0, Workers: 4
[1514.575s][debug][gc,phases      ] GC(50)     Dead                           Min: 0, Avg:  0.0, Max: 0, Diff: 0, Sum: 0, Workers: 4
[1514.575s][debug][gc,phases      ] GC(50)     Total                          Min: 0, Avg: 12.0, Max: 48, Diff: 48, Sum: 48, Workers: 4
[1514.575s][debug][gc,phases      ] GC(50)   JVMTI Tag Weak OopStorage      Min:  0.0, Avg:  0.0, Max:  0.0, Diff:  0.0, Sum:  0.0, Workers: 4
[1514.575s][debug][gc,phases      ] GC(50)     Dead                           Min: 0, Avg:  0.0, Max: 0, Diff: 0, Sum: 0, Workers: 4
[1514.575s][debug][gc,phases      ] GC(50)     Total                          Min: 0, Avg:  0.0, Max: 0, Diff: 0, Sum: 0, Workers: 4
[1514.575s][debug][gc,phases      ] GC(50)   StringTable Weak               Min:  0.0, Avg:  0.1, Max:  0.1, Diff:  0.1, Sum:  0.3, Workers: 4
[1514.575s][debug][gc,phases      ] GC(50)     Dead                           Min: 0, Avg:  0.0, Max: 0, Diff: 0, Sum: 0, Workers: 4
[1514.575s][debug][gc,phases      ] GC(50)     Total                          Min: 0, Avg: 10710.0, Max: 15256, Diff: 15256, Sum: 42840, Workers: 4
[1514.575s][debug][gc,phases      ] GC(50)   ResolvedMethodTable Weak       Min:  0.0, Avg:  0.0, Max:  0.0, Diff:  0.0, Sum:  0.1, Workers: 4
[1514.575s][debug][gc,phases      ] GC(50)     Dead                           Min: 0, Avg:  0.0, Max: 0, Diff: 0, Sum: 0, Workers: 4
[1514.575s][debug][gc,phases      ] GC(50)     Total                          Min: 0, Avg: 2179.8, Max: 3008, Diff: 3008, Sum: 8719, Workers: 4
[1514.575s][debug][gc,phases      ] GC(50)   JNI Weak                       Min:  0.0, Avg:  0.0, Max:  0.0, Diff:  0.0, Sum:  0.0, Workers: 4
[1514.575s][debug][gc,phases      ] GC(50)     Dead                           Min: 0, Avg:  0.0, Max: 0, Diff: 0, Sum: 0, Workers: 4
[1514.575s][debug][gc,phases      ] GC(50)     Total                          Min: 0, Avg: 11.2, Max: 45, Diff: 45, Sum: 45, Workers: 4
[1514.575s][debug][gc,phases      ] GC(50)   StringDedup Table Weak         Min:  0.0, Avg:  0.0, Max:  0.0, Diff:  0.0, Sum:  0.0, Workers: 4
[1514.575s][debug][gc,phases      ] GC(50)     Dead                           Min: 0, Avg:  0.0, Max: 0, Diff: 0, Sum: 0, Workers: 4
[1514.575s][debug][gc,phases      ] GC(50)     Total                          Min: 0, Avg:  0.0, Max: 0, Diff: 0, Sum: 0, Workers: 4
[1514.575s][debug][gc,phases      ] GC(50)   StringDedup Requests0 Weak     Min:  0.0, Avg:  0.0, Max:  0.0, Diff:  0.0, Sum:  0.0, Workers: 4
[1514.575s][debug][gc,phases      ] GC(50)     Dead                           Min: 0, Avg:  0.0, Max: 0, Diff: 0, Sum: 0, Workers: 4
[1514.575s][debug][gc,phases      ] GC(50)     Total                          Min: 0, Avg:  0.0, Max: 0, Diff: 0, Sum: 0, Workers: 4
[1514.575s][debug][gc,phases      ] GC(50)   StringDedup Requests1 Weak     Min:  0.0, Avg:  0.0, Max:  0.0, Diff:  0.0, Sum:  0.0, Workers: 4
[1514.575s][debug][gc,phases      ] GC(50)     Dead                           Min: 0, Avg:  0.0, Max: 0, Diff: 0, Sum: 0, Workers: 4
[1514.575s][debug][gc,phases      ] GC(50)     Total                          Min: 0, Avg:  0.0, Max: 0, Diff: 0, Sum: 0, Workers: 4
[1514.575s][debug][gc,phases      ] GC(50)   Weak JFR Old Object Samples    Min:  0.0, Avg:  0.0, Max:  0.0, Diff:  0.0, Sum:  0.0, Workers: 4
[1514.575s][debug][gc,phases      ] GC(50)     Dead                           Min: 0, Avg:  0.0, Max: 0, Diff: 0, Sum: 0, Workers: 4
[1514.575s][debug][gc,phases      ] GC(50)     Total                          Min: 0, Avg:  0.0, Max: 0, Diff: 0, Sum: 0, Workers: 4
[1514.575s][debug][gc,phases      ] GC(50) Weak Processing 0.334ms
[1514.575s][debug][gc,age         ] GC(50) Desired survivor size 145752064 bytes, new threshold 15 (max threshold 15)
[1514.575s][info ][gc,heap        ] GC(50) PSYoungGen: 1782800K(1944064K)->3680K(1932288K) Eden: 1779200K(1779200K)->0K(1779200K) From: 3600K(164864K)->3680K(153088K)
[1514.575s][info ][gc,heap        ] GC(50) ParOldGen: 447782K(619520K)->447830K(619520K)
[1514.575s][info ][gc,metaspace   ] GC(50) Metaspace: 79586K(80576K)->79586K(80576K) NonClass: 68281K(68800K)->68281K(68800K) Class: 11305K(11776K)->11305K(11776K)
[1514.575s][info ][gc             ] GC(50) Pause Young (Allocation Failure) 2178M->440M(2492M) 3.155ms
[1514.575s][info ][gc,cpu         ] GC(50) User=0.01s Sys=0.00s Real=0.00s
[1514.575s][info ][safepoint      ] Safepoint "ParallelGCFailedAllocation", Time since last: 8381266442 ns, Reaching safepoint: 118602 ns, At safepoint: 3233669 ns, Total: 3352271 ns
[1517.576s][info ][safepoint      ] Safepoint "Cleanup", Time since last: 3000245703 ns, Reaching safepoint: 122103 ns, At safepoint: 14200 ns, Total: 136303 ns
[1519.576s][info ][safepoint      ] Safepoint "Cleanup", Time since last: 2000209742 ns, Reaching safepoint: 122403 ns, At safepoint: 6500 ns, Total: 128903 ns
[1520.576s][info ][safepoint      ] Safepoint "Cleanup", Time since last: 1000128959 ns, Reaching safepoint: 131704 ns, At safepoint: 10300 ns, Total: 142004 ns
[1524.577s][info ][safepoint      ] Safepoint "Cleanup", Time since last: 4000344033 ns, Reaching safepoint: 117103 ns, At safepoint: 33200 ns, Total: 150303 ns
[1526.577s][info ][safepoint      ] Safepoint "Cleanup", Time since last: 2000193841 ns, Reaching safepoint: 123407 ns, At safepoint: 7101 ns, Total: 130508 ns
[1527.577s][info ][safepoint      ] Safepoint "Cleanup", Time since last: 1000125067 ns, Reaching safepoint: 51604 ns, At safepoint: 6300 ns, Total: 57904 ns
[1532.578s][info ][safepoint      ] Safepoint "Cleanup", Time since last: 5000382958 ns, Reaching safepoint: 43802 ns, At safepoint: 2800 ns, Total: 46602 ns
[1536.578s][info ][safepoint      ] Safepoint "Cleanup", Time since last: 4000318274 ns, Reaching safepoint: 48302 ns, At safepoint: 2800 ns, Total: 51102 ns
[1537.578s][info ][safepoint      ] Safepoint "Cleanup", Time since last: 1000115865 ns, Reaching safepoint: 120104 ns, At safepoint: 5700 ns, Total: 125804 ns
[1538.579s][info ][safepoint      ] Safepoint "Cleanup", Time since last: 1000118366 ns, Reaching safepoint: 51001 ns, At safepoint: 2800 ns, Total: 53801 ns
[1539.579s][info ][safepoint      ] Safepoint "Cleanup", Time since last: 1000106465 ns, Reaching safepoint: 75503 ns, At safepoint: 3300 ns, Total: 78803 ns
[1541.579s][info ][safepoint      ] Safepoint "Cleanup", Time since last: 2000185129 ns, Reaching safepoint: 37301 ns, At safepoint: 6900 ns, Total: 44201 ns
[1550.580s][info ][safepoint      ] Safepoint "Cleanup", Time since last: 9000664810 ns, Reaching safepoint: 40402 ns, At safepoint: 4900 ns, Total: 45302 ns
[1562.581s][info ][safepoint      ] Safepoint "Cleanup", Time since last: 12000869538 ns, Reaching safepoint: 46601 ns, At safepoint: 3000 ns, Total: 49601 ns
[1569.654s][info ][gc,start       ] GC(51) Pause Young (Allocation Failure)
[1569.659s][debug][gc,phases      ] GC(51) Scavenge 5.098ms
[1569.659s][debug][gc,ref         ] GC(51) Skipped phase 1 of Reference Processing: no references
[1569.660s][debug][gc,ref         ] GC(51) ReferenceProcessor::execute queues: 1, RefProcThreadModel::Single, marks_oops_alive: false
[1569.660s][debug][gc,ref         ] GC(51) Skipped phase 3 of Reference Processing: no references
[1569.660s][debug][gc,ref         ] GC(51) ReferenceProcessor::execute queues: 1, RefProcThreadModel::Single, marks_oops_alive: false
[1569.660s][debug][gc,phases      ] GC(51) Reference Processing 0.121ms
[1569.660s][debug][gc,phases      ] GC(51)   VM Weak                        Min:  0.0, Avg:  0.0, Max:  0.0, Diff:  0.0, Sum:  0.0, Workers: 4
[1569.660s][debug][gc,phases      ] GC(51)     Dead                           Min: 0, Avg:  0.0, Max: 0, Diff: 0, Sum: 0, Workers: 4
[1569.660s][debug][gc,phases      ] GC(51)     Total                          Min: 0, Avg: 196.0, Max: 704, Diff: 704, Sum: 784, Workers: 4
[1569.660s][debug][gc,phases      ] GC(51)   ObjectSynchronizer Weak        Min:  0.0, Avg:  0.0, Max:  0.0, Diff:  0.0, Sum:  0.0, Workers: 4
[1569.660s][debug][gc,phases      ] GC(51)     Dead                           Min: 0, Avg:  0.0, Max: 0, Diff: 0, Sum: 0, Workers: 4
[1569.660s][debug][gc,phases      ] GC(51)     Total                          Min: 0, Avg: 12.0, Max: 48, Diff: 48, Sum: 48, Workers: 4
[1569.660s][debug][gc,phases      ] GC(51)   JVMTI Tag Weak OopStorage      Min:  0.0, Avg:  0.0, Max:  0.0, Diff:  0.0, Sum:  0.0, Workers: 4
[1569.660s][debug][gc,phases      ] GC(51)     Dead                           Min: 0, Avg:  0.0, Max: 0, Diff: 0, Sum: 0, Workers: 4
[1569.660s][debug][gc,phases      ] GC(51)     Total                          Min: 0, Avg:  0.0, Max: 0, Diff: 0, Sum: 0, Workers: 4
[1569.660s][debug][gc,phases      ] GC(51)   StringTable Weak               Min:  0.0, Avg:  0.1, Max:  0.1, Diff:  0.1, Sum:  0.4, Workers: 4
[1569.660s][debug][gc,phases      ] GC(51)     Dead                           Min: 0, Avg:  0.0, Max: 0, Diff: 0, Sum: 0, Workers: 4
[1569.660s][debug][gc,phases      ] GC(51)     Total                          Min: 0, Avg: 10710.2, Max: 15744, Diff: 15744, Sum: 42841, Workers: 4
[1569.660s][debug][gc,phases      ] GC(51)   ResolvedMethodTable Weak       Min:  0.0, Avg:  0.0, Max:  0.0, Diff:  0.0, Sum:  0.1, Workers: 4
[1569.660s][debug][gc,phases      ] GC(51)     Dead                           Min: 0, Avg:  0.0, Max: 0, Diff: 0, Sum: 0, Workers: 4
[1569.660s][debug][gc,phases      ] GC(51)     Total                          Min: 0, Avg: 2179.8, Max: 3520, Diff: 3520, Sum: 8719, Workers: 4
[1569.660s][debug][gc,phases      ] GC(51)   JNI Weak                       Min:  0.0, Avg:  0.0, Max:  0.0, Diff:  0.0, Sum:  0.0, Workers: 4
[1569.660s][debug][gc,phases      ] GC(51)     Dead                           Min: 0, Avg:  0.0, Max: 0, Diff: 0, Sum: 0, Workers: 4
[1569.660s][debug][gc,phases      ] GC(51)     Total                          Min: 0, Avg: 11.2, Max: 45, Diff: 45, Sum: 45, Workers: 4
[1569.660s][debug][gc,phases      ] GC(51)   StringDedup Table Weak         Min:  0.0, Avg:  0.0, Max:  0.0, Diff:  0.0, Sum:  0.0, Workers: 4
[1569.660s][debug][gc,phases      ] GC(51)     Dead                           Min: 0, Avg:  0.0, Max: 0, Diff: 0, Sum: 0, Workers: 4
[1569.660s][debug][gc,phases      ] GC(51)     Total                          Min: 0, Avg:  0.0, Max: 0, Diff: 0, Sum: 0, Workers: 4
[1569.660s][debug][gc,phases      ] GC(51)   StringDedup Requests0 Weak     Min:  0.0, Avg:  0.0, Max:  0.0, Diff:  0.0, Sum:  0.0, Workers: 4
[1569.660s][debug][gc,phases      ] GC(51)     Dead                           Min: 0, Avg:  0.0, Max: 0, Diff: 0, Sum: 0, Workers: 4
[1569.660s][debug][gc,phases      ] GC(51)     Total                          Min: 0, Avg:  0.0, Max: 0, Diff: 0, Sum: 0, Workers: 4
[1569.660s][debug][gc,phases      ] GC(51)   StringDedup Requests1 Weak     Min:  0.0, Avg:  0.0, Max:  0.0, Diff:  0.0, Sum:  0.0, Workers: 4
[1569.660s][debug][gc,phases      ] GC(51)     Dead                           Min: 0, Avg:  0.0, Max: 0, Diff: 0, Sum: 0, Workers: 4
[1569.660s][debug][gc,phases      ] GC(51)     Total                          Min: 0, Avg:  0.0, Max: 0, Diff: 0, Sum: 0, Workers: 4
[1569.660s][debug][gc,phases      ] GC(51)   Weak JFR Old Object Samples    Min:  0.0, Avg:  0.0, Max:  0.0, Diff:  0.0, Sum:  0.0, Workers: 4
[1569.660s][debug][gc,phases      ] GC(51)     Dead                           Min: 0, Avg:  0.0, Max: 0, Diff: 0, Sum: 0, Workers: 4
[1569.660s][debug][gc,phases      ] GC(51)     Total                          Min: 0, Avg:  0.0, Max: 0, Diff: 0, Sum: 0, Workers: 4
[1569.660s][debug][gc,phases      ] GC(51) Weak Processing 0.326ms
[1569.660s][debug][gc,age         ] GC(51) Desired survivor size 134742016 bytes, new threshold 15 (max threshold 15)
[1569.660s][info ][gc,heap        ] GC(51) PSYoungGen: 1782880K(1932288K)->3744K(1965568K) Eden: 1779200K(1779200K)->0K(1823232K) From: 3680K(153088K)->3744K(142336K)
[1569.660s][info ][gc,heap        ] GC(51) ParOldGen: 447830K(619520K)->447894K(619520K)
[1569.660s][info ][gc,metaspace   ] GC(51) Metaspace: 79616K(80576K)->79616K(80576K) NonClass: 68311K(68800K)->68311K(68800K) Class: 11305K(11776K)->11305K(11776K)
[1569.660s][info ][gc             ] GC(51) Pause Young (Allocation Failure) 2178M->441M(2524M) 5.689ms
[1569.660s][info ][gc,cpu         ] GC(51) User=0.01s Sys=0.01s Real=0.01s
[1569.660s][info ][safepoint      ] Safepoint "ParallelGCFailedAllocation", Time since last: 7073669913 ns, Reaching safepoint: 30401 ns, At safepoint: 5770781 ns, Total: 5801182 ns
[1581.661s][info ][safepoint      ] Safepoint "Cleanup", Time since last: 12000824336 ns, Reaching safepoint: 49602 ns, At safepoint: 4300 ns, Total: 53902 ns
[1587.661s][info ][safepoint      ] Safepoint "Cleanup", Time since last: 6000475198 ns, Reaching safepoint: 79903 ns, At safepoint: 3500 ns, Total: 83403 ns
[1633.274s][info ][gc,start       ] GC(52) Pause Young (Allocation Failure)
[1633.276s][debug][gc,phases      ] GC(52) Scavenge 2.513ms
[1633.276s][debug][gc,ref         ] GC(52) Skipped phase 1 of Reference Processing: no references
[1633.277s][debug][gc,ref         ] GC(52) ReferenceProcessor::execute queues: 1, RefProcThreadModel::Single, marks_oops_alive: false
[1633.277s][debug][gc,ref         ] GC(52) Skipped phase 3 of Reference Processing: no references
[1633.277s][debug][gc,ref         ] GC(52) ReferenceProcessor::execute queues: 1, RefProcThreadModel::Single, marks_oops_alive: false
[1633.277s][debug][gc,phases      ] GC(52) Reference Processing 0.142ms
[1633.277s][debug][gc,phases      ] GC(52)   VM Weak                        Min:  0.0, Avg:  0.0, Max:  0.0, Diff:  0.0, Sum:  0.0, Workers: 4
[1633.277s][debug][gc,phases      ] GC(52)     Dead                           Min: 0, Avg:  0.0, Max: 0, Diff: 0, Sum: 0, Workers: 4
[1633.277s][debug][gc,phases      ] GC(52)     Total                          Min: 0, Avg: 196.0, Max: 784, Diff: 784, Sum: 784, Workers: 4
[1633.277s][debug][gc,phases      ] GC(52)   ObjectSynchronizer Weak        Min:  0.0, Avg:  0.0, Max:  0.0, Diff:  0.0, Sum:  0.0, Workers: 4
[1633.277s][debug][gc,phases      ] GC(52)     Dead                           Min: 0, Avg:  0.0, Max: 0, Diff: 0, Sum: 0, Workers: 4
[1633.277s][debug][gc,phases      ] GC(52)     Total                          Min: 0, Avg: 12.0, Max: 48, Diff: 48, Sum: 48, Workers: 4
[1633.277s][debug][gc,phases      ] GC(52)   JVMTI Tag Weak OopStorage      Min:  0.0, Avg:  0.0, Max:  0.0, Diff:  0.0, Sum:  0.0, Workers: 4
[1633.277s][debug][gc,phases      ] GC(52)     Dead                           Min: 0, Avg:  0.0, Max: 0, Diff: 0, Sum: 0, Workers: 4
[1633.277s][debug][gc,phases      ] GC(52)     Total                          Min: 0, Avg:  0.0, Max: 0, Diff: 0, Sum: 0, Workers: 4
[1633.277s][debug][gc,phases      ] GC(52)   StringTable Weak               Min:  0.0, Avg:  0.1, Max:  0.2, Diff:  0.2, Sum:  0.5, Workers: 4
[1633.277s][debug][gc,phases      ] GC(52)     Dead                           Min: 0, Avg:  0.2, Max: 1, Diff: 1, Sum: 1, Workers: 4
[1633.277s][debug][gc,phases      ] GC(52)     Total                          Min: 0, Avg: 10710.5, Max: 24959, Diff: 24959, Sum: 42842, Workers: 4
[1633.277s][debug][gc,phases      ] GC(52)   ResolvedMethodTable Weak       Min:  0.0, Avg:  0.0, Max:  0.0, Diff:  0.0, Sum:  0.1, Workers: 4
[1633.277s][debug][gc,phases      ] GC(52)     Dead                           Min: 0, Avg:  0.0, Max: 0, Diff: 0, Sum: 0, Workers: 4
[1633.277s][debug][gc,phases      ] GC(52)     Total                          Min: 0, Avg: 2180.2, Max: 4049, Diff: 4049, Sum: 8721, Workers: 4
[1633.277s][debug][gc,phases      ] GC(52)   JNI Weak                       Min:  0.0, Avg:  0.0, Max:  0.0, Diff:  0.0, Sum:  0.0, Workers: 4
[1633.277s][debug][gc,phases      ] GC(52)     Dead                           Min: 0, Avg:  0.0, Max: 0, Diff: 0, Sum: 0, Workers: 4
[1633.277s][debug][gc,phases      ] GC(52)     Total                          Min: 0, Avg: 11.2, Max: 45, Diff: 45, Sum: 45, Workers: 4
[1633.277s][debug][gc,phases      ] GC(52)   StringDedup Table Weak         Min:  0.0, Avg:  0.0, Max:  0.0, Diff:  0.0, Sum:  0.0, Workers: 4
[1633.277s][debug][gc,phases      ] GC(52)     Dead                           Min: 0, Avg:  0.0, Max: 0, Diff: 0, Sum: 0, Workers: 4
[1633.277s][debug][gc,phases      ] GC(52)     Total                          Min: 0, Avg:  0.0, Max: 0, Diff: 0, Sum: 0, Workers: 4
[1633.277s][debug][gc,phases      ] GC(52)   StringDedup Requests0 Weak     Min:  0.0, Avg:  0.0, Max:  0.0, Diff:  0.0, Sum:  0.0, Workers: 4
[1633.277s][debug][gc,phases      ] GC(52)     Dead                           Min: 0, Avg:  0.0, Max: 0, Diff: 0, Sum: 0, Workers: 4
[1633.277s][debug][gc,phases      ] GC(52)     Total                          Min: 0, Avg:  0.0, Max: 0, Diff: 0, Sum: 0, Workers: 4
[1633.277s][debug][gc,phases      ] GC(52)   StringDedup Requests1 Weak     Min:  0.0, Avg:  0.0, Max:  0.0, Diff:  0.0, Sum:  0.0, Workers: 4
[1633.277s][debug][gc,phases      ] GC(52)     Dead                           Min: 0, Avg:  0.0, Max: 0, Diff: 0, Sum: 0, Workers: 4
[1633.277s][debug][gc,phases      ] GC(52)     Total                          Min: 0, Avg:  0.0, Max: 0, Diff: 0, Sum: 0, Workers: 4
[1633.277s][debug][gc,phases      ] GC(52)   Weak JFR Old Object Samples    Min:  0.0, Avg:  0.0, Max:  0.0, Diff:  0.0, Sum:  0.0, Workers: 4
[1633.277s][debug][gc,phases      ] GC(52)     Dead                           Min: 0, Avg:  0.0, Max: 0, Diff: 0, Sum: 0, Workers: 4
[1633.277s][debug][gc,phases      ] GC(52)     Total                          Min: 0, Avg:  0.0, Max: 0, Diff: 0, Sum: 0, Workers: 4
[1633.277s][debug][gc,phases      ] GC(52) Weak Processing 0.457ms
[1633.277s][debug][gc,age         ] GC(52) Desired survivor size 125304832 bytes, new threshold 15 (max threshold 15)
[1633.277s][info ][gc,heap        ] GC(52) PSYoungGen: 1826976K(1965568K)->3632K(1954816K) Eden: 1823232K(1823232K)->0K(1823232K) From: 3744K(142336K)->3632K(131584K)
[1633.277s][info ][gc,heap        ] GC(52) ParOldGen: 447894K(619520K)->447926K(619520K)
[1633.277s][info ][gc,metaspace   ] GC(52) Metaspace: 79627K(80576K)->79627K(80576K) NonClass: 68320K(68800K)->68320K(68800K) Class: 11306K(11776K)->11306K(11776K)
[1633.277s][info ][gc             ] GC(52) Pause Young (Allocation Failure) 2221M->440M(2514M) 3.236ms
[1633.277s][info ][gc,cpu         ] GC(52) User=0.01s Sys=0.00s Real=0.00s
[1633.277s][info ][safepoint      ] Safepoint "ParallelGCFailedAllocation", Time since last: 45612320943 ns, Reaching safepoint: 30100 ns, At safepoint: 3348591 ns, Total: 3378691 ns
[1636.277s][info ][safepoint      ] Safepoint "Cleanup", Time since last: 3000225904 ns, Reaching safepoint: 49202 ns, At safepoint: 4800 ns, Total: 54002 ns
[1644.278s][info ][safepoint      ] Safepoint "Cleanup", Time since last: 8000561386 ns, Reaching safepoint: 54701 ns, At safepoint: 6101 ns, Total: 60802 ns
[1654.280s][info ][safepoint      ] Safepoint "Cleanup", Time since last: 10001553116 ns, Reaching safepoint: 57401 ns, At safepoint: 6000 ns, Total: 63401 ns
[1674.281s][info ][safepoint      ] Safepoint "Cleanup", Time since last: 20001357990 ns, Reaching safepoint: 48701 ns, At safepoint: 2800 ns, Total: 51501 ns
[1679.282s][info ][safepoint      ] Safepoint "Cleanup", Time since last: 5000389766 ns, Reaching safepoint: 35701 ns, At safepoint: 8101 ns, Total: 43802 ns
[1696.972s][info ][gc,start       ] GC(53) Pause Young (Allocation Failure)
[1696.975s][debug][gc,phases      ] GC(53) Scavenge 2.863ms
[1696.975s][debug][gc,ref         ] GC(53) Skipped phase 1 of Reference Processing: no references
[1696.975s][debug][gc,ref         ] GC(53) ReferenceProcessor::execute queues: 1, RefProcThreadModel::Single, marks_oops_alive: false
[1696.975s][debug][gc,ref         ] GC(53) Skipped phase 3 of Reference Processing: no references
[1696.975s][debug][gc,ref         ] GC(53) Skipped phase 4 of Reference Processing: no references
[1696.975s][debug][gc,phases      ] GC(53) Reference Processing 0.107ms
[1696.976s][debug][gc,phases      ] GC(53)   VM Weak                        Min:  0.0, Avg:  0.0, Max:  0.0, Diff:  0.0, Sum:  0.0, Workers: 4
[1696.976s][debug][gc,phases      ] GC(53)     Dead                           Min: 0, Avg:  0.0, Max: 0, Diff: 0, Sum: 0, Workers: 4
[1696.976s][debug][gc,phases      ] GC(53)     Total                          Min: 0, Avg: 196.0, Max: 592, Diff: 592, Sum: 784, Workers: 4
[1696.976s][debug][gc,phases      ] GC(53)   ObjectSynchronizer Weak        Min:  0.0, Avg:  0.0, Max:  0.0, Diff:  0.0, Sum:  0.0, Workers: 4
[1696.976s][debug][gc,phases      ] GC(53)     Dead                           Min: 0, Avg:  0.0, Max: 0, Diff: 0, Sum: 0, Workers: 4
[1696.976s][debug][gc,phases      ] GC(53)     Total                          Min: 0, Avg: 12.0, Max: 48, Diff: 48, Sum: 48, Workers: 4
[1696.976s][debug][gc,phases      ] GC(53)   JVMTI Tag Weak OopStorage      Min:  0.0, Avg:  0.0, Max:  0.0, Diff:  0.0, Sum:  0.0, Workers: 4
[1696.976s][debug][gc,phases      ] GC(53)     Dead                           Min: 0, Avg:  0.0, Max: 0, Diff: 0, Sum: 0, Workers: 4
[1696.976s][debug][gc,phases      ] GC(53)     Total                          Min: 0, Avg:  0.0, Max: 0, Diff: 0, Sum: 0, Workers: 4
[1696.976s][debug][gc,phases      ] GC(53)   StringTable Weak               Min:  0.0, Avg:  0.1, Max:  0.1, Diff:  0.1, Sum:  0.4, Workers: 4
[1696.976s][debug][gc,phases      ] GC(53)     Dead                           Min: 0, Avg:  0.0, Max: 0, Diff: 0, Sum: 0, Workers: 4
[1696.976s][debug][gc,phases      ] GC(53)     Total                          Min: 0, Avg: 10711.5, Max: 15646, Diff: 15646, Sum: 42846, Workers: 4
[1696.976s][debug][gc,phases      ] GC(53)   ResolvedMethodTable Weak       Min:  0.0, Avg:  0.0, Max:  0.0, Diff:  0.0, Sum:  0.1, Workers: 4
[1696.976s][debug][gc,phases      ] GC(53)     Dead                           Min: 0, Avg:  0.0, Max: 0, Diff: 0, Sum: 0, Workers: 4
[1696.976s][debug][gc,phases      ] GC(53)     Total                          Min: 0, Avg: 2180.2, Max: 3200, Diff: 3200, Sum: 8721, Workers: 4
[1696.976s][debug][gc,phases      ] GC(53)   JNI Weak                       Min:  0.0, Avg:  0.0, Max:  0.0, Diff:  0.0, Sum:  0.0, Workers: 4
[1696.976s][debug][gc,phases      ] GC(53)     Dead                           Min: 0, Avg:  0.0, Max: 0, Diff: 0, Sum: 0, Workers: 4
[1696.976s][debug][gc,phases      ] GC(53)     Total                          Min: 0, Avg: 11.2, Max: 45, Diff: 45, Sum: 45, Workers: 4
[1696.976s][debug][gc,phases      ] GC(53)   StringDedup Table Weak         Min:  0.0, Avg:  0.0, Max:  0.0, Diff:  0.0, Sum:  0.0, Workers: 4
[1696.976s][debug][gc,phases      ] GC(53)     Dead                           Min: 0, Avg:  0.0, Max: 0, Diff: 0, Sum: 0, Workers: 4
[1696.976s][debug][gc,phases      ] GC(53)     Total                          Min: 0, Avg:  0.0, Max: 0, Diff: 0, Sum: 0, Workers: 4
[1696.976s][debug][gc,phases      ] GC(53)   StringDedup Requests0 Weak     Min:  0.0, Avg:  0.0, Max:  0.0, Diff:  0.0, Sum:  0.0, Workers: 4
[1696.976s][debug][gc,phases      ] GC(53)     Dead                           Min: 0, Avg:  0.0, Max: 0, Diff: 0, Sum: 0, Workers: 4
[1696.976s][debug][gc,phases      ] GC(53)     Total                          Min: 0, Avg:  0.0, Max: 0, Diff: 0, Sum: 0, Workers: 4
[1696.976s][debug][gc,phases      ] GC(53)   StringDedup Requests1 Weak     Min:  0.0, Avg:  0.0, Max:  0.0, Diff:  0.0, Sum:  0.0, Workers: 4
[1696.976s][debug][gc,phases      ] GC(53)     Dead                           Min: 0, Avg:  0.0, Max: 0, Diff: 0, Sum: 0, Workers: 4
[1696.976s][debug][gc,phases      ] GC(53)     Total                          Min: 0, Avg:  0.0, Max: 0, Diff: 0, Sum: 0, Workers: 4
[1696.976s][debug][gc,phases      ] GC(53)   Weak JFR Old Object Samples    Min:  0.0, Avg:  0.0, Max:  0.0, Diff:  0.0, Sum:  0.0, Workers: 4
[1696.976s][debug][gc,phases      ] GC(53)     Dead                           Min: 0, Avg:  0.0, Max: 0, Diff: 0, Sum: 0, Workers: 4
[1696.976s][debug][gc,phases      ] GC(53)     Total                          Min: 0, Avg:  0.0, Max: 0, Diff: 0, Sum: 0, Workers: 4
[1696.976s][debug][gc,phases      ] GC(53) Weak Processing 0.338ms
[1696.976s][debug][gc,age         ] GC(53) Desired survivor size 115867648 bytes, new threshold 15 (max threshold 15)
[1696.976s][info ][gc,heap        ] GC(53) PSYoungGen: 1826864K(1954816K)->3520K(1984000K) Eden: 1823232K(1823232K)->0K(1861632K) From: 3632K(131584K)->3520K(122368K)
[1696.976s][info ][gc,heap        ] GC(53) ParOldGen: 447926K(619520K)->447966K(619520K)
[1696.976s][info ][gc,metaspace   ] GC(53) Metaspace: 79634K(80640K)->79634K(80640K) NonClass: 68328K(68864K)->68328K(68864K) Class: 11306K(11776K)->11306K(11776K)
[1696.976s][info ][gc             ] GC(53) Pause Young (Allocation Failure) 2221M->440M(2542M) 3.437ms
[1696.976s][info ][gc,cpu         ] GC(53) User=0.01s Sys=0.00s Real=0.00s
[1696.976s][info ][safepoint      ] Safepoint "ParallelGCFailedAllocation", Time since last: 17690596517 ns, Reaching safepoint: 105203 ns, At safepoint: 3519587 ns, Total: 3624790 ns
[1721.978s][info ][safepoint      ] Safepoint "Cleanup", Time since last: 25001772138 ns, Reaching safepoint: 40201 ns, At safepoint: 3000 ns, Total: 43201 ns
[1736.979s][info ][safepoint      ] Safepoint "Cleanup", Time since last: 15001050429 ns, Reaching safepoint: 40801 ns, At safepoint: 2700 ns, Total: 43501 ns
[1754.980s][info ][safepoint      ] Safepoint "Cleanup", Time since last: 18001220334 ns, Reaching safepoint: 50201 ns, At safepoint: 31401 ns, Total: 81602 ns
[1756.860s][info ][gc,start       ] GC(54) Pause Young (Allocation Failure)
[1756.863s][debug][gc,phases      ] GC(54) Scavenge 2.712ms
[1756.863s][debug][gc,ref         ] GC(54) Skipped phase 1 of Reference Processing: no references
[1756.863s][debug][gc,ref         ] GC(54) ReferenceProcessor::execute queues: 1, RefProcThreadModel::Single, marks_oops_alive: false
[1756.863s][debug][gc,ref         ] GC(54) Skipped phase 3 of Reference Processing: no references
[1756.863s][debug][gc,ref         ] GC(54) ReferenceProcessor::execute queues: 1, RefProcThreadModel::Single, marks_oops_alive: false
[1756.863s][debug][gc,phases      ] GC(54) Reference Processing 0.108ms
[1756.864s][debug][gc,phases      ] GC(54)   VM Weak                        Min:  0.0, Avg:  0.0, Max:  0.0, Diff:  0.0, Sum:  0.0, Workers: 4
[1756.864s][debug][gc,phases      ] GC(54)     Dead                           Min: 0, Avg:  0.0, Max: 0, Diff: 0, Sum: 0, Workers: 4
[1756.864s][debug][gc,phases      ] GC(54)     Total                          Min: 0, Avg: 196.0, Max: 784, Diff: 784, Sum: 784, Workers: 4
[1756.864s][debug][gc,phases      ] GC(54)   ObjectSynchronizer Weak        Min:  0.0, Avg:  0.0, Max:  0.0, Diff:  0.0, Sum:  0.0, Workers: 4
[1756.864s][debug][gc,phases      ] GC(54)     Dead                           Min: 0, Avg:  0.0, Max: 0, Diff: 0, Sum: 0, Workers: 4
[1756.864s][debug][gc,phases      ] GC(54)     Total                          Min: 0, Avg: 12.0, Max: 48, Diff: 48, Sum: 48, Workers: 4
[1756.864s][debug][gc,phases      ] GC(54)   JVMTI Tag Weak OopStorage      Min:  0.0, Avg:  0.0, Max:  0.0, Diff:  0.0, Sum:  0.0, Workers: 4
[1756.864s][debug][gc,phases      ] GC(54)     Dead                           Min: 0, Avg:  0.0, Max: 0, Diff: 0, Sum: 0, Workers: 4
[1756.864s][debug][gc,phases      ] GC(54)     Total                          Min: 0, Avg:  0.0, Max: 0, Diff: 0, Sum: 0, Workers: 4
[1756.864s][debug][gc,phases      ] GC(54)   StringTable Weak               Min:  0.0, Avg:  0.1, Max:  0.1, Diff:  0.1, Sum:  0.4, Workers: 4
[1756.864s][debug][gc,phases      ] GC(54)     Dead                           Min: 0, Avg:  0.0, Max: 0, Diff: 0, Sum: 0, Workers: 4
[1756.864s][debug][gc,phases      ] GC(54)     Total                          Min: 0, Avg: 10712.2, Max: 16801, Diff: 16801, Sum: 42849, Workers: 4
[1756.864s][debug][gc,phases      ] GC(54)   ResolvedMethodTable Weak       Min:  0.0, Avg:  0.0, Max:  0.0, Diff:  0.0, Sum:  0.1, Workers: 4
[1756.864s][debug][gc,phases      ] GC(54)     Dead                           Min: 0, Avg:  0.0, Max: 0, Diff: 0, Sum: 0, Workers: 4
[1756.864s][debug][gc,phases      ] GC(54)     Total                          Min: 0, Avg: 2180.2, Max: 3264, Diff: 3264, Sum: 8721, Workers: 4
[1756.864s][debug][gc,phases      ] GC(54)   JNI Weak                       Min:  0.0, Avg:  0.0, Max:  0.0, Diff:  0.0, Sum:  0.0, Workers: 4
[1756.864s][debug][gc,phases      ] GC(54)     Dead                           Min: 0, Avg:  0.0, Max: 0, Diff: 0, Sum: 0, Workers: 4
[1756.864s][debug][gc,phases      ] GC(54)     Total                          Min: 0, Avg: 11.2, Max: 45, Diff: 45, Sum: 45, Workers: 4
[1756.864s][debug][gc,phases      ] GC(54)   StringDedup Table Weak         Min:  0.0, Avg:  0.0, Max:  0.0, Diff:  0.0, Sum:  0.0, Workers: 4
[1756.864s][debug][gc,phases      ] GC(54)     Dead                           Min: 0, Avg:  0.0, Max: 0, Diff: 0, Sum: 0, Workers: 4
[1756.864s][debug][gc,phases      ] GC(54)     Total                          Min: 0, Avg:  0.0, Max: 0, Diff: 0, Sum: 0, Workers: 4
[1756.864s][debug][gc,phases      ] GC(54)   StringDedup Requests0 Weak     Min:  0.0, Avg:  0.0, Max:  0.0, Diff:  0.0, Sum:  0.0, Workers: 4
[1756.864s][debug][gc,phases      ] GC(54)     Dead                           Min: 0, Avg:  0.0, Max: 0, Diff: 0, Sum: 0, Workers: 4
[1756.864s][debug][gc,phases      ] GC(54)     Total                          Min: 0, Avg:  0.0, Max: 0, Diff: 0, Sum: 0, Workers: 4
[1756.864s][debug][gc,phases      ] GC(54)   StringDedup Requests1 Weak     Min:  0.0, Avg:  0.0, Max:  0.0, Diff:  0.0, Sum:  0.0, Workers: 4
[1756.864s][debug][gc,phases      ] GC(54)     Dead                           Min: 0, Avg:  0.0, Max: 0, Diff: 0, Sum: 0, Workers: 4
[1756.864s][debug][gc,phases      ] GC(54)     Total                          Min: 0, Avg:  0.0, Max: 0, Diff: 0, Sum: 0, Workers: 4
[1756.864s][debug][gc,phases      ] GC(54)   Weak JFR Old Object Samples    Min:  0.0, Avg:  0.0, Max:  0.0, Diff:  0.0, Sum:  0.0, Workers: 4
[1756.864s][debug][gc,phases      ] GC(54)     Dead                           Min: 0, Avg:  0.0, Max: 0, Diff: 0, Sum: 0, Workers: 4
[1756.864s][debug][gc,phases      ] GC(54)     Total                          Min: 0, Avg:  0.0, Max: 0, Diff: 0, Sum: 0, Workers: 4
[1756.864s][debug][gc,phases      ] GC(54) Weak Processing 0.361ms
[1756.864s][debug][gc,age         ] GC(54) Desired survivor size 107479040 bytes, new threshold 15 (max threshold 15)
[1756.864s][info ][gc,heap        ] GC(54) PSYoungGen: 1865152K(1984000K)->4090K(1974784K) Eden: 1861632K(1861632K)->0K(1861632K) From: 3520K(122368K)->4090K(113152K)
[1756.864s][info ][gc,heap        ] GC(54) ParOldGen: 447966K(619520K)->448030K(619520K)
[1756.864s][info ][gc,metaspace   ] GC(54) Metaspace: 79637K(80640K)->79637K(80640K) NonClass: 68329K(68864K)->68329K(68864K) Class: 11307K(11776K)->11307K(11776K)
[1756.864s][info ][gc             ] GC(54) Pause Young (Allocation Failure) 2258M->441M(2533M) 3.316ms
[1756.864s][info ][gc,cpu         ] GC(54) User=0.02s Sys=0.00s Real=0.00s
[1756.864s][info ][safepoint      ] Safepoint "ParallelGCFailedAllocation", Time since last: 1880364300 ns, Reaching safepoint: 141004 ns, At safepoint: 3394788 ns, Total: 3535792 ns
[1757.864s][info ][safepoint      ] Safepoint "Cleanup", Time since last: 1000084289 ns, Reaching safepoint: 58202 ns, At safepoint: 3000 ns, Total: 61202 ns
[1758.864s][info ][safepoint      ] Safepoint "Cleanup", Time since last: 1000104527 ns, Reaching safepoint: 39301 ns, At safepoint: 4700 ns, Total: 44001 ns
[1760.864s][info ][safepoint      ] Safepoint "Cleanup", Time since last: 2000192419 ns, Reaching safepoint: 61801 ns, At safepoint: 2900 ns, Total: 64701 ns
[1765.865s][info ][safepoint      ] Safepoint "Cleanup", Time since last: 5000402045 ns, Reaching safepoint: 46901 ns, At safepoint: 2600 ns, Total: 49501 ns
[1767.865s][info ][safepoint      ] Safepoint "Cleanup", Time since last: 2000140346 ns, Reaching safepoint: 42801 ns, At safepoint: 3200 ns, Total: 46001 ns
[1800.273s][info ][safepoint      ] Safepoint "Cleanup", Time since last: 32407671138 ns, Reaching safepoint: 49301 ns, At safepoint: 4901 ns, Total: 54202 ns
[1801.273s][info ][safepoint      ] Safepoint "Cleanup", Time since last: 1000121302 ns, Reaching safepoint: 126403 ns, At safepoint: 9400 ns, Total: 135803 ns
[1802.273s][info ][safepoint      ] Safepoint "Cleanup", Time since last: 1000113302 ns, Reaching safepoint: 113403 ns, At safepoint: 10300 ns, Total: 123703 ns
[1817.024s][info ][gc,start       ] GC(55) Pause Young (Allocation Failure)
[1817.037s][debug][gc,phases      ] GC(55) Scavenge 12.904ms
[1817.037s][debug][gc,ref         ] GC(55) Skipped phase 1 of Reference Processing: no references
[1817.037s][debug][gc,ref         ] GC(55) ReferenceProcessor::execute queues: 1, RefProcThreadModel::Single, marks_oops_alive: false
[1817.037s][debug][gc,ref         ] GC(55) Skipped phase 3 of Reference Processing: no references
[1817.037s][debug][gc,ref         ] GC(55) ReferenceProcessor::execute queues: 1, RefProcThreadModel::Single, marks_oops_alive: false
[1817.037s][debug][gc,phases      ] GC(55) Reference Processing 0.117ms
[1817.037s][debug][gc,phases      ] GC(55)   VM Weak                        Min:  0.0, Avg:  0.0, Max:  0.0, Diff:  0.0, Sum:  0.0, Workers: 4
[1817.037s][debug][gc,phases      ] GC(55)     Dead                           Min: 0, Avg:  0.0, Max: 0, Diff: 0, Sum: 0, Workers: 4
[1817.038s][debug][gc,phases      ] GC(55)     Total                          Min: 0, Avg: 196.0, Max: 448, Diff: 448, Sum: 784, Workers: 4
[1817.038s][debug][gc,phases      ] GC(55)   ObjectSynchronizer Weak        Min:  0.0, Avg:  0.0, Max:  0.0, Diff:  0.0, Sum:  0.0, Workers: 4
[1817.038s][debug][gc,phases      ] GC(55)     Dead                           Min: 0, Avg:  0.0, Max: 0, Diff: 0, Sum: 0, Workers: 4
[1817.038s][debug][gc,phases      ] GC(55)     Total                          Min: 0, Avg: 12.0, Max: 48, Diff: 48, Sum: 48, Workers: 4
[1817.038s][debug][gc,phases      ] GC(55)   JVMTI Tag Weak OopStorage      Min:  0.0, Avg:  0.0, Max:  0.0, Diff:  0.0, Sum:  0.0, Workers: 4
[1817.038s][debug][gc,phases      ] GC(55)     Dead                           Min: 0, Avg:  0.0, Max: 0, Diff: 0, Sum: 0, Workers: 4
[1817.038s][debug][gc,phases      ] GC(55)     Total                          Min: 0, Avg:  0.0, Max: 0, Diff: 0, Sum: 0, Workers: 4
[1817.038s][debug][gc,phases      ] GC(55)   StringTable Weak               Min:  0.0, Avg:  0.1, Max:  0.2, Diff:  0.2, Sum:  0.4, Workers: 4
[1817.038s][debug][gc,phases      ] GC(55)     Dead                           Min: 0, Avg:  0.5, Max: 2, Diff: 2, Sum: 2, Workers: 4
[1817.038s][debug][gc,phases      ] GC(55)     Total                          Min: 0, Avg: 10719.0, Max: 21566, Diff: 21566, Sum: 42876, Workers: 4
[1817.038s][debug][gc,phases      ] GC(55)   ResolvedMethodTable Weak       Min:  0.0, Avg:  0.0, Max:  0.0, Diff:  0.0, Sum:  0.1, Workers: 4
[1817.038s][debug][gc,phases      ] GC(55)     Dead                           Min: 0, Avg:  0.0, Max: 0, Diff: 0, Sum: 0, Workers: 4
[1817.038s][debug][gc,phases      ] GC(55)     Total                          Min: 0, Avg: 2186.8, Max: 4523, Diff: 4523, Sum: 8747, Workers: 4
[1817.038s][debug][gc,phases      ] GC(55)   JNI Weak                       Min:  0.0, Avg:  0.0, Max:  0.0, Diff:  0.0, Sum:  0.0, Workers: 4
[1817.038s][debug][gc,phases      ] GC(55)     Dead                           Min: 0, Avg:  0.0, Max: 0, Diff: 0, Sum: 0, Workers: 4
[1817.038s][debug][gc,phases      ] GC(55)     Total                          Min: 0, Avg: 11.2, Max: 45, Diff: 45, Sum: 45, Workers: 4
[1817.038s][debug][gc,phases      ] GC(55)   StringDedup Table Weak         Min:  0.0, Avg:  0.0, Max:  0.0, Diff:  0.0, Sum:  0.0, Workers: 4
[1817.038s][debug][gc,phases      ] GC(55)     Dead                           Min: 0, Avg:  0.0, Max: 0, Diff: 0, Sum: 0, Workers: 4
[1817.038s][debug][gc,phases      ] GC(55)     Total                          Min: 0, Avg:  0.0, Max: 0, Diff: 0, Sum: 0, Workers: 4
[1817.038s][debug][gc,phases      ] GC(55)   StringDedup Requests0 Weak     Min:  0.0, Avg:  0.0, Max:  0.0, Diff:  0.0, Sum:  0.0, Workers: 4
[1817.038s][debug][gc,phases      ] GC(55)     Dead                           Min: 0, Avg:  0.0, Max: 0, Diff: 0, Sum: 0, Workers: 4
[1817.038s][debug][gc,phases      ] GC(55)     Total                          Min: 0, Avg:  0.0, Max: 0, Diff: 0, Sum: 0, Workers: 4
[1817.038s][debug][gc,phases      ] GC(55)   StringDedup Requests1 Weak     Min:  0.0, Avg:  0.0, Max:  0.0, Diff:  0.0, Sum:  0.0, Workers: 4
[1817.038s][debug][gc,phases      ] GC(55)     Dead                           Min: 0, Avg:  0.0, Max: 0, Diff: 0, Sum: 0, Workers: 4
[1817.038s][debug][gc,phases      ] GC(55)     Total                          Min: 0, Avg:  0.0, Max: 0, Diff: 0, Sum: 0, Workers: 4
[1817.038s][debug][gc,phases      ] GC(55)   Weak JFR Old Object Samples    Min:  0.0, Avg:  0.0, Max:  0.0, Diff:  0.0, Sum:  0.0, Workers: 4
[1817.038s][debug][gc,phases      ] GC(55)     Dead                           Min: 0, Avg:  0.0, Max: 0, Diff: 0, Sum: 0, Workers: 4
[1817.038s][debug][gc,phases      ] GC(55)     Total                          Min: 0, Avg:  0.0, Max: 0, Diff: 0, Sum: 0, Workers: 4
[1817.038s][debug][gc,phases      ] GC(55) Weak Processing 0.479ms
[1817.038s][debug][gc,age         ] GC(55) Desired survivor size 99090432 bytes, new threshold 15 (max threshold 15)
[1817.038s][info ][gc,heap        ] GC(55) PSYoungGen: 1865722K(1974784K)->3760K(2000384K) Eden: 1861632K(1861632K)->0K(1895424K) From: 4090K(113152K)->3760K(104960K)
[1817.038s][info ][gc,heap        ] GC(55) ParOldGen: 448030K(619520K)->448070K(619520K)
[1817.038s][info ][gc,metaspace   ] GC(55) Metaspace: 79713K(80640K)->79713K(80640K) NonClass: 68391K(68864K)->68391K(68864K) Class: 11322K(11776K)->11322K(11776K)
[1817.038s][info ][gc             ] GC(55) Pause Young (Allocation Failure) 2259M->441M(2558M) 13.662ms
[1817.038s][info ][gc,cpu         ] GC(55) User=0.01s Sys=0.00s Real=0.01s
[1817.038s][info ][safepoint      ] Safepoint "ParallelGCFailedAllocation", Time since last: 14750690671 ns, Reaching safepoint: 72702 ns, At safepoint: 13767432 ns, Total: 13840134 ns
[1818.038s][info ][safepoint      ] Safepoint "Cleanup", Time since last: 1000086206 ns, Reaching safepoint: 43901 ns, At safepoint: 2800 ns, Total: 46701 ns
[1820.038s][info ][safepoint      ] Safepoint "Cleanup", Time since last: 2000171513 ns, Reaching safepoint: 53402 ns, At safepoint: 3700 ns, Total: 57102 ns
[1821.038s][info ][safepoint      ] Safepoint "Cleanup", Time since last: 1000108007 ns, Reaching safepoint: 54501 ns, At safepoint: 5300 ns, Total: 59801 ns
[1826.039s][info ][safepoint      ] Safepoint "Cleanup", Time since last: 5000340806 ns, Reaching safepoint: 59401 ns, At safepoint: 4100 ns, Total: 63501 ns
[1827.039s][info ][safepoint      ] Safepoint "Cleanup", Time since last: 1000126481 ns, Reaching safepoint: 77802 ns, At safepoint: 7000 ns, Total: 84802 ns
[1828.039s][info ][safepoint      ] Safepoint "Cleanup", Time since last: 1000375788 ns, Reaching safepoint: 42601 ns, At safepoint: 3000 ns, Total: 45601 ns
[1830.040s][info ][safepoint      ] Safepoint "Cleanup", Time since last: 2000152859 ns, Reaching safepoint: 62202 ns, At safepoint: 2800 ns, Total: 65002 ns
[1836.040s][info ][safepoint      ] Safepoint "Cleanup", Time since last: 6000414684 ns, Reaching safepoint: 52601 ns, At safepoint: 2600 ns, Total: 55201 ns
[1848.041s][info ][safepoint      ] Safepoint "Cleanup", Time since last: 12000880448 ns, Reaching safepoint: 68401 ns, At safepoint: 5800 ns, Total: 74201 ns
[1876.043s][info ][safepoint      ] Safepoint "Cleanup", Time since last: 28002059650 ns, Reaching safepoint: 54401 ns, At safepoint: 5601 ns, Total: 60002 ns
[1878.043s][info ][safepoint      ] Safepoint "Cleanup", Time since last: 2000193971 ns, Reaching safepoint: 120603 ns, At safepoint: 6900 ns, Total: 127503 ns
[1885.824s][info ][gc,start       ] GC(56) Pause Young (Allocation Failure)
[1885.828s][debug][gc,phases      ] GC(56) Scavenge 3.732ms
[1885.828s][debug][gc,ref         ] GC(56) Skipped phase 1 of Reference Processing: no references
[1885.828s][debug][gc,ref         ] GC(56) ReferenceProcessor::execute queues: 1, RefProcThreadModel::Single, marks_oops_alive: false
[1885.828s][debug][gc,ref         ] GC(56) Skipped phase 3 of Reference Processing: no references
[1885.828s][debug][gc,ref         ] GC(56) ReferenceProcessor::execute queues: 1, RefProcThreadModel::Single, marks_oops_alive: false
[1885.828s][debug][gc,phases      ] GC(56) Reference Processing 0.106ms
[1885.829s][debug][gc,phases      ] GC(56)   VM Weak                        Min:  0.0, Avg:  0.0, Max:  0.0, Diff:  0.0, Sum:  0.0, Workers: 4
[1885.829s][debug][gc,phases      ] GC(56)     Dead                           Min: 0, Avg:  0.0, Max: 0, Diff: 0, Sum: 0, Workers: 4
[1885.829s][debug][gc,phases      ] GC(56)     Total                          Min: 0, Avg: 196.0, Max: 400, Diff: 400, Sum: 784, Workers: 4
[1885.829s][debug][gc,phases      ] GC(56)   ObjectSynchronizer Weak        Min:  0.0, Avg:  0.0, Max:  0.0, Diff:  0.0, Sum:  0.0, Workers: 4
[1885.829s][debug][gc,phases      ] GC(56)     Dead                           Min: 0, Avg:  0.0, Max: 0, Diff: 0, Sum: 0, Workers: 4
[1885.829s][debug][gc,phases      ] GC(56)     Total                          Min: 0, Avg: 12.0, Max: 48, Diff: 48, Sum: 48, Workers: 4
[1885.829s][debug][gc,phases      ] GC(56)   JVMTI Tag Weak OopStorage      Min:  0.0, Avg:  0.0, Max:  0.0, Diff:  0.0, Sum:  0.0, Workers: 4
[1885.829s][debug][gc,phases      ] GC(56)     Dead                           Min: 0, Avg:  0.0, Max: 0, Diff: 0, Sum: 0, Workers: 4
[1885.829s][debug][gc,phases      ] GC(56)     Total                          Min: 0, Avg:  0.0, Max: 0, Diff: 0, Sum: 0, Workers: 4
[1885.829s][debug][gc,phases      ] GC(56)   StringTable Weak               Min:  0.0, Avg:  0.1, Max:  0.1, Diff:  0.1, Sum:  0.4, Workers: 4
[1885.829s][debug][gc,phases      ] GC(56)     Dead                           Min: 0, Avg:  0.0, Max: 0, Diff: 0, Sum: 0, Workers: 4
[1885.829s][debug][gc,phases      ] GC(56)     Total                          Min: 0, Avg: 10721.5, Max: 14592, Diff: 14592, Sum: 42886, Workers: 4
[1885.829s][debug][gc,phases      ] GC(56)   ResolvedMethodTable Weak       Min:  0.0, Avg:  0.0, Max:  0.0, Diff:  0.0, Sum:  0.1, Workers: 4
[1885.829s][debug][gc,phases      ] GC(56)     Dead                           Min: 0, Avg:  0.0, Max: 0, Diff: 0, Sum: 0, Workers: 4
[1885.829s][debug][gc,phases      ] GC(56)     Total                          Min: 0, Avg: 2186.8, Max: 2987, Diff: 2987, Sum: 8747, Workers: 4
[1885.829s][debug][gc,phases      ] GC(56)   JNI Weak                       Min:  0.0, Avg:  0.0, Max:  0.0, Diff:  0.0, Sum:  0.0, Workers: 4
[1885.829s][debug][gc,phases      ] GC(56)     Dead                           Min: 0, Avg:  0.0, Max: 0, Diff: 0, Sum: 0, Workers: 4
[1885.829s][debug][gc,phases      ] GC(56)     Total                          Min: 0, Avg: 11.2, Max: 45, Diff: 45, Sum: 45, Workers: 4
[1885.829s][debug][gc,phases      ] GC(56)   StringDedup Table Weak         Min:  0.0, Avg:  0.0, Max:  0.0, Diff:  0.0, Sum:  0.0, Workers: 4
[1885.829s][debug][gc,phases      ] GC(56)     Dead                           Min: 0, Avg:  0.0, Max: 0, Diff: 0, Sum: 0, Workers: 4
[1885.829s][debug][gc,phases      ] GC(56)     Total                          Min: 0, Avg:  0.0, Max: 0, Diff: 0, Sum: 0, Workers: 4
[1885.829s][debug][gc,phases      ] GC(56)   StringDedup Requests0 Weak     Min:  0.0, Avg:  0.0, Max:  0.0, Diff:  0.0, Sum:  0.0, Workers: 4
[1885.829s][debug][gc,phases      ] GC(56)     Dead                           Min: 0, Avg:  0.0, Max: 0, Diff: 0, Sum: 0, Workers: 4
[1885.829s][debug][gc,phases      ] GC(56)     Total                          Min: 0, Avg:  0.0, Max: 0, Diff: 0, Sum: 0, Workers: 4
[1885.829s][debug][gc,phases      ] GC(56)   StringDedup Requests1 Weak     Min:  0.0, Avg:  0.0, Max:  0.0, Diff:  0.0, Sum:  0.0, Workers: 4
[1885.829s][debug][gc,phases      ] GC(56)     Dead                           Min: 0, Avg:  0.0, Max: 0, Diff: 0, Sum: 0, Workers: 4
[1885.829s][debug][gc,phases      ] GC(56)     Total                          Min: 0, Avg:  0.0, Max: 0, Diff: 0, Sum: 0, Workers: 4
[1885.829s][debug][gc,phases      ] GC(56)   Weak JFR Old Object Samples    Min:  0.0, Avg:  0.0, Max:  0.0, Diff:  0.0, Sum:  0.0, Workers: 4
[1885.829s][debug][gc,phases      ] GC(56)     Dead                           Min: 0, Avg:  0.0, Max: 0, Diff: 0, Sum: 0, Workers: 4
[1885.829s][debug][gc,phases      ] GC(56)     Total                          Min: 0, Avg:  0.0, Max: 0, Diff: 0, Sum: 0, Workers: 4
[1885.829s][debug][gc,phases      ] GC(56) Weak Processing 0.334ms
[1885.829s][debug][gc,age         ] GC(56) Desired survivor size 91750400 bytes, new threshold 15 (max threshold 15)
[1885.829s][info ][gc,heap        ] GC(56) PSYoungGen: 1899184K(2000384K)->3536K(1992192K) Eden: 1895424K(1895424K)->0K(1895424K) From: 3760K(104960K)->3536K(96768K)
[1885.829s][info ][gc,heap        ] GC(56) ParOldGen: 448070K(619520K)->448126K(619520K)
[1885.829s][info ][gc,metaspace   ] GC(56) Metaspace: 79721K(80704K)->79721K(80704K) NonClass: 68398K(68928K)->68398K(68928K) Class: 11322K(11776K)->11322K(11776K)
[1885.829s][info ][gc             ] GC(56) Pause Young (Allocation Failure) 2292M->441M(2550M) 4.305ms
[1885.829s][info ][gc,cpu         ] GC(56) User=0.01s Sys=0.00s Real=0.00s
[1885.829s][info ][safepoint      ] Safepoint "ParallelGCFailedAllocation", Time since last: 7780881414 ns, Reaching safepoint: 37401 ns, At safepoint: 4376203 ns, Total: 4413604 ns
[1903.830s][info ][safepoint      ] Safepoint "Cleanup", Time since last: 18001301175 ns, Reaching safepoint: 43601 ns, At safepoint: 29701 ns, Total: 73302 ns
[1936.834s][info ][safepoint      ] Safepoint "Cleanup", Time since last: 33003799484 ns, Reaching safepoint: 45501 ns, At safepoint: 4201 ns, Total: 49702 ns
[1938.834s][info ][safepoint      ] Safepoint "Cleanup", Time since last: 2000190058 ns, Reaching safepoint: 188605 ns, At safepoint: 12400 ns, Total: 201005 ns
[1945.835s][info ][safepoint      ] Safepoint "Cleanup", Time since last: 7000530524 ns, Reaching safepoint: 43601 ns, At safepoint: 34901 ns, Total: 78502 ns
[1952.722s][info ][gc,start       ] GC(57) Pause Young (Allocation Failure)
[1952.726s][debug][gc,phases      ] GC(57) Scavenge 3.901ms
[1952.726s][debug][gc,ref         ] GC(57) Skipped phase 1 of Reference Processing: no references
[1952.726s][debug][gc,ref         ] GC(57) ReferenceProcessor::execute queues: 1, RefProcThreadModel::Single, marks_oops_alive: false
[1952.726s][debug][gc,ref         ] GC(57) Skipped phase 3 of Reference Processing: no references
[1952.726s][debug][gc,ref         ] GC(57) ReferenceProcessor::execute queues: 1, RefProcThreadModel::Single, marks_oops_alive: false
[1952.726s][debug][gc,phases      ] GC(57) Reference Processing 0.110ms
[1952.726s][debug][gc,phases      ] GC(57)   VM Weak                        Min:  0.0, Avg:  0.0, Max:  0.0, Diff:  0.0, Sum:  0.0, Workers: 4
[1952.726s][debug][gc,phases      ] GC(57)     Dead                           Min: 0, Avg:  0.0, Max: 0, Diff: 0, Sum: 0, Workers: 4
[1952.726s][debug][gc,phases      ] GC(57)     Total                          Min: 0, Avg: 196.0, Max: 704, Diff: 704, Sum: 784, Workers: 4
[1952.726s][debug][gc,phases      ] GC(57)   ObjectSynchronizer Weak        Min:  0.0, Avg:  0.0, Max:  0.0, Diff:  0.0, Sum:  0.0, Workers: 4
[1952.726s][debug][gc,phases      ] GC(57)     Dead                           Min: 0, Avg:  0.0, Max: 0, Diff: 0, Sum: 0, Workers: 4
[1952.726s][debug][gc,phases      ] GC(57)     Total                          Min: 0, Avg: 12.0, Max: 48, Diff: 48, Sum: 48, Workers: 4
[1952.726s][debug][gc,phases      ] GC(57)   JVMTI Tag Weak OopStorage      Min:  0.0, Avg:  0.0, Max:  0.0, Diff:  0.0, Sum:  0.0, Workers: 4
[1952.726s][debug][gc,phases      ] GC(57)     Dead                           Min: 0, Avg:  0.0, Max: 0, Diff: 0, Sum: 0, Workers: 4
[1952.726s][debug][gc,phases      ] GC(57)     Total                          Min: 0, Avg:  0.0, Max: 0, Diff: 0, Sum: 0, Workers: 4
[1952.726s][debug][gc,phases      ] GC(57)   StringTable Weak               Min:  0.0, Avg:  0.1, Max:  0.1, Diff:  0.1, Sum:  0.3, Workers: 4
[1952.726s][debug][gc,phases      ] GC(57)     Dead                           Min: 0, Avg:  0.0, Max: 0, Diff: 0, Sum: 0, Workers: 4
[1952.726s][debug][gc,phases      ] GC(57)     Total                          Min: 0, Avg: 10721.5, Max: 15168, Diff: 15168, Sum: 42886, Workers: 4
[1952.726s][debug][gc,phases      ] GC(57)   ResolvedMethodTable Weak       Min:  0.0, Avg:  0.0, Max:  0.0, Diff:  0.0, Sum:  0.1, Workers: 4
[1952.726s][debug][gc,phases      ] GC(57)     Dead                           Min: 0, Avg:  0.0, Max: 0, Diff: 0, Sum: 0, Workers: 4
[1952.726s][debug][gc,phases      ] GC(57)     Total                          Min: 0, Avg: 2186.8, Max: 3200, Diff: 3200, Sum: 8747, Workers: 4
[1952.726s][debug][gc,phases      ] GC(57)   JNI Weak                       Min:  0.0, Avg:  0.0, Max:  0.0, Diff:  0.0, Sum:  0.0, Workers: 4
[1952.726s][debug][gc,phases      ] GC(57)     Dead                           Min: 0, Avg:  0.0, Max: 0, Diff: 0, Sum: 0, Workers: 4
[1952.726s][debug][gc,phases      ] GC(57)     Total                          Min: 0, Avg: 11.2, Max: 45, Diff: 45, Sum: 45, Workers: 4
[1952.726s][debug][gc,phases      ] GC(57)   StringDedup Table Weak         Min:  0.0, Avg:  0.0, Max:  0.0, Diff:  0.0, Sum:  0.0, Workers: 4
[1952.726s][debug][gc,phases      ] GC(57)     Dead                           Min: 0, Avg:  0.0, Max: 0, Diff: 0, Sum: 0, Workers: 4
[1952.726s][debug][gc,phases      ] GC(57)     Total                          Min: 0, Avg:  0.0, Max: 0, Diff: 0, Sum: 0, Workers: 4
[1952.726s][debug][gc,phases      ] GC(57)   StringDedup Requests0 Weak     Min:  0.0, Avg:  0.0, Max:  0.0, Diff:  0.0, Sum:  0.0, Workers: 4
[1952.727s][debug][gc,phases      ] GC(57)     Dead                           Min: 0, Avg:  0.0, Max: 0, Diff: 0, Sum: 0, Workers: 4
[1952.727s][debug][gc,phases      ] GC(57)     Total                          Min: 0, Avg:  0.0, Max: 0, Diff: 0, Sum: 0, Workers: 4
[1952.727s][debug][gc,phases      ] GC(57)   StringDedup Requests1 Weak     Min:  0.0, Avg:  0.0, Max:  0.0, Diff:  0.0, Sum:  0.0, Workers: 4
[1952.727s][debug][gc,phases      ] GC(57)     Dead                           Min: 0, Avg:  0.0, Max: 0, Diff: 0, Sum: 0, Workers: 4
[1952.727s][debug][gc,phases      ] GC(57)     Total                          Min: 0, Avg:  0.0, Max: 0, Diff: 0, Sum: 0, Workers: 4
[1952.727s][debug][gc,phases      ] GC(57)   Weak JFR Old Object Samples    Min:  0.0, Avg:  0.0, Max:  0.0, Diff:  0.0, Sum:  0.0, Workers: 4
[1952.727s][debug][gc,phases      ] GC(57)     Dead                           Min: 0, Avg:  0.0, Max: 0, Diff: 0, Sum: 0, Workers: 4
[1952.727s][debug][gc,phases      ] GC(57)     Total                          Min: 0, Avg:  0.0, Max: 0, Diff: 0, Sum: 0, Workers: 4
[1952.727s][debug][gc,phases      ] GC(57) Weak Processing 0.355ms
[1952.727s][debug][gc,age         ] GC(57) Desired survivor size 84934656 bytes, new threshold 15 (max threshold 15)
[1952.727s][info ][gc,heap        ] GC(57) PSYoungGen: 1898960K(1992192K)->4112K(2014208K) Eden: 1895424K(1895424K)->0K(1924608K) From: 3536K(96768K)->4112K(89600K)
[1952.727s][info ][gc,heap        ] GC(57) ParOldGen: 448126K(619520K)->448166K(619520K)
[1952.727s][info ][gc,metaspace   ] GC(57) Metaspace: 79724K(80704K)->79724K(80704K) NonClass: 68402K(68928K)->68402K(68928K) Class: 11322K(11776K)->11322K(11776K)
[1952.727s][info ][gc             ] GC(57) Pause Young (Allocation Failure) 2292M->441M(2572M) 4.528ms
[1952.727s][info ][gc,cpu         ] GC(57) User=0.02s Sys=0.00s Real=0.00s
[1952.727s][info ][safepoint      ] Safepoint "ParallelGCFailedAllocation", Time since last: 6886926916 ns, Reaching safepoint: 129203 ns, At safepoint: 4627003 ns, Total: 4756206 ns
[1957.731s][info ][safepoint      ] Safepoint "Cleanup", Time since last: 5000332591 ns, Reaching safepoint: 4257600 ns, At safepoint: 6900 ns, Total: 4264500 ns
[1961.732s][info ][safepoint      ] Safepoint "Cleanup", Time since last: 4000287938 ns, Reaching safepoint: 50201 ns, At safepoint: 4000 ns, Total: 54201 ns
[1976.733s][info ][safepoint      ] Safepoint "Cleanup", Time since last: 15001025260 ns, Reaching safepoint: 45901 ns, At safepoint: 2500 ns, Total: 48401 ns
[1977.733s][info ][safepoint      ] Safepoint "Cleanup", Time since last: 1000116923 ns, Reaching safepoint: 44701 ns, At safepoint: 2600 ns, Total: 47301 ns
[1981.733s][info ][safepoint      ] Safepoint "Cleanup", Time since last: 4000315189 ns, Reaching safepoint: 50801 ns, At safepoint: 4101 ns, Total: 54902 ns
[1982.733s][info ][safepoint      ] Safepoint "Cleanup", Time since last: 1000116197 ns, Reaching safepoint: 45701 ns, At safepoint: 2800 ns, Total: 48501 ns
[1993.734s][info ][safepoint      ] Safepoint "Cleanup", Time since last: 11000745225 ns, Reaching safepoint: 59902 ns, At safepoint: 3600 ns, Total: 63502 ns
[1998.735s][info ][safepoint      ] Safepoint "Cleanup", Time since last: 5000381024 ns, Reaching safepoint: 47201 ns, At safepoint: 2600 ns, Total: 49801 ns
[2000.735s][info ][safepoint      ] Safepoint "Cleanup", Time since last: 2000207303 ns, Reaching safepoint: 48401 ns, At safepoint: 3000 ns, Total: 51401 ns
[2014.572s][info ][gc,start       ] GC(58) Pause Young (Allocation Failure)
[2014.576s][debug][gc,phases      ] GC(58) Scavenge 3.931ms
[2014.576s][debug][gc,ref         ] GC(58) Skipped phase 1 of Reference Processing: no references
[2014.576s][debug][gc,ref         ] GC(58) ReferenceProcessor::execute queues: 1, RefProcThreadModel::Single, marks_oops_alive: false
[2014.576s][debug][gc,ref         ] GC(58) Skipped phase 3 of Reference Processing: no references
[2014.576s][debug][gc,ref         ] GC(58) ReferenceProcessor::execute queues: 1, RefProcThreadModel::Single, marks_oops_alive: false
[2014.576s][debug][gc,phases      ] GC(58) Reference Processing 0.111ms
[2014.577s][debug][gc,phases      ] GC(58)   VM Weak                        Min:  0.0, Avg:  0.0, Max:  0.0, Diff:  0.0, Sum:  0.0, Workers: 4
[2014.577s][debug][gc,phases      ] GC(58)     Dead                           Min: 0, Avg:  0.0, Max: 0, Diff: 0, Sum: 0, Workers: 4
[2014.577s][debug][gc,phases      ] GC(58)     Total                          Min: 0, Avg: 196.0, Max: 320, Diff: 320, Sum: 784, Workers: 4
[2014.577s][debug][gc,phases      ] GC(58)   ObjectSynchronizer Weak        Min:  0.0, Avg:  0.0, Max:  0.0, Diff:  0.0, Sum:  0.0, Workers: 4
[2014.577s][debug][gc,phases      ] GC(58)     Dead                           Min: 0, Avg:  0.0, Max: 0, Diff: 0, Sum: 0, Workers: 4
[2014.577s][debug][gc,phases      ] GC(58)     Total                          Min: 0, Avg: 12.0, Max: 48, Diff: 48, Sum: 48, Workers: 4
[2014.577s][debug][gc,phases      ] GC(58)   JVMTI Tag Weak OopStorage      Min:  0.0, Avg:  0.0, Max:  0.0, Diff:  0.0, Sum:  0.0, Workers: 4
[2014.577s][debug][gc,phases      ] GC(58)     Dead                           Min: 0, Avg:  0.0, Max: 0, Diff: 0, Sum: 0, Workers: 4
[2014.577s][debug][gc,phases      ] GC(58)     Total                          Min: 0, Avg:  0.0, Max: 0, Diff: 0, Sum: 0, Workers: 4
[2014.577s][debug][gc,phases      ] GC(58)   StringTable Weak               Min:  0.1, Avg:  0.1, Max:  0.1, Diff:  0.0, Sum:  0.4, Workers: 4
[2014.577s][debug][gc,phases      ] GC(58)     Dead                           Min: 0, Avg:  0.0, Max: 0, Diff: 0, Sum: 0, Workers: 4
[2014.577s][debug][gc,phases      ] GC(58)     Total                          Min: 9536, Avg: 10721.8, Max: 11783, Diff: 2247, Sum: 42887, Workers: 4
[2014.577s][debug][gc,phases      ] GC(58)   ResolvedMethodTable Weak       Min:  0.0, Avg:  0.0, Max:  0.0, Diff:  0.0, Sum:  0.1, Workers: 4
[2014.577s][debug][gc,phases      ] GC(58)     Dead                           Min: 0, Avg:  0.0, Max: 0, Diff: 0, Sum: 0, Workers: 4
[2014.577s][debug][gc,phases      ] GC(58)     Total                          Min: 2048, Avg: 2186.8, Max: 2347, Diff: 299, Sum: 8747, Workers: 4
[2014.577s][debug][gc,phases      ] GC(58)   JNI Weak                       Min:  0.0, Avg:  0.0, Max:  0.0, Diff:  0.0, Sum:  0.0, Workers: 4
[2014.577s][debug][gc,phases      ] GC(58)     Dead                           Min: 0, Avg:  0.0, Max: 0, Diff: 0, Sum: 0, Workers: 4
[2014.577s][debug][gc,phases      ] GC(58)     Total                          Min: 0, Avg: 11.2, Max: 45, Diff: 45, Sum: 45, Workers: 4
[2014.577s][debug][gc,phases      ] GC(58)   StringDedup Table Weak         Min:  0.0, Avg:  0.0, Max:  0.0, Diff:  0.0, Sum:  0.0, Workers: 4
[2014.577s][debug][gc,phases      ] GC(58)     Dead                           Min: 0, Avg:  0.0, Max: 0, Diff: 0, Sum: 0, Workers: 4
[2014.577s][debug][gc,phases      ] GC(58)     Total                          Min: 0, Avg:  0.0, Max: 0, Diff: 0, Sum: 0, Workers: 4
[2014.577s][debug][gc,phases      ] GC(58)   StringDedup Requests0 Weak     Min:  0.0, Avg:  0.0, Max:  0.0, Diff:  0.0, Sum:  0.0, Workers: 4
[2014.577s][debug][gc,phases      ] GC(58)     Dead                           Min: 0, Avg:  0.0, Max: 0, Diff: 0, Sum: 0, Workers: 4
[2014.577s][debug][gc,phases      ] GC(58)     Total                          Min: 0, Avg:  0.0, Max: 0, Diff: 0, Sum: 0, Workers: 4
[2014.577s][debug][gc,phases      ] GC(58)   StringDedup Requests1 Weak     Min:  0.0, Avg:  0.0, Max:  0.0, Diff:  0.0, Sum:  0.0, Workers: 4
[2014.577s][debug][gc,phases      ] GC(58)     Dead                           Min: 0, Avg:  0.0, Max: 0, Diff: 0, Sum: 0, Workers: 4
[2014.577s][debug][gc,phases      ] GC(58)     Total                          Min: 0, Avg:  0.0, Max: 0, Diff: 0, Sum: 0, Workers: 4
[2014.577s][debug][gc,phases      ] GC(58)   Weak JFR Old Object Samples    Min:  0.0, Avg:  0.0, Max:  0.0, Diff:  0.0, Sum:  0.0, Workers: 4
[2014.577s][debug][gc,phases      ] GC(58)     Dead                           Min: 0, Avg:  0.0, Max: 0, Diff: 0, Sum: 0, Workers: 4
[2014.577s][debug][gc,phases      ] GC(58)     Total                          Min: 0, Avg:  0.0, Max: 0, Diff: 0, Sum: 0, Workers: 4
[2014.577s][debug][gc,phases      ] GC(58) Weak Processing 0.309ms
[2014.577s][debug][gc,age         ] GC(58) Desired survivor size 78643200 bytes, new threshold 15 (max threshold 15)
[2014.577s][info ][gc,heap        ] GC(58) PSYoungGen: 1928720K(2014208K)->3952K(2007552K) Eden: 1924608K(1924608K)->0K(1924608K) From: 4112K(89600K)->3952K(82944K)
[2014.577s][info ][gc,heap        ] GC(58) ParOldGen: 448166K(619520K)->448334K(619520K)
[2014.577s][info ][gc,metaspace   ] GC(58) Metaspace: 79727K(80704K)->79727K(80704K) NonClass: 68405K(68928K)->68405K(68928K) Class: 11322K(11776K)->11322K(11776K)
[2014.577s][info ][gc             ] GC(58) Pause Young (Allocation Failure) 2321M->441M(2565M) 4.511ms
[2014.577s][info ][gc,cpu         ] GC(58) User=0.02s Sys=0.00s Real=0.00s
[2014.577s][info ][safepoint      ] Safepoint "ParallelGCFailedAllocation", Time since last: 13837267684 ns, Reaching safepoint: 104203 ns, At safepoint: 4593999 ns, Total: 4698202 ns
[2025.578s][info ][safepoint      ] Safepoint "Cleanup", Time since last: 11000820141 ns, Reaching safepoint: 55601 ns, At safepoint: 2501 ns, Total: 58102 ns
[2038.579s][info ][safepoint      ] Safepoint "Cleanup", Time since last: 13000885492 ns, Reaching safepoint: 91402 ns, At safepoint: 2900 ns, Total: 94302 ns
[2041.769s][info ][safepoint      ] Safepoint "Cleanup", Time since last: 3190102158 ns, Reaching safepoint: 132503 ns, At safepoint: 10100 ns, Total: 142603 ns
[2042.769s][info ][safepoint      ] Safepoint "Cleanup", Time since last: 1000117185 ns, Reaching safepoint: 88902 ns, At safepoint: 2500 ns, Total: 91402 ns
[2044.490s][info ][safepoint      ] Safepoint "ICBufferFull", Time since last: 1721019936 ns, Reaching safepoint: 239505 ns, At safepoint: 14701 ns, Total: 254206 ns
[2045.491s][info ][safepoint      ] Safepoint "Cleanup", Time since last: 1000145285 ns, Reaching safepoint: 179204 ns, At safepoint: 19401 ns, Total: 198605 ns
[2046.491s][info ][safepoint      ] Safepoint "Cleanup", Time since last: 1000144585 ns, Reaching safepoint: 70001 ns, At safepoint: 3100 ns, Total: 73101 ns
[2047.491s][info ][safepoint      ] Safepoint "Cleanup", Time since last: 1000124382 ns, Reaching safepoint: 63701 ns, At safepoint: 7601 ns, Total: 71302 ns
[2048.491s][info ][safepoint      ] Safepoint "Cleanup", Time since last: 1000125681 ns, Reaching safepoint: 46402 ns, At safepoint: 4800 ns, Total: 51202 ns
[2052.492s][info ][safepoint      ] Safepoint "Cleanup", Time since last: 4000339123 ns, Reaching safepoint: 66202 ns, At safepoint: 9000 ns, Total: 75202 ns
[2053.492s][info ][safepoint      ] Safepoint "Cleanup", Time since last: 1000125082 ns, Reaching safepoint: 71501 ns, At safepoint: 4900 ns, Total: 76401 ns
[2054.492s][info ][safepoint      ] Safepoint "Cleanup", Time since last: 1000117651 ns, Reaching safepoint: 75101 ns, At safepoint: 3400 ns, Total: 78501 ns
[2056.492s][info ][safepoint      ] Safepoint "Cleanup", Time since last: 2000186021 ns, Reaching safepoint: 64102 ns, At safepoint: 3300 ns, Total: 67402 ns
[2059.493s][info ][safepoint      ] Safepoint "Cleanup", Time since last: 3000281231 ns, Reaching safepoint: 168404 ns, At safepoint: 7700 ns, Total: 176104 ns
[2070.494s][info ][safepoint      ] Safepoint "Cleanup", Time since last: 11000852765 ns, Reaching safepoint: 54201 ns, At safepoint: 2900 ns, Total: 57101 ns
[2073.421s][info ][gc,start       ] GC(59) Pause Young (Allocation Failure)
[2073.428s][debug][gc,phases      ] GC(59) Scavenge 6.806ms
[2073.428s][debug][gc,ref         ] GC(59) Skipped phase 1 of Reference Processing: no references
[2073.428s][debug][gc,ref         ] GC(59) ReferenceProcessor::execute queues: 1, RefProcThreadModel::Single, marks_oops_alive: false
[2073.428s][debug][gc,ref         ] GC(59) ReferenceProcessor::execute queues: 4, RefProcThreadModel::Multi, marks_oops_alive: true
[2073.429s][debug][gc,ref         ] GC(59) ReferenceProcessor::execute queues: 1, RefProcThreadModel::Single, marks_oops_alive: false
[2073.429s][debug][gc,phases      ] GC(59) Reference Processing 0.220ms
[2073.429s][debug][gc,phases      ] GC(59)   VM Weak                        Min:  0.0, Avg:  0.0, Max:  0.0, Diff:  0.0, Sum:  0.0, Workers: 4
[2073.429s][debug][gc,phases      ] GC(59)     Dead                           Min: 0, Avg:  0.0, Max: 0, Diff: 0, Sum: 0, Workers: 4
[2073.429s][debug][gc,phases      ] GC(59)     Total                          Min: 0, Avg: 196.2, Max: 401, Diff: 401, Sum: 785, Workers: 4
[2073.429s][debug][gc,phases      ] GC(59)   ObjectSynchronizer Weak        Min:  0.0, Avg:  0.0, Max:  0.0, Diff:  0.0, Sum:  0.0, Workers: 4
[2073.429s][debug][gc,phases      ] GC(59)     Dead                           Min: 0, Avg:  0.0, Max: 0, Diff: 0, Sum: 0, Workers: 4
[2073.429s][debug][gc,phases      ] GC(59)     Total                          Min: 0, Avg: 12.2, Max: 49, Diff: 49, Sum: 49, Workers: 4
[2073.429s][debug][gc,phases      ] GC(59)   JVMTI Tag Weak OopStorage      Min:  0.0, Avg:  0.0, Max:  0.0, Diff:  0.0, Sum:  0.0, Workers: 4
[2073.429s][debug][gc,phases      ] GC(59)     Dead                           Min: 0, Avg:  0.0, Max: 0, Diff: 0, Sum: 0, Workers: 4
[2073.429s][debug][gc,phases      ] GC(59)     Total                          Min: 0, Avg:  0.0, Max: 0, Diff: 0, Sum: 0, Workers: 4
[2073.429s][debug][gc,phases      ] GC(59)   StringTable Weak               Min:  0.0, Avg:  0.1, Max:  0.1, Diff:  0.1, Sum:  0.4, Workers: 4
[2073.429s][debug][gc,phases      ] GC(59)     Dead                           Min: 0, Avg:  0.0, Max: 0, Diff: 0, Sum: 0, Workers: 4
[2073.429s][debug][gc,phases      ] GC(59)     Total                          Min: 0, Avg: 10731.5, Max: 15104, Diff: 15104, Sum: 42926, Workers: 4
[2073.429s][debug][gc,phases      ] GC(59)   ResolvedMethodTable Weak       Min:  0.0, Avg:  0.0, Max:  0.0, Diff:  0.0, Sum:  0.1, Workers: 4
[2073.429s][debug][gc,phases      ] GC(59)     Dead                           Min: 0, Avg:  0.2, Max: 1, Diff: 1, Sum: 1, Workers: 4
[2073.429s][debug][gc,phases      ] GC(59)     Total                          Min: 0, Avg: 2186.8, Max: 3200, Diff: 3200, Sum: 8747, Workers: 4
[2073.429s][debug][gc,phases      ] GC(59)   JNI Weak                       Min:  0.0, Avg:  0.0, Max:  0.0, Diff:  0.0, Sum:  0.0, Workers: 4
[2073.429s][debug][gc,phases      ] GC(59)     Dead                           Min: 0, Avg:  0.0, Max: 0, Diff: 0, Sum: 0, Workers: 4
[2073.429s][debug][gc,phases      ] GC(59)     Total                          Min: 0, Avg: 11.2, Max: 45, Diff: 45, Sum: 45, Workers: 4
[2073.429s][debug][gc,phases      ] GC(59)   StringDedup Table Weak         Min:  0.0, Avg:  0.0, Max:  0.0, Diff:  0.0, Sum:  0.0, Workers: 4
[2073.429s][debug][gc,phases      ] GC(59)     Dead                           Min: 0, Avg:  0.0, Max: 0, Diff: 0, Sum: 0, Workers: 4
[2073.429s][debug][gc,phases      ] GC(59)     Total                          Min: 0, Avg:  0.0, Max: 0, Diff: 0, Sum: 0, Workers: 4
[2073.429s][debug][gc,phases      ] GC(59)   StringDedup Requests0 Weak     Min:  0.0, Avg:  0.0, Max:  0.0, Diff:  0.0, Sum:  0.0, Workers: 4
[2073.429s][debug][gc,phases      ] GC(59)     Dead                           Min: 0, Avg:  0.0, Max: 0, Diff: 0, Sum: 0, Workers: 4
[2073.429s][debug][gc,phases      ] GC(59)     Total                          Min: 0, Avg:  0.0, Max: 0, Diff: 0, Sum: 0, Workers: 4
[2073.429s][debug][gc,phases      ] GC(59)   StringDedup Requests1 Weak     Min:  0.0, Avg:  0.0, Max:  0.0, Diff:  0.0, Sum:  0.0, Workers: 4
[2073.429s][debug][gc,phases      ] GC(59)     Dead                           Min: 0, Avg:  0.0, Max: 0, Diff: 0, Sum: 0, Workers: 4
[2073.429s][debug][gc,phases      ] GC(59)     Total                          Min: 0, Avg:  0.0, Max: 0, Diff: 0, Sum: 0, Workers: 4
[2073.429s][debug][gc,phases      ] GC(59)   Weak JFR Old Object Samples    Min:  0.0, Avg:  0.0, Max:  0.0, Diff:  0.0, Sum:  0.0, Workers: 4
[2073.429s][debug][gc,phases      ] GC(59)     Dead                           Min: 0, Avg:  0.0, Max: 0, Diff: 0, Sum: 0, Workers: 4
[2073.429s][debug][gc,phases      ] GC(59)     Total                          Min: 0, Avg:  0.0, Max: 0, Diff: 0, Sum: 0, Workers: 4
[2073.429s][debug][gc,phases      ] GC(59) Weak Processing 0.345ms
[2073.429s][debug][gc,age         ] GC(59) Desired survivor size 71827456 bytes, new threshold 15 (max threshold 15)
[2073.429s][info ][gc,heap        ] GC(59) PSYoungGen: 1928560K(2007552K)->9517K(2027008K) Eden: 1924608K(1924608K)->0K(1950208K) From: 3952K(82944K)->9517K(76800K)
[2073.429s][info ][gc,heap        ] GC(59) ParOldGen: 448334K(619520K)->448366K(619520K)
[2073.429s][info ][gc,metaspace   ] GC(59) Metaspace: 79795K(80768K)->79795K(80768K) NonClass: 68471K(68992K)->68471K(68992K) Class: 11324K(11776K)->11324K(11776K)
[2073.429s][info ][gc             ] GC(59) Pause Young (Allocation Failure) 2321M->447M(2584M) 7.511ms
[2073.429s][info ][gc,cpu         ] GC(59) User=0.02s Sys=0.00s Real=0.00s
[2073.429s][info ][safepoint      ] Safepoint "ParallelGCFailedAllocation", Time since last: 2927533588 ns, Reaching safepoint: 54101 ns, At safepoint: 7594070 ns, Total: 7648171 ns
[2080.429s][info ][safepoint      ] Safepoint "Cleanup", Time since last: 7000443564 ns, Reaching safepoint: 43101 ns, At safepoint: 2600 ns, Total: 45701 ns
[2082.430s][info ][safepoint      ] Safepoint "Cleanup", Time since last: 2000187951 ns, Reaching safepoint: 124202 ns, At safepoint: 6201 ns, Total: 130403 ns
[2083.430s][info ][safepoint      ] Safepoint "Cleanup", Time since last: 1000108275 ns, Reaching safepoint: 45601 ns, At safepoint: 3000 ns, Total: 48601 ns
[2091.431s][info ][safepoint      ] Safepoint "Cleanup", Time since last: 8000627257 ns, Reaching safepoint: 52401 ns, At safepoint: 2900 ns, Total: 55301 ns
[2094.431s][info ][safepoint      ] Safepoint "Cleanup", Time since last: 3000283180 ns, Reaching safepoint: 66401 ns, At safepoint: 3500 ns, Total: 69901 ns
[2101.432s][info ][safepoint      ] Safepoint "Cleanup", Time since last: 7000544732 ns, Reaching safepoint: 49101 ns, At safepoint: 2900 ns, Total: 52001 ns
[2105.432s][info ][safepoint      ] Safepoint "Cleanup", Time since last: 4000320680 ns, Reaching safepoint: 40601 ns, At safepoint: 4000 ns, Total: 44601 ns
[2107.432s][info ][safepoint      ] Safepoint "Cleanup", Time since last: 2000222955 ns, Reaching safepoint: 41301 ns, At safepoint: 33400 ns, Total: 74701 ns
[2108.432s][info ][safepoint      ] Safepoint "Cleanup", Time since last: 1000115678 ns, Reaching safepoint: 49201 ns, At safepoint: 3200 ns, Total: 52401 ns
[2109.433s][info ][safepoint      ] Safepoint "Cleanup", Time since last: 1000120177 ns, Reaching safepoint: 52101 ns, At safepoint: 3401 ns, Total: 55502 ns
[2110.433s][info ][safepoint      ] Safepoint "Cleanup", Time since last: 1000090976 ns, Reaching safepoint: 47001 ns, At safepoint: 2900 ns, Total: 49901 ns
[2111.433s][info ][safepoint      ] Safepoint "Cleanup", Time since last: 1000116512 ns, Reaching safepoint: 49501 ns, At safepoint: 2601 ns, Total: 52102 ns
[2115.433s][info ][safepoint      ] Safepoint "Cleanup", Time since last: 4000316005 ns, Reaching safepoint: 38501 ns, At safepoint: 3100 ns, Total: 41601 ns
[2117.434s][info ][safepoint      ] Safepoint "Cleanup", Time since last: 2000202904 ns, Reaching safepoint: 108603 ns, At safepoint: 8200 ns, Total: 116803 ns
[2119.434s][info ][safepoint      ] Safepoint "Cleanup", Time since last: 2000184354 ns, Reaching safepoint: 49701 ns, At safepoint: 3100 ns, Total: 52801 ns
[2120.624s][info ][safepoint      ] Safepoint "Cleanup", Time since last: 1190335812 ns, Reaching safepoint: 174704 ns, At safepoint: 15101 ns, Total: 189805 ns
[2127.626s][info ][safepoint      ] Safepoint "Cleanup", Time since last: 7001128689 ns, Reaching safepoint: 115302 ns, At safepoint: 6700 ns, Total: 122002 ns
[2132.626s][info ][safepoint      ] Safepoint "Cleanup", Time since last: 5000368802 ns, Reaching safepoint: 119603 ns, At safepoint: 6500 ns, Total: 126103 ns
[2135.024s][info ][gc,start       ] GC(60) Pause Young (Allocation Failure)
[2135.028s][debug][gc,phases      ] GC(60) Scavenge 3.610ms
[2135.028s][debug][gc,ref         ] GC(60) Skipped phase 1 of Reference Processing: no references
[2135.028s][debug][gc,ref         ] GC(60) ReferenceProcessor::execute queues: 1, RefProcThreadModel::Single, marks_oops_alive: false
[2135.028s][debug][gc,ref         ] GC(60) Skipped phase 3 of Reference Processing: no references
[2135.028s][debug][gc,ref         ] GC(60) ReferenceProcessor::execute queues: 1, RefProcThreadModel::Single, marks_oops_alive: false
[2135.028s][debug][gc,phases      ] GC(60) Reference Processing 0.111ms
[2135.028s][debug][gc,phases      ] GC(60)   VM Weak                        Min:  0.0, Avg:  0.0, Max:  0.0, Diff:  0.0, Sum:  0.0, Workers: 4
[2135.028s][debug][gc,phases      ] GC(60)     Dead                           Min: 0, Avg:  0.0, Max: 0, Diff: 0, Sum: 0, Workers: 4
[2135.028s][debug][gc,phases      ] GC(60)     Total                          Min: 0, Avg: 196.2, Max: 384, Diff: 384, Sum: 785, Workers: 4
[2135.028s][debug][gc,phases      ] GC(60)   ObjectSynchronizer Weak        Min:  0.0, Avg:  0.0, Max:  0.0, Diff:  0.0, Sum:  0.0, Workers: 4
[2135.028s][debug][gc,phases      ] GC(60)     Dead                           Min: 0, Avg:  0.0, Max: 0, Diff: 0, Sum: 0, Workers: 4
[2135.028s][debug][gc,phases      ] GC(60)     Total                          Min: 0, Avg: 12.2, Max: 49, Diff: 49, Sum: 49, Workers: 4
[2135.028s][debug][gc,phases      ] GC(60)   JVMTI Tag Weak OopStorage      Min:  0.0, Avg:  0.0, Max:  0.0, Diff:  0.0, Sum:  0.0, Workers: 4
[2135.028s][debug][gc,phases      ] GC(60)     Dead                           Min: 0, Avg:  0.0, Max: 0, Diff: 0, Sum: 0, Workers: 4
[2135.028s][debug][gc,phases      ] GC(60)     Total                          Min: 0, Avg:  0.0, Max: 0, Diff: 0, Sum: 0, Workers: 4
[2135.028s][debug][gc,phases      ] GC(60)   StringTable Weak               Min:  0.0, Avg:  0.1, Max:  0.1, Diff:  0.1, Sum:  0.3, Workers: 4
[2135.028s][debug][gc,phases      ] GC(60)     Dead                           Min: 0, Avg:  0.2, Max: 1, Diff: 1, Sum: 1, Workers: 4
[2135.028s][debug][gc,phases      ] GC(60)     Total                          Min: 0, Avg: 10733.8, Max: 15096, Diff: 15096, Sum: 42935, Workers: 4
[2135.028s][debug][gc,phases      ] GC(60)   ResolvedMethodTable Weak       Min:  0.0, Avg:  0.0, Max:  0.0, Diff:  0.0, Sum:  0.1, Workers: 4
[2135.028s][debug][gc,phases      ] GC(60)     Dead                           Min: 0, Avg:  0.0, Max: 0, Diff: 0, Sum: 0, Workers: 4
[2135.028s][debug][gc,phases      ] GC(60)     Total                          Min: 0, Avg: 2187.0, Max: 3008, Diff: 3008, Sum: 8748, Workers: 4
[2135.029s][debug][gc,phases      ] GC(60)   JNI Weak                       Min:  0.0, Avg:  0.0, Max:  0.0, Diff:  0.0, Sum:  0.0, Workers: 4
[2135.029s][debug][gc,phases      ] GC(60)     Dead                           Min: 0, Avg:  0.0, Max: 0, Diff: 0, Sum: 0, Workers: 4
[2135.029s][debug][gc,phases      ] GC(60)     Total                          Min: 0, Avg: 11.2, Max: 45, Diff: 45, Sum: 45, Workers: 4
[2135.029s][debug][gc,phases      ] GC(60)   StringDedup Table Weak         Min:  0.0, Avg:  0.0, Max:  0.0, Diff:  0.0, Sum:  0.0, Workers: 4
[2135.029s][debug][gc,phases      ] GC(60)     Dead                           Min: 0, Avg:  0.0, Max: 0, Diff: 0, Sum: 0, Workers: 4
[2135.029s][debug][gc,phases      ] GC(60)     Total                          Min: 0, Avg:  0.0, Max: 0, Diff: 0, Sum: 0, Workers: 4
[2135.029s][debug][gc,phases      ] GC(60)   StringDedup Requests0 Weak     Min:  0.0, Avg:  0.0, Max:  0.0, Diff:  0.0, Sum:  0.0, Workers: 4
[2135.029s][debug][gc,phases      ] GC(60)     Dead                           Min: 0, Avg:  0.0, Max: 0, Diff: 0, Sum: 0, Workers: 4
[2135.029s][debug][gc,phases      ] GC(60)     Total                          Min: 0, Avg:  0.0, Max: 0, Diff: 0, Sum: 0, Workers: 4
[2135.029s][debug][gc,phases      ] GC(60)   StringDedup Requests1 Weak     Min:  0.0, Avg:  0.0, Max:  0.0, Diff:  0.0, Sum:  0.0, Workers: 4
[2135.029s][debug][gc,phases      ] GC(60)     Dead                           Min: 0, Avg:  0.0, Max: 0, Diff: 0, Sum: 0, Workers: 4
[2135.029s][debug][gc,phases      ] GC(60)     Total                          Min: 0, Avg:  0.0, Max: 0, Diff: 0, Sum: 0, Workers: 4
[2135.029s][debug][gc,phases      ] GC(60)   Weak JFR Old Object Samples    Min:  0.0, Avg:  0.0, Max:  0.0, Diff:  0.0, Sum:  0.0, Workers: 4
[2135.029s][debug][gc,phases      ] GC(60)     Dead                           Min: 0, Avg:  0.0, Max: 0, Diff: 0, Sum: 0, Workers: 4
[2135.029s][debug][gc,phases      ] GC(60)     Total                          Min: 0, Avg:  0.0, Max: 0, Diff: 0, Sum: 0, Workers: 4
[2135.029s][debug][gc,phases      ] GC(60) Weak Processing 0.339ms
[2135.029s][debug][gc,age         ] GC(60) Desired survivor size 65536000 bytes, new threshold 15 (max threshold 15)
[2135.029s][info ][gc,heap        ] GC(60) PSYoungGen: 1959725K(2027008K)->9101K(2020352K) Eden: 1950208K(1950208K)->0K(1950208K) From: 9517K(76800K)->9101K(70144K)
[2135.029s][info ][gc,heap        ] GC(60) ParOldGen: 448366K(619520K)->448470K(619520K)
[2135.029s][info ][gc,metaspace   ] GC(60) Metaspace: 79843K(80832K)->79843K(80832K) NonClass: 68518K(69056K)->68518K(69056K) Class: 11325K(11776K)->11325K(11776K)
[2135.029s][info ][gc             ] GC(60) Pause Young (Allocation Failure) 2351M->446M(2578M) 4.195ms
[2135.029s][info ][gc,cpu         ] GC(60) User=0.01s Sys=0.00s Real=0.00s
[2135.029s][info ][safepoint      ] Safepoint "ParallelGCFailedAllocation", Time since last: 2398285474 ns, Reaching safepoint: 48201 ns, At safepoint: 4272792 ns, Total: 4320993 ns
[2136.029s][info ][safepoint      ] Safepoint "Cleanup", Time since last: 1000092163 ns, Reaching safepoint: 50502 ns, At safepoint: 2400 ns, Total: 52902 ns
[2139.029s][info ][safepoint      ] Safepoint "Cleanup", Time since last: 3000258288 ns, Reaching safepoint: 49301 ns, At safepoint: 8301 ns, Total: 57602 ns
[2147.030s][info ][safepoint      ] Safepoint "Cleanup", Time since last: 8000594846 ns, Reaching safepoint: 54502 ns, At safepoint: 3700 ns, Total: 58202 ns
[2154.030s][info ][safepoint      ] Safepoint "Cleanup", Time since last: 7000514050 ns, Reaching safepoint: 51801 ns, At safepoint: 2800 ns, Total: 54601 ns
[2159.031s][info ][safepoint      ] Safepoint "Cleanup", Time since last: 5000373578 ns, Reaching safepoint: 34101 ns, At safepoint: 2700 ns, Total: 36801 ns
[2168.032s][info ][safepoint      ] Safepoint "Cleanup", Time since last: 9000751734 ns, Reaching safepoint: 42301 ns, At safepoint: 2500 ns, Total: 44801 ns
[2174.032s][info ][safepoint      ] Safepoint "Cleanup", Time since last: 6000456487 ns, Reaching safepoint: 48201 ns, At safepoint: 2700 ns, Total: 50901 ns
[2201.574s][info ][gc,start       ] GC(61) Pause Young (Allocation Failure)
[2201.578s][debug][gc,phases      ] GC(61) Scavenge 3.377ms
[2201.578s][debug][gc,ref         ] GC(61) Skipped phase 1 of Reference Processing: no references
[2201.578s][debug][gc,ref         ] GC(61) ReferenceProcessor::execute queues: 1, RefProcThreadModel::Single, marks_oops_alive: false
[2201.578s][debug][gc,ref         ] GC(61) Skipped phase 3 of Reference Processing: no references
[2201.578s][debug][gc,ref         ] GC(61) ReferenceProcessor::execute queues: 1, RefProcThreadModel::Single, marks_oops_alive: false
[2201.578s][debug][gc,phases      ] GC(61) Reference Processing 0.111ms
[2201.578s][debug][gc,phases      ] GC(61)   VM Weak                        Min:  0.0, Avg:  0.0, Max:  0.0, Diff:  0.0, Sum:  0.0, Workers: 4
[2201.578s][debug][gc,phases      ] GC(61)     Dead                           Min: 0, Avg:  0.0, Max: 0, Diff: 0, Sum: 0, Workers: 4
[2201.578s][debug][gc,phases      ] GC(61)     Total                          Min: 0, Avg: 197.2, Max: 576, Diff: 576, Sum: 789, Workers: 4
[2201.578s][debug][gc,phases      ] GC(61)   ObjectSynchronizer Weak        Min:  0.0, Avg:  0.0, Max:  0.0, Diff:  0.0, Sum:  0.0, Workers: 4
[2201.578s][debug][gc,phases      ] GC(61)     Dead                           Min: 0, Avg:  0.0, Max: 0, Diff: 0, Sum: 0, Workers: 4
[2201.578s][debug][gc,phases      ] GC(61)     Total                          Min: 0, Avg: 12.2, Max: 49, Diff: 49, Sum: 49, Workers: 4
[2201.578s][debug][gc,phases      ] GC(61)   JVMTI Tag Weak OopStorage      Min:  0.0, Avg:  0.0, Max:  0.0, Diff:  0.0, Sum:  0.0, Workers: 4
[2201.578s][debug][gc,phases      ] GC(61)     Dead                           Min: 0, Avg:  0.0, Max: 0, Diff: 0, Sum: 0, Workers: 4
[2201.578s][debug][gc,phases      ] GC(61)     Total                          Min: 0, Avg:  0.0, Max: 0, Diff: 0, Sum: 0, Workers: 4
[2201.578s][debug][gc,phases      ] GC(61)   StringTable Weak               Min:  0.0, Avg:  0.1, Max:  0.1, Diff:  0.1, Sum:  0.3, Workers: 4
[2201.578s][debug][gc,phases      ] GC(61)     Dead                           Min: 0, Avg:  0.0, Max: 0, Diff: 0, Sum: 0, Workers: 4
[2201.578s][debug][gc,phases      ] GC(61)     Total                          Min: 0, Avg: 10736.2, Max: 16833, Diff: 16833, Sum: 42945, Workers: 4
[2201.578s][debug][gc,phases      ] GC(61)   ResolvedMethodTable Weak       Min:  0.0, Avg:  0.0, Max:  0.0, Diff:  0.0, Sum:  0.1, Workers: 4
[2201.578s][debug][gc,phases      ] GC(61)     Dead                           Min: 0, Avg:  0.0, Max: 0, Diff: 0, Sum: 0, Workers: 4
[2201.578s][debug][gc,phases      ] GC(61)     Total                          Min: 0, Avg: 2189.5, Max: 3584, Diff: 3584, Sum: 8758, Workers: 4
[2201.578s][debug][gc,phases      ] GC(61)   JNI Weak                       Min:  0.0, Avg:  0.0, Max:  0.0, Diff:  0.0, Sum:  0.0, Workers: 4
[2201.578s][debug][gc,phases      ] GC(61)     Dead                           Min: 0, Avg:  0.0, Max: 0, Diff: 0, Sum: 0, Workers: 4
[2201.578s][debug][gc,phases      ] GC(61)     Total                          Min: 0, Avg: 11.2, Max: 45, Diff: 45, Sum: 45, Workers: 4
[2201.578s][debug][gc,phases      ] GC(61)   StringDedup Table Weak         Min:  0.0, Avg:  0.0, Max:  0.0, Diff:  0.0, Sum:  0.0, Workers: 4
[2201.578s][debug][gc,phases      ] GC(61)     Dead                           Min: 0, Avg:  0.0, Max: 0, Diff: 0, Sum: 0, Workers: 4
[2201.578s][debug][gc,phases      ] GC(61)     Total                          Min: 0, Avg:  0.0, Max: 0, Diff: 0, Sum: 0, Workers: 4
[2201.578s][debug][gc,phases      ] GC(61)   StringDedup Requests0 Weak     Min:  0.0, Avg:  0.0, Max:  0.0, Diff:  0.0, Sum:  0.0, Workers: 4
[2201.578s][debug][gc,phases      ] GC(61)     Dead                           Min: 0, Avg:  0.0, Max: 0, Diff: 0, Sum: 0, Workers: 4
[2201.578s][debug][gc,phases      ] GC(61)     Total                          Min: 0, Avg:  0.0, Max: 0, Diff: 0, Sum: 0, Workers: 4
[2201.578s][debug][gc,phases      ] GC(61)   StringDedup Requests1 Weak     Min:  0.0, Avg:  0.0, Max:  0.0, Diff:  0.0, Sum:  0.0, Workers: 4
[2201.578s][debug][gc,phases      ] GC(61)     Dead                           Min: 0, Avg:  0.0, Max: 0, Diff: 0, Sum: 0, Workers: 4
[2201.578s][debug][gc,phases      ] GC(61)     Total                          Min: 0, Avg:  0.0, Max: 0, Diff: 0, Sum: 0, Workers: 4
[2201.578s][debug][gc,phases      ] GC(61)   Weak JFR Old Object Samples    Min:  0.0, Avg:  0.0, Max:  0.0, Diff:  0.0, Sum:  0.0, Workers: 4
[2201.578s][debug][gc,phases      ] GC(61)     Dead                           Min: 0, Avg:  0.0, Max: 0, Diff: 0, Sum: 0, Workers: 4
[2201.578s][debug][gc,phases      ] GC(61)     Total                          Min: 0, Avg:  0.0, Max: 0, Diff: 0, Sum: 0, Workers: 4
[2201.578s][debug][gc,phases      ] GC(61) Weak Processing 0.332ms
[2201.578s][debug][gc,age         ] GC(61) Desired survivor size 60293120 bytes, new threshold 15 (max threshold 15)
[2201.578s][info ][gc,heap        ] GC(61) PSYoungGen: 1959309K(2020352K)->9053K(2038272K) Eden: 1950208K(1950208K)->0K(1974272K) From: 9101K(70144K)->9053K(64000K)
[2201.578s][info ][gc,heap        ] GC(61) ParOldGen: 448470K(619520K)->448502K(619520K)
[2201.578s][info ][gc,metaspace   ] GC(61) Metaspace: 79877K(80896K)->79877K(80896K) NonClass: 68549K(69120K)->68549K(69120K) Class: 11328K(11776K)->11328K(11776K)
[2201.578s][info ][gc             ] GC(61) Pause Young (Allocation Failure) 2351M->446M(2595M) 3.944ms
[2201.578s][info ][gc,cpu         ] GC(61) User=0.01s Sys=0.00s Real=0.00s
[2201.578s][info ][safepoint      ] Safepoint "ParallelGCFailedAllocation", Time since last: 27541858089 ns, Reaching safepoint: 114502 ns, At safepoint: 4044489 ns, Total: 4158991 ns
[2219.579s][info ][safepoint      ] Safepoint "Cleanup", Time since last: 18001242307 ns, Reaching safepoint: 43301 ns, At safepoint: 2900 ns, Total: 46201 ns
[2241.581s][info ][safepoint      ] Safepoint "Cleanup", Time since last: 22001502641 ns, Reaching safepoint: 56902 ns, At safepoint: 33000 ns, Total: 89902 ns
[2248.582s][info ][safepoint      ] Safepoint "Cleanup", Time since last: 7000526922 ns, Reaching safepoint: 44801 ns, At safepoint: 3600 ns, Total: 48401 ns
[2257.583s][info ][safepoint      ] Safepoint "Cleanup", Time since last: 9001546729 ns, Reaching safepoint: 68201 ns, At safepoint: 2900 ns, Total: 71101 ns
[2259.583s][info ][safepoint      ] Safepoint "Cleanup", Time since last: 2000182321 ns, Reaching safepoint: 53901 ns, At safepoint: 5000 ns, Total: 58901 ns
[2260.584s][info ][safepoint      ] Safepoint "Cleanup", Time since last: 1000089910 ns, Reaching safepoint: 44501 ns, At safepoint: 2600 ns, Total: 47101 ns
[2262.584s][info ][safepoint      ] Safepoint "Cleanup", Time since last: 2000184621 ns, Reaching safepoint: 40001 ns, At safepoint: 2800 ns, Total: 42801 ns
[2265.584s][info ][safepoint      ] Safepoint "Cleanup", Time since last: 3000254645 ns, Reaching safepoint: 51201 ns, At safepoint: 5100 ns, Total: 56301 ns
[2270.222s][info ][gc,start       ] GC(62) Pause Young (Allocation Failure)
[2270.226s][debug][gc,phases      ] GC(62) Scavenge 3.421ms
[2270.226s][debug][gc,ref         ] GC(62) Skipped phase 1 of Reference Processing: no references
[2270.226s][debug][gc,ref         ] GC(62) ReferenceProcessor::execute queues: 1, RefProcThreadModel::Single, marks_oops_alive: false
[2270.226s][debug][gc,ref         ] GC(62) Skipped phase 3 of Reference Processing: no references
[2270.226s][debug][gc,ref         ] GC(62) ReferenceProcessor::execute queues: 1, RefProcThreadModel::Single, marks_oops_alive: false
[2270.226s][debug][gc,phases      ] GC(62) Reference Processing 0.130ms
[2270.226s][debug][gc,phases      ] GC(62)   VM Weak                        Min:  0.0, Avg:  0.0, Max:  0.0, Diff:  0.0, Sum:  0.0, Workers: 4
[2270.226s][debug][gc,phases      ] GC(62)     Dead                           Min: 0, Avg:  0.0, Max: 0, Diff: 0, Sum: 0, Workers: 4
[2270.226s][debug][gc,phases      ] GC(62)     Total                          Min: 0, Avg: 197.8, Max: 727, Diff: 727, Sum: 791, Workers: 4
[2270.226s][debug][gc,phases      ] GC(62)   ObjectSynchronizer Weak        Min:  0.0, Avg:  0.0, Max:  0.0, Diff:  0.0, Sum:  0.0, Workers: 4
[2270.226s][debug][gc,phases      ] GC(62)     Dead                           Min: 0, Avg:  0.0, Max: 0, Diff: 0, Sum: 0, Workers: 4
[2270.226s][debug][gc,phases      ] GC(62)     Total                          Min: 0, Avg: 12.2, Max: 49, Diff: 49, Sum: 49, Workers: 4
[2270.226s][debug][gc,phases      ] GC(62)   JVMTI Tag Weak OopStorage      Min:  0.0, Avg:  0.0, Max:  0.0, Diff:  0.0, Sum:  0.0, Workers: 4
[2270.226s][debug][gc,phases      ] GC(62)     Dead                           Min: 0, Avg:  0.0, Max: 0, Diff: 0, Sum: 0, Workers: 4
[2270.226s][debug][gc,phases      ] GC(62)     Total                          Min: 0, Avg:  0.0, Max: 0, Diff: 0, Sum: 0, Workers: 4
[2270.226s][debug][gc,phases      ] GC(62)   StringTable Weak               Min:  0.0, Avg:  0.1, Max:  0.1, Diff:  0.1, Sum:  0.4, Workers: 4
[2270.226s][debug][gc,phases      ] GC(62)     Dead                           Min: 0, Avg:  0.0, Max: 0, Diff: 0, Sum: 0, Workers: 4
[2270.226s][debug][gc,phases      ] GC(62)     Total                          Min: 0, Avg: 10737.0, Max: 15492, Diff: 15492, Sum: 42948, Workers: 4
[2270.226s][debug][gc,phases      ] GC(62)   ResolvedMethodTable Weak       Min:  0.0, Avg:  0.0, Max:  0.0, Diff:  0.0, Sum:  0.1, Workers: 4
[2270.226s][debug][gc,phases      ] GC(62)     Dead                           Min: 0, Avg:  0.0, Max: 0, Diff: 0, Sum: 0, Workers: 4
[2270.226s][debug][gc,phases      ] GC(62)     Total                          Min: 0, Avg: 2192.0, Max: 3264, Diff: 3264, Sum: 8768, Workers: 4
[2270.226s][debug][gc,phases      ] GC(62)   JNI Weak                       Min:  0.0, Avg:  0.0, Max:  0.0, Diff:  0.0, Sum:  0.0, Workers: 4
[2270.226s][debug][gc,phases      ] GC(62)     Dead                           Min: 0, Avg:  0.0, Max: 0, Diff: 0, Sum: 0, Workers: 4
[2270.226s][debug][gc,phases      ] GC(62)     Total                          Min: 0, Avg: 11.2, Max: 45, Diff: 45, Sum: 45, Workers: 4
[2270.226s][debug][gc,phases      ] GC(62)   StringDedup Table Weak         Min:  0.0, Avg:  0.0, Max:  0.0, Diff:  0.0, Sum:  0.0, Workers: 4
[2270.226s][debug][gc,phases      ] GC(62)     Dead                           Min: 0, Avg:  0.0, Max: 0, Diff: 0, Sum: 0, Workers: 4
[2270.226s][debug][gc,phases      ] GC(62)     Total                          Min: 0, Avg:  0.0, Max: 0, Diff: 0, Sum: 0, Workers: 4
[2270.226s][debug][gc,phases      ] GC(62)   StringDedup Requests0 Weak     Min:  0.0, Avg:  0.0, Max:  0.0, Diff:  0.0, Sum:  0.0, Workers: 4
[2270.226s][debug][gc,phases      ] GC(62)     Dead                           Min: 0, Avg:  0.0, Max: 0, Diff: 0, Sum: 0, Workers: 4
[2270.226s][debug][gc,phases      ] GC(62)     Total                          Min: 0, Avg:  0.0, Max: 0, Diff: 0, Sum: 0, Workers: 4
[2270.226s][debug][gc,phases      ] GC(62)   StringDedup Requests1 Weak     Min:  0.0, Avg:  0.0, Max:  0.0, Diff:  0.0, Sum:  0.0, Workers: 4
[2270.226s][debug][gc,phases      ] GC(62)     Dead                           Min: 0, Avg:  0.0, Max: 0, Diff: 0, Sum: 0, Workers: 4
[2270.226s][debug][gc,phases      ] GC(62)     Total                          Min: 0, Avg:  0.0, Max: 0, Diff: 0, Sum: 0, Workers: 4
[2270.226s][debug][gc,phases      ] GC(62)   Weak JFR Old Object Samples    Min:  0.0, Avg:  0.0, Max:  0.0, Diff:  0.0, Sum:  0.0, Workers: 4
[2270.226s][debug][gc,phases      ] GC(62)     Dead                           Min: 0, Avg:  0.0, Max: 0, Diff: 0, Sum: 0, Workers: 4
[2270.226s][debug][gc,phases      ] GC(62)     Total                          Min: 0, Avg:  0.0, Max: 0, Diff: 0, Sum: 0, Workers: 4
[2270.226s][debug][gc,phases      ] GC(62) Weak Processing 0.338ms
[2270.226s][debug][gc,age         ] GC(62) Desired survivor size 55050240 bytes, new threshold 15 (max threshold 15)
[2270.226s][info ][gc,heap        ] GC(62) PSYoungGen: 1983325K(2038272K)->9069K(2033152K) Eden: 1974272K(1974272K)->0K(1974272K) From: 9053K(64000K)->9069K(58880K)
[2270.226s][info ][gc,heap        ] GC(62) ParOldGen: 448502K(619520K)->448518K(619520K)
[2270.226s][info ][gc,metaspace   ] GC(62) Metaspace: 79906K(80896K)->79906K(80896K) NonClass: 68572K(69120K)->68572K(69120K) Class: 11333K(11776K)->11333K(11776K)
[2270.226s][info ][gc             ] GC(62) Pause Young (Allocation Failure) 2374M->446M(2590M) 4.021ms
[2270.226s][info ][gc,cpu         ] GC(62) User=0.01s Sys=0.00s Real=0.00s
[2270.226s][info ][safepoint      ] Safepoint "ParallelGCFailedAllocation", Time since last: 4637895382 ns, Reaching safepoint: 104802 ns, At safepoint: 4107990 ns, Total: 4212792 ns
[2272.258s][info ][safepoint      ] Safepoint "Cleanup", Time since last: 2031987571 ns, Reaching safepoint: 75701 ns, At safepoint: 2800 ns, Total: 78501 ns
[2273.258s][info ][safepoint      ] Safepoint "Cleanup", Time since last: 1000111690 ns, Reaching safepoint: 57701 ns, At safepoint: 2800 ns, Total: 60501 ns
[2288.260s][info ][safepoint      ] Safepoint "Cleanup", Time since last: 15001120513 ns, Reaching safepoint: 60201 ns, At safepoint: 5601 ns, Total: 65802 ns
[2303.261s][info ][safepoint      ] Safepoint "Cleanup", Time since last: 15001299275 ns, Reaching safepoint: 60501 ns, At safepoint: 32001 ns, Total: 92502 ns
[2328.263s][info ][safepoint      ] Safepoint "Cleanup", Time since last: 25001823822 ns, Reaching safepoint: 81402 ns, At safepoint: 11700 ns, Total: 93102 ns
[2329.263s][info ][safepoint      ] Safepoint "Cleanup", Time since last: 1000130862 ns, Reaching safepoint: 60102 ns, At safepoint: 4000 ns, Total: 64102 ns
[2333.264s][info ][safepoint      ] Safepoint "Cleanup", Time since last: 4000349045 ns, Reaching safepoint: 76502 ns, At safepoint: 5500 ns, Total: 82002 ns
[2333.844s][info ][safepoint      ] Safepoint "ParallelGCFailedAllocation", Time since last: 580057263 ns, Reaching safepoint: 95502 ns, At safepoint: 8401 ns, Total: 103903 ns
[2333.845s][info ][gc,start       ] GC(63) Pause Young (GCLocker Initiated GC)
[2333.855s][debug][gc,phases      ] GC(63) Scavenge 10.359ms
[2333.855s][debug][gc,ref         ] GC(63) Skipped phase 1 of Reference Processing: no references
[2333.855s][debug][gc,ref         ] GC(63) ReferenceProcessor::execute queues: 1, RefProcThreadModel::Single, marks_oops_alive: false
[2333.855s][debug][gc,ref         ] GC(63) ReferenceProcessor::execute queues: 4, RefProcThreadModel::Multi, marks_oops_alive: true
[2333.855s][debug][gc,ref         ] GC(63) ReferenceProcessor::execute queues: 1, RefProcThreadModel::Single, marks_oops_alive: false
[2333.855s][debug][gc,phases      ] GC(63) Reference Processing 0.179ms
[2333.856s][debug][gc,phases      ] GC(63)   VM Weak                        Min:  0.0, Avg:  0.0, Max:  0.0, Diff:  0.0, Sum:  0.0, Workers: 4
[2333.856s][debug][gc,phases      ] GC(63)     Dead                           Min: 0, Avg:  0.0, Max: 0, Diff: 0, Sum: 0, Workers: 4
[2333.856s][debug][gc,phases      ] GC(63)     Total                          Min: 0, Avg: 198.2, Max: 537, Diff: 537, Sum: 793, Workers: 4
[2333.856s][debug][gc,phases      ] GC(63)   ObjectSynchronizer Weak        Min:  0.0, Avg:  0.0, Max:  0.0, Diff:  0.0, Sum:  0.0, Workers: 4
[2333.856s][debug][gc,phases      ] GC(63)     Dead                           Min: 0, Avg:  0.0, Max: 0, Diff: 0, Sum: 0, Workers: 4
[2333.856s][debug][gc,phases      ] GC(63)     Total                          Min: 0, Avg: 12.2, Max: 49, Diff: 49, Sum: 49, Workers: 4
[2333.856s][debug][gc,phases      ] GC(63)   JVMTI Tag Weak OopStorage      Min:  0.0, Avg:  0.0, Max:  0.0, Diff:  0.0, Sum:  0.0, Workers: 4
[2333.856s][debug][gc,phases      ] GC(63)     Dead                           Min: 0, Avg:  0.0, Max: 0, Diff: 0, Sum: 0, Workers: 4
[2333.856s][debug][gc,phases      ] GC(63)     Total                          Min: 0, Avg:  0.0, Max: 0, Diff: 0, Sum: 0, Workers: 4
[2333.856s][debug][gc,phases      ] GC(63)   StringTable Weak               Min:  0.0, Avg:  0.1, Max:  0.1, Diff:  0.1, Sum:  0.4, Workers: 4
[2333.856s][debug][gc,phases      ] GC(63)     Dead                           Min: 0, Avg:  0.2, Max: 1, Diff: 1, Sum: 1, Workers: 4
[2333.856s][debug][gc,phases      ] GC(63)     Total                          Min: 0, Avg: 10747.2, Max: 16512, Diff: 16512, Sum: 42989, Workers: 4
[2333.856s][debug][gc,phases      ] GC(63)   ResolvedMethodTable Weak       Min:  0.0, Avg:  0.0, Max:  0.0, Diff:  0.0, Sum:  0.1, Workers: 4
[2333.856s][debug][gc,phases      ] GC(63)     Dead                           Min: 0, Avg:  0.2, Max: 1, Diff: 1, Sum: 1, Workers: 4
[2333.856s][debug][gc,phases      ] GC(63)     Total                          Min: 0, Avg: 2192.5, Max: 3072, Diff: 3072, Sum: 8770, Workers: 4
[2333.856s][debug][gc,phases      ] GC(63)   JNI Weak                       Min:  0.0, Avg:  0.0, Max:  0.0, Diff:  0.0, Sum:  0.0, Workers: 4
[2333.856s][debug][gc,phases      ] GC(63)     Dead                           Min: 0, Avg:  0.0, Max: 0, Diff: 0, Sum: 0, Workers: 4
[2333.856s][debug][gc,phases      ] GC(63)     Total                          Min: 0, Avg: 12.0, Max: 48, Diff: 48, Sum: 48, Workers: 4
[2333.856s][debug][gc,phases      ] GC(63)   StringDedup Table Weak         Min:  0.0, Avg:  0.0, Max:  0.0, Diff:  0.0, Sum:  0.0, Workers: 4
[2333.856s][debug][gc,phases      ] GC(63)     Dead                           Min: 0, Avg:  0.0, Max: 0, Diff: 0, Sum: 0, Workers: 4
[2333.856s][debug][gc,phases      ] GC(63)     Total                          Min: 0, Avg:  0.0, Max: 0, Diff: 0, Sum: 0, Workers: 4
[2333.856s][debug][gc,phases      ] GC(63)   StringDedup Requests0 Weak     Min:  0.0, Avg:  0.0, Max:  0.0, Diff:  0.0, Sum:  0.0, Workers: 4
[2333.856s][debug][gc,phases      ] GC(63)     Dead                           Min: 0, Avg:  0.0, Max: 0, Diff: 0, Sum: 0, Workers: 4
[2333.856s][debug][gc,phases      ] GC(63)     Total                          Min: 0, Avg:  0.0, Max: 0, Diff: 0, Sum: 0, Workers: 4
[2333.856s][debug][gc,phases      ] GC(63)   StringDedup Requests1 Weak     Min:  0.0, Avg:  0.0, Max:  0.0, Diff:  0.0, Sum:  0.0, Workers: 4
[2333.856s][debug][gc,phases      ] GC(63)     Dead                           Min: 0, Avg:  0.0, Max: 0, Diff: 0, Sum: 0, Workers: 4
[2333.856s][debug][gc,phases      ] GC(63)     Total                          Min: 0, Avg:  0.0, Max: 0, Diff: 0, Sum: 0, Workers: 4
[2333.856s][debug][gc,phases      ] GC(63)   Weak JFR Old Object Samples    Min:  0.0, Avg:  0.0, Max:  0.0, Diff:  0.0, Sum:  0.0, Workers: 4
[2333.856s][debug][gc,phases      ] GC(63)     Dead                           Min: 0, Avg:  0.0, Max: 0, Diff: 0, Sum: 0, Workers: 4
[2333.856s][debug][gc,phases      ] GC(63)     Total                          Min: 0, Avg:  0.0, Max: 0, Diff: 0, Sum: 0, Workers: 4
[2333.856s][debug][gc,phases      ] GC(63) Weak Processing 0.379ms
[2333.856s][debug][gc,age         ] GC(63) Desired survivor size 59768832 bytes, new threshold 15 (max threshold 15)
[2333.856s][info ][gc,heap        ] GC(63) PSYoungGen: 1983341K(2033152K)->33202K(2034176K) Eden: 1974272K(1974272K)->0K(1980416K) From: 9069K(58880K)->33202K(53760K)
[2333.856s][info ][gc,heap        ] GC(63) ParOldGen: 448568K(619520K)->448600K(619520K)
[2333.856s][info ][gc,metaspace   ] GC(63) Metaspace: 79972K(80960K)->79972K(80960K) NonClass: 68633K(69184K)->68633K(69184K) Class: 11339K(11776K)->11339K(11776K)
[2333.856s][info ][gc             ] GC(63) Pause Young (GCLocker Initiated GC) 2374M->470M(2591M) 11.034ms
[2333.856s][info ][gc,cpu         ] GC(63) User=0.04s Sys=0.00s Real=0.01s
[2333.856s][info ][safepoint      ] Safepoint "ParallelGCSystemGC", Time since last: 971821 ns, Reaching safepoint: 33300 ns, At safepoint: 11112841 ns, Total: 11146141 ns
[2334.856s][info ][safepoint      ] Safepoint "Cleanup", Time since last: 1000084889 ns, Reaching safepoint: 59801 ns, At safepoint: 6000 ns, Total: 65801 ns
[2335.856s][info ][safepoint      ] Safepoint "Cleanup", Time since last: 1000104183 ns, Reaching safepoint: 61302 ns, At safepoint: 4700 ns, Total: 66002 ns
[2337.856s][info ][safepoint      ] Safepoint "Cleanup", Time since last: 2000181765 ns, Reaching safepoint: 54001 ns, At safepoint: 5000 ns, Total: 59001 ns
[2340.857s][info ][safepoint      ] Safepoint "Cleanup", Time since last: 3000240147 ns, Reaching safepoint: 77802 ns, At safepoint: 2900 ns, Total: 80702 ns
[2344.857s][info ][safepoint      ] Safepoint "Cleanup", Time since last: 4000290398 ns, Reaching safepoint: 54301 ns, At safepoint: 3100 ns, Total: 57401 ns
[2346.857s][info ][safepoint      ] Safepoint "Cleanup", Time since last: 2000186076 ns, Reaching safepoint: 57501 ns, At safepoint: 3000 ns, Total: 60501 ns
[2347.857s][info ][safepoint      ] Safepoint "Cleanup", Time since last: 1000133289 ns, Reaching safepoint: 57102 ns, At safepoint: 4100 ns, Total: 61202 ns
[2359.858s][info ][safepoint      ] Safepoint "Cleanup", Time since last: 12000834606 ns, Reaching safepoint: 48801 ns, At safepoint: 2600 ns, Total: 51401 ns
[2360.859s][info ][safepoint      ] Safepoint "Cleanup", Time since last: 1000110918 ns, Reaching safepoint: 52502 ns, At safepoint: 3800 ns, Total: 56302 ns
[2361.859s][info ][safepoint      ] Safepoint "Cleanup", Time since last: 1000114818 ns, Reaching safepoint: 47101 ns, At safepoint: 6800 ns, Total: 53901 ns
[2365.859s][info ][safepoint      ] Safepoint "Cleanup", Time since last: 4000283071 ns, Reaching safepoint: 64302 ns, At safepoint: 3400 ns, Total: 67702 ns
[2366.859s][info ][safepoint      ] Safepoint "Cleanup", Time since last: 1000126853 ns, Reaching safepoint: 55901 ns, At safepoint: 2600 ns, Total: 58501 ns
[2373.860s][info ][safepoint      ] Safepoint "Cleanup", Time since last: 7000526526 ns, Reaching safepoint: 43200 ns, At safepoint: 2801 ns, Total: 46001 ns
[2380.860s][info ][safepoint      ] Safepoint "Cleanup", Time since last: 7000525010 ns, Reaching safepoint: 60701 ns, At safepoint: 5500 ns, Total: 66201 ns
[2388.861s][info ][safepoint      ] Safepoint "Cleanup", Time since last: 8000614106 ns, Reaching safepoint: 60001 ns, At safepoint: 6801 ns, Total: 66802 ns
[2396.722s][info ][gc,start       ] GC(64) Pause Young (Allocation Failure)
[2396.727s][debug][gc,phases      ] GC(64) Scavenge 4.684ms
[2396.727s][debug][gc,ref         ] GC(64) Skipped phase 1 of Reference Processing: no references
[2396.727s][debug][gc,ref         ] GC(64) ReferenceProcessor::execute queues: 1, RefProcThreadModel::Single, marks_oops_alive: false
[2396.727s][debug][gc,ref         ] GC(64) ReferenceProcessor::execute queues: 4, RefProcThreadModel::Multi, marks_oops_alive: true
[2396.729s][debug][gc,ref         ] GC(64) ReferenceProcessor::execute queues: 1, RefProcThreadModel::Single, marks_oops_alive: false
[2396.729s][debug][gc,phases      ] GC(64) Reference Processing 2.021ms
[2396.729s][debug][gc,phases      ] GC(64)   VM Weak                        Min:  0.0, Avg:  0.0, Max:  0.0, Diff:  0.0, Sum:  0.0, Workers: 4
[2396.729s][debug][gc,phases      ] GC(64)     Dead                           Min: 0, Avg:  0.0, Max: 0, Diff: 0, Sum: 0, Workers: 4
[2396.729s][debug][gc,phases      ] GC(64)     Total                          Min: 0, Avg: 198.2, Max: 768, Diff: 768, Sum: 793, Workers: 4
[2396.729s][debug][gc,phases      ] GC(64)   ObjectSynchronizer Weak        Min:  0.0, Avg:  0.0, Max:  0.0, Diff:  0.0, Sum:  0.0, Workers: 4
[2396.729s][debug][gc,phases      ] GC(64)     Dead                           Min: 0, Avg:  0.0, Max: 0, Diff: 0, Sum: 0, Workers: 4
[2396.729s][debug][gc,phases      ] GC(64)     Total                          Min: 0, Avg: 12.2, Max: 49, Diff: 49, Sum: 49, Workers: 4
[2396.729s][debug][gc,phases      ] GC(64)   JVMTI Tag Weak OopStorage      Min:  0.0, Avg:  0.0, Max:  0.0, Diff:  0.0, Sum:  0.0, Workers: 4
[2396.729s][debug][gc,phases      ] GC(64)     Dead                           Min: 0, Avg:  0.0, Max: 0, Diff: 0, Sum: 0, Workers: 4
[2396.729s][debug][gc,phases      ] GC(64)     Total                          Min: 0, Avg:  0.0, Max: 0, Diff: 0, Sum: 0, Workers: 4
[2396.729s][debug][gc,phases      ] GC(64)   StringTable Weak               Min:  0.0, Avg:  0.1, Max:  0.1, Diff:  0.1, Sum:  0.4, Workers: 4
[2396.729s][debug][gc,phases      ] GC(64)     Dead                           Min: 0, Avg:  0.0, Max: 0, Diff: 0, Sum: 0, Workers: 4
[2396.729s][debug][gc,phases      ] GC(64)     Total                          Min: 0, Avg: 10750.0, Max: 15552, Diff: 15552, Sum: 43000, Workers: 4
[2396.729s][debug][gc,phases      ] GC(64)   ResolvedMethodTable Weak       Min:  0.0, Avg:  0.0, Max:  0.0, Diff:  0.0, Sum:  0.1, Workers: 4
[2396.729s][debug][gc,phases      ] GC(64)     Dead                           Min: 0, Avg:  0.0, Max: 0, Diff: 0, Sum: 0, Workers: 4
[2396.729s][debug][gc,phases      ] GC(64)     Total                          Min: 0, Avg: 2195.8, Max: 3007, Diff: 3007, Sum: 8783, Workers: 4
[2396.729s][debug][gc,phases      ] GC(64)   JNI Weak                       Min:  0.0, Avg:  0.0, Max:  0.0, Diff:  0.0, Sum:  0.0, Workers: 4
[2396.729s][debug][gc,phases      ] GC(64)     Dead                           Min: 0, Avg:  0.0, Max: 0, Diff: 0, Sum: 0, Workers: 4
[2396.729s][debug][gc,phases      ] GC(64)     Total                          Min: 0, Avg: 11.2, Max: 45, Diff: 45, Sum: 45, Workers: 4
[2396.729s][debug][gc,phases      ] GC(64)   StringDedup Table Weak         Min:  0.0, Avg:  0.0, Max:  0.0, Diff:  0.0, Sum:  0.0, Workers: 4
[2396.729s][debug][gc,phases      ] GC(64)     Dead                           Min: 0, Avg:  0.0, Max: 0, Diff: 0, Sum: 0, Workers: 4
[2396.729s][debug][gc,phases      ] GC(64)     Total                          Min: 0, Avg:  0.0, Max: 0, Diff: 0, Sum: 0, Workers: 4
[2396.729s][debug][gc,phases      ] GC(64)   StringDedup Requests0 Weak     Min:  0.0, Avg:  0.0, Max:  0.0, Diff:  0.0, Sum:  0.0, Workers: 4
[2396.729s][debug][gc,phases      ] GC(64)     Dead                           Min: 0, Avg:  0.0, Max: 0, Diff: 0, Sum: 0, Workers: 4
[2396.729s][debug][gc,phases      ] GC(64)     Total                          Min: 0, Avg:  0.0, Max: 0, Diff: 0, Sum: 0, Workers: 4
[2396.729s][debug][gc,phases      ] GC(64)   StringDedup Requests1 Weak     Min:  0.0, Avg:  0.0, Max:  0.0, Diff:  0.0, Sum:  0.0, Workers: 4
[2396.729s][debug][gc,phases      ] GC(64)     Dead                           Min: 0, Avg:  0.0, Max: 0, Diff: 0, Sum: 0, Workers: 4
[2396.729s][debug][gc,phases      ] GC(64)     Total                          Min: 0, Avg:  0.0, Max: 0, Diff: 0, Sum: 0, Workers: 4
[2396.729s][debug][gc,phases      ] GC(64)   Weak JFR Old Object Samples    Min:  0.0, Avg:  0.0, Max:  0.0, Diff:  0.0, Sum:  0.0, Workers: 4
[2396.729s][debug][gc,phases      ] GC(64)     Dead                           Min: 0, Avg:  0.0, Max: 0, Diff: 0, Sum: 0, Workers: 4
[2396.729s][debug][gc,phases      ] GC(64)     Total                          Min: 0, Avg:  0.0, Max: 0, Diff: 0, Sum: 0, Workers: 4
[2396.729s][debug][gc,phases      ] GC(64) Weak Processing 0.429ms
[2396.729s][debug][gc,age         ] GC(64) Desired survivor size 56098816 bytes, new threshold 15 (max threshold 15)
[2396.729s][info ][gc,heap        ] GC(64) PSYoungGen: 2013618K(2034176K)->14984K(2038784K) Eden: 1980416K(1980416K)->0K(1980416K) From: 33202K(53760K)->14984K(58368K)
[2396.729s][info ][gc,heap        ] GC(64) ParOldGen: 448602K(619520K)->448654K(619520K)
[2396.729s][info ][gc,metaspace   ] GC(64) Metaspace: 79989K(80960K)->79989K(80960K) NonClass: 68646K(69184K)->68646K(69184K) Class: 11343K(11776K)->11343K(11776K)
[2396.729s][info ][gc             ] GC(64) Pause Young (Allocation Failure) 2404M->452M(2596M) 7.272ms
[2396.729s][info ][gc,cpu         ] GC(64) User=0.02s Sys=0.00s Real=0.00s
[2396.729s][info ][safepoint      ] Safepoint "ParallelGCFailedAllocation", Time since last: 7860576085 ns, Reaching safepoint: 51901 ns, At safepoint: 7398748 ns, Total: 7450649 ns
[2404.730s][info ][safepoint      ] Safepoint "Cleanup", Time since last: 8000520684 ns, Reaching safepoint: 49401 ns, At safepoint: 3600 ns, Total: 53001 ns
[2411.730s][info ][safepoint      ] Safepoint "Cleanup", Time since last: 7000503932 ns, Reaching safepoint: 53301 ns, At safepoint: 3000 ns, Total: 56301 ns
[2412.730s][info ][safepoint      ] Safepoint "Cleanup", Time since last: 1000104302 ns, Reaching safepoint: 44301 ns, At safepoint: 2900 ns, Total: 47201 ns
[2413.731s][info ][safepoint      ] Safepoint "Cleanup", Time since last: 1000112003 ns, Reaching safepoint: 47201 ns, At safepoint: 2800 ns, Total: 50001 ns
[2418.731s][info ][safepoint      ] Safepoint "Cleanup", Time since last: 5000358501 ns, Reaching safepoint: 44301 ns, At safepoint: 4400 ns, Total: 48701 ns
[2419.731s][info ][safepoint      ] Safepoint "Cleanup", Time since last: 1000108525 ns, Reaching safepoint: 51101 ns, At safepoint: 6100 ns, Total: 57201 ns
[2423.731s][info ][safepoint      ] Safepoint "Cleanup", Time since last: 4000292146 ns, Reaching safepoint: 47001 ns, At safepoint: 8600 ns, Total: 55601 ns
[2429.511s][info ][safepoint      ] Safepoint "Cleanup", Time since last: 5779023030 ns, Reaching safepoint: 75602 ns, At safepoint: 3000 ns, Total: 78602 ns
[2451.512s][info ][safepoint      ] Safepoint "Cleanup", Time since last: 22001541848 ns, Reaching safepoint: 58201 ns, At safepoint: 36101 ns, Total: 94302 ns
[2461.472s][info ][gc,start       ] GC(65) Pause Young (Allocation Failure)
[2461.476s][debug][gc,phases      ] GC(65) Scavenge 4.186ms
[2461.476s][debug][gc,ref         ] GC(65) Skipped phase 1 of Reference Processing: no references
[2461.476s][debug][gc,ref         ] GC(65) ReferenceProcessor::execute queues: 1, RefProcThreadModel::Single, marks_oops_alive: false
[2461.476s][debug][gc,ref         ] GC(65) Skipped phase 3 of Reference Processing: no references
[2461.476s][debug][gc,ref         ] GC(65) ReferenceProcessor::execute queues: 1, RefProcThreadModel::Single, marks_oops_alive: false
[2461.476s][debug][gc,phases      ] GC(65) Reference Processing 0.112ms
[2461.477s][debug][gc,phases      ] GC(65)   VM Weak                        Min:  0.0, Avg:  0.0, Max:  0.0, Diff:  0.0, Sum:  0.0, Workers: 4
[2461.477s][debug][gc,phases      ] GC(65)     Dead                           Min: 0, Avg:  0.0, Max: 0, Diff: 0, Sum: 0, Workers: 4
[2461.477s][debug][gc,phases      ] GC(65)     Total                          Min: 0, Avg: 198.2, Max: 729, Diff: 729, Sum: 793, Workers: 4
[2461.477s][debug][gc,phases      ] GC(65)   ObjectSynchronizer Weak        Min:  0.0, Avg:  0.0, Max:  0.0, Diff:  0.0, Sum:  0.0, Workers: 4
[2461.477s][debug][gc,phases      ] GC(65)     Dead                           Min: 0, Avg:  0.0, Max: 0, Diff: 0, Sum: 0, Workers: 4
[2461.477s][debug][gc,phases      ] GC(65)     Total                          Min: 0, Avg: 12.2, Max: 49, Diff: 49, Sum: 49, Workers: 4
[2461.477s][debug][gc,phases      ] GC(65)   JVMTI Tag Weak OopStorage      Min:  0.0, Avg:  0.0, Max:  0.0, Diff:  0.0, Sum:  0.0, Workers: 4
[2461.477s][debug][gc,phases      ] GC(65)     Dead                           Min: 0, Avg:  0.0, Max: 0, Diff: 0, Sum: 0, Workers: 4
[2461.477s][debug][gc,phases      ] GC(65)     Total                          Min: 0, Avg:  0.0, Max: 0, Diff: 0, Sum: 0, Workers: 4
[2461.477s][debug][gc,phases      ] GC(65)   StringTable Weak               Min:  0.0, Avg:  0.1, Max:  0.1, Diff:  0.1, Sum:  0.4, Workers: 4
[2461.477s][debug][gc,phases      ] GC(65)     Dead                           Min: 0, Avg:  0.0, Max: 0, Diff: 0, Sum: 0, Workers: 4
[2461.477s][debug][gc,phases      ] GC(65)     Total                          Min: 0, Avg: 10752.8, Max: 14979, Diff: 14979, Sum: 43011, Workers: 4
[2461.477s][debug][gc,phases      ] GC(65)   ResolvedMethodTable Weak       Min:  0.0, Avg:  0.0, Max:  0.0, Diff:  0.0, Sum:  0.1, Workers: 4
[2461.477s][debug][gc,phases      ] GC(65)     Dead                           Min: 0, Avg:  0.0, Max: 0, Diff: 0, Sum: 0, Workers: 4
[2461.477s][debug][gc,phases      ] GC(65)     Total                          Min: 0, Avg: 2195.8, Max: 3071, Diff: 3071, Sum: 8783, Workers: 4
[2461.477s][debug][gc,phases      ] GC(65)   JNI Weak                       Min:  0.0, Avg:  0.0, Max:  0.0, Diff:  0.0, Sum:  0.0, Workers: 4
[2461.477s][debug][gc,phases      ] GC(65)     Dead                           Min: 0, Avg:  0.0, Max: 0, Diff: 0, Sum: 0, Workers: 4
[2461.477s][debug][gc,phases      ] GC(65)     Total                          Min: 0, Avg: 11.2, Max: 45, Diff: 45, Sum: 45, Workers: 4
[2461.477s][debug][gc,phases      ] GC(65)   StringDedup Table Weak         Min:  0.0, Avg:  0.0, Max:  0.0, Diff:  0.0, Sum:  0.0, Workers: 4
[2461.477s][debug][gc,phases      ] GC(65)     Dead                           Min: 0, Avg:  0.0, Max: 0, Diff: 0, Sum: 0, Workers: 4
[2461.477s][debug][gc,phases      ] GC(65)     Total                          Min: 0, Avg:  0.0, Max: 0, Diff: 0, Sum: 0, Workers: 4
[2461.477s][debug][gc,phases      ] GC(65)   StringDedup Requests0 Weak     Min:  0.0, Avg:  0.0, Max:  0.0, Diff:  0.0, Sum:  0.0, Workers: 4
[2461.477s][debug][gc,phases      ] GC(65)     Dead                           Min: 0, Avg:  0.0, Max: 0, Diff: 0, Sum: 0, Workers: 4
[2461.477s][debug][gc,phases      ] GC(65)     Total                          Min: 0, Avg:  0.0, Max: 0, Diff: 0, Sum: 0, Workers: 4
[2461.477s][debug][gc,phases      ] GC(65)   StringDedup Requests1 Weak     Min:  0.0, Avg:  0.0, Max:  0.0, Diff:  0.0, Sum:  0.0, Workers: 4
[2461.477s][debug][gc,phases      ] GC(65)     Dead                           Min: 0, Avg:  0.0, Max: 0, Diff: 0, Sum: 0, Workers: 4
[2461.477s][debug][gc,phases      ] GC(65)     Total                          Min: 0, Avg:  0.0, Max: 0, Diff: 0, Sum: 0, Workers: 4
[2461.477s][debug][gc,phases      ] GC(65)   Weak JFR Old Object Samples    Min:  0.0, Avg:  0.0, Max:  0.0, Diff:  0.0, Sum:  0.0, Workers: 4
[2461.477s][debug][gc,phases      ] GC(65)     Dead                           Min: 0, Avg:  0.0, Max: 0, Diff: 0, Sum: 0, Workers: 4
[2461.477s][debug][gc,phases      ] GC(65)     Total                          Min: 0, Avg:  0.0, Max: 0, Diff: 0, Sum: 0, Workers: 4
[2461.477s][debug][gc,phases      ] GC(65) Weak Processing 0.365ms
[2461.477s][debug][gc,age         ] GC(65) Desired survivor size 52953088 bytes, new threshold 15 (max threshold 15)
[2461.477s][info ][gc,heap        ] GC(65) PSYoungGen: 1995400K(2038784K)->14440K(2045440K) Eden: 1980416K(1980416K)->0K(1990656K) From: 14984K(58368K)->14440K(54784K)
[2461.477s][info ][gc,heap        ] GC(65) ParOldGen: 448654K(619520K)->448678K(619520K)
[2461.477s][info ][gc,metaspace   ] GC(65) Metaspace: 80007K(80960K)->80007K(80960K) NonClass: 68663K(69184K)->68663K(69184K) Class: 11343K(11776K)->11343K(11776K)
[2461.477s][info ][gc             ] GC(65) Pause Young (Allocation Failure) 2386M->452M(2602M) 4.822ms
[2461.477s][info ][gc,cpu         ] GC(65) User=0.02s Sys=0.00s Real=0.00s
[2461.477s][info ][safepoint      ] Safepoint "ParallelGCFailedAllocation", Time since last: 9959569029 ns, Reaching safepoint: 101903 ns, At safepoint: 4912304 ns, Total: 5014207 ns
[2483.478s][info ][safepoint      ] Safepoint "Cleanup", Time since last: 22001560380 ns, Reaching safepoint: 50001 ns, At safepoint: 2400 ns, Total: 52401 ns
[2489.922s][info ][safepoint      ] Safepoint "Cleanup", Time since last: 6443874764 ns, Reaching safepoint: 135003 ns, At safepoint: 5400 ns, Total: 140403 ns
[2501.923s][info ][safepoint      ] Safepoint "Cleanup", Time since last: 12000884170 ns, Reaching safepoint: 112103 ns, At safepoint: 6900 ns, Total: 119003 ns
[2525.925s][info ][safepoint      ] Safepoint "Cleanup", Time since last: 24001848592 ns, Reaching safepoint: 120403 ns, At safepoint: 5700 ns, Total: 126103 ns
[2528.026s][info ][gc,start       ] GC(66) Pause Young (Allocation Failure)
[2528.031s][debug][gc,phases      ] GC(66) Scavenge 4.289ms
[2528.031s][debug][gc,ref         ] GC(66) Skipped phase 1 of Reference Processing: no references
[2528.031s][debug][gc,ref         ] GC(66) ReferenceProcessor::execute queues: 1, RefProcThreadModel::Single, marks_oops_alive: false
[2528.031s][debug][gc,ref         ] GC(66) Skipped phase 3 of Reference Processing: no references
[2528.031s][debug][gc,ref         ] GC(66) ReferenceProcessor::execute queues: 1, RefProcThreadModel::Single, marks_oops_alive: false
[2528.031s][debug][gc,phases      ] GC(66) Reference Processing 0.149ms
[2528.031s][debug][gc,phases      ] GC(66)   VM Weak                        Min:  0.0, Avg:  0.0, Max:  0.0, Diff:  0.0, Sum:  0.0, Workers: 4
[2528.031s][debug][gc,phases      ] GC(66)     Dead                           Min: 0, Avg:  0.0, Max: 0, Diff: 0, Sum: 0, Workers: 4
[2528.031s][debug][gc,phases      ] GC(66)     Total                          Min: 0, Avg: 198.2, Max: 793, Diff: 793, Sum: 793, Workers: 4
[2528.031s][debug][gc,phases      ] GC(66)   ObjectSynchronizer Weak        Min:  0.0, Avg:  0.0, Max:  0.0, Diff:  0.0, Sum:  0.0, Workers: 4
[2528.031s][debug][gc,phases      ] GC(66)     Dead                           Min: 0, Avg:  0.0, Max: 0, Diff: 0, Sum: 0, Workers: 4
[2528.031s][debug][gc,phases      ] GC(66)     Total                          Min: 0, Avg: 12.2, Max: 49, Diff: 49, Sum: 49, Workers: 4
[2528.031s][debug][gc,phases      ] GC(66)   JVMTI Tag Weak OopStorage      Min:  0.0, Avg:  0.0, Max:  0.0, Diff:  0.0, Sum:  0.0, Workers: 4
[2528.031s][debug][gc,phases      ] GC(66)     Dead                           Min: 0, Avg:  0.0, Max: 0, Diff: 0, Sum: 0, Workers: 4
[2528.031s][debug][gc,phases      ] GC(66)     Total                          Min: 0, Avg:  0.0, Max: 0, Diff: 0, Sum: 0, Workers: 4
[2528.031s][debug][gc,phases      ] GC(66)   StringTable Weak               Min:  0.0, Avg:  0.1, Max:  0.1, Diff:  0.1, Sum:  0.4, Workers: 4
[2528.031s][debug][gc,phases      ] GC(66)     Dead                           Min: 0, Avg:  0.0, Max: 0, Diff: 0, Sum: 0, Workers: 4
[2528.031s][debug][gc,phases      ] GC(66)     Total                          Min: 0, Avg: 10753.5, Max: 15750, Diff: 15750, Sum: 43014, Workers: 4
[2528.031s][debug][gc,phases      ] GC(66)   ResolvedMethodTable Weak       Min:  0.0, Avg:  0.0, Max:  0.0, Diff:  0.0, Sum:  0.1, Workers: 4
[2528.031s][debug][gc,phases      ] GC(66)     Dead                           Min: 0, Avg:  0.0, Max: 0, Diff: 0, Sum: 0, Workers: 4
[2528.031s][debug][gc,phases      ] GC(66)     Total                          Min: 0, Avg: 2195.8, Max: 3328, Diff: 3328, Sum: 8783, Workers: 4
[2528.031s][debug][gc,phases      ] GC(66)   JNI Weak                       Min:  0.0, Avg:  0.0, Max:  0.0, Diff:  0.0, Sum:  0.0, Workers: 4
[2528.031s][debug][gc,phases      ] GC(66)     Dead                           Min: 0, Avg:  0.0, Max: 0, Diff: 0, Sum: 0, Workers: 4
[2528.031s][debug][gc,phases      ] GC(66)     Total                          Min: 0, Avg: 11.2, Max: 45, Diff: 45, Sum: 45, Workers: 4
[2528.031s][debug][gc,phases      ] GC(66)   StringDedup Table Weak         Min:  0.0, Avg:  0.0, Max:  0.0, Diff:  0.0, Sum:  0.0, Workers: 4
[2528.031s][debug][gc,phases      ] GC(66)     Dead                           Min: 0, Avg:  0.0, Max: 0, Diff: 0, Sum: 0, Workers: 4
[2528.031s][debug][gc,phases      ] GC(66)     Total                          Min: 0, Avg:  0.0, Max: 0, Diff: 0, Sum: 0, Workers: 4
[2528.031s][debug][gc,phases      ] GC(66)   StringDedup Requests0 Weak     Min:  0.0, Avg:  0.0, Max:  0.0, Diff:  0.0, Sum:  0.0, Workers: 4
[2528.031s][debug][gc,phases      ] GC(66)     Dead                           Min: 0, Avg:  0.0, Max: 0, Diff: 0, Sum: 0, Workers: 4
[2528.031s][debug][gc,phases      ] GC(66)     Total                          Min: 0, Avg:  0.0, Max: 0, Diff: 0, Sum: 0, Workers: 4
[2528.031s][debug][gc,phases      ] GC(66)   StringDedup Requests1 Weak     Min:  0.0, Avg:  0.0, Max:  0.0, Diff:  0.0, Sum:  0.0, Workers: 4
[2528.031s][debug][gc,phases      ] GC(66)     Dead                           Min: 0, Avg:  0.0, Max: 0, Diff: 0, Sum: 0, Workers: 4
[2528.031s][debug][gc,phases      ] GC(66)     Total                          Min: 0, Avg:  0.0, Max: 0, Diff: 0, Sum: 0, Workers: 4
[2528.031s][debug][gc,phases      ] GC(66)   Weak JFR Old Object Samples    Min:  0.0, Avg:  0.0, Max:  0.0, Diff:  0.0, Sum:  0.0, Workers: 4
[2528.031s][debug][gc,phases      ] GC(66)     Dead                           Min: 0, Avg:  0.0, Max: 0, Diff: 0, Sum: 0, Workers: 4
[2528.031s][debug][gc,phases      ] GC(66)     Total                          Min: 0, Avg:  0.0, Max: 0, Diff: 0, Sum: 0, Workers: 4
[2528.031s][debug][gc,phases      ] GC(66) Weak Processing 0.456ms
[2528.031s][debug][gc,age         ] GC(66) Desired survivor size 49807360 bytes, new threshold 15 (max threshold 15)
[2528.031s][info ][gc,heap        ] GC(66) PSYoungGen: 2005096K(2045440K)->14600K(2042368K) Eden: 1990656K(1990656K)->0K(1990656K) From: 14440K(54784K)->14600K(51712K)
[2528.031s][info ][gc,heap        ] GC(66) ParOldGen: 448678K(619520K)->448846K(619520K)
[2528.031s][info ][gc,metaspace   ] GC(66) Metaspace: 80013K(80960K)->80013K(80960K) NonClass: 68669K(69184K)->68669K(69184K) Class: 11343K(11776K)->11343K(11776K)
[2528.031s][info ][gc             ] GC(66) Pause Young (Allocation Failure) 2396M->452M(2599M) 5.032ms
[2528.031s][info ][gc,cpu         ] GC(66) User=0.01s Sys=0.01s Real=0.01s
[2528.031s][info ][safepoint      ] Safepoint "ParallelGCFailedAllocation", Time since last: 2100715493 ns, Reaching safepoint: 36300 ns, At safepoint: 5112010 ns, Total: 5148310 ns
[2529.031s][info ][safepoint      ] Safepoint "Cleanup", Time since last: 1000086030 ns, Reaching safepoint: 53101 ns, At safepoint: 2700 ns, Total: 55801 ns
[2530.032s][info ][safepoint      ] Safepoint "Cleanup", Time since last: 1000110031 ns, Reaching safepoint: 54101 ns, At safepoint: 2700 ns, Total: 56801 ns
[2534.032s][info ][safepoint      ] Safepoint "Cleanup", Time since last: 4000309620 ns, Reaching safepoint: 49101 ns, At safepoint: 5701 ns, Total: 54802 ns
[2535.032s][info ][safepoint      ] Safepoint "Cleanup", Time since last: 1000117872 ns, Reaching safepoint: 50602 ns, At safepoint: 4200 ns, Total: 54802 ns
[2544.477s][info ][safepoint      ] Safepoint "Cleanup", Time since last: 9445099272 ns, Reaching safepoint: 46101 ns, At safepoint: 2800 ns, Total: 48901 ns
[2559.478s][info ][safepoint      ] Safepoint "Cleanup", Time since last: 15001043990 ns, Reaching safepoint: 45804 ns, At safepoint: 42703 ns, Total: 88507 ns
[2586.480s][info ][safepoint      ] Safepoint "Cleanup", Time since last: 27001794888 ns, Reaching safepoint: 50201 ns, At safepoint: 2800 ns, Total: 53001 ns
[2588.480s][info ][safepoint      ] Safepoint "Cleanup", Time since last: 2000172255 ns, Reaching safepoint: 48902 ns, At safepoint: 3100 ns, Total: 52002 ns
[2592.524s][info ][gc,start       ] GC(67) Pause Young (Allocation Failure)
[2592.529s][debug][gc,phases      ] GC(67) Scavenge 4.890ms
[2592.529s][debug][gc,ref         ] GC(67) Skipped phase 1 of Reference Processing: no references
[2592.529s][debug][gc,ref         ] GC(67) ReferenceProcessor::execute queues: 1, RefProcThreadModel::Single, marks_oops_alive: false
[2592.529s][debug][gc,ref         ] GC(67) Skipped phase 3 of Reference Processing: no references
[2592.529s][debug][gc,ref         ] GC(67) ReferenceProcessor::execute queues: 1, RefProcThreadModel::Single, marks_oops_alive: false
[2592.529s][debug][gc,phases      ] GC(67) Reference Processing 0.112ms
[2592.529s][debug][gc,phases      ] GC(67)   VM Weak                        Min:  0.0, Avg:  0.0, Max:  0.0, Diff:  0.0, Sum:  0.0, Workers: 4
[2592.529s][debug][gc,phases      ] GC(67)     Dead                           Min: 0, Avg:  0.0, Max: 0, Diff: 0, Sum: 0, Workers: 4
[2592.529s][debug][gc,phases      ] GC(67)     Total                          Min: 0, Avg: 198.2, Max: 409, Diff: 409, Sum: 793, Workers: 4
[2592.529s][debug][gc,phases      ] GC(67)   ObjectSynchronizer Weak        Min:  0.0, Avg:  0.0, Max:  0.0, Diff:  0.0, Sum:  0.0, Workers: 4
[2592.529s][debug][gc,phases      ] GC(67)     Dead                           Min: 0, Avg:  0.0, Max: 0, Diff: 0, Sum: 0, Workers: 4
[2592.529s][debug][gc,phases      ] GC(67)     Total                          Min: 0, Avg: 12.2, Max: 49, Diff: 49, Sum: 49, Workers: 4
[2592.529s][debug][gc,phases      ] GC(67)   JVMTI Tag Weak OopStorage      Min:  0.0, Avg:  0.0, Max:  0.0, Diff:  0.0, Sum:  0.0, Workers: 4
[2592.529s][debug][gc,phases      ] GC(67)     Dead                           Min: 0, Avg:  0.0, Max: 0, Diff: 0, Sum: 0, Workers: 4
[2592.529s][debug][gc,phases      ] GC(67)     Total                          Min: 0, Avg:  0.0, Max: 0, Diff: 0, Sum: 0, Workers: 4
[2592.529s][debug][gc,phases      ] GC(67)   StringTable Weak               Min:  0.0, Avg:  0.1, Max:  0.1, Diff:  0.1, Sum:  0.4, Workers: 4
[2592.529s][debug][gc,phases      ] GC(67)     Dead                           Min: 0, Avg:  0.0, Max: 0, Diff: 0, Sum: 0, Workers: 4
[2592.529s][debug][gc,phases      ] GC(67)     Total                          Min: 0, Avg: 10753.8, Max: 17920, Diff: 17920, Sum: 43015, Workers: 4
[2592.529s][debug][gc,phases      ] GC(67)   ResolvedMethodTable Weak       Min:  0.0, Avg:  0.0, Max:  0.0, Diff:  0.0, Sum:  0.1, Workers: 4
[2592.529s][debug][gc,phases      ] GC(67)     Dead                           Min: 0, Avg:  0.0, Max: 0, Diff: 0, Sum: 0, Workers: 4
[2592.529s][debug][gc,phases      ] GC(67)     Total                          Min: 0, Avg: 2196.2, Max: 3135, Diff: 3135, Sum: 8785, Workers: 4
[2592.529s][debug][gc,phases      ] GC(67)   JNI Weak                       Min:  0.0, Avg:  0.0, Max:  0.0, Diff:  0.0, Sum:  0.0, Workers: 4
[2592.529s][debug][gc,phases      ] GC(67)     Dead                           Min: 0, Avg:  0.0, Max: 0, Diff: 0, Sum: 0, Workers: 4
[2592.530s][debug][gc,phases      ] GC(67)     Total                          Min: 0, Avg: 11.2, Max: 45, Diff: 45, Sum: 45, Workers: 4
[2592.530s][debug][gc,phases      ] GC(67)   StringDedup Table Weak         Min:  0.0, Avg:  0.0, Max:  0.0, Diff:  0.0, Sum:  0.0, Workers: 4
[2592.530s][debug][gc,phases      ] GC(67)     Dead                           Min: 0, Avg:  0.0, Max: 0, Diff: 0, Sum: 0, Workers: 4
[2592.530s][debug][gc,phases      ] GC(67)     Total                          Min: 0, Avg:  0.0, Max: 0, Diff: 0, Sum: 0, Workers: 4
[2592.530s][debug][gc,phases      ] GC(67)   StringDedup Requests0 Weak     Min:  0.0, Avg:  0.0, Max:  0.0, Diff:  0.0, Sum:  0.0, Workers: 4
[2592.530s][debug][gc,phases      ] GC(67)     Dead                           Min: 0, Avg:  0.0, Max: 0, Diff: 0, Sum: 0, Workers: 4
[2592.530s][debug][gc,phases      ] GC(67)     Total                          Min: 0, Avg:  0.0, Max: 0, Diff: 0, Sum: 0, Workers: 4
[2592.530s][debug][gc,phases      ] GC(67)   StringDedup Requests1 Weak     Min:  0.0, Avg:  0.0, Max:  0.0, Diff:  0.0, Sum:  0.0, Workers: 4
[2592.530s][debug][gc,phases      ] GC(67)     Dead                           Min: 0, Avg:  0.0, Max: 0, Diff: 0, Sum: 0, Workers: 4
[2592.530s][debug][gc,phases      ] GC(67)     Total                          Min: 0, Avg:  0.0, Max: 0, Diff: 0, Sum: 0, Workers: 4
[2592.530s][debug][gc,phases      ] GC(67)   Weak JFR Old Object Samples    Min:  0.0, Avg:  0.0, Max:  0.0, Diff:  0.0, Sum:  0.0, Workers: 4
[2592.530s][debug][gc,phases      ] GC(67)     Dead                           Min: 0, Avg:  0.0, Max: 0, Diff: 0, Sum: 0, Workers: 4
[2592.530s][debug][gc,phases      ] GC(67)     Total                          Min: 0, Avg:  0.0, Max: 0, Diff: 0, Sum: 0, Workers: 4
[2592.530s][debug][gc,phases      ] GC(67) Weak Processing 0.360ms
[2592.530s][debug][gc,age         ] GC(67) Desired survivor size 46661632 bytes, new threshold 15 (max threshold 15)
[2592.530s][info ][gc,heap        ] GC(67) PSYoungGen: 2005256K(2042368K)->14536K(2051584K) Eden: 1990656K(1990656K)->0K(2002944K) From: 14600K(51712K)->14536K(48640K)
[2592.530s][info ][gc,heap        ] GC(67) ParOldGen: 448846K(619520K)->448886K(619520K)
[2592.530s][info ][gc,metaspace   ] GC(67) Metaspace: 80023K(80960K)->80023K(80960K) NonClass: 68679K(69184K)->68679K(69184K) Class: 11344K(11776K)->11344K(11776K)
[2592.530s][info ][gc             ] GC(67) Pause Young (Allocation Failure) 2396M->452M(2608M) 5.503ms
[2592.530s][info ][gc,cpu         ] GC(67) User=0.02s Sys=0.00s Real=0.00s
[2592.530s][info ][safepoint      ] Safepoint "ParallelGCFailedAllocation", Time since last: 4043558313 ns, Reaching safepoint: 33701 ns, At safepoint: 5582364 ns, Total: 5616065 ns
[2630.532s][info ][safepoint      ] Safepoint "Cleanup", Time since last: 38002457035 ns, Reaching safepoint: 46501 ns, At safepoint: 3000 ns, Total: 49501 ns
[2660.534s][info ][safepoint      ] Safepoint "Cleanup", Time since last: 30002007126 ns, Reaching safepoint: 39701 ns, At safepoint: 2600 ns, Total: 42301 ns
[2660.972s][info ][gc,start       ] GC(68) Pause Young (Allocation Failure)
[2660.977s][debug][gc,phases      ] GC(68) Scavenge 4.243ms
[2660.977s][debug][gc,ref         ] GC(68) Skipped phase 1 of Reference Processing: no references
[2660.977s][debug][gc,ref         ] GC(68) ReferenceProcessor::execute queues: 1, RefProcThreadModel::Single, marks_oops_alive: false
[2660.977s][debug][gc,ref         ] GC(68) Skipped phase 3 of Reference Processing: no references
[2660.977s][debug][gc,ref         ] GC(68) ReferenceProcessor::execute queues: 1, RefProcThreadModel::Single, marks_oops_alive: false
[2660.977s][debug][gc,phases      ] GC(68) Reference Processing 0.115ms
[2660.977s][debug][gc,phases      ] GC(68)   VM Weak                        Min:  0.0, Avg:  0.0, Max:  0.0, Diff:  0.0, Sum:  0.0, Workers: 4
[2660.977s][debug][gc,phases      ] GC(68)     Dead                           Min: 0, Avg:  0.0, Max: 0, Diff: 0, Sum: 0, Workers: 4
[2660.977s][debug][gc,phases      ] GC(68)     Total                          Min: 0, Avg: 198.2, Max: 512, Diff: 512, Sum: 793, Workers: 4
[2660.977s][debug][gc,phases      ] GC(68)   ObjectSynchronizer Weak        Min:  0.0, Avg:  0.0, Max:  0.0, Diff:  0.0, Sum:  0.0, Workers: 4
[2660.977s][debug][gc,phases      ] GC(68)     Dead                           Min: 0, Avg:  0.0, Max: 0, Diff: 0, Sum: 0, Workers: 4
[2660.977s][debug][gc,phases      ] GC(68)     Total                          Min: 0, Avg: 12.2, Max: 49, Diff: 49, Sum: 49, Workers: 4
[2660.977s][debug][gc,phases      ] GC(68)   JVMTI Tag Weak OopStorage      Min:  0.0, Avg:  0.0, Max:  0.0, Diff:  0.0, Sum:  0.0, Workers: 4
[2660.977s][debug][gc,phases      ] GC(68)     Dead                           Min: 0, Avg:  0.0, Max: 0, Diff: 0, Sum: 0, Workers: 4
[2660.977s][debug][gc,phases      ] GC(68)     Total                          Min: 0, Avg:  0.0, Max: 0, Diff: 0, Sum: 0, Workers: 4
[2660.977s][debug][gc,phases      ] GC(68)   StringTable Weak               Min:  0.0, Avg:  0.1, Max:  0.1, Diff:  0.1, Sum:  0.3, Workers: 4
[2660.977s][debug][gc,phases      ] GC(68)     Dead                           Min: 0, Avg:  0.0, Max: 0, Diff: 0, Sum: 0, Workers: 4
[2660.977s][debug][gc,phases      ] GC(68)     Total                          Min: 0, Avg: 10753.8, Max: 14656, Diff: 14656, Sum: 43015, Workers: 4
[2660.977s][debug][gc,phases      ] GC(68)   ResolvedMethodTable Weak       Min:  0.0, Avg:  0.0, Max:  0.0, Diff:  0.0, Sum:  0.1, Workers: 4
[2660.977s][debug][gc,phases      ] GC(68)     Dead                           Min: 0, Avg:  0.0, Max: 0, Diff: 0, Sum: 0, Workers: 4
[2660.977s][debug][gc,phases      ] GC(68)     Total                          Min: 0, Avg: 2196.2, Max: 3218, Diff: 3218, Sum: 8785, Workers: 4
[2660.977s][debug][gc,phases      ] GC(68)   JNI Weak                       Min:  0.0, Avg:  0.0, Max:  0.0, Diff:  0.0, Sum:  0.0, Workers: 4
[2660.977s][debug][gc,phases      ] GC(68)     Dead                           Min: 0, Avg:  0.0, Max: 0, Diff: 0, Sum: 0, Workers: 4
[2660.977s][debug][gc,phases      ] GC(68)     Total                          Min: 0, Avg: 11.2, Max: 45, Diff: 45, Sum: 45, Workers: 4
[2660.977s][debug][gc,phases      ] GC(68)   StringDedup Table Weak         Min:  0.0, Avg:  0.0, Max:  0.0, Diff:  0.0, Sum:  0.0, Workers: 4
[2660.977s][debug][gc,phases      ] GC(68)     Dead                           Min: 0, Avg:  0.0, Max: 0, Diff: 0, Sum: 0, Workers: 4
[2660.977s][debug][gc,phases      ] GC(68)     Total                          Min: 0, Avg:  0.0, Max: 0, Diff: 0, Sum: 0, Workers: 4
[2660.977s][debug][gc,phases      ] GC(68)   StringDedup Requests0 Weak     Min:  0.0, Avg:  0.0, Max:  0.0, Diff:  0.0, Sum:  0.0, Workers: 4
[2660.977s][debug][gc,phases      ] GC(68)     Dead                           Min: 0, Avg:  0.0, Max: 0, Diff: 0, Sum: 0, Workers: 4
[2660.977s][debug][gc,phases      ] GC(68)     Total                          Min: 0, Avg:  0.0, Max: 0, Diff: 0, Sum: 0, Workers: 4
[2660.977s][debug][gc,phases      ] GC(68)   StringDedup Requests1 Weak     Min:  0.0, Avg:  0.0, Max:  0.0, Diff:  0.0, Sum:  0.0, Workers: 4
[2660.977s][debug][gc,phases      ] GC(68)     Dead                           Min: 0, Avg:  0.0, Max: 0, Diff: 0, Sum: 0, Workers: 4
[2660.977s][debug][gc,phases      ] GC(68)     Total                          Min: 0, Avg:  0.0, Max: 0, Diff: 0, Sum: 0, Workers: 4
[2660.977s][debug][gc,phases      ] GC(68)   Weak JFR Old Object Samples    Min:  0.0, Avg:  0.0, Max:  0.0, Diff:  0.0, Sum:  0.0, Workers: 4
[2660.977s][debug][gc,phases      ] GC(68)     Dead                           Min: 0, Avg:  0.0, Max: 0, Diff: 0, Sum: 0, Workers: 4
[2660.977s][debug][gc,phases      ] GC(68)     Total                          Min: 0, Avg:  0.0, Max: 0, Diff: 0, Sum: 0, Workers: 4
[2660.977s][debug][gc,phases      ] GC(68) Weak Processing 0.326ms
[2660.977s][debug][gc,age         ] GC(68) Desired survivor size 44040192 bytes, new threshold 15 (max threshold 15)
[2660.977s][info ][gc,heap        ] GC(68) PSYoungGen: 2017480K(2051584K)->14360K(2048512K) Eden: 2002944K(2002944K)->0K(2002944K) From: 14536K(48640K)->14360K(45568K)
[2660.977s][info ][gc,heap        ] GC(68) ParOldGen: 448886K(619520K)->448918K(619520K)
[2660.977s][info ][gc,metaspace   ] GC(68) Metaspace: 80028K(80960K)->80028K(80960K) NonClass: 68684K(69184K)->68684K(69184K) Class: 11344K(11776K)->11344K(11776K)
[2660.977s][info ][gc             ] GC(68) Pause Young (Allocation Failure) 2408M->452M(2605M) 4.813ms
[2660.977s][info ][gc,cpu         ] GC(68) User=0.01s Sys=0.00s Real=0.00s
[2660.977s][info ][safepoint      ] Safepoint "ParallelGCFailedAllocation", Time since last: 438046170 ns, Reaching safepoint: 105703 ns, At safepoint: 4898830 ns, Total: 5004533 ns
[2672.978s][info ][safepoint      ] Safepoint "Cleanup", Time since last: 12000796291 ns, Reaching safepoint: 51801 ns, At safepoint: 2700 ns, Total: 54501 ns
[2674.978s][info ][safepoint      ] Safepoint "Cleanup", Time since last: 2000177851 ns, Reaching safepoint: 50701 ns, At safepoint: 3000 ns, Total: 53701 ns
[2687.979s][info ][safepoint      ] Safepoint "Cleanup", Time since last: 13000847960 ns, Reaching safepoint: 52701 ns, At safepoint: 5901 ns, Total: 58602 ns
[2689.979s][info ][safepoint      ] Safepoint "Cleanup", Time since last: 2000187798 ns, Reaching safepoint: 50002 ns, At safepoint: 2700 ns, Total: 52702 ns
[2691.980s][info ][safepoint      ] Safepoint "Cleanup", Time since last: 2000179398 ns, Reaching safepoint: 47702 ns, At safepoint: 24300 ns, Total: 72002 ns
[2692.980s][info ][safepoint      ] Safepoint "Cleanup", Time since last: 1000101500 ns, Reaching safepoint: 50601 ns, At safepoint: 8200 ns, Total: 58801 ns
[2697.980s][info ][safepoint      ] Safepoint "Cleanup", Time since last: 5000394623 ns, Reaching safepoint: 45901 ns, At safepoint: 3500 ns, Total: 49401 ns
[2699.981s][info ][safepoint      ] Safepoint "Cleanup", Time since last: 2000196950 ns, Reaching safepoint: 42901 ns, At safepoint: 9200 ns, Total: 52101 ns
[2701.981s][info ][safepoint      ] Safepoint "Cleanup", Time since last: 2000180940 ns, Reaching safepoint: 50001 ns, At safepoint: 7700 ns, Total: 57701 ns
[2702.981s][info ][safepoint      ] Safepoint "Cleanup", Time since last: 1000101970 ns, Reaching safepoint: 51302 ns, At safepoint: 3100 ns, Total: 54402 ns
[2704.981s][info ][safepoint      ] Safepoint "Cleanup", Time since last: 2000198873 ns, Reaching safepoint: 52902 ns, At safepoint: 8300 ns, Total: 61202 ns
[2705.981s][info ][safepoint      ] Safepoint "Cleanup", Time since last: 1000125835 ns, Reaching safepoint: 115103 ns, At safepoint: 10401 ns, Total: 125504 ns
[2706.982s][info ][safepoint      ] Safepoint "Cleanup", Time since last: 1000124335 ns, Reaching safepoint: 48601 ns, At safepoint: 2800 ns, Total: 51401 ns
[2709.982s][info ][safepoint      ] Safepoint "Cleanup", Time since last: 3000244802 ns, Reaching safepoint: 48902 ns, At safepoint: 4800 ns, Total: 53702 ns
[2710.982s][info ][safepoint      ] Safepoint "Cleanup", Time since last: 1000112635 ns, Reaching safepoint: 60101 ns, At safepoint: 6601 ns, Total: 66702 ns
[2719.983s][info ][safepoint      ] Safepoint "Cleanup", Time since last: 9000652810 ns, Reaching safepoint: 51401 ns, At safepoint: 5600 ns, Total: 57001 ns
[2726.983s][info ][safepoint      ] Safepoint "Cleanup", Time since last: 7000506302 ns, Reaching safepoint: 49501 ns, At safepoint: 2700 ns, Total: 52201 ns
[2729.415s][info ][gc,start       ] GC(69) Pause Young (Allocation Failure)
[2729.419s][debug][gc,phases      ] GC(69) Scavenge 4.171ms
[2729.419s][debug][gc,ref         ] GC(69) Skipped phase 1 of Reference Processing: no references
[2729.419s][debug][gc,ref         ] GC(69) ReferenceProcessor::execute queues: 1, RefProcThreadModel::Single, marks_oops_alive: false
[2729.419s][debug][gc,ref         ] GC(69) Skipped phase 3 of Reference Processing: no references
[2729.419s][debug][gc,ref         ] GC(69) ReferenceProcessor::execute queues: 1, RefProcThreadModel::Single, marks_oops_alive: false
[2729.419s][debug][gc,phases      ] GC(69) Reference Processing 0.115ms
[2729.420s][debug][gc,phases      ] GC(69)   VM Weak                        Min:  0.0, Avg:  0.0, Max:  0.0, Diff:  0.0, Sum:  0.0, Workers: 4
[2729.420s][debug][gc,phases      ] GC(69)     Dead                           Min: 0, Avg:  0.0, Max: 0, Diff: 0, Sum: 0, Workers: 4
[2729.420s][debug][gc,phases      ] GC(69)     Total                          Min: 0, Avg: 198.2, Max: 512, Diff: 512, Sum: 793, Workers: 4
[2729.420s][debug][gc,phases      ] GC(69)   ObjectSynchronizer Weak        Min:  0.0, Avg:  0.0, Max:  0.0, Diff:  0.0, Sum:  0.0, Workers: 4
[2729.420s][debug][gc,phases      ] GC(69)     Dead                           Min: 0, Avg:  0.0, Max: 0, Diff: 0, Sum: 0, Workers: 4
[2729.420s][debug][gc,phases      ] GC(69)     Total                          Min: 0, Avg: 12.2, Max: 49, Diff: 49, Sum: 49, Workers: 4
[2729.420s][debug][gc,phases      ] GC(69)   JVMTI Tag Weak OopStorage      Min:  0.0, Avg:  0.0, Max:  0.0, Diff:  0.0, Sum:  0.0, Workers: 4
[2729.420s][debug][gc,phases      ] GC(69)     Dead                           Min: 0, Avg:  0.0, Max: 0, Diff: 0, Sum: 0, Workers: 4
[2729.420s][debug][gc,phases      ] GC(69)     Total                          Min: 0, Avg:  0.0, Max: 0, Diff: 0, Sum: 0, Workers: 4
[2729.420s][debug][gc,phases      ] GC(69)   StringTable Weak               Min:  0.0, Avg:  0.1, Max:  0.1, Diff:  0.1, Sum:  0.4, Workers: 4
[2729.420s][debug][gc,phases      ] GC(69)     Dead                           Min: 0, Avg:  0.0, Max: 0, Diff: 0, Sum: 0, Workers: 4
[2729.420s][debug][gc,phases      ] GC(69)     Total                          Min: 0, Avg: 10756.2, Max: 14912, Diff: 14912, Sum: 43025, Workers: 4
[2729.420s][debug][gc,phases      ] GC(69)   ResolvedMethodTable Weak       Min:  0.0, Avg:  0.0, Max:  0.0, Diff:  0.0, Sum:  0.1, Workers: 4
[2729.420s][debug][gc,phases      ] GC(69)     Dead                           Min: 0, Avg:  0.0, Max: 0, Diff: 0, Sum: 0, Workers: 4
[2729.420s][debug][gc,phases      ] GC(69)     Total                          Min: 0, Avg: 2196.2, Max: 3008, Diff: 3008, Sum: 8785, Workers: 4
[2729.420s][debug][gc,phases      ] GC(69)   JNI Weak                       Min:  0.0, Avg:  0.0, Max:  0.0, Diff:  0.0, Sum:  0.0, Workers: 4
[2729.420s][debug][gc,phases      ] GC(69)     Dead                           Min: 0, Avg:  0.0, Max: 0, Diff: 0, Sum: 0, Workers: 4
[2729.420s][debug][gc,phases      ] GC(69)     Total                          Min: 0, Avg: 11.2, Max: 45, Diff: 45, Sum: 45, Workers: 4
[2729.420s][debug][gc,phases      ] GC(69)   StringDedup Table Weak         Min:  0.0, Avg:  0.0, Max:  0.0, Diff:  0.0, Sum:  0.0, Workers: 4
[2729.420s][debug][gc,phases      ] GC(69)     Dead                           Min: 0, Avg:  0.0, Max: 0, Diff: 0, Sum: 0, Workers: 4
[2729.420s][debug][gc,phases      ] GC(69)     Total                          Min: 0, Avg:  0.0, Max: 0, Diff: 0, Sum: 0, Workers: 4
[2729.420s][debug][gc,phases      ] GC(69)   StringDedup Requests0 Weak     Min:  0.0, Avg:  0.0, Max:  0.0, Diff:  0.0, Sum:  0.0, Workers: 4
[2729.420s][debug][gc,phases      ] GC(69)     Dead                           Min: 0, Avg:  0.0, Max: 0, Diff: 0, Sum: 0, Workers: 4
[2729.420s][debug][gc,phases      ] GC(69)     Total                          Min: 0, Avg:  0.0, Max: 0, Diff: 0, Sum: 0, Workers: 4
[2729.420s][debug][gc,phases      ] GC(69)   StringDedup Requests1 Weak     Min:  0.0, Avg:  0.0, Max:  0.0, Diff:  0.0, Sum:  0.0, Workers: 4
[2729.420s][debug][gc,phases      ] GC(69)     Dead                           Min: 0, Avg:  0.0, Max: 0, Diff: 0, Sum: 0, Workers: 4
[2729.420s][debug][gc,phases      ] GC(69)     Total                          Min: 0, Avg:  0.0, Max: 0, Diff: 0, Sum: 0, Workers: 4
[2729.420s][debug][gc,phases      ] GC(69)   Weak JFR Old Object Samples    Min:  0.0, Avg:  0.0, Max:  0.0, Diff:  0.0, Sum:  0.0, Workers: 4
[2729.420s][debug][gc,phases      ] GC(69)     Dead                           Min: 0, Avg:  0.0, Max: 0, Diff: 0, Sum: 0, Workers: 4
[2729.420s][debug][gc,phases      ] GC(69)     Total                          Min: 0, Avg:  0.0, Max: 0, Diff: 0, Sum: 0, Workers: 4
[2729.420s][debug][gc,phases      ] GC(69) Weak Processing 0.354ms
[2729.420s][debug][gc,age         ] GC(69) Desired survivor size 41418752 bytes, new threshold 15 (max threshold 15)
[2729.420s][info ][gc,heap        ] GC(69) PSYoungGen: 2017304K(2048512K)->14456K(2056704K) Eden: 2002944K(2002944K)->0K(2013696K) From: 14360K(45568K)->14456K(43008K)
[2729.420s][info ][gc,heap        ] GC(69) ParOldGen: 448918K(619520K)->448950K(619520K)
[2729.420s][info ][gc,metaspace   ] GC(69) Metaspace: 80045K(81024K)->80045K(81024K) NonClass: 68700K(69248K)->68700K(69248K) Class: 11344K(11776K)->11344K(11776K)
[2729.420s][info ][gc             ] GC(69) Pause Young (Allocation Failure) 2408M->452M(2613M) 4.772ms
[2729.420s][info ][gc,cpu         ] GC(69) User=0.02s Sys=0.00s Real=0.01s
[2729.420s][info ][safepoint      ] Safepoint "ParallelGCFailedAllocation", Time since last: 2431490305 ns, Reaching safepoint: 34601 ns, At safepoint: 4848731 ns, Total: 4883332 ns
[2734.420s][info ][safepoint      ] Safepoint "Cleanup", Time since last: 5000354104 ns, Reaching safepoint: 119304 ns, At safepoint: 4900 ns, Total: 124204 ns
[2737.421s][info ][safepoint      ] Safepoint "Cleanup", Time since last: 3000290309 ns, Reaching safepoint: 123703 ns, At safepoint: 5100 ns, Total: 128803 ns
[2751.422s][info ][safepoint      ] Safepoint "Cleanup", Time since last: 14001078368 ns, Reaching safepoint: 121403 ns, At safepoint: 5800 ns, Total: 127203 ns
[2755.422s][info ][safepoint      ] Safepoint "Cleanup", Time since last: 4000355472 ns, Reaching safepoint: 138703 ns, At safepoint: 12800 ns, Total: 151503 ns
[2756.423s][info ][safepoint      ] Safepoint "Cleanup", Time since last: 1000127716 ns, Reaching safepoint: 116103 ns, At safepoint: 3400 ns, Total: 119503 ns
[2760.423s][info ][safepoint      ] Safepoint "Cleanup", Time since last: 4000337710 ns, Reaching safepoint: 148204 ns, At safepoint: 7000 ns, Total: 155204 ns
[2769.424s][info ][safepoint      ] Safepoint "Cleanup", Time since last: 9000713577 ns, Reaching safepoint: 128604 ns, At safepoint: 7000 ns, Total: 135604 ns
[2777.425s][info ][safepoint      ] Safepoint "Cleanup", Time since last: 8000633688 ns, Reaching safepoint: 117303 ns, At safepoint: 6200 ns, Total: 123503 ns
[2779.425s][info ][safepoint      ] Safepoint "Cleanup", Time since last: 2000203748 ns, Reaching safepoint: 118003 ns, At safepoint: 5100 ns, Total: 123103 ns
[2797.475s][info ][gc,start       ] GC(70) Pause Young (Allocation Failure)
[2797.479s][debug][gc,phases      ] GC(70) Scavenge 4.160ms
[2797.479s][debug][gc,ref         ] GC(70) Skipped phase 1 of Reference Processing: no references
[2797.479s][debug][gc,ref         ] GC(70) ReferenceProcessor::execute queues: 1, RefProcThreadModel::Single, marks_oops_alive: false
[2797.479s][debug][gc,ref         ] GC(70) Skipped phase 3 of Reference Processing: no references
[2797.479s][debug][gc,ref         ] GC(70) ReferenceProcessor::execute queues: 1, RefProcThreadModel::Single, marks_oops_alive: false
[2797.479s][debug][gc,phases      ] GC(70) Reference Processing 0.116ms
[2797.479s][debug][gc,phases      ] GC(70)   VM Weak                        Min:  0.0, Avg:  0.0, Max:  0.0, Diff:  0.0, Sum:  0.0, Workers: 4
[2797.479s][debug][gc,phases      ] GC(70)     Dead                           Min: 0, Avg:  0.0, Max: 0, Diff: 0, Sum: 0, Workers: 4
[2797.479s][debug][gc,phases      ] GC(70)     Total                          Min: 0, Avg: 198.2, Max: 345, Diff: 345, Sum: 793, Workers: 4
[2797.479s][debug][gc,phases      ] GC(70)   ObjectSynchronizer Weak        Min:  0.0, Avg:  0.0, Max:  0.0, Diff:  0.0, Sum:  0.0, Workers: 4
[2797.479s][debug][gc,phases      ] GC(70)     Dead                           Min: 0, Avg:  0.0, Max: 0, Diff: 0, Sum: 0, Workers: 4
[2797.479s][debug][gc,phases      ] GC(70)     Total                          Min: 0, Avg: 12.2, Max: 49, Diff: 49, Sum: 49, Workers: 4
[2797.479s][debug][gc,phases      ] GC(70)   JVMTI Tag Weak OopStorage      Min:  0.0, Avg:  0.0, Max:  0.0, Diff:  0.0, Sum:  0.0, Workers: 4
[2797.479s][debug][gc,phases      ] GC(70)     Dead                           Min: 0, Avg:  0.0, Max: 0, Diff: 0, Sum: 0, Workers: 4
[2797.479s][debug][gc,phases      ] GC(70)     Total                          Min: 0, Avg:  0.0, Max: 0, Diff: 0, Sum: 0, Workers: 4
[2797.479s][debug][gc,phases      ] GC(70)   StringTable Weak               Min:  0.1, Avg:  0.1, Max:  0.1, Diff:  0.0, Sum:  0.4, Workers: 4
[2797.479s][debug][gc,phases      ] GC(70)     Dead                           Min: 0, Avg:  0.0, Max: 0, Diff: 0, Sum: 0, Workers: 4
[2797.479s][debug][gc,phases      ] GC(70)     Total                          Min: 9536, Avg: 10757.2, Max: 11712, Diff: 2176, Sum: 43029, Workers: 4
[2797.479s][debug][gc,phases      ] GC(70)   ResolvedMethodTable Weak       Min:  0.0, Avg:  0.0, Max:  0.0, Diff:  0.0, Sum:  0.1, Workers: 4
[2797.479s][debug][gc,phases      ] GC(70)     Dead                           Min: 0, Avg:  0.0, Max: 0, Diff: 0, Sum: 0, Workers: 4
[2797.479s][debug][gc,phases      ] GC(70)     Total                          Min: 2002, Avg: 2196.2, Max: 2367, Diff: 365, Sum: 8785, Workers: 4
[2797.479s][debug][gc,phases      ] GC(70)   JNI Weak                       Min:  0.0, Avg:  0.0, Max:  0.0, Diff:  0.0, Sum:  0.0, Workers: 4
[2797.479s][debug][gc,phases      ] GC(70)     Dead                           Min: 0, Avg:  0.0, Max: 0, Diff: 0, Sum: 0, Workers: 4
[2797.479s][debug][gc,phases      ] GC(70)     Total                          Min: 0, Avg: 11.2, Max: 45, Diff: 45, Sum: 45, Workers: 4
[2797.479s][debug][gc,phases      ] GC(70)   StringDedup Table Weak         Min:  0.0, Avg:  0.0, Max:  0.0, Diff:  0.0, Sum:  0.0, Workers: 4
[2797.479s][debug][gc,phases      ] GC(70)     Dead                           Min: 0, Avg:  0.0, Max: 0, Diff: 0, Sum: 0, Workers: 4
[2797.479s][debug][gc,phases      ] GC(70)     Total                          Min: 0, Avg:  0.0, Max: 0, Diff: 0, Sum: 0, Workers: 4
[2797.479s][debug][gc,phases      ] GC(70)   StringDedup Requests0 Weak     Min:  0.0, Avg:  0.0, Max:  0.0, Diff:  0.0, Sum:  0.0, Workers: 4
[2797.479s][debug][gc,phases      ] GC(70)     Dead                           Min: 0, Avg:  0.0, Max: 0, Diff: 0, Sum: 0, Workers: 4
[2797.479s][debug][gc,phases      ] GC(70)     Total                          Min: 0, Avg:  0.0, Max: 0, Diff: 0, Sum: 0, Workers: 4
[2797.479s][debug][gc,phases      ] GC(70)   StringDedup Requests1 Weak     Min:  0.0, Avg:  0.0, Max:  0.0, Diff:  0.0, Sum:  0.0, Workers: 4
[2797.479s][debug][gc,phases      ] GC(70)     Dead                           Min: 0, Avg:  0.0, Max: 0, Diff: 0, Sum: 0, Workers: 4
[2797.479s][debug][gc,phases      ] GC(70)     Total                          Min: 0, Avg:  0.0, Max: 0, Diff: 0, Sum: 0, Workers: 4
[2797.479s][debug][gc,phases      ] GC(70)   Weak JFR Old Object Samples    Min:  0.0, Avg:  0.0, Max:  0.0, Diff:  0.0, Sum:  0.0, Workers: 4
[2797.479s][debug][gc,phases      ] GC(70)     Dead                           Min: 0, Avg:  0.0, Max: 0, Diff: 0, Sum: 0, Workers: 4
[2797.479s][debug][gc,phases      ] GC(70)     Total                          Min: 0, Avg:  0.0, Max: 0, Diff: 0, Sum: 0, Workers: 4
[2797.479s][debug][gc,phases      ] GC(70) Weak Processing 0.329ms
[2797.479s][debug][gc,age         ] GC(70) Desired survivor size 39321600 bytes, new threshold 15 (max threshold 15)
[2797.479s][info ][gc,heap        ] GC(70) PSYoungGen: 2028152K(2056704K)->14792K(2054144K) Eden: 2013696K(2013696K)->0K(2013696K) From: 14456K(43008K)->14792K(40448K)
[2797.479s][info ][gc,heap        ] GC(70) ParOldGen: 448950K(619520K)->449026K(619520K)
[2797.479s][info ][gc,metaspace   ] GC(70) Metaspace: 80062K(81024K)->80062K(81024K) NonClass: 68717K(69248K)->68717K(69248K) Class: 11345K(11776K)->11345K(11776K)
[2797.479s][info ][gc             ] GC(70) Pause Young (Allocation Failure) 2419M->452M(2611M) 4.789ms
[2797.479s][info ][gc,cpu         ] GC(70) User=0.02s Sys=0.00s Real=0.01s
[2797.480s][info ][safepoint      ] Safepoint "ParallelGCFailedAllocation", Time since last: 18049429112 ns, Reaching safepoint: 143104 ns, At safepoint: 4871218 ns, Total: 5014322 ns
[2799.480s][info ][safepoint      ] Safepoint "Cleanup", Time since last: 2000157834 ns, Reaching safepoint: 47602 ns, At safepoint: 4300 ns, Total: 51902 ns
[2804.480s][info ][safepoint      ] Safepoint "Cleanup", Time since last: 5000362868 ns, Reaching safepoint: 51602 ns, At safepoint: 2500 ns, Total: 54102 ns
[2805.480s][info ][safepoint      ] Safepoint "Cleanup", Time since last: 1000109794 ns, Reaching safepoint: 45002 ns, At safepoint: 2800 ns, Total: 47802 ns
[2808.481s][info ][safepoint      ] Safepoint "Cleanup", Time since last: 3000252750 ns, Reaching safepoint: 63602 ns, At safepoint: 3900 ns, Total: 67502 ns
[2816.481s][info ][safepoint      ] Safepoint "Cleanup", Time since last: 8000556954 ns, Reaching safepoint: 44701 ns, At safepoint: 2700 ns, Total: 47401 ns
[2823.482s][info ][safepoint      ] Safepoint "Cleanup", Time since last: 7000510262 ns, Reaching safepoint: 57002 ns, At safepoint: 2800 ns, Total: 59802 ns
[2825.482s][info ][safepoint      ] Safepoint "Cleanup", Time since last: 2000145554 ns, Reaching safepoint: 46901 ns, At safepoint: 4301 ns, Total: 51202 ns
[2847.484s][info ][safepoint      ] Safepoint "Cleanup", Time since last: 22001510866 ns, Reaching safepoint: 54802 ns, At safepoint: 3800 ns, Total: 58602 ns
[2848.484s][info ][safepoint      ] Safepoint "Cleanup", Time since last: 1000140780 ns, Reaching safepoint: 51101 ns, At safepoint: 10101 ns, Total: 61202 ns
[2850.484s][info ][safepoint      ] Safepoint "Cleanup", Time since last: 2000188258 ns, Reaching safepoint: 52801 ns, At safepoint: 2600 ns, Total: 55401 ns
[2855.484s][info ][safepoint      ] Safepoint "Cleanup", Time since last: 5000371065 ns, Reaching safepoint: 69302 ns, At safepoint: 5600 ns, Total: 74902 ns
[2856.485s][info ][safepoint      ] Safepoint "Cleanup", Time since last: 1000124214 ns, Reaching safepoint: 71202 ns, At safepoint: 7100 ns, Total: 78302 ns
[2857.378s][info ][gc,start       ] GC(71) Pause Young (Allocation Failure)
[2857.386s][debug][gc,phases      ] GC(71) Scavenge 7.273ms
[2857.386s][debug][gc,ref         ] GC(71) Skipped phase 1 of Reference Processing: no references
[2857.386s][debug][gc,ref         ] GC(71) ReferenceProcessor::execute queues: 1, RefProcThreadModel::Single, marks_oops_alive: false
[2857.386s][debug][gc,ref         ] GC(71) Skipped phase 3 of Reference Processing: no references
[2857.386s][debug][gc,ref         ] GC(71) ReferenceProcessor::execute queues: 1, RefProcThreadModel::Single, marks_oops_alive: false
[2857.386s][debug][gc,phases      ] GC(71) Reference Processing 0.133ms
[2857.386s][debug][gc,phases      ] GC(71)   VM Weak                        Min:  0.0, Avg:  0.0, Max:  0.0, Diff:  0.0, Sum:  0.0, Workers: 4
[2857.386s][debug][gc,phases      ] GC(71)     Dead                           Min: 0, Avg:  0.0, Max: 0, Diff: 0, Sum: 0, Workers: 4
[2857.386s][debug][gc,phases      ] GC(71)     Total                          Min: 0, Avg: 198.2, Max: 793, Diff: 793, Sum: 793, Workers: 4
[2857.386s][debug][gc,phases      ] GC(71)   ObjectSynchronizer Weak        Min:  0.0, Avg:  0.0, Max:  0.0, Diff:  0.0, Sum:  0.0, Workers: 4
[2857.386s][debug][gc,phases      ] GC(71)     Dead                           Min: 0, Avg:  0.0, Max: 0, Diff: 0, Sum: 0, Workers: 4
[2857.386s][debug][gc,phases      ] GC(71)     Total                          Min: 0, Avg: 12.2, Max: 49, Diff: 49, Sum: 49, Workers: 4
[2857.386s][debug][gc,phases      ] GC(71)   JVMTI Tag Weak OopStorage      Min:  0.0, Avg:  0.0, Max:  0.0, Diff:  0.0, Sum:  0.0, Workers: 4
[2857.386s][debug][gc,phases      ] GC(71)     Dead                           Min: 0, Avg:  0.0, Max: 0, Diff: 0, Sum: 0, Workers: 4
[2857.386s][debug][gc,phases      ] GC(71)     Total                          Min: 0, Avg:  0.0, Max: 0, Diff: 0, Sum: 0, Workers: 4
[2857.386s][debug][gc,phases      ] GC(71)   StringTable Weak               Min:  0.0, Avg:  0.1, Max:  0.1, Diff:  0.1, Sum:  0.4, Workers: 4
[2857.386s][debug][gc,phases      ] GC(71)     Dead                           Min: 0, Avg:  0.0, Max: 0, Diff: 0, Sum: 0, Workers: 4
[2857.386s][debug][gc,phases      ] GC(71)     Total                          Min: 0, Avg: 10757.5, Max: 16342, Diff: 16342, Sum: 43030, Workers: 4
[2857.386s][debug][gc,phases      ] GC(71)   ResolvedMethodTable Weak       Min:  0.0, Avg:  0.0, Max:  0.0, Diff:  0.0, Sum:  0.1, Workers: 4
[2857.386s][debug][gc,phases      ] GC(71)     Dead                           Min: 0, Avg:  0.0, Max: 0, Diff: 0, Sum: 0, Workers: 4
[2857.386s][debug][gc,phases      ] GC(71)     Total                          Min: 0, Avg: 2196.2, Max: 3456, Diff: 3456, Sum: 8785, Workers: 4
[2857.386s][debug][gc,phases      ] GC(71)   JNI Weak                       Min:  0.0, Avg:  0.0, Max:  0.0, Diff:  0.0, Sum:  0.0, Workers: 4
[2857.386s][debug][gc,phases      ] GC(71)     Dead                           Min: 0, Avg:  0.0, Max: 0, Diff: 0, Sum: 0, Workers: 4
[2857.386s][debug][gc,phases      ] GC(71)     Total                          Min: 0, Avg: 11.2, Max: 45, Diff: 45, Sum: 45, Workers: 4
[2857.386s][debug][gc,phases      ] GC(71)   StringDedup Table Weak         Min:  0.0, Avg:  0.0, Max:  0.0, Diff:  0.0, Sum:  0.0, Workers: 4
[2857.386s][debug][gc,phases      ] GC(71)     Dead                           Min: 0, Avg:  0.0, Max: 0, Diff: 0, Sum: 0, Workers: 4
[2857.386s][debug][gc,phases      ] GC(71)     Total                          Min: 0, Avg:  0.0, Max: 0, Diff: 0, Sum: 0, Workers: 4
[2857.386s][debug][gc,phases      ] GC(71)   StringDedup Requests0 Weak     Min:  0.0, Avg:  0.0, Max:  0.0, Diff:  0.0, Sum:  0.0, Workers: 4
[2857.386s][debug][gc,phases      ] GC(71)     Dead                           Min: 0, Avg:  0.0, Max: 0, Diff: 0, Sum: 0, Workers: 4
[2857.386s][debug][gc,phases      ] GC(71)     Total                          Min: 0, Avg:  0.0, Max: 0, Diff: 0, Sum: 0, Workers: 4
[2857.386s][debug][gc,phases      ] GC(71)   StringDedup Requests1 Weak     Min:  0.0, Avg:  0.0, Max:  0.0, Diff:  0.0, Sum:  0.0, Workers: 4
[2857.386s][debug][gc,phases      ] GC(71)     Dead                           Min: 0, Avg:  0.0, Max: 0, Diff: 0, Sum: 0, Workers: 4
[2857.386s][debug][gc,phases      ] GC(71)     Total                          Min: 0, Avg:  0.0, Max: 0, Diff: 0, Sum: 0, Workers: 4
[2857.386s][debug][gc,phases      ] GC(71)   Weak JFR Old Object Samples    Min:  0.0, Avg:  0.0, Max:  0.0, Diff:  0.0, Sum:  0.0, Workers: 4
[2857.386s][debug][gc,phases      ] GC(71)     Dead                           Min: 0, Avg:  0.0, Max: 0, Diff: 0, Sum: 0, Workers: 4
[2857.386s][debug][gc,phases      ] GC(71)     Total                          Min: 0, Avg:  0.0, Max: 0, Diff: 0, Sum: 0, Workers: 4
[2857.386s][debug][gc,phases      ] GC(71) Weak Processing 0.358ms
[2857.386s][debug][gc,age         ] GC(71) Desired survivor size 37224448 bytes, new threshold 15 (max threshold 15)
[2857.386s][info ][gc,heap        ] GC(71) PSYoungGen: 2028488K(2054144K)->14787K(2060800K) Eden: 2013696K(2013696K)->0K(2022400K) From: 14792K(40448K)->14787K(38400K)
[2857.386s][info ][gc,heap        ] GC(71) ParOldGen: 449026K(619520K)->449094K(619520K)
[2857.386s][info ][gc,metaspace   ] GC(71) Metaspace: 80079K(81024K)->80079K(81024K) NonClass: 68734K(69248K)->68734K(69248K) Class: 11345K(11776K)->11345K(11776K)
[2857.386s][info ][gc             ] GC(71) Pause Young (Allocation Failure) 2419M->453M(2617M) 7.901ms
[2857.386s][info ][gc,cpu         ] GC(71) User=0.03s Sys=0.00s Real=0.01s
[2857.386s][info ][safepoint      ] Safepoint "ParallelGCFailedAllocation", Time since last: 893602913 ns, Reaching safepoint: 139804 ns, At safepoint: 7981794 ns, Total: 8121598 ns
[2858.387s][info ][safepoint      ] Safepoint "Cleanup", Time since last: 1000085213 ns, Reaching safepoint: 45001 ns, At safepoint: 2800 ns, Total: 47801 ns
[2860.387s][info ][safepoint      ] Safepoint "Cleanup", Time since last: 2000141825 ns, Reaching safepoint: 53401 ns, At safepoint: 2700 ns, Total: 56101 ns
[2866.387s][info ][safepoint      ] Safepoint "Cleanup", Time since last: 6000462919 ns, Reaching safepoint: 58701 ns, At safepoint: 3200 ns, Total: 61901 ns
[2876.388s][info ][safepoint      ] Safepoint "Cleanup", Time since last: 10000684229 ns, Reaching safepoint: 37601 ns, At safepoint: 2700 ns, Total: 40301 ns
[2877.388s][info ][safepoint      ] Safepoint "Cleanup", Time since last: 1000132552 ns, Reaching safepoint: 55501 ns, At safepoint: 7300 ns, Total: 62801 ns
[2879.388s][info ][safepoint      ] Safepoint "Cleanup", Time since last: 2000203347 ns, Reaching safepoint: 56302 ns, At safepoint: 6100 ns, Total: 62402 ns
[2889.389s][info ][safepoint      ] Safepoint "Cleanup", Time since last: 10000706970 ns, Reaching safepoint: 41601 ns, At safepoint: 3400 ns, Total: 45001 ns
[2898.390s][info ][safepoint      ] Safepoint "Cleanup", Time since last: 9000672008 ns, Reaching safepoint: 43301 ns, At safepoint: 4601 ns, Total: 47902 ns
[2913.391s][info ][safepoint      ] Safepoint "Cleanup", Time since last: 15001106807 ns, Reaching safepoint: 63102 ns, At safepoint: 3500 ns, Total: 66602 ns
[2921.325s][info ][gc,start       ] GC(72) Pause Young (Allocation Failure)
[2921.329s][debug][gc,phases      ] GC(72) Scavenge 4.260ms
[2921.329s][debug][gc,ref         ] GC(72) Skipped phase 1 of Reference Processing: no references
[2921.329s][debug][gc,ref         ] GC(72) ReferenceProcessor::execute queues: 1, RefProcThreadModel::Single, marks_oops_alive: false
[2921.329s][debug][gc,ref         ] GC(72) Skipped phase 3 of Reference Processing: no references
[2921.329s][debug][gc,ref         ] GC(72) ReferenceProcessor::execute queues: 1, RefProcThreadModel::Single, marks_oops_alive: false
[2921.329s][debug][gc,phases      ] GC(72) Reference Processing 0.125ms
[2921.329s][debug][gc,phases      ] GC(72)   VM Weak                        Min:  0.0, Avg:  0.0, Max:  0.0, Diff:  0.0, Sum:  0.0, Workers: 4
[2921.329s][debug][gc,phases      ] GC(72)     Dead                           Min: 0, Avg:  0.0, Max: 0, Diff: 0, Sum: 0, Workers: 4
[2921.329s][debug][gc,phases      ] GC(72)     Total                          Min: 0, Avg: 198.2, Max: 409, Diff: 409, Sum: 793, Workers: 4
[2921.329s][debug][gc,phases      ] GC(72)   ObjectSynchronizer Weak        Min:  0.0, Avg:  0.0, Max:  0.0, Diff:  0.0, Sum:  0.0, Workers: 4
[2921.329s][debug][gc,phases      ] GC(72)     Dead                           Min: 0, Avg:  0.0, Max: 0, Diff: 0, Sum: 0, Workers: 4
[2921.329s][debug][gc,phases      ] GC(72)     Total                          Min: 0, Avg: 12.2, Max: 49, Diff: 49, Sum: 49, Workers: 4
[2921.329s][debug][gc,phases      ] GC(72)   JVMTI Tag Weak OopStorage      Min:  0.0, Avg:  0.0, Max:  0.0, Diff:  0.0, Sum:  0.0, Workers: 4
[2921.329s][debug][gc,phases      ] GC(72)     Dead                           Min: 0, Avg:  0.0, Max: 0, Diff: 0, Sum: 0, Workers: 4
[2921.329s][debug][gc,phases      ] GC(72)     Total                          Min: 0, Avg:  0.0, Max: 0, Diff: 0, Sum: 0, Workers: 4
[2921.329s][debug][gc,phases      ] GC(72)   StringTable Weak               Min:  0.0, Avg:  0.1, Max:  0.1, Diff:  0.1, Sum:  0.4, Workers: 4
[2921.329s][debug][gc,phases      ] GC(72)     Dead                           Min: 0, Avg:  0.0, Max: 0, Diff: 0, Sum: 0, Workers: 4
[2921.329s][debug][gc,phases      ] GC(72)     Total                          Min: 0, Avg: 10757.5, Max: 14592, Diff: 14592, Sum: 43030, Workers: 4
[2921.329s][debug][gc,phases      ] GC(72)   ResolvedMethodTable Weak       Min:  0.0, Avg:  0.0, Max:  0.0, Diff:  0.0, Sum:  0.1, Workers: 4
[2921.329s][debug][gc,phases      ] GC(72)     Dead                           Min: 0, Avg:  0.0, Max: 0, Diff: 0, Sum: 0, Workers: 4
[2921.329s][debug][gc,phases      ] GC(72)     Total                          Min: 0, Avg: 2196.2, Max: 3090, Diff: 3090, Sum: 8785, Workers: 4
[2921.329s][debug][gc,phases      ] GC(72)   JNI Weak                       Min:  0.0, Avg:  0.0, Max:  0.0, Diff:  0.0, Sum:  0.0, Workers: 4
[2921.329s][debug][gc,phases      ] GC(72)     Dead                           Min: 0, Avg:  0.0, Max: 0, Diff: 0, Sum: 0, Workers: 4
[2921.329s][debug][gc,phases      ] GC(72)     Total                          Min: 0, Avg: 11.2, Max: 45, Diff: 45, Sum: 45, Workers: 4
[2921.329s][debug][gc,phases      ] GC(72)   StringDedup Table Weak         Min:  0.0, Avg:  0.0, Max:  0.0, Diff:  0.0, Sum:  0.0, Workers: 4
[2921.329s][debug][gc,phases      ] GC(72)     Dead                           Min: 0, Avg:  0.0, Max: 0, Diff: 0, Sum: 0, Workers: 4
[2921.329s][debug][gc,phases      ] GC(72)     Total                          Min: 0, Avg:  0.0, Max: 0, Diff: 0, Sum: 0, Workers: 4
[2921.329s][debug][gc,phases      ] GC(72)   StringDedup Requests0 Weak     Min:  0.0, Avg:  0.0, Max:  0.0, Diff:  0.0, Sum:  0.0, Workers: 4
[2921.329s][debug][gc,phases      ] GC(72)     Dead                           Min: 0, Avg:  0.0, Max: 0, Diff: 0, Sum: 0, Workers: 4
[2921.329s][debug][gc,phases      ] GC(72)     Total                          Min: 0, Avg:  0.0, Max: 0, Diff: 0, Sum: 0, Workers: 4
[2921.329s][debug][gc,phases      ] GC(72)   StringDedup Requests1 Weak     Min:  0.0, Avg:  0.0, Max:  0.0, Diff:  0.0, Sum:  0.0, Workers: 4
[2921.329s][debug][gc,phases      ] GC(72)     Dead                           Min: 0, Avg:  0.0, Max: 0, Diff: 0, Sum: 0, Workers: 4
[2921.329s][debug][gc,phases      ] GC(72)     Total                          Min: 0, Avg:  0.0, Max: 0, Diff: 0, Sum: 0, Workers: 4
[2921.329s][debug][gc,phases      ] GC(72)   Weak JFR Old Object Samples    Min:  0.0, Avg:  0.0, Max:  0.0, Diff:  0.0, Sum:  0.0, Workers: 4
[2921.329s][debug][gc,phases      ] GC(72)     Dead                           Min: 0, Avg:  0.0, Max: 0, Diff: 0, Sum: 0, Workers: 4
[2921.329s][debug][gc,phases      ] GC(72)     Total                          Min: 0, Avg:  0.0, Max: 0, Diff: 0, Sum: 0, Workers: 4
[2921.329s][debug][gc,phases      ] GC(72) Weak Processing 0.348ms
[2921.329s][debug][gc,age         ] GC(72) Desired survivor size 35651584 bytes, new threshold 15 (max threshold 15)
[2921.330s][info ][gc,heap        ] GC(72) PSYoungGen: 2037187K(2060800K)->14552K(2058752K) Eden: 2022400K(2022400K)->0K(2022400K) From: 14787K(38400K)->14552K(36352K)
[2921.330s][info ][gc,heap        ] GC(72) ParOldGen: 449094K(619520K)->449270K(619520K)
[2921.330s][info ][gc,metaspace   ] GC(72) Metaspace: 80094K(81024K)->80094K(81024K) NonClass: 68748K(69248K)->68748K(69248K) Class: 11345K(11776K)->11345K(11776K)
[2921.330s][info ][gc             ] GC(72) Pause Young (Allocation Failure) 2428M->452M(2615M) 4.881ms
[2921.330s][info ][gc,cpu         ] GC(72) User=0.02s Sys=0.00s Real=0.00s
[2921.330s][info ][safepoint      ] Safepoint "ParallelGCFailedAllocation", Time since last: 7933441886 ns, Reaching safepoint: 104603 ns, At safepoint: 4961821 ns, Total: 5066424 ns
[2949.332s][info ][safepoint      ] Safepoint "Cleanup", Time since last: 28001950325 ns, Reaching safepoint: 49001 ns, At safepoint: 2800 ns, Total: 51801 ns
[2950.332s][info ][safepoint      ] Safepoint "Cleanup", Time since last: 1000113634 ns, Reaching safepoint: 52201 ns, At safepoint: 4200 ns, Total: 56401 ns
[2951.332s][info ][safepoint      ] Safepoint "Cleanup", Time since last: 1000109334 ns, Reaching safepoint: 44901 ns, At safepoint: 3300 ns, Total: 48201 ns
[2952.332s][info ][safepoint      ] Safepoint "Cleanup", Time since last: 1000146484 ns, Reaching safepoint: 78602 ns, At safepoint: 4200 ns, Total: 82802 ns
[2953.332s][info ][safepoint      ] Safepoint "Cleanup", Time since last: 1000135845 ns, Reaching safepoint: 68402 ns, At safepoint: 5800 ns, Total: 74202 ns
[2954.333s][info ][safepoint      ] Safepoint "Cleanup", Time since last: 1000113045 ns, Reaching safepoint: 45601 ns, At safepoint: 3100 ns, Total: 48701 ns
[2972.334s][info ][safepoint      ] Safepoint "Cleanup", Time since last: 18001305932 ns, Reaching safepoint: 47801 ns, At safepoint: 3401 ns, Total: 51202 ns
[2974.334s][info ][safepoint      ] Safepoint "Cleanup", Time since last: 2000206007 ns, Reaching safepoint: 63302 ns, At safepoint: 34601 ns, Total: 97903 ns
[2987.581s][info ][gc,start       ] GC(73) Pause Young (Allocation Failure)
[2987.588s][debug][gc,phases      ] GC(73) Scavenge 6.821ms
[2987.588s][debug][gc,ref         ] GC(73) Skipped phase 1 of Reference Processing: no references
[2987.588s][debug][gc,ref         ] GC(73) ReferenceProcessor::execute queues: 1, RefProcThreadModel::Single, marks_oops_alive: false
[2987.588s][debug][gc,ref         ] GC(73) Skipped phase 3 of Reference Processing: no references
[2987.588s][debug][gc,ref         ] GC(73) ReferenceProcessor::execute queues: 1, RefProcThreadModel::Single, marks_oops_alive: false
[2987.588s][debug][gc,phases      ] GC(73) Reference Processing 0.121ms
[2987.588s][debug][gc,phases      ] GC(73)   VM Weak                        Min:  0.0, Avg:  0.0, Max:  0.0, Diff:  0.0, Sum:  0.0, Workers: 4
[2987.588s][debug][gc,phases      ] GC(73)     Dead                           Min: 0, Avg:  0.0, Max: 0, Diff: 0, Sum: 0, Workers: 4
[2987.588s][debug][gc,phases      ] GC(73)     Total                          Min: 0, Avg: 198.2, Max: 576, Diff: 576, Sum: 793, Workers: 4
[2987.588s][debug][gc,phases      ] GC(73)   ObjectSynchronizer Weak        Min:  0.0, Avg:  0.0, Max:  0.0, Diff:  0.0, Sum:  0.0, Workers: 4
[2987.588s][debug][gc,phases      ] GC(73)     Dead                           Min: 0, Avg:  0.0, Max: 0, Diff: 0, Sum: 0, Workers: 4
[2987.588s][debug][gc,phases      ] GC(73)     Total                          Min: 0, Avg: 12.2, Max: 49, Diff: 49, Sum: 49, Workers: 4
[2987.588s][debug][gc,phases      ] GC(73)   JVMTI Tag Weak OopStorage      Min:  0.0, Avg:  0.0, Max:  0.0, Diff:  0.0, Sum:  0.0, Workers: 4
[2987.588s][debug][gc,phases      ] GC(73)     Dead                           Min: 0, Avg:  0.0, Max: 0, Diff: 0, Sum: 0, Workers: 4
[2987.588s][debug][gc,phases      ] GC(73)     Total                          Min: 0, Avg:  0.0, Max: 0, Diff: 0, Sum: 0, Workers: 4
[2987.588s][debug][gc,phases      ] GC(73)   StringTable Weak               Min:  0.0, Avg:  0.1, Max:  0.1, Diff:  0.1, Sum:  0.4, Workers: 4
[2987.588s][debug][gc,phases      ] GC(73)     Dead                           Min: 0, Avg:  0.0, Max: 0, Diff: 0, Sum: 0, Workers: 4
[2987.588s][debug][gc,phases      ] GC(73)     Total                          Min: 0, Avg: 10757.5, Max: 14678, Diff: 14678, Sum: 43030, Workers: 4
[2987.588s][debug][gc,phases      ] GC(73)   ResolvedMethodTable Weak       Min:  0.0, Avg:  0.0, Max:  0.0, Diff:  0.0, Sum:  0.1, Workers: 4
[2987.588s][debug][gc,phases      ] GC(73)     Dead                           Min: 0, Avg:  0.0, Max: 0, Diff: 0, Sum: 0, Workers: 4
[2987.588s][debug][gc,phases      ] GC(73)     Total                          Min: 0, Avg: 2196.2, Max: 3986, Diff: 3986, Sum: 8785, Workers: 4
[2987.588s][debug][gc,phases      ] GC(73)   JNI Weak                       Min:  0.0, Avg:  0.0, Max:  0.0, Diff:  0.0, Sum:  0.0, Workers: 4
[2987.588s][debug][gc,phases      ] GC(73)     Dead                           Min: 0, Avg:  0.0, Max: 0, Diff: 0, Sum: 0, Workers: 4
[2987.588s][debug][gc,phases      ] GC(73)     Total                          Min: 0, Avg: 11.2, Max: 45, Diff: 45, Sum: 45, Workers: 4
[2987.588s][debug][gc,phases      ] GC(73)   StringDedup Table Weak         Min:  0.0, Avg:  0.0, Max:  0.0, Diff:  0.0, Sum:  0.0, Workers: 4
[2987.588s][debug][gc,phases      ] GC(73)     Dead                           Min: 0, Avg:  0.0, Max: 0, Diff: 0, Sum: 0, Workers: 4
[2987.588s][debug][gc,phases      ] GC(73)     Total                          Min: 0, Avg:  0.0, Max: 0, Diff: 0, Sum: 0, Workers: 4
[2987.588s][debug][gc,phases      ] GC(73)   StringDedup Requests0 Weak     Min:  0.0, Avg:  0.0, Max:  0.0, Diff:  0.0, Sum:  0.0, Workers: 4
[2987.588s][debug][gc,phases      ] GC(73)     Dead                           Min: 0, Avg:  0.0, Max: 0, Diff: 0, Sum: 0, Workers: 4
[2987.588s][debug][gc,phases      ] GC(73)     Total                          Min: 0, Avg:  0.0, Max: 0, Diff: 0, Sum: 0, Workers: 4
[2987.588s][debug][gc,phases      ] GC(73)   StringDedup Requests1 Weak     Min:  0.0, Avg:  0.0, Max:  0.0, Diff:  0.0, Sum:  0.0, Workers: 4
[2987.588s][debug][gc,phases      ] GC(73)     Dead                           Min: 0, Avg:  0.0, Max: 0, Diff: 0, Sum: 0, Workers: 4
[2987.588s][debug][gc,phases      ] GC(73)     Total                          Min: 0, Avg:  0.0, Max: 0, Diff: 0, Sum: 0, Workers: 4
[2987.588s][debug][gc,phases      ] GC(73)   Weak JFR Old Object Samples    Min:  0.0, Avg:  0.0, Max:  0.0, Diff:  0.0, Sum:  0.0, Workers: 4
[2987.588s][debug][gc,phases      ] GC(73)     Dead                           Min: 0, Avg:  0.0, Max: 0, Diff: 0, Sum: 0, Workers: 4
[2987.588s][debug][gc,phases      ] GC(73)     Total                          Min: 0, Avg:  0.0, Max: 0, Diff: 0, Sum: 0, Workers: 4
[2987.588s][debug][gc,phases      ] GC(73) Weak Processing 0.385ms
[2987.588s][debug][gc,age         ] GC(73) Desired survivor size 34078720 bytes, new threshold 15 (max threshold 15)
[2987.588s][info ][gc,heap        ] GC(73) PSYoungGen: 2036952K(2058752K)->14648K(2063872K) Eden: 2022400K(2022400K)->0K(2029056K) From: 14552K(36352K)->14648K(34816K)
[2987.588s][info ][gc,heap        ] GC(73) ParOldGen: 449270K(619520K)->449294K(619520K)
[2987.588s][info ][gc,metaspace   ] GC(73) Metaspace: 80116K(81088K)->80116K(81088K) NonClass: 68770K(69312K)->68770K(69312K) Class: 11345K(11776K)->11345K(11776K)
[2987.588s][info ][gc             ] GC(73) Pause Young (Allocation Failure) 2427M->453M(2620M) 7.478ms
[2987.588s][info ][gc,cpu         ] GC(73) User=0.02s Sys=0.00s Real=0.00s
[2987.588s][info ][safepoint      ] Safepoint "ParallelGCFailedAllocation", Time since last: 13246452780 ns, Reaching safepoint: 36201 ns, At safepoint: 7575079 ns, Total: 7611280 ns
[2990.589s][info ][safepoint      ] Safepoint "Cleanup", Time since last: 3000243352 ns, Reaching safepoint: 56801 ns, At safepoint: 5901 ns, Total: 62702 ns
[3025.591s][info ][safepoint      ] Safepoint "Cleanup", Time since last: 35002600108 ns, Reaching safepoint: 47701 ns, At safepoint: 2900 ns, Total: 50601 ns
[3028.592s][info ][safepoint      ] Safepoint "Cleanup", Time since last: 3000255822 ns, Reaching safepoint: 69402 ns, At safepoint: 2800 ns, Total: 72202 ns
[3029.592s][info ][safepoint      ] Safepoint "Cleanup", Time since last: 1000109375 ns, Reaching safepoint: 135303 ns, At safepoint: 8000 ns, Total: 143303 ns
[3030.592s][info ][safepoint      ] Safepoint "Cleanup", Time since last: 1000143976 ns, Reaching safepoint: 73801 ns, At safepoint: 5901 ns, Total: 79702 ns
[3036.593s][info ][safepoint      ] Safepoint "Cleanup", Time since last: 6000456689 ns, Reaching safepoint: 75401 ns, At safepoint: 5601 ns, Total: 81002 ns
[3040.593s][info ][safepoint      ] Safepoint "Cleanup", Time since last: 4000280862 ns, Reaching safepoint: 46901 ns, At safepoint: 2400 ns, Total: 49301 ns
[3045.593s][info ][safepoint      ] Safepoint "Cleanup", Time since last: 5000389829 ns, Reaching safepoint: 50101 ns, At safepoint: 3300 ns, Total: 53401 ns
[3052.372s][info ][gc,start       ] GC(74) Pause Young (Allocation Failure)
[3052.377s][debug][gc,phases      ] GC(74) Scavenge 4.666ms
[3052.377s][debug][gc,ref         ] GC(74) Skipped phase 1 of Reference Processing: no references
[3052.377s][debug][gc,ref         ] GC(74) ReferenceProcessor::execute queues: 1, RefProcThreadModel::Single, marks_oops_alive: false
[3052.377s][debug][gc,ref         ] GC(74) Skipped phase 3 of Reference Processing: no references
[3052.377s][debug][gc,ref         ] GC(74) ReferenceProcessor::execute queues: 1, RefProcThreadModel::Single, marks_oops_alive: false
[3052.377s][debug][gc,phases      ] GC(74) Reference Processing 0.145ms
[3052.377s][debug][gc,phases      ] GC(74)   VM Weak                        Min:  0.0, Avg:  0.0, Max:  0.0, Diff:  0.0, Sum:  0.0, Workers: 4
[3052.377s][debug][gc,phases      ] GC(74)     Dead                           Min: 0, Avg:  0.0, Max: 0, Diff: 0, Sum: 0, Workers: 4
[3052.377s][debug][gc,phases      ] GC(74)     Total                          Min: 0, Avg: 198.2, Max: 512, Diff: 512, Sum: 793, Workers: 4
[3052.377s][debug][gc,phases      ] GC(74)   ObjectSynchronizer Weak        Min:  0.0, Avg:  0.0, Max:  0.0, Diff:  0.0, Sum:  0.0, Workers: 4
[3052.377s][debug][gc,phases      ] GC(74)     Dead                           Min: 0, Avg:  0.0, Max: 0, Diff: 0, Sum: 0, Workers: 4
[3052.377s][debug][gc,phases      ] GC(74)     Total                          Min: 0, Avg: 12.2, Max: 49, Diff: 49, Sum: 49, Workers: 4
[3052.377s][debug][gc,phases      ] GC(74)   JVMTI Tag Weak OopStorage      Min:  0.0, Avg:  0.0, Max:  0.0, Diff:  0.0, Sum:  0.0, Workers: 4
[3052.377s][debug][gc,phases      ] GC(74)     Dead                           Min: 0, Avg:  0.0, Max: 0, Diff: 0, Sum: 0, Workers: 4
[3052.377s][debug][gc,phases      ] GC(74)     Total                          Min: 0, Avg:  0.0, Max: 0, Diff: 0, Sum: 0, Workers: 4
[3052.377s][debug][gc,phases      ] GC(74)   StringTable Weak               Min:  0.0, Avg:  0.1, Max:  0.1, Diff:  0.1, Sum:  0.4, Workers: 4
[3052.377s][debug][gc,phases      ] GC(74)     Dead                           Min: 0, Avg:  0.0, Max: 0, Diff: 0, Sum: 0, Workers: 4
[3052.377s][debug][gc,phases      ] GC(74)     Total                          Min: 0, Avg: 10757.5, Max: 14976, Diff: 14976, Sum: 43030, Workers: 4
[3052.377s][debug][gc,phases      ] GC(74)   ResolvedMethodTable Weak       Min:  0.0, Avg:  0.0, Max:  0.0, Diff:  0.0, Sum:  0.1, Workers: 4
[3052.377s][debug][gc,phases      ] GC(74)     Dead                           Min: 0, Avg:  0.0, Max: 0, Diff: 0, Sum: 0, Workers: 4
[3052.377s][debug][gc,phases      ] GC(74)     Total                          Min: 0, Avg: 2196.2, Max: 3218, Diff: 3218, Sum: 8785, Workers: 4
[3052.377s][debug][gc,phases      ] GC(74)   JNI Weak                       Min:  0.0, Avg:  0.0, Max:  0.0, Diff:  0.0, Sum:  0.0, Workers: 4
[3052.377s][debug][gc,phases      ] GC(74)     Dead                           Min: 0, Avg:  0.0, Max: 0, Diff: 0, Sum: 0, Workers: 4
[3052.377s][debug][gc,phases      ] GC(74)     Total                          Min: 0, Avg: 11.2, Max: 45, Diff: 45, Sum: 45, Workers: 4
[3052.377s][debug][gc,phases      ] GC(74)   StringDedup Table Weak         Min:  0.0, Avg:  0.0, Max:  0.0, Diff:  0.0, Sum:  0.0, Workers: 4
[3052.377s][debug][gc,phases      ] GC(74)     Dead                           Min: 0, Avg:  0.0, Max: 0, Diff: 0, Sum: 0, Workers: 4
[3052.377s][debug][gc,phases      ] GC(74)     Total                          Min: 0, Avg:  0.0, Max: 0, Diff: 0, Sum: 0, Workers: 4
[3052.377s][debug][gc,phases      ] GC(74)   StringDedup Requests0 Weak     Min:  0.0, Avg:  0.0, Max:  0.0, Diff:  0.0, Sum:  0.0, Workers: 4
[3052.377s][debug][gc,phases      ] GC(74)     Dead                           Min: 0, Avg:  0.0, Max: 0, Diff: 0, Sum: 0, Workers: 4
[3052.377s][debug][gc,phases      ] GC(74)     Total                          Min: 0, Avg:  0.0, Max: 0, Diff: 0, Sum: 0, Workers: 4
[3052.377s][debug][gc,phases      ] GC(74)   StringDedup Requests1 Weak     Min:  0.0, Avg:  0.0, Max:  0.0, Diff:  0.0, Sum:  0.0, Workers: 4
[3052.377s][debug][gc,phases      ] GC(74)     Dead                           Min: 0, Avg:  0.0, Max: 0, Diff: 0, Sum: 0, Workers: 4
[3052.377s][debug][gc,phases      ] GC(74)     Total                          Min: 0, Avg:  0.0, Max: 0, Diff: 0, Sum: 0, Workers: 4
[3052.377s][debug][gc,phases      ] GC(74)   Weak JFR Old Object Samples    Min:  0.0, Avg:  0.0, Max:  0.0, Diff:  0.0, Sum:  0.0, Workers: 4
[3052.377s][debug][gc,phases      ] GC(74)     Dead                           Min: 0, Avg:  0.0, Max: 0, Diff: 0, Sum: 0, Workers: 4
[3052.377s][debug][gc,phases      ] GC(74)     Total                          Min: 0, Avg:  0.0, Max: 0, Diff: 0, Sum: 0, Workers: 4
[3052.377s][debug][gc,phases      ] GC(74) Weak Processing 0.365ms
[3052.377s][debug][gc,age         ] GC(74) Desired survivor size 32505856 bytes, new threshold 15 (max threshold 15)
[3052.377s][info ][gc,heap        ] GC(74) PSYoungGen: 2043704K(2063872K)->9435K(2062336K) Eden: 2029056K(2029056K)->0K(2029056K) From: 14648K(34816K)->9435K(33280K)
[3052.377s][info ][gc,heap        ] GC(74) ParOldGen: 449294K(619520K)->454567K(619520K)
[3052.377s][info ][gc,metaspace   ] GC(74) Metaspace: 80148K(81088K)->80148K(81088K) NonClass: 68802K(69312K)->68802K(69312K) Class: 11345K(11776K)->11345K(11776K)
[3052.377s][info ][gc             ] GC(74) Pause Young (Allocation Failure) 2434M->453M(2619M) 5.349ms
[3052.378s][info ][gc,cpu         ] GC(74) User=0.02s Sys=0.00s Real=0.00s
[3052.378s][info ][safepoint      ] Safepoint "ParallelGCFailedAllocation", Time since last: 6778704418 ns, Reaching safepoint: 103903 ns, At safepoint: 5442526 ns, Total: 5546429 ns
[3053.378s][info ][safepoint      ] Safepoint "Cleanup", Time since last: 1000097384 ns, Reaching safepoint: 47601 ns, At safepoint: 3300 ns, Total: 50901 ns
[3056.378s][info ][safepoint      ] Safepoint "Cleanup", Time since last: 3000239046 ns, Reaching safepoint: 138702 ns, At safepoint: 6400 ns, Total: 145102 ns
[3075.379s][info ][safepoint      ] Safepoint "Cleanup", Time since last: 19001291406 ns, Reaching safepoint: 50601 ns, At safepoint: 31301 ns, Total: 81902 ns
[3080.380s][info ][safepoint      ] Safepoint "Cleanup", Time since last: 5000301479 ns, Reaching safepoint: 45801 ns, At safepoint: 2900 ns, Total: 48701 ns
[3118.022s][info ][gc,start       ] GC(75) Pause Young (Allocation Failure)
[3118.026s][debug][gc,phases      ] GC(75) Scavenge 3.405ms
[3118.026s][debug][gc,ref         ] GC(75) Skipped phase 1 of Reference Processing: no references
[3118.026s][debug][gc,ref         ] GC(75) ReferenceProcessor::execute queues: 1, RefProcThreadModel::Single, marks_oops_alive: false
[3118.026s][debug][gc,ref         ] GC(75) Skipped phase 3 of Reference Processing: no references
[3118.026s][debug][gc,ref         ] GC(75) ReferenceProcessor::execute queues: 1, RefProcThreadModel::Single, marks_oops_alive: false
[3118.026s][debug][gc,phases      ] GC(75) Reference Processing 0.115ms
[3118.026s][debug][gc,phases      ] GC(75)   VM Weak                        Min:  0.0, Avg:  0.0, Max:  0.0, Diff:  0.0, Sum:  0.0, Workers: 4
[3118.026s][debug][gc,phases      ] GC(75)     Dead                           Min: 0, Avg:  0.0, Max: 0, Diff: 0, Sum: 0, Workers: 4
[3118.026s][debug][gc,phases      ] GC(75)     Total                          Min: 0, Avg: 198.2, Max: 384, Diff: 384, Sum: 793, Workers: 4
[3118.026s][debug][gc,phases      ] GC(75)   ObjectSynchronizer Weak        Min:  0.0, Avg:  0.0, Max:  0.0, Diff:  0.0, Sum:  0.0, Workers: 4
[3118.026s][debug][gc,phases      ] GC(75)     Dead                           Min: 0, Avg:  0.0, Max: 0, Diff: 0, Sum: 0, Workers: 4
[3118.026s][debug][gc,phases      ] GC(75)     Total                          Min: 0, Avg: 12.2, Max: 49, Diff: 49, Sum: 49, Workers: 4
[3118.026s][debug][gc,phases      ] GC(75)   JVMTI Tag Weak OopStorage      Min:  0.0, Avg:  0.0, Max:  0.0, Diff:  0.0, Sum:  0.0, Workers: 4
[3118.026s][debug][gc,phases      ] GC(75)     Dead                           Min: 0, Avg:  0.0, Max: 0, Diff: 0, Sum: 0, Workers: 4
[3118.026s][debug][gc,phases      ] GC(75)     Total                          Min: 0, Avg:  0.0, Max: 0, Diff: 0, Sum: 0, Workers: 4
[3118.026s][debug][gc,phases      ] GC(75)   StringTable Weak               Min:  0.0, Avg:  0.1, Max:  0.1, Diff:  0.1, Sum:  0.3, Workers: 4
[3118.026s][debug][gc,phases      ] GC(75)     Dead                           Min: 0, Avg:  0.0, Max: 0, Diff: 0, Sum: 0, Workers: 4
[3118.026s][debug][gc,phases      ] GC(75)     Total                          Min: 0, Avg: 10762.8, Max: 15744, Diff: 15744, Sum: 43051, Workers: 4
[3118.026s][debug][gc,phases      ] GC(75)   ResolvedMethodTable Weak       Min:  0.0, Avg:  0.0, Max:  0.0, Diff:  0.0, Sum:  0.1, Workers: 4
[3118.026s][debug][gc,phases      ] GC(75)     Dead                           Min: 0, Avg:  0.0, Max: 0, Diff: 0, Sum: 0, Workers: 4
[3118.026s][debug][gc,phases      ] GC(75)     Total                          Min: 0, Avg: 2196.2, Max: 3218, Diff: 3218, Sum: 8785, Workers: 4
[3118.026s][debug][gc,phases      ] GC(75)   JNI Weak                       Min:  0.0, Avg:  0.0, Max:  0.0, Diff:  0.0, Sum:  0.0, Workers: 4
[3118.026s][debug][gc,phases      ] GC(75)     Dead                           Min: 0, Avg:  0.0, Max: 0, Diff: 0, Sum: 0, Workers: 4
[3118.026s][debug][gc,phases      ] GC(75)     Total                          Min: 0, Avg: 11.2, Max: 45, Diff: 45, Sum: 45, Workers: 4
[3118.026s][debug][gc,phases      ] GC(75)   StringDedup Table Weak         Min:  0.0, Avg:  0.0, Max:  0.0, Diff:  0.0, Sum:  0.0, Workers: 4
[3118.026s][debug][gc,phases      ] GC(75)     Dead                           Min: 0, Avg:  0.0, Max: 0, Diff: 0, Sum: 0, Workers: 4
[3118.026s][debug][gc,phases      ] GC(75)     Total                          Min: 0, Avg:  0.0, Max: 0, Diff: 0, Sum: 0, Workers: 4
[3118.026s][debug][gc,phases      ] GC(75)   StringDedup Requests0 Weak     Min:  0.0, Avg:  0.0, Max:  0.0, Diff:  0.0, Sum:  0.0, Workers: 4
[3118.026s][debug][gc,phases      ] GC(75)     Dead                           Min: 0, Avg:  0.0, Max: 0, Diff: 0, Sum: 0, Workers: 4
[3118.026s][debug][gc,phases      ] GC(75)     Total                          Min: 0, Avg:  0.0, Max: 0, Diff: 0, Sum: 0, Workers: 4
[3118.026s][debug][gc,phases      ] GC(75)   StringDedup Requests1 Weak     Min:  0.0, Avg:  0.0, Max:  0.0, Diff:  0.0, Sum:  0.0, Workers: 4
[3118.026s][debug][gc,phases      ] GC(75)     Dead                           Min: 0, Avg:  0.0, Max: 0, Diff: 0, Sum: 0, Workers: 4
[3118.026s][debug][gc,phases      ] GC(75)     Total                          Min: 0, Avg:  0.0, Max: 0, Diff: 0, Sum: 0, Workers: 4
[3118.026s][debug][gc,phases      ] GC(75)   Weak JFR Old Object Samples    Min:  0.0, Avg:  0.0, Max:  0.0, Diff:  0.0, Sum:  0.0, Workers: 4
[3118.026s][debug][gc,phases      ] GC(75)     Dead                           Min: 0, Avg:  0.0, Max: 0, Diff: 0, Sum: 0, Workers: 4
[3118.026s][debug][gc,phases      ] GC(75)     Total                          Min: 0, Avg:  0.0, Max: 0, Diff: 0, Sum: 0, Workers: 4
[3118.026s][debug][gc,phases      ] GC(75) Weak Processing 0.349ms
[3118.026s][debug][gc,age         ] GC(75) Desired survivor size 31457280 bytes, new threshold 15 (max threshold 15)
[3118.026s][info ][gc,heap        ] GC(75) PSYoungGen: 2038491K(2062336K)->9420K(2066432K) Eden: 2029056K(2029056K)->0K(2034688K) From: 9435K(33280K)->9420K(31744K)
[3118.026s][info ][gc,heap        ] GC(75) ParOldGen: 454567K(619520K)->454631K(619520K)
[3118.026s][info ][gc,metaspace   ] GC(75) Metaspace: 80157K(81088K)->80157K(81088K) NonClass: 68812K(69312K)->68812K(69312K) Class: 11345K(11776K)->11345K(11776K)
[3118.026s][info ][gc             ] GC(75) Pause Young (Allocation Failure) 2434M->453M(2623M) 3.997ms
[3118.026s][info ][gc,cpu         ] GC(75) User=0.01s Sys=0.00s Real=0.00s
[3118.026s][info ][safepoint      ] Safepoint "ParallelGCFailedAllocation", Time since last: 37642376996 ns, Reaching safepoint: 108803 ns, At safepoint: 4085391 ns, Total: 4194194 ns
[3171.030s][info ][safepoint      ] Safepoint "Cleanup", Time since last: 53003647752 ns, Reaching safepoint: 48901 ns, At safepoint: 3901 ns, Total: 52802 ns
[3177.031s][info ][safepoint      ] Safepoint "Cleanup", Time since last: 6000474788 ns, Reaching safepoint: 52201 ns, At safepoint: 2900 ns, Total: 55101 ns
[3185.522s][info ][gc,start       ] GC(76) Pause Young (Allocation Failure)
[3185.528s][debug][gc,phases      ] GC(76) Scavenge 5.178ms
[3185.528s][debug][gc,ref         ] GC(76) Skipped phase 1 of Reference Processing: no references
[3185.528s][debug][gc,ref         ] GC(76) ReferenceProcessor::execute queues: 1, RefProcThreadModel::Single, marks_oops_alive: false
[3185.528s][debug][gc,ref         ] GC(76) Skipped phase 3 of Reference Processing: no references
[3185.528s][debug][gc,ref         ] GC(76) ReferenceProcessor::execute queues: 1, RefProcThreadModel::Single, marks_oops_alive: false
[3185.528s][debug][gc,phases      ] GC(76) Reference Processing 0.110ms
[3185.528s][debug][gc,phases      ] GC(76)   VM Weak                        Min:  0.0, Avg:  0.0, Max:  0.0, Diff:  0.0, Sum:  0.0, Workers: 4
[3185.528s][debug][gc,phases      ] GC(76)     Dead                           Min: 0, Avg:  0.0, Max: 0, Diff: 0, Sum: 0, Workers: 4
[3185.528s][debug][gc,phases      ] GC(76)     Total                          Min: 0, Avg: 198.2, Max: 601, Diff: 601, Sum: 793, Workers: 4
[3185.528s][debug][gc,phases      ] GC(76)   ObjectSynchronizer Weak        Min:  0.0, Avg:  0.0, Max:  0.0, Diff:  0.0, Sum:  0.0, Workers: 4
[3185.528s][debug][gc,phases      ] GC(76)     Dead                           Min: 0, Avg:  0.0, Max: 0, Diff: 0, Sum: 0, Workers: 4
[3185.528s][debug][gc,phases      ] GC(76)     Total                          Min: 0, Avg: 12.2, Max: 49, Diff: 49, Sum: 49, Workers: 4
[3185.528s][debug][gc,phases      ] GC(76)   JVMTI Tag Weak OopStorage      Min:  0.0, Avg:  0.0, Max:  0.0, Diff:  0.0, Sum:  0.0, Workers: 4
[3185.528s][debug][gc,phases      ] GC(76)     Dead                           Min: 0, Avg:  0.0, Max: 0, Diff: 0, Sum: 0, Workers: 4
[3185.528s][debug][gc,phases      ] GC(76)     Total                          Min: 0, Avg:  0.0, Max: 0, Diff: 0, Sum: 0, Workers: 4
[3185.528s][debug][gc,phases      ] GC(76)   StringTable Weak               Min:  0.1, Avg:  0.1, Max:  0.1, Diff:  0.0, Sum:  0.4, Workers: 4
[3185.528s][debug][gc,phases      ] GC(76)     Dead                           Min: 0, Avg:  0.0, Max: 0, Diff: 0, Sum: 0, Workers: 4
[3185.528s][debug][gc,phases      ] GC(76)     Total                          Min: 8960, Avg: 10762.8, Max: 12032, Diff: 3072, Sum: 43051, Workers: 4
[3185.528s][debug][gc,phases      ] GC(76)   ResolvedMethodTable Weak       Min:  0.0, Avg:  0.0, Max:  0.0, Diff:  0.0, Sum:  0.1, Workers: 4
[3185.528s][debug][gc,phases      ] GC(76)     Dead                           Min: 0, Avg:  0.0, Max: 0, Diff: 0, Sum: 0, Workers: 4
[3185.528s][debug][gc,phases      ] GC(76)     Total                          Min: 2048, Avg: 2196.2, Max: 2367, Diff: 319, Sum: 8785, Workers: 4
[3185.528s][debug][gc,phases      ] GC(76)   JNI Weak                       Min:  0.0, Avg:  0.0, Max:  0.0, Diff:  0.0, Sum:  0.0, Workers: 4
[3185.528s][debug][gc,phases      ] GC(76)     Dead                           Min: 0, Avg:  0.0, Max: 0, Diff: 0, Sum: 0, Workers: 4
[3185.528s][debug][gc,phases      ] GC(76)     Total                          Min: 0, Avg: 11.2, Max: 45, Diff: 45, Sum: 45, Workers: 4
[3185.528s][debug][gc,phases      ] GC(76)   StringDedup Table Weak         Min:  0.0, Avg:  0.0, Max:  0.0, Diff:  0.0, Sum:  0.0, Workers: 4
[3185.528s][debug][gc,phases      ] GC(76)     Dead                           Min: 0, Avg:  0.0, Max: 0, Diff: 0, Sum: 0, Workers: 4
[3185.528s][debug][gc,phases      ] GC(76)     Total                          Min: 0, Avg:  0.0, Max: 0, Diff: 0, Sum: 0, Workers: 4
[3185.528s][debug][gc,phases      ] GC(76)   StringDedup Requests0 Weak     Min:  0.0, Avg:  0.0, Max:  0.0, Diff:  0.0, Sum:  0.0, Workers: 4
[3185.528s][debug][gc,phases      ] GC(76)     Dead                           Min: 0, Avg:  0.0, Max: 0, Diff: 0, Sum: 0, Workers: 4
[3185.528s][debug][gc,phases      ] GC(76)     Total                          Min: 0, Avg:  0.0, Max: 0, Diff: 0, Sum: 0, Workers: 4
[3185.528s][debug][gc,phases      ] GC(76)   StringDedup Requests1 Weak     Min:  0.0, Avg:  0.0, Max:  0.0, Diff:  0.0, Sum:  0.0, Workers: 4
[3185.528s][debug][gc,phases      ] GC(76)     Dead                           Min: 0, Avg:  0.0, Max: 0, Diff: 0, Sum: 0, Workers: 4
[3185.528s][debug][gc,phases      ] GC(76)     Total                          Min: 0, Avg:  0.0, Max: 0, Diff: 0, Sum: 0, Workers: 4
[3185.528s][debug][gc,phases      ] GC(76)   Weak JFR Old Object Samples    Min:  0.0, Avg:  0.0, Max:  0.0, Diff:  0.0, Sum:  0.0, Workers: 4
[3185.528s][debug][gc,phases      ] GC(76)     Dead                           Min: 0, Avg:  0.0, Max: 0, Diff: 0, Sum: 0, Workers: 4
[3185.528s][debug][gc,phases      ] GC(76)     Total                          Min: 0, Avg:  0.0, Max: 0, Diff: 0, Sum: 0, Workers: 4
[3185.528s][debug][gc,phases      ] GC(76) Weak Processing 0.316ms
[3185.528s][debug][gc,age         ] GC(76) Desired survivor size 30408704 bytes, new threshold 15 (max threshold 15)
[3185.528s][info ][gc,heap        ] GC(76) PSYoungGen: 2044108K(2066432K)->9371K(2065408K) Eden: 2034688K(2034688K)->0K(2034688K) From: 9420K(31744K)->9371K(30720K)
[3185.528s][info ][gc,heap        ] GC(76) ParOldGen: 454631K(619520K)->454687K(619520K)
[3185.528s][info ][gc,metaspace   ] GC(76) Metaspace: 80168K(81088K)->80168K(81088K) NonClass: 68822K(69312K)->68822K(69312K) Class: 11345K(11776K)->11345K(11776K)
[3185.528s][info ][gc             ] GC(76) Pause Young (Allocation Failure) 2440M->453M(2622M) 5.739ms
[3185.528s][info ][gc,cpu         ] GC(76) User=0.02s Sys=0.00s Real=0.00s
[3185.528s][info ][safepoint      ] Safepoint "ParallelGCFailedAllocation", Time since last: 8491520020 ns, Reaching safepoint: 122302 ns, At safepoint: 5827530 ns, Total: 5949832 ns
[3192.529s][info ][safepoint      ] Safepoint "Cleanup", Time since last: 7000493856 ns, Reaching safepoint: 59301 ns, At safepoint: 8500 ns, Total: 67801 ns
[3198.529s][info ][safepoint      ] Safepoint "Cleanup", Time since last: 6000459938 ns, Reaching safepoint: 46501 ns, At safepoint: 25701 ns, Total: 72202 ns
[3209.530s][info ][safepoint      ] Safepoint "Cleanup", Time since last: 11000774323 ns, Reaching safepoint: 42601 ns, At safepoint: 30600 ns, Total: 73201 ns
[3213.426s][info ][safepoint      ] Safepoint "Cleanup", Time since last: 3895775788 ns, Reaching safepoint: 116502 ns, At safepoint: 6600 ns, Total: 123102 ns
[3214.426s][info ][safepoint      ] Safepoint "Cleanup", Time since last: 1000116923 ns, Reaching safepoint: 142804 ns, At safepoint: 5800 ns, Total: 148604 ns
[3217.427s][info ][safepoint      ] Safepoint "Cleanup", Time since last: 3000801037 ns, Reaching safepoint: 157903 ns, At safepoint: 13501 ns, Total: 171404 ns
[3219.427s][info ][safepoint      ] Safepoint "Cleanup", Time since last: 2000206698 ns, Reaching safepoint: 51001 ns, At safepoint: 5900 ns, Total: 56901 ns
[3224.428s][info ][safepoint      ] Safepoint "Cleanup", Time since last: 5000380768 ns, Reaching safepoint: 123903 ns, At safepoint: 5900 ns, Total: 129803 ns
[3227.428s][info ][safepoint      ] Safepoint "Cleanup", Time since last: 3000228670 ns, Reaching safepoint: 38500 ns, At safepoint: 4500 ns, Total: 43000 ns
[3233.429s][info ][safepoint      ] Safepoint "Cleanup", Time since last: 6000472312 ns, Reaching safepoint: 45801 ns, At safepoint: 3300 ns, Total: 49101 ns
[3242.429s][info ][safepoint      ] Safepoint "Cleanup", Time since last: 9000663292 ns, Reaching safepoint: 41701 ns, At safepoint: 3300 ns, Total: 45001 ns
[3243.430s][info ][safepoint      ] Safepoint "Cleanup", Time since last: 1000112059 ns, Reaching safepoint: 43101 ns, At safepoint: 3100 ns, Total: 46201 ns
[3245.430s][info ][safepoint      ] Safepoint "Cleanup", Time since last: 2000182218 ns, Reaching safepoint: 45201 ns, At safepoint: 6000 ns, Total: 51201 ns
[3246.430s][info ][safepoint      ] Safepoint "Cleanup", Time since last: 1000128760 ns, Reaching safepoint: 46201 ns, At safepoint: 3000 ns, Total: 49201 ns
[3247.430s][info ][safepoint      ] Safepoint "Cleanup", Time since last: 1000113259 ns, Reaching safepoint: 50901 ns, At safepoint: 5800 ns, Total: 56701 ns
[3250.173s][info ][gc,start       ] GC(77) Pause Young (Allocation Failure)
[3250.177s][debug][gc,phases      ] GC(77) Scavenge 3.588ms
[3250.177s][debug][gc,ref         ] GC(77) Skipped phase 1 of Reference Processing: no references
[3250.177s][debug][gc,ref         ] GC(77) ReferenceProcessor::execute queues: 1, RefProcThreadModel::Single, marks_oops_alive: false
[3250.177s][debug][gc,ref         ] GC(77) Skipped phase 3 of Reference Processing: no references
[3250.177s][debug][gc,ref         ] GC(77) ReferenceProcessor::execute queues: 1, RefProcThreadModel::Single, marks_oops_alive: false
[3250.177s][debug][gc,phases      ] GC(77) Reference Processing 0.121ms
[3250.177s][debug][gc,phases      ] GC(77)   VM Weak                        Min:  0.0, Avg:  0.0, Max:  0.0, Diff:  0.0, Sum:  0.0, Workers: 4
[3250.177s][debug][gc,phases      ] GC(77)     Dead                           Min: 0, Avg:  0.0, Max: 0, Diff: 0, Sum: 0, Workers: 4
[3250.177s][debug][gc,phases      ] GC(77)     Total                          Min: 0, Avg: 198.2, Max: 793, Diff: 793, Sum: 793, Workers: 4
[3250.177s][debug][gc,phases      ] GC(77)   ObjectSynchronizer Weak        Min:  0.0, Avg:  0.0, Max:  0.0, Diff:  0.0, Sum:  0.0, Workers: 4
[3250.177s][debug][gc,phases      ] GC(77)     Dead                           Min: 0, Avg:  0.0, Max: 0, Diff: 0, Sum: 0, Workers: 4
[3250.177s][debug][gc,phases      ] GC(77)     Total                          Min: 0, Avg: 12.2, Max: 49, Diff: 49, Sum: 49, Workers: 4
[3250.177s][debug][gc,phases      ] GC(77)   JVMTI Tag Weak OopStorage      Min:  0.0, Avg:  0.0, Max:  0.0, Diff:  0.0, Sum:  0.0, Workers: 4
[3250.177s][debug][gc,phases      ] GC(77)     Dead                           Min: 0, Avg:  0.0, Max: 0, Diff: 0, Sum: 0, Workers: 4
[3250.177s][debug][gc,phases      ] GC(77)     Total                          Min: 0, Avg:  0.0, Max: 0, Diff: 0, Sum: 0, Workers: 4
[3250.177s][debug][gc,phases      ] GC(77)   StringTable Weak               Min:  0.1, Avg:  0.1, Max:  0.1, Diff:  0.0, Sum:  0.4, Workers: 4
[3250.177s][debug][gc,phases      ] GC(77)     Dead                           Min: 0, Avg:  0.0, Max: 0, Diff: 0, Sum: 0, Workers: 4
[3250.177s][debug][gc,phases      ] GC(77)     Total                          Min: 5120, Avg: 10762.8, Max: 13504, Diff: 8384, Sum: 43051, Workers: 4
[3250.177s][debug][gc,phases      ] GC(77)   ResolvedMethodTable Weak       Min:  0.0, Avg:  0.0, Max:  0.0, Diff:  0.0, Sum:  0.1, Workers: 4
[3250.177s][debug][gc,phases      ] GC(77)     Dead                           Min: 0, Avg:  0.0, Max: 0, Diff: 0, Sum: 0, Workers: 4
[3250.177s][debug][gc,phases      ] GC(77)     Total                          Min: 1408, Avg: 2196.2, Max: 2642, Diff: 1234, Sum: 8785, Workers: 4
[3250.177s][debug][gc,phases      ] GC(77)   JNI Weak                       Min:  0.0, Avg:  0.0, Max:  0.0, Diff:  0.0, Sum:  0.0, Workers: 4
[3250.177s][debug][gc,phases      ] GC(77)     Dead                           Min: 0, Avg:  0.0, Max: 0, Diff: 0, Sum: 0, Workers: 4
[3250.177s][debug][gc,phases      ] GC(77)     Total                          Min: 0, Avg: 11.2, Max: 45, Diff: 45, Sum: 45, Workers: 4
[3250.177s][debug][gc,phases      ] GC(77)   StringDedup Table Weak         Min:  0.0, Avg:  0.0, Max:  0.0, Diff:  0.0, Sum:  0.0, Workers: 4
[3250.177s][debug][gc,phases      ] GC(77)     Dead                           Min: 0, Avg:  0.0, Max: 0, Diff: 0, Sum: 0, Workers: 4
[3250.177s][debug][gc,phases      ] GC(77)     Total                          Min: 0, Avg:  0.0, Max: 0, Diff: 0, Sum: 0, Workers: 4
[3250.177s][debug][gc,phases      ] GC(77)   StringDedup Requests0 Weak     Min:  0.0, Avg:  0.0, Max:  0.0, Diff:  0.0, Sum:  0.0, Workers: 4
[3250.177s][debug][gc,phases      ] GC(77)     Dead                           Min: 0, Avg:  0.0, Max: 0, Diff: 0, Sum: 0, Workers: 4
[3250.177s][debug][gc,phases      ] GC(77)     Total                          Min: 0, Avg:  0.0, Max: 0, Diff: 0, Sum: 0, Workers: 4
[3250.177s][debug][gc,phases      ] GC(77)   StringDedup Requests1 Weak     Min:  0.0, Avg:  0.0, Max:  0.0, Diff:  0.0, Sum:  0.0, Workers: 4
[3250.177s][debug][gc,phases      ] GC(77)     Dead                           Min: 0, Avg:  0.0, Max: 0, Diff: 0, Sum: 0, Workers: 4
[3250.177s][debug][gc,phases      ] GC(77)     Total                          Min: 0, Avg:  0.0, Max: 0, Diff: 0, Sum: 0, Workers: 4
[3250.177s][debug][gc,phases      ] GC(77)   Weak JFR Old Object Samples    Min:  0.0, Avg:  0.0, Max:  0.0, Diff:  0.0, Sum:  0.0, Workers: 4
[3250.177s][debug][gc,phases      ] GC(77)     Dead                           Min: 0, Avg:  0.0, Max: 0, Diff: 0, Sum: 0, Workers: 4
[3250.177s][debug][gc,phases      ] GC(77)     Total                          Min: 0, Avg:  0.0, Max: 0, Diff: 0, Sum: 0, Workers: 4
[3250.177s][debug][gc,phases      ] GC(77) Weak Processing 0.340ms
[3250.177s][debug][gc,age         ] GC(77) Desired survivor size 28835840 bytes, new threshold 15 (max threshold 15)
[3250.177s][info ][gc,heap        ] GC(77) PSYoungGen: 2044059K(2065408K)->9259K(2068992K) Eden: 2034688K(2034688K)->0K(2039296K) From: 9371K(30720K)->9259K(29696K)
[3250.177s][info ][gc,heap        ] GC(77) ParOldGen: 454687K(619520K)->454735K(619520K)
[3250.177s][info ][gc,metaspace   ] GC(77) Metaspace: 80187K(81152K)->80187K(81152K) NonClass: 68841K(69376K)->68841K(69376K) Class: 11345K(11776K)->11345K(11776K)
[3250.177s][info ][gc             ] GC(77) Pause Young (Allocation Failure) 2440M->453M(2625M) 4.187ms
[3250.177s][info ][gc,cpu         ] GC(77) User=0.01s Sys=0.00s Real=0.00s
[3250.177s][info ][safepoint      ] Safepoint "ParallelGCFailedAllocation", Time since last: 2742636445 ns, Reaching safepoint: 27301 ns, At safepoint: 4261293 ns, Total: 4288594 ns
[3251.177s][info ][safepoint      ] Safepoint "Cleanup", Time since last: 1000097858 ns, Reaching safepoint: 123503 ns, At safepoint: 5500 ns, Total: 129003 ns
[3252.177s][info ][safepoint      ] Safepoint "Cleanup", Time since last: 1000105859 ns, Reaching safepoint: 56801 ns, At safepoint: 6200 ns, Total: 63001 ns
[3259.178s][info ][safepoint      ] Safepoint "Cleanup", Time since last: 7000546044 ns, Reaching safepoint: 124203 ns, At safepoint: 6900 ns, Total: 131103 ns
[3269.179s][info ][safepoint      ] Safepoint "Cleanup", Time since last: 10000663799 ns, Reaching safepoint: 50601 ns, At safepoint: 2700 ns, Total: 53301 ns
[3289.180s][info ][safepoint      ] Safepoint "Cleanup", Time since last: 20001398162 ns, Reaching safepoint: 48101 ns, At safepoint: 2801 ns, Total: 50902 ns
[3311.182s][info ][safepoint      ] Safepoint "Cleanup", Time since last: 22001575785 ns, Reaching safepoint: 65201 ns, At safepoint: 5800 ns, Total: 71001 ns
[3318.221s][info ][gc,start       ] GC(78) Pause Young (Allocation Failure)
[3318.225s][debug][gc,phases      ] GC(78) Scavenge 3.546ms
[3318.225s][debug][gc,ref         ] GC(78) Skipped phase 1 of Reference Processing: no references
[3318.225s][debug][gc,ref         ] GC(78) ReferenceProcessor::execute queues: 1, RefProcThreadModel::Single, marks_oops_alive: false
[3318.225s][debug][gc,ref         ] GC(78) Skipped phase 3 of Reference Processing: no references
[3318.225s][debug][gc,ref         ] GC(78) ReferenceProcessor::execute queues: 1, RefProcThreadModel::Single, marks_oops_alive: false
[3318.225s][debug][gc,phases      ] GC(78) Reference Processing 0.117ms
[3318.225s][debug][gc,phases      ] GC(78)   VM Weak                        Min:  0.0, Avg:  0.0, Max:  0.0, Diff:  0.0, Sum:  0.0, Workers: 4
[3318.225s][debug][gc,phases      ] GC(78)     Dead                           Min: 0, Avg:  0.0, Max: 0, Diff: 0, Sum: 0, Workers: 4
[3318.225s][debug][gc,phases      ] GC(78)     Total                          Min: 0, Avg: 198.8, Max: 768, Diff: 768, Sum: 795, Workers: 4
[3318.225s][debug][gc,phases      ] GC(78)   ObjectSynchronizer Weak        Min:  0.0, Avg:  0.0, Max:  0.0, Diff:  0.0, Sum:  0.0, Workers: 4
[3318.225s][debug][gc,phases      ] GC(78)     Dead                           Min: 0, Avg:  0.0, Max: 0, Diff: 0, Sum: 0, Workers: 4
[3318.225s][debug][gc,phases      ] GC(78)     Total                          Min: 0, Avg: 12.5, Max: 50, Diff: 50, Sum: 50, Workers: 4
[3318.225s][debug][gc,phases      ] GC(78)   JVMTI Tag Weak OopStorage      Min:  0.0, Avg:  0.0, Max:  0.0, Diff:  0.0, Sum:  0.0, Workers: 4
[3318.225s][debug][gc,phases      ] GC(78)     Dead                           Min: 0, Avg:  0.0, Max: 0, Diff: 0, Sum: 0, Workers: 4
[3318.226s][debug][gc,phases      ] GC(78)     Total                          Min: 0, Avg:  0.0, Max: 0, Diff: 0, Sum: 0, Workers: 4
[3318.226s][debug][gc,phases      ] GC(78)   StringTable Weak               Min:  0.0, Avg:  0.1, Max:  0.1, Diff:  0.1, Sum:  0.3, Workers: 4
[3318.226s][debug][gc,phases      ] GC(78)     Dead                           Min: 0, Avg:  1.0, Max: 2, Diff: 2, Sum: 4, Workers: 4
[3318.226s][debug][gc,phases      ] GC(78)     Total                          Min: 0, Avg: 10772.0, Max: 14673, Diff: 14673, Sum: 43088, Workers: 4
[3318.226s][debug][gc,phases      ] GC(78)   ResolvedMethodTable Weak       Min:  0.0, Avg:  0.0, Max:  0.0, Diff:  0.0, Sum:  0.1, Workers: 4
[3318.226s][debug][gc,phases      ] GC(78)     Dead                           Min: 0, Avg:  0.0, Max: 0, Diff: 0, Sum: 0, Workers: 4
[3318.226s][debug][gc,phases      ] GC(78)     Total                          Min: 0, Avg: 2209.5, Max: 3072, Diff: 3072, Sum: 8838, Workers: 4
[3318.226s][debug][gc,phases      ] GC(78)   JNI Weak                       Min:  0.0, Avg:  0.0, Max:  0.0, Diff:  0.0, Sum:  0.0, Workers: 4
[3318.226s][debug][gc,phases      ] GC(78)     Dead                           Min: 0, Avg:  0.0, Max: 0, Diff: 0, Sum: 0, Workers: 4
[3318.226s][debug][gc,phases      ] GC(78)     Total                          Min: 0, Avg: 11.2, Max: 45, Diff: 45, Sum: 45, Workers: 4
[3318.226s][debug][gc,phases      ] GC(78)   StringDedup Table Weak         Min:  0.0, Avg:  0.0, Max:  0.0, Diff:  0.0, Sum:  0.0, Workers: 4
[3318.226s][debug][gc,phases      ] GC(78)     Dead                           Min: 0, Avg:  0.0, Max: 0, Diff: 0, Sum: 0, Workers: 4
[3318.226s][debug][gc,phases      ] GC(78)     Total                          Min: 0, Avg:  0.0, Max: 0, Diff: 0, Sum: 0, Workers: 4
[3318.226s][debug][gc,phases      ] GC(78)   StringDedup Requests0 Weak     Min:  0.0, Avg:  0.0, Max:  0.0, Diff:  0.0, Sum:  0.0, Workers: 4
[3318.226s][debug][gc,phases      ] GC(78)     Dead                           Min: 0, Avg:  0.0, Max: 0, Diff: 0, Sum: 0, Workers: 4
[3318.226s][debug][gc,phases      ] GC(78)     Total                          Min: 0, Avg:  0.0, Max: 0, Diff: 0, Sum: 0, Workers: 4
[3318.226s][debug][gc,phases      ] GC(78)   StringDedup Requests1 Weak     Min:  0.0, Avg:  0.0, Max:  0.0, Diff:  0.0, Sum:  0.0, Workers: 4
[3318.226s][debug][gc,phases      ] GC(78)     Dead                           Min: 0, Avg:  0.0, Max: 0, Diff: 0, Sum: 0, Workers: 4
[3318.226s][debug][gc,phases      ] GC(78)     Total                          Min: 0, Avg:  0.0, Max: 0, Diff: 0, Sum: 0, Workers: 4
[3318.226s][debug][gc,phases      ] GC(78)   Weak JFR Old Object Samples    Min:  0.0, Avg:  0.0, Max:  0.0, Diff:  0.0, Sum:  0.0, Workers: 4
[3318.226s][debug][gc,phases      ] GC(78)     Dead                           Min: 0, Avg:  0.0, Max: 0, Diff: 0, Sum: 0, Workers: 4
[3318.226s][debug][gc,phases      ] GC(78)     Total                          Min: 0, Avg:  0.0, Max: 0, Diff: 0, Sum: 0, Workers: 4
[3318.226s][debug][gc,phases      ] GC(78) Weak Processing 0.346ms
[3318.226s][debug][gc,age         ] GC(78) Desired survivor size 27787264 bytes, new threshold 15 (max threshold 15)
[3318.226s][info ][gc,heap        ] GC(78) PSYoungGen: 2048555K(2068992K)->8635K(2067456K) Eden: 2039296K(2039296K)->0K(2039296K) From: 9259K(29696K)->8635K(28160K)
[3318.226s][info ][gc,heap        ] GC(78) ParOldGen: 454735K(619520K)->455687K(619520K)
[3318.226s][info ][gc,metaspace   ] GC(78) Metaspace: 80387K(81344K)->80387K(81344K) NonClass: 69003K(69504K)->69003K(69504K) Class: 11383K(11840K)->11383K(11840K)
[3318.226s][info ][gc             ] GC(78) Pause Young (Allocation Failure) 2444M->453M(2624M) 4.150ms
[3318.226s][info ][gc,cpu         ] GC(78) User=0.02s Sys=0.00s Real=0.00s
[3318.226s][info ][safepoint      ] Safepoint "ParallelGCFailedAllocation", Time since last: 7039414393 ns, Reaching safepoint: 52701 ns, At safepoint: 4229491 ns, Total: 4282192 ns
[3320.226s][info ][safepoint      ] Safepoint "Cleanup", Time since last: 2000166183 ns, Reaching safepoint: 141203 ns, At safepoint: 8800 ns, Total: 150003 ns
[3343.228s][info ][safepoint      ] Safepoint "Cleanup", Time since last: 23001742270 ns, Reaching safepoint: 121903 ns, At safepoint: 6400 ns, Total: 128303 ns
[3359.229s][info ][safepoint      ] Safepoint "Cleanup", Time since last: 16001069720 ns, Reaching safepoint: 44101 ns, At safepoint: 4101 ns, Total: 48202 ns
[3365.229s][info ][safepoint      ] Safepoint "Cleanup", Time since last: 6000438788 ns, Reaching safepoint: 38601 ns, At safepoint: 4300 ns, Total: 42901 ns
[3372.230s][info ][safepoint      ] Safepoint "Cleanup", Time since last: 7000532068 ns, Reaching safepoint: 56201 ns, At safepoint: 5900 ns, Total: 62101 ns
[3378.231s][info ][safepoint      ] Safepoint "Cleanup", Time since last: 6000485565 ns, Reaching safepoint: 89602 ns, At safepoint: 3200 ns, Total: 92802 ns
[3385.072s][info ][gc,start       ] GC(79) Pause Young (Allocation Failure)
[3385.076s][debug][gc,phases      ] GC(79) Scavenge 3.169ms
[3385.076s][debug][gc,ref         ] GC(79) Skipped phase 1 of Reference Processing: no references
[3385.076s][debug][gc,ref         ] GC(79) ReferenceProcessor::execute queues: 1, RefProcThreadModel::Single, marks_oops_alive: false
[3385.076s][debug][gc,ref         ] GC(79) ReferenceProcessor::execute queues: 4, RefProcThreadModel::Multi, marks_oops_alive: true
[3385.076s][debug][gc,ref         ] GC(79) ReferenceProcessor::execute queues: 1, RefProcThreadModel::Single, marks_oops_alive: false
[3385.076s][debug][gc,phases      ] GC(79) Reference Processing 0.205ms
[3385.076s][debug][gc,phases      ] GC(79)   VM Weak                        Min:  0.0, Avg:  0.0, Max:  0.0, Diff:  0.0, Sum:  0.0, Workers: 4
[3385.076s][debug][gc,phases      ] GC(79)     Dead                           Min: 0, Avg:  0.0, Max: 0, Diff: 0, Sum: 0, Workers: 4
[3385.076s][debug][gc,phases      ] GC(79)     Total                          Min: 0, Avg: 198.8, Max: 603, Diff: 603, Sum: 795, Workers: 4
[3385.076s][debug][gc,phases      ] GC(79)   ObjectSynchronizer Weak        Min:  0.0, Avg:  0.0, Max:  0.0, Diff:  0.0, Sum:  0.0, Workers: 4
[3385.076s][debug][gc,phases      ] GC(79)     Dead                           Min: 0, Avg:  0.0, Max: 0, Diff: 0, Sum: 0, Workers: 4
[3385.076s][debug][gc,phases      ] GC(79)     Total                          Min: 0, Avg: 12.5, Max: 50, Diff: 50, Sum: 50, Workers: 4
[3385.076s][debug][gc,phases      ] GC(79)   JVMTI Tag Weak OopStorage      Min:  0.0, Avg:  0.0, Max:  0.0, Diff:  0.0, Sum:  0.0, Workers: 4
[3385.076s][debug][gc,phases      ] GC(79)     Dead                           Min: 0, Avg:  0.0, Max: 0, Diff: 0, Sum: 0, Workers: 4
[3385.076s][debug][gc,phases      ] GC(79)     Total                          Min: 0, Avg:  0.0, Max: 0, Diff: 0, Sum: 0, Workers: 4
[3385.076s][debug][gc,phases      ] GC(79)   StringTable Weak               Min:  0.1, Avg:  0.1, Max:  0.1, Diff:  0.0, Sum:  0.4, Workers: 4
[3385.076s][debug][gc,phases      ] GC(79)     Dead                           Min: 0, Avg:  0.0, Max: 0, Diff: 0, Sum: 0, Workers: 4
[3385.076s][debug][gc,phases      ] GC(79)     Total                          Min: 10495, Avg: 10773.0, Max: 11072, Diff: 577, Sum: 43092, Workers: 4
[3385.076s][debug][gc,phases      ] GC(79)   ResolvedMethodTable Weak       Min:  0.0, Avg:  0.0, Max:  0.0, Diff:  0.0, Sum:  0.1, Workers: 4
[3385.076s][debug][gc,phases      ] GC(79)     Dead                           Min: 0, Avg:  0.0, Max: 0, Diff: 0, Sum: 0, Workers: 4
[3385.076s][debug][gc,phases      ] GC(79)     Total                          Min: 1926, Avg: 2209.5, Max: 2368, Diff: 442, Sum: 8838, Workers: 4
[3385.076s][debug][gc,phases      ] GC(79)   JNI Weak                       Min:  0.0, Avg:  0.0, Max:  0.0, Diff:  0.0, Sum:  0.0, Workers: 4
[3385.076s][debug][gc,phases      ] GC(79)     Dead                           Min: 0, Avg:  0.0, Max: 0, Diff: 0, Sum: 0, Workers: 4
[3385.076s][debug][gc,phases      ] GC(79)     Total                          Min: 0, Avg: 11.2, Max: 45, Diff: 45, Sum: 45, Workers: 4
[3385.076s][debug][gc,phases      ] GC(79)   StringDedup Table Weak         Min:  0.0, Avg:  0.0, Max:  0.0, Diff:  0.0, Sum:  0.0, Workers: 4
[3385.076s][debug][gc,phases      ] GC(79)     Dead                           Min: 0, Avg:  0.0, Max: 0, Diff: 0, Sum: 0, Workers: 4
[3385.076s][debug][gc,phases      ] GC(79)     Total                          Min: 0, Avg:  0.0, Max: 0, Diff: 0, Sum: 0, Workers: 4
[3385.076s][debug][gc,phases      ] GC(79)   StringDedup Requests0 Weak     Min:  0.0, Avg:  0.0, Max:  0.0, Diff:  0.0, Sum:  0.0, Workers: 4
[3385.076s][debug][gc,phases      ] GC(79)     Dead                           Min: 0, Avg:  0.0, Max: 0, Diff: 0, Sum: 0, Workers: 4
[3385.076s][debug][gc,phases      ] GC(79)     Total                          Min: 0, Avg:  0.0, Max: 0, Diff: 0, Sum: 0, Workers: 4
[3385.076s][debug][gc,phases      ] GC(79)   StringDedup Requests1 Weak     Min:  0.0, Avg:  0.0, Max:  0.0, Diff:  0.0, Sum:  0.0, Workers: 4
[3385.076s][debug][gc,phases      ] GC(79)     Dead                           Min: 0, Avg:  0.0, Max: 0, Diff: 0, Sum: 0, Workers: 4
[3385.076s][debug][gc,phases      ] GC(79)     Total                          Min: 0, Avg:  0.0, Max: 0, Diff: 0, Sum: 0, Workers: 4
[3385.076s][debug][gc,phases      ] GC(79)   Weak JFR Old Object Samples    Min:  0.0, Avg:  0.0, Max:  0.0, Diff:  0.0, Sum:  0.0, Workers: 4
[3385.076s][debug][gc,phases      ] GC(79)     Dead                           Min: 0, Avg:  0.0, Max: 0, Diff: 0, Sum: 0, Workers: 4
[3385.076s][debug][gc,phases      ] GC(79)     Total                          Min: 0, Avg:  0.0, Max: 0, Diff: 0, Sum: 0, Workers: 4
[3385.076s][debug][gc,phases      ] GC(79) Weak Processing 0.305ms
[3385.076s][debug][gc,age         ] GC(79) Desired survivor size 27787264 bytes, new threshold 15 (max threshold 15)
[3385.076s][info ][gc,heap        ] GC(79) PSYoungGen: 2047931K(2067456K)->4320K(2070016K) Eden: 2039296K(2039296K)->0K(2042880K) From: 8635K(28160K)->4320K(27136K)
[3385.076s][info ][gc,heap        ] GC(79) ParOldGen: 455687K(619520K)->460019K(619520K)
[3385.076s][info ][gc,metaspace   ] GC(79) Metaspace: 80405K(81344K)->80405K(81344K) NonClass: 69021K(69504K)->69021K(69504K) Class: 11383K(11840K)->11383K(11840K)
[3385.076s][info ][gc             ] GC(79) Pause Young (Allocation Failure) 2444M->453M(2626M) 3.800ms
[3385.076s][info ][gc,cpu         ] GC(79) User=0.02s Sys=0.00s Real=0.00s
[3385.076s][info ][safepoint      ] Safepoint "ParallelGCFailedAllocation", Time since last: 6841521770 ns, Reaching safepoint: 131903 ns, At safepoint: 3924385 ns, Total: 4056288 ns
[3446.274s][info ][gc,start       ] GC(80) Pause Young (Allocation Failure)
[3446.277s][debug][gc,phases      ] GC(80) Scavenge 3.074ms
[3446.277s][debug][gc,ref         ] GC(80) Skipped phase 1 of Reference Processing: no references
[3446.277s][debug][gc,ref         ] GC(80) ReferenceProcessor::execute queues: 1, RefProcThreadModel::Single, marks_oops_alive: false
[3446.277s][debug][gc,ref         ] GC(80) Skipped phase 3 of Reference Processing: no references
[3446.277s][debug][gc,ref         ] GC(80) ReferenceProcessor::execute queues: 1, RefProcThreadModel::Single, marks_oops_alive: false
[3446.277s][debug][gc,phases      ] GC(80) Reference Processing 0.113ms
[3446.277s][debug][gc,phases      ] GC(80)   VM Weak                        Min:  0.0, Avg:  0.0, Max:  0.0, Diff:  0.0, Sum:  0.0, Workers: 4
[3446.277s][debug][gc,phases      ] GC(80)     Dead                           Min: 0, Avg:  0.0, Max: 0, Diff: 0, Sum: 0, Workers: 4
[3446.277s][debug][gc,phases      ] GC(80)     Total                          Min: 64, Avg: 198.8, Max: 448, Diff: 384, Sum: 795, Workers: 4
[3446.277s][debug][gc,phases      ] GC(80)   ObjectSynchronizer Weak        Min:  0.0, Avg:  0.0, Max:  0.0, Diff:  0.0, Sum:  0.0, Workers: 4
[3446.277s][debug][gc,phases      ] GC(80)     Dead                           Min: 0, Avg:  0.0, Max: 0, Diff: 0, Sum: 0, Workers: 4
[3446.277s][debug][gc,phases      ] GC(80)     Total                          Min: 0, Avg: 12.5, Max: 50, Diff: 50, Sum: 50, Workers: 4
[3446.277s][debug][gc,phases      ] GC(80)   JVMTI Tag Weak OopStorage      Min:  0.0, Avg:  0.0, Max:  0.0, Diff:  0.0, Sum:  0.0, Workers: 4
[3446.277s][debug][gc,phases      ] GC(80)     Dead                           Min: 0, Avg:  0.0, Max: 0, Diff: 0, Sum: 0, Workers: 4
[3446.277s][debug][gc,phases      ] GC(80)     Total                          Min: 0, Avg:  0.0, Max: 0, Diff: 0, Sum: 0, Workers: 4
[3446.277s][debug][gc,phases      ] GC(80)   StringTable Weak               Min:  0.1, Avg:  0.1, Max:  0.1, Diff:  0.0, Sum:  0.4, Workers: 4
[3446.277s][debug][gc,phases      ] GC(80)     Dead                           Min: 0, Avg:  0.0, Max: 0, Diff: 0, Sum: 0, Workers: 4
[3446.277s][debug][gc,phases      ] GC(80)     Total                          Min: 9110, Avg: 10773.2, Max: 11968, Diff: 2858, Sum: 43093, Workers: 4
[3446.277s][debug][gc,phases      ] GC(80)   ResolvedMethodTable Weak       Min:  0.0, Avg:  0.0, Max:  0.0, Diff:  0.0, Sum:  0.1, Workers: 4
[3446.277s][debug][gc,phases      ] GC(80)     Dead                           Min: 0, Avg:  0.0, Max: 0, Diff: 0, Sum: 0, Workers: 4
[3446.277s][debug][gc,phases      ] GC(80)     Total                          Min: 1990, Avg: 2209.5, Max: 2432, Diff: 442, Sum: 8838, Workers: 4
[3446.277s][debug][gc,phases      ] GC(80)   JNI Weak                       Min:  0.0, Avg:  0.0, Max:  0.0, Diff:  0.0, Sum:  0.0, Workers: 4
[3446.277s][debug][gc,phases      ] GC(80)     Dead                           Min: 0, Avg:  0.0, Max: 0, Diff: 0, Sum: 0, Workers: 4
[3446.277s][debug][gc,phases      ] GC(80)     Total                          Min: 0, Avg: 11.2, Max: 45, Diff: 45, Sum: 45, Workers: 4
[3446.277s][debug][gc,phases      ] GC(80)   StringDedup Table Weak         Min:  0.0, Avg:  0.0, Max:  0.0, Diff:  0.0, Sum:  0.0, Workers: 4
[3446.277s][debug][gc,phases      ] GC(80)     Dead                           Min: 0, Avg:  0.0, Max: 0, Diff: 0, Sum: 0, Workers: 4
[3446.277s][debug][gc,phases      ] GC(80)     Total                          Min: 0, Avg:  0.0, Max: 0, Diff: 0, Sum: 0, Workers: 4
[3446.277s][debug][gc,phases      ] GC(80)   StringDedup Requests0 Weak     Min:  0.0, Avg:  0.0, Max:  0.0, Diff:  0.0, Sum:  0.0, Workers: 4
[3446.277s][debug][gc,phases      ] GC(80)     Dead                           Min: 0, Avg:  0.0, Max: 0, Diff: 0, Sum: 0, Workers: 4
[3446.277s][debug][gc,phases      ] GC(80)     Total                          Min: 0, Avg:  0.0, Max: 0, Diff: 0, Sum: 0, Workers: 4
[3446.277s][debug][gc,phases      ] GC(80)   StringDedup Requests1 Weak     Min:  0.0, Avg:  0.0, Max:  0.0, Diff:  0.0, Sum:  0.0, Workers: 4
[3446.277s][debug][gc,phases      ] GC(80)     Dead                           Min: 0, Avg:  0.0, Max: 0, Diff: 0, Sum: 0, Workers: 4
[3446.277s][debug][gc,phases      ] GC(80)     Total                          Min: 0, Avg:  0.0, Max: 0, Diff: 0, Sum: 0, Workers: 4
[3446.277s][debug][gc,phases      ] GC(80)   Weak JFR Old Object Samples    Min:  0.0, Avg:  0.0, Max:  0.0, Diff:  0.0, Sum:  0.0, Workers: 4
[3446.277s][debug][gc,phases      ] GC(80)     Dead                           Min: 0, Avg:  0.0, Max: 0, Diff: 0, Sum: 0, Workers: 4
[3446.277s][debug][gc,phases      ] GC(80)     Total                          Min: 0, Avg:  0.0, Max: 0, Diff: 0, Sum: 0, Workers: 4
[3446.277s][debug][gc,phases      ] GC(80) Weak Processing 0.309ms
[3446.277s][debug][gc,age         ] GC(80) Desired survivor size 27262976 bytes, new threshold 15 (max threshold 15)
[3446.277s][info ][gc,heap        ] GC(80) PSYoungGen: 2047200K(2070016K)->4048K(2070016K) Eden: 2042880K(2042880K)->0K(2042880K) From: 4320K(27136K)->4048K(27136K)
[3446.277s][info ][gc,heap        ] GC(80) ParOldGen: 460019K(619520K)->460195K(619520K)
[3446.277s][info ][gc,metaspace   ] GC(80) Metaspace: 80406K(81344K)->80406K(81344K) NonClass: 69022K(69504K)->69022K(69504K) Class: 11383K(11840K)->11383K(11840K)
[3446.277s][info ][gc             ] GC(80) Pause Young (Allocation Failure) 2448M->453M(2626M) 3.622ms
[3446.277s][info ][gc,cpu         ] GC(80) User=0.01s Sys=0.00s Real=0.00s
[3446.277s][info ][safepoint      ] Safepoint "ParallelGCFailedAllocation", Time since last: 61197200667 ns, Reaching safepoint: 41301 ns, At safepoint: 3719280 ns, Total: 3760581 ns
[3448.277s][info ][safepoint      ] Safepoint "Cleanup", Time since last: 2000129070 ns, Reaching safepoint: 45001 ns, At safepoint: 3900 ns, Total: 48901 ns
[3459.278s][info ][safepoint      ] Safepoint "Cleanup", Time since last: 11000785967 ns, Reaching safepoint: 47401 ns, At safepoint: 2900 ns, Total: 50301 ns
[3461.279s][info ][safepoint      ] Safepoint "Cleanup", Time since last: 2000191512 ns, Reaching safepoint: 122503 ns, At safepoint: 6100 ns, Total: 128603 ns
[3493.281s][info ][safepoint      ] Safepoint "Cleanup", Time since last: 32002315360 ns, Reaching safepoint: 48101 ns, At safepoint: 39301 ns, Total: 87402 ns
[3514.372s][info ][gc,start       ] GC(81) Pause Young (Allocation Failure)
[3514.375s][debug][gc,phases      ] GC(81) Scavenge 2.807ms
[3514.375s][debug][gc,ref         ] GC(81) Skipped phase 1 of Reference Processing: no references
[3514.375s][debug][gc,ref         ] GC(81) ReferenceProcessor::execute queues: 1, RefProcThreadModel::Single, marks_oops_alive: false
[3514.375s][debug][gc,ref         ] GC(81) Skipped phase 3 of Reference Processing: no references
[3514.375s][debug][gc,ref         ] GC(81) ReferenceProcessor::execute queues: 1, RefProcThreadModel::Single, marks_oops_alive: false
[3514.375s][debug][gc,phases      ] GC(81) Reference Processing 0.117ms
[3514.376s][debug][gc,phases      ] GC(81)   VM Weak                        Min:  0.0, Avg:  0.0, Max:  0.0, Diff:  0.0, Sum:  0.0, Workers: 4
[3514.376s][debug][gc,phases      ] GC(81)     Dead                           Min: 0, Avg:  0.0, Max: 0, Diff: 0, Sum: 0, Workers: 4
[3514.376s][debug][gc,phases      ] GC(81)     Total                          Min: 0, Avg: 198.8, Max: 475, Diff: 475, Sum: 795, Workers: 4
[3514.376s][debug][gc,phases      ] GC(81)   ObjectSynchronizer Weak        Min:  0.0, Avg:  0.0, Max:  0.0, Diff:  0.0, Sum:  0.0, Workers: 4
[3514.376s][debug][gc,phases      ] GC(81)     Dead                           Min: 0, Avg:  0.0, Max: 0, Diff: 0, Sum: 0, Workers: 4
[3514.376s][debug][gc,phases      ] GC(81)     Total                          Min: 0, Avg: 12.5, Max: 50, Diff: 50, Sum: 50, Workers: 4
[3514.376s][debug][gc,phases      ] GC(81)   JVMTI Tag Weak OopStorage      Min:  0.0, Avg:  0.0, Max:  0.0, Diff:  0.0, Sum:  0.0, Workers: 4
[3514.376s][debug][gc,phases      ] GC(81)     Dead                           Min: 0, Avg:  0.0, Max: 0, Diff: 0, Sum: 0, Workers: 4
[3514.376s][debug][gc,phases      ] GC(81)     Total                          Min: 0, Avg:  0.0, Max: 0, Diff: 0, Sum: 0, Workers: 4
[3514.376s][debug][gc,phases      ] GC(81)   StringTable Weak               Min:  0.0, Avg:  0.1, Max:  0.1, Diff:  0.1, Sum:  0.4, Workers: 4
[3514.376s][debug][gc,phases      ] GC(81)     Dead                           Min: 0, Avg:  0.0, Max: 0, Diff: 0, Sum: 0, Workers: 4
[3514.376s][debug][gc,phases      ] GC(81)     Total                          Min: 0, Avg: 10773.2, Max: 16319, Diff: 16319, Sum: 43093, Workers: 4
[3514.376s][debug][gc,phases      ] GC(81)   ResolvedMethodTable Weak       Min:  0.0, Avg:  0.0, Max:  0.0, Diff:  0.0, Sum:  0.1, Workers: 4
[3514.376s][debug][gc,phases      ] GC(81)     Dead                           Min: 0, Avg:  0.0, Max: 0, Diff: 0, Sum: 0, Workers: 4
[3514.376s][debug][gc,phases      ] GC(81)     Total                          Min: 0, Avg: 2209.5, Max: 3206, Diff: 3206, Sum: 8838, Workers: 4
[3514.376s][debug][gc,phases      ] GC(81)   JNI Weak                       Min:  0.0, Avg:  0.0, Max:  0.0, Diff:  0.0, Sum:  0.0, Workers: 4
[3514.376s][debug][gc,phases      ] GC(81)     Dead                           Min: 0, Avg:  0.0, Max: 0, Diff: 0, Sum: 0, Workers: 4
[3514.376s][debug][gc,phases      ] GC(81)     Total                          Min: 0, Avg: 11.2, Max: 45, Diff: 45, Sum: 45, Workers: 4
[3514.376s][debug][gc,phases      ] GC(81)   StringDedup Table Weak         Min:  0.0, Avg:  0.0, Max:  0.0, Diff:  0.0, Sum:  0.0, Workers: 4
[3514.376s][debug][gc,phases      ] GC(81)     Dead                           Min: 0, Avg:  0.0, Max: 0, Diff: 0, Sum: 0, Workers: 4
[3514.376s][debug][gc,phases      ] GC(81)     Total                          Min: 0, Avg:  0.0, Max: 0, Diff: 0, Sum: 0, Workers: 4
[3514.376s][debug][gc,phases      ] GC(81)   StringDedup Requests0 Weak     Min:  0.0, Avg:  0.0, Max:  0.0, Diff:  0.0, Sum:  0.0, Workers: 4
[3514.376s][debug][gc,phases      ] GC(81)     Dead                           Min: 0, Avg:  0.0, Max: 0, Diff: 0, Sum: 0, Workers: 4
[3514.376s][debug][gc,phases      ] GC(81)     Total                          Min: 0, Avg:  0.0, Max: 0, Diff: 0, Sum: 0, Workers: 4
[3514.376s][debug][gc,phases      ] GC(81)   StringDedup Requests1 Weak     Min:  0.0, Avg:  0.0, Max:  0.0, Diff:  0.0, Sum:  0.0, Workers: 4
[3514.376s][debug][gc,phases      ] GC(81)     Dead                           Min: 0, Avg:  0.0, Max: 0, Diff: 0, Sum: 0, Workers: 4
[3514.376s][debug][gc,phases      ] GC(81)     Total                          Min: 0, Avg:  0.0, Max: 0, Diff: 0, Sum: 0, Workers: 4
[3514.376s][debug][gc,phases      ] GC(81)   Weak JFR Old Object Samples    Min:  0.0, Avg:  0.0, Max:  0.0, Diff:  0.0, Sum:  0.0, Workers: 4
[3514.376s][debug][gc,phases      ] GC(81)     Dead                           Min: 0, Avg:  0.0, Max: 0, Diff: 0, Sum: 0, Workers: 4
[3514.376s][debug][gc,phases      ] GC(81)     Total                          Min: 0, Avg:  0.0, Max: 0, Diff: 0, Sum: 0, Workers: 4
[3514.376s][debug][gc,phases      ] GC(81) Weak Processing 0.347ms
[3514.376s][debug][gc,age         ] GC(81) Desired survivor size 26738688 bytes, new threshold 15 (max threshold 15)
[3514.376s][info ][gc,heap        ] GC(81) PSYoungGen: 2046928K(2070016K)->4000K(2071040K) Eden: 2042880K(2042880K)->0K(2044416K) From: 4048K(27136K)->4000K(26624K)
[3514.376s][info ][gc,heap        ] GC(81) ParOldGen: 460195K(619520K)->460227K(619520K)
[3514.376s][info ][gc,metaspace   ] GC(81) Metaspace: 80419K(81344K)->80419K(81344K) NonClass: 69036K(69504K)->69036K(69504K) Class: 11383K(11840K)->11383K(11840K)
[3514.376s][info ][gc             ] GC(81) Pause Young (Allocation Failure) 2448M->453M(2627M) 3.414ms
[3514.376s][info ][gc,cpu         ] GC(81) User=0.02s Sys=0.00s Real=0.00s
[3514.376s][info ][safepoint      ] Safepoint "ParallelGCFailedAllocation", Time since last: 21091359883 ns, Reaching safepoint: 123702 ns, At safepoint: 3503174 ns, Total: 3626876 ns
[3532.377s][info ][safepoint      ] Safepoint "Cleanup", Time since last: 18001371908 ns, Reaching safepoint: 127403 ns, At safepoint: 9800 ns, Total: 137203 ns
[3543.378s][info ][safepoint      ] Safepoint "Cleanup", Time since last: 11000864517 ns, Reaching safepoint: 119402 ns, At safepoint: 35301 ns, Total: 154703 ns
[3569.380s][info ][safepoint      ] Safepoint "Cleanup", Time since last: 26001745019 ns, Reaching safepoint: 44301 ns, At safepoint: 2800 ns, Total: 47101 ns
[3577.529s][info ][gc,start       ] GC(82) Pause Young (Allocation Failure)
[3577.532s][debug][gc,phases      ] GC(82) Scavenge 3.554ms
[3577.533s][debug][gc,ref         ] GC(82) Skipped phase 1 of Reference Processing: no references
[3577.533s][debug][gc,ref         ] GC(82) ReferenceProcessor::execute queues: 1, RefProcThreadModel::Single, marks_oops_alive: false
[3577.533s][debug][gc,ref         ] GC(82) Skipped phase 3 of Reference Processing: no references
[3577.533s][debug][gc,ref         ] GC(82) ReferenceProcessor::execute queues: 1, RefProcThreadModel::Single, marks_oops_alive: false
[3577.533s][debug][gc,phases      ] GC(82) Reference Processing 0.162ms
[3577.533s][debug][gc,phases      ] GC(82)   VM Weak                        Min:  0.0, Avg:  0.0, Max:  0.0, Diff:  0.0, Sum:  0.0, Workers: 4
[3577.533s][debug][gc,phases      ] GC(82)     Dead                           Min: 0, Avg:  0.0, Max: 0, Diff: 0, Sum: 0, Workers: 4
[3577.533s][debug][gc,phases      ] GC(82)     Total                          Min: 0, Avg: 198.8, Max: 411, Diff: 411, Sum: 795, Workers: 4
[3577.533s][debug][gc,phases      ] GC(82)   ObjectSynchronizer Weak        Min:  0.0, Avg:  0.0, Max:  0.0, Diff:  0.0, Sum:  0.0, Workers: 4
[3577.533s][debug][gc,phases      ] GC(82)     Dead                           Min: 0, Avg:  0.0, Max: 0, Diff: 0, Sum: 0, Workers: 4
[3577.533s][debug][gc,phases      ] GC(82)     Total                          Min: 0, Avg: 12.5, Max: 50, Diff: 50, Sum: 50, Workers: 4
[3577.533s][debug][gc,phases      ] GC(82)   JVMTI Tag Weak OopStorage      Min:  0.0, Avg:  0.0, Max:  0.0, Diff:  0.0, Sum:  0.0, Workers: 4
[3577.533s][debug][gc,phases      ] GC(82)     Dead                           Min: 0, Avg:  0.0, Max: 0, Diff: 0, Sum: 0, Workers: 4
[3577.533s][debug][gc,phases      ] GC(82)     Total                          Min: 0, Avg:  0.0, Max: 0, Diff: 0, Sum: 0, Workers: 4
[3577.533s][debug][gc,phases      ] GC(82)   StringTable Weak               Min:  0.0, Avg:  0.1, Max:  0.1, Diff:  0.1, Sum:  0.4, Workers: 4
[3577.533s][debug][gc,phases      ] GC(82)     Dead                           Min: 0, Avg:  0.0, Max: 0, Diff: 0, Sum: 0, Workers: 4
[3577.533s][debug][gc,phases      ] GC(82)     Total                          Min: 0, Avg: 10773.5, Max: 15062, Diff: 15062, Sum: 43094, Workers: 4
[3577.533s][debug][gc,phases      ] GC(82)   ResolvedMethodTable Weak       Min:  0.0, Avg:  0.0, Max:  0.0, Diff:  0.0, Sum:  0.1, Workers: 4
[3577.533s][debug][gc,phases      ] GC(82)     Dead                           Min: 0, Avg:  0.0, Max: 0, Diff: 0, Sum: 0, Workers: 4
[3577.533s][debug][gc,phases      ] GC(82)     Total                          Min: 0, Avg: 2210.0, Max: 3080, Diff: 3080, Sum: 8840, Workers: 4
[3577.533s][debug][gc,phases      ] GC(82)   JNI Weak                       Min:  0.0, Avg:  0.0, Max:  0.0, Diff:  0.0, Sum:  0.0, Workers: 4
[3577.533s][debug][gc,phases      ] GC(82)     Dead                           Min: 0, Avg:  0.0, Max: 0, Diff: 0, Sum: 0, Workers: 4
[3577.533s][debug][gc,phases      ] GC(82)     Total                          Min: 0, Avg: 11.2, Max: 45, Diff: 45, Sum: 45, Workers: 4
[3577.533s][debug][gc,phases      ] GC(82)   StringDedup Table Weak         Min:  0.0, Avg:  0.0, Max:  0.0, Diff:  0.0, Sum:  0.0, Workers: 4
[3577.533s][debug][gc,phases      ] GC(82)     Dead                           Min: 0, Avg:  0.0, Max: 0, Diff: 0, Sum: 0, Workers: 4
[3577.533s][debug][gc,phases      ] GC(82)     Total                          Min: 0, Avg:  0.0, Max: 0, Diff: 0, Sum: 0, Workers: 4
[3577.533s][debug][gc,phases      ] GC(82)   StringDedup Requests0 Weak     Min:  0.0, Avg:  0.0, Max:  0.0, Diff:  0.0, Sum:  0.0, Workers: 4
[3577.533s][debug][gc,phases      ] GC(82)     Dead                           Min: 0, Avg:  0.0, Max: 0, Diff: 0, Sum: 0, Workers: 4
[3577.533s][debug][gc,phases      ] GC(82)     Total                          Min: 0, Avg:  0.0, Max: 0, Diff: 0, Sum: 0, Workers: 4
[3577.533s][debug][gc,phases      ] GC(82)   StringDedup Requests1 Weak     Min:  0.0, Avg:  0.0, Max:  0.0, Diff:  0.0, Sum:  0.0, Workers: 4
[3577.533s][debug][gc,phases      ] GC(82)     Dead                           Min: 0, Avg:  0.0, Max: 0, Diff: 0, Sum: 0, Workers: 4
[3577.533s][debug][gc,phases      ] GC(82)     Total                          Min: 0, Avg:  0.0, Max: 0, Diff: 0, Sum: 0, Workers: 4
[3577.533s][debug][gc,phases      ] GC(82)   Weak JFR Old Object Samples    Min:  0.0, Avg:  0.0, Max:  0.0, Diff:  0.0, Sum:  0.0, Workers: 4
[3577.533s][debug][gc,phases      ] GC(82)     Dead                           Min: 0, Avg:  0.0, Max: 0, Diff: 0, Sum: 0, Workers: 4
[3577.533s][debug][gc,phases      ] GC(82)     Total                          Min: 0, Avg:  0.0, Max: 0, Diff: 0, Sum: 0, Workers: 4
[3577.533s][debug][gc,phases      ] GC(82) Weak Processing 0.344ms
[3577.533s][debug][gc,age         ] GC(82) Desired survivor size 26214400 bytes, new threshold 15 (max threshold 15)
[3577.533s][info ][gc,heap        ] GC(82) PSYoungGen: 2048416K(2071040K)->3968K(2070528K) Eden: 2044416K(2044416K)->0K(2044416K) From: 4000K(26624K)->3968K(26112K)
[3577.533s][info ][gc,heap        ] GC(82) ParOldGen: 460227K(619520K)->460435K(619520K)
[3577.533s][info ][gc,metaspace   ] GC(82) Metaspace: 80434K(81408K)->80434K(81408K) NonClass: 69051K(69568K)->69051K(69568K) Class: 11383K(11840K)->11383K(11840K)
[3577.533s][info ][gc             ] GC(82) Pause Young (Allocation Failure) 2449M->453M(2627M) 4.198ms
[3577.533s][info ][gc,cpu         ] GC(82) User=0.02s Sys=0.00s Real=0.01s
[3577.533s][info ][safepoint      ] Safepoint "ParallelGCFailedAllocation", Time since last: 8148461334 ns, Reaching safepoint: 107103 ns, At safepoint: 4340539 ns, Total: 4447642 ns
[3588.534s][info ][safepoint      ] Safepoint "Cleanup", Time since last: 11000718465 ns, Reaching safepoint: 55701 ns, At safepoint: 3401 ns, Total: 59102 ns
[3595.534s][info ][safepoint      ] Safepoint "Cleanup", Time since last: 7000490263 ns, Reaching safepoint: 51502 ns, At safepoint: 6700 ns, Total: 58202 ns
[3598.539s][info ][safepoint      ] Safepoint "Cleanup", Time since last: 3004644537 ns, Reaching safepoint: 81203 ns, At safepoint: 3100 ns, Total: 84303 ns
[3600.539s][info ][safepoint      ] Safepoint "Cleanup", Time since last: 2000187794 ns, Reaching safepoint: 54802 ns, At safepoint: 2900 ns, Total: 57702 ns
[3605.540s][info ][safepoint      ] Safepoint "Cleanup", Time since last: 5000370423 ns, Reaching safepoint: 53202 ns, At safepoint: 22701 ns, Total: 75903 ns
[3606.540s][info ][safepoint      ] Safepoint "Cleanup", Time since last: 1000103526 ns, Reaching safepoint: 51801 ns, At safepoint: 2400 ns, Total: 54201 ns
[3611.541s][info ][safepoint      ] Safepoint "Cleanup", Time since last: 5000369488 ns, Reaching safepoint: 256308 ns, At safepoint: 7701 ns, Total: 264009 ns
[3615.541s][info ][safepoint      ] Safepoint "Cleanup", Time since last: 4000315604 ns, Reaching safepoint: 50001 ns, At safepoint: 20001 ns, Total: 70002 ns
[3618.543s][info ][safepoint      ] Safepoint "Cleanup", Time since last: 3000237075 ns, Reaching safepoint: 2129766 ns, At safepoint: 8601 ns, Total: 2138367 ns
[3620.544s][info ][safepoint      ] Safepoint "Cleanup", Time since last: 2000176698 ns, Reaching safepoint: 49902 ns, At safepoint: 5300 ns, Total: 55202 ns
[3626.544s][info ][safepoint      ] Safepoint "Cleanup", Time since last: 6000478355 ns, Reaching safepoint: 73803 ns, At safepoint: 2900 ns, Total: 76703 ns
[3636.072s][info ][gc,start       ] GC(83) Pause Young (Allocation Failure)
[3636.075s][debug][gc,phases      ] GC(83) Scavenge 3.166ms
[3636.075s][debug][gc,ref         ] GC(83) Skipped phase 1 of Reference Processing: no references
[3636.075s][debug][gc,ref         ] GC(83) ReferenceProcessor::execute queues: 1, RefProcThreadModel::Single, marks_oops_alive: false
[3636.076s][debug][gc,ref         ] GC(83) Skipped phase 3 of Reference Processing: no references
[3636.076s][debug][gc,ref         ] GC(83) ReferenceProcessor::execute queues: 1, RefProcThreadModel::Single, marks_oops_alive: false
[3636.076s][debug][gc,phases      ] GC(83) Reference Processing 0.113ms
[3636.076s][debug][gc,phases      ] GC(83)   VM Weak                        Min:  0.0, Avg:  0.0, Max:  0.0, Diff:  0.0, Sum:  0.0, Workers: 4
[3636.076s][debug][gc,phases      ] GC(83)     Dead                           Min: 0, Avg:  0.0, Max: 0, Diff: 0, Sum: 0, Workers: 4
[3636.076s][debug][gc,phases      ] GC(83)     Total                          Min: 91, Avg: 198.8, Max: 448, Diff: 357, Sum: 795, Workers: 4
[3636.076s][debug][gc,phases      ] GC(83)   ObjectSynchronizer Weak        Min:  0.0, Avg:  0.0, Max:  0.0, Diff:  0.0, Sum:  0.0, Workers: 4
[3636.076s][debug][gc,phases      ] GC(83)     Dead                           Min: 0, Avg:  0.0, Max: 0, Diff: 0, Sum: 0, Workers: 4
[3636.076s][debug][gc,phases      ] GC(83)     Total                          Min: 0, Avg: 12.5, Max: 50, Diff: 50, Sum: 50, Workers: 4
[3636.076s][debug][gc,phases      ] GC(83)   JVMTI Tag Weak OopStorage      Min:  0.0, Avg:  0.0, Max:  0.0, Diff:  0.0, Sum:  0.0, Workers: 4
[3636.076s][debug][gc,phases      ] GC(83)     Dead                           Min: 0, Avg:  0.0, Max: 0, Diff: 0, Sum: 0, Workers: 4
[3636.076s][debug][gc,phases      ] GC(83)     Total                          Min: 0, Avg:  0.0, Max: 0, Diff: 0, Sum: 0, Workers: 4
[3636.076s][debug][gc,phases      ] GC(83)   StringTable Weak               Min:  0.1, Avg:  0.1, Max:  0.1, Diff:  0.0, Sum:  0.4, Workers: 4
[3636.076s][debug][gc,phases      ] GC(83)     Dead                           Min: 0, Avg:  0.0, Max: 0, Diff: 0, Sum: 0, Workers: 4
[3636.076s][debug][gc,phases      ] GC(83)     Total                          Min: 9728, Avg: 10774.8, Max: 11739, Diff: 2011, Sum: 43099, Workers: 4
[3636.076s][debug][gc,phases      ] GC(83)   ResolvedMethodTable Weak       Min:  0.0, Avg:  0.0, Max:  0.0, Diff:  0.0, Sum:  0.1, Workers: 4
[3636.076s][debug][gc,phases      ] GC(83)     Dead                           Min: 0, Avg:  0.0, Max: 0, Diff: 0, Sum: 0, Workers: 4
[3636.076s][debug][gc,phases      ] GC(83)     Total                          Min: 640, Avg: 2210.8, Max: 3840, Diff: 3200, Sum: 8843, Workers: 4
[3636.076s][debug][gc,phases      ] GC(83)   JNI Weak                       Min:  0.0, Avg:  0.0, Max:  0.0, Diff:  0.0, Sum:  0.0, Workers: 4
[3636.076s][debug][gc,phases      ] GC(83)     Dead                           Min: 0, Avg:  0.0, Max: 0, Diff: 0, Sum: 0, Workers: 4
[3636.076s][debug][gc,phases      ] GC(83)     Total                          Min: 0, Avg: 11.2, Max: 45, Diff: 45, Sum: 45, Workers: 4
[3636.076s][debug][gc,phases      ] GC(83)   StringDedup Table Weak         Min:  0.0, Avg:  0.0, Max:  0.0, Diff:  0.0, Sum:  0.0, Workers: 4
[3636.076s][debug][gc,phases      ] GC(83)     Dead                           Min: 0, Avg:  0.0, Max: 0, Diff: 0, Sum: 0, Workers: 4
[3636.076s][debug][gc,phases      ] GC(83)     Total                          Min: 0, Avg:  0.0, Max: 0, Diff: 0, Sum: 0, Workers: 4
[3636.076s][debug][gc,phases      ] GC(83)   StringDedup Requests0 Weak     Min:  0.0, Avg:  0.0, Max:  0.0, Diff:  0.0, Sum:  0.0, Workers: 4
[3636.076s][debug][gc,phases      ] GC(83)     Dead                           Min: 0, Avg:  0.0, Max: 0, Diff: 0, Sum: 0, Workers: 4
[3636.076s][debug][gc,phases      ] GC(83)     Total                          Min: 0, Avg:  0.0, Max: 0, Diff: 0, Sum: 0, Workers: 4
[3636.076s][debug][gc,phases      ] GC(83)   StringDedup Requests1 Weak     Min:  0.0, Avg:  0.0, Max:  0.0, Diff:  0.0, Sum:  0.0, Workers: 4
[3636.076s][debug][gc,phases      ] GC(83)     Dead                           Min: 0, Avg:  0.0, Max: 0, Diff: 0, Sum: 0, Workers: 4
[3636.076s][debug][gc,phases      ] GC(83)     Total                          Min: 0, Avg:  0.0, Max: 0, Diff: 0, Sum: 0, Workers: 4
[3636.076s][debug][gc,phases      ] GC(83)   Weak JFR Old Object Samples    Min:  0.0, Avg:  0.0, Max:  0.0, Diff:  0.0, Sum:  0.0, Workers: 4
[3636.076s][debug][gc,phases      ] GC(83)     Dead                           Min: 0, Avg:  0.0, Max: 0, Diff: 0, Sum: 0, Workers: 4
[3636.076s][debug][gc,phases      ] GC(83)     Total                          Min: 0, Avg:  0.0, Max: 0, Diff: 0, Sum: 0, Workers: 4
[3636.076s][debug][gc,phases      ] GC(83) Weak Processing 0.329ms
[3636.076s][debug][gc,age         ] GC(83) Desired survivor size 25165824 bytes, new threshold 15 (max threshold 15)
[3636.076s][info ][gc,heap        ] GC(83) PSYoungGen: 2048384K(2070528K)->4144K(2072576K) Eden: 2044416K(2044416K)->0K(2046976K) From: 3968K(26112K)->4144K(25600K)
[3636.076s][info ][gc,heap        ] GC(83) ParOldGen: 460435K(619520K)->460483K(619520K)
[3636.076s][info ][gc,metaspace   ] GC(83) Metaspace: 80459K(81472K)->80459K(81472K) NonClass: 69074K(69632K)->69074K(69632K) Class: 11385K(11840K)->11385K(11840K)
[3636.076s][info ][gc             ] GC(83) Pause Young (Allocation Failure) 2450M->453M(2629M) 3.753ms
[3636.076s][info ][gc,cpu         ] GC(83) User=0.01s Sys=0.00s Real=0.00s
[3636.076s][info ][safepoint      ] Safepoint "ParallelGCFailedAllocation", Time since last: 9527764998 ns, Reaching safepoint: 121904 ns, At safepoint: 3843624 ns, Total: 3965528 ns
[3641.076s][info ][safepoint      ] Safepoint "Cleanup", Time since last: 5000389961 ns, Reaching safepoint: 113903 ns, At safepoint: 6700 ns, Total: 120603 ns
[3643.077s][info ][safepoint      ] Safepoint "Cleanup", Time since last: 2000191662 ns, Reaching safepoint: 120404 ns, At safepoint: 7800 ns, Total: 128204 ns
[3645.077s][info ][safepoint      ] Safepoint "Cleanup", Time since last: 2000199263 ns, Reaching safepoint: 122003 ns, At safepoint: 9101 ns, Total: 131104 ns
[3652.078s][info ][safepoint      ] Safepoint "Cleanup", Time since last: 7000636311 ns, Reaching safepoint: 39901 ns, At safepoint: 2901 ns, Total: 42802 ns
[3657.078s][info ][safepoint      ] Safepoint "Cleanup", Time since last: 5000408676 ns, Reaching safepoint: 46801 ns, At safepoint: 7401 ns, Total: 54202 ns
[3667.079s][info ][safepoint      ] Safepoint "Cleanup", Time since last: 10000744989 ns, Reaching safepoint: 43701 ns, At safepoint: 3400 ns, Total: 47101 ns
[3699.222s][info ][gc,start       ] GC(84) Pause Young (Allocation Failure)
[3699.225s][debug][gc,phases      ] GC(84) Scavenge 2.861ms
[3699.225s][debug][gc,ref         ] GC(84) Skipped phase 1 of Reference Processing: no references
[3699.225s][debug][gc,ref         ] GC(84) ReferenceProcessor::execute queues: 1, RefProcThreadModel::Single, marks_oops_alive: false
[3699.225s][debug][gc,ref         ] GC(84) Skipped phase 3 of Reference Processing: no references
[3699.225s][debug][gc,ref         ] GC(84) ReferenceProcessor::execute queues: 1, RefProcThreadModel::Single, marks_oops_alive: false
[3699.225s][debug][gc,phases      ] GC(84) Reference Processing 0.116ms
[3699.226s][debug][gc,phases      ] GC(84)   VM Weak                        Min:  0.0, Avg:  0.0, Max:  0.0, Diff:  0.0, Sum:  0.0, Workers: 4
[3699.226s][debug][gc,phases      ] GC(84)     Dead                           Min: 0, Avg:  0.0, Max: 0, Diff: 0, Sum: 0, Workers: 4
[3699.226s][debug][gc,phases      ] GC(84)     Total                          Min: 0, Avg: 198.8, Max: 731, Diff: 731, Sum: 795, Workers: 4
[3699.226s][debug][gc,phases      ] GC(84)   ObjectSynchronizer Weak        Min:  0.0, Avg:  0.0, Max:  0.0, Diff:  0.0, Sum:  0.0, Workers: 4
[3699.226s][debug][gc,phases      ] GC(84)     Dead                           Min: 0, Avg:  0.0, Max: 0, Diff: 0, Sum: 0, Workers: 4
[3699.226s][debug][gc,phases      ] GC(84)     Total                          Min: 0, Avg: 12.5, Max: 50, Diff: 50, Sum: 50, Workers: 4
[3699.226s][debug][gc,phases      ] GC(84)   JVMTI Tag Weak OopStorage      Min:  0.0, Avg:  0.0, Max:  0.0, Diff:  0.0, Sum:  0.0, Workers: 4
[3699.226s][debug][gc,phases      ] GC(84)     Dead                           Min: 0, Avg:  0.0, Max: 0, Diff: 0, Sum: 0, Workers: 4
[3699.226s][debug][gc,phases      ] GC(84)     Total                          Min: 0, Avg:  0.0, Max: 0, Diff: 0, Sum: 0, Workers: 4
[3699.226s][debug][gc,phases      ] GC(84)   StringTable Weak               Min:  0.0, Avg:  0.1, Max:  0.1, Diff:  0.1, Sum:  0.3, Workers: 4
[3699.226s][debug][gc,phases      ] GC(84)     Dead                           Min: 0, Avg:  0.0, Max: 0, Diff: 0, Sum: 0, Workers: 4
[3699.226s][debug][gc,phases      ] GC(84)     Total                          Min: 0, Avg: 10774.8, Max: 14848, Diff: 14848, Sum: 43099, Workers: 4
[3699.226s][debug][gc,phases      ] GC(84)   ResolvedMethodTable Weak       Min:  0.0, Avg:  0.0, Max:  0.0, Diff:  0.0, Sum:  0.1, Workers: 4
[3699.226s][debug][gc,phases      ] GC(84)     Dead                           Min: 0, Avg:  0.0, Max: 0, Diff: 0, Sum: 0, Workers: 4
[3699.226s][debug][gc,phases      ] GC(84)     Total                          Min: 0, Avg: 2210.8, Max: 3147, Diff: 3147, Sum: 8843, Workers: 4
[3699.226s][debug][gc,phases      ] GC(84)   JNI Weak                       Min:  0.0, Avg:  0.0, Max:  0.0, Diff:  0.0, Sum:  0.0, Workers: 4
[3699.226s][debug][gc,phases      ] GC(84)     Dead                           Min: 0, Avg:  0.0, Max: 0, Diff: 0, Sum: 0, Workers: 4
[3699.226s][debug][gc,phases      ] GC(84)     Total                          Min: 0, Avg: 11.2, Max: 45, Diff: 45, Sum: 45, Workers: 4
[3699.226s][debug][gc,phases      ] GC(84)   StringDedup Table Weak         Min:  0.0, Avg:  0.0, Max:  0.0, Diff:  0.0, Sum:  0.0, Workers: 4
[3699.226s][debug][gc,phases      ] GC(84)     Dead                           Min: 0, Avg:  0.0, Max: 0, Diff: 0, Sum: 0, Workers: 4
[3699.226s][debug][gc,phases      ] GC(84)     Total                          Min: 0, Avg:  0.0, Max: 0, Diff: 0, Sum: 0, Workers: 4
[3699.226s][debug][gc,phases      ] GC(84)   StringDedup Requests0 Weak     Min:  0.0, Avg:  0.0, Max:  0.0, Diff:  0.0, Sum:  0.0, Workers: 4
[3699.226s][debug][gc,phases      ] GC(84)     Dead                           Min: 0, Avg:  0.0, Max: 0, Diff: 0, Sum: 0, Workers: 4
[3699.226s][debug][gc,phases      ] GC(84)     Total                          Min: 0, Avg:  0.0, Max: 0, Diff: 0, Sum: 0, Workers: 4
[3699.226s][debug][gc,phases      ] GC(84)   StringDedup Requests1 Weak     Min:  0.0, Avg:  0.0, Max:  0.0, Diff:  0.0, Sum:  0.0, Workers: 4
[3699.226s][debug][gc,phases      ] GC(84)     Dead                           Min: 0, Avg:  0.0, Max: 0, Diff: 0, Sum: 0, Workers: 4
[3699.226s][debug][gc,phases      ] GC(84)     Total                          Min: 0, Avg:  0.0, Max: 0, Diff: 0, Sum: 0, Workers: 4
[3699.226s][debug][gc,phases      ] GC(84)   Weak JFR Old Object Samples    Min:  0.0, Avg:  0.0, Max:  0.0, Diff:  0.0, Sum:  0.0, Workers: 4
[3699.226s][debug][gc,phases      ] GC(84)     Dead                           Min: 0, Avg:  0.0, Max: 0, Diff: 0, Sum: 0, Workers: 4
[3699.226s][debug][gc,phases      ] GC(84)     Total                          Min: 0, Avg:  0.0, Max: 0, Diff: 0, Sum: 0, Workers: 4
[3699.226s][debug][gc,phases      ] GC(84) Weak Processing 0.340ms
[3699.226s][debug][gc,age         ] GC(84) Desired survivor size 24641536 bytes, new threshold 15 (max threshold 15)
[3699.226s][info ][gc,heap        ] GC(84) PSYoungGen: 2051120K(2072576K)->4112K(2071552K) Eden: 2046976K(2046976K)->0K(2046976K) From: 4144K(25600K)->4112K(24576K)
[3699.226s][info ][gc,heap        ] GC(84) ParOldGen: 460483K(619520K)->460515K(619520K)
[3699.226s][info ][gc,metaspace   ] GC(84) Metaspace: 80460K(81472K)->80460K(81472K) NonClass: 69075K(69632K)->69075K(69632K) Class: 11385K(11840K)->11385K(11840K)
[3699.226s][info ][gc             ] GC(84) Pause Young (Allocation Failure) 2452M->453M(2628M) 3.447ms
[3699.226s][info ][gc,cpu         ] GC(84) User=0.02s Sys=0.00s Real=0.00s
[3699.226s][info ][safepoint      ] Safepoint "ParallelGCFailedAllocation", Time since last: 32143155964 ns, Reaching safepoint: 125403 ns, At safepoint: 3565102 ns, Total: 3690505 ns
[3713.227s][info ][safepoint      ] Safepoint "Cleanup", Time since last: 14001071201 ns, Reaching safepoint: 128803 ns, At safepoint: 6700 ns, Total: 135503 ns
[3764.231s][info ][safepoint      ] Safepoint "Cleanup", Time since last: 51003563866 ns, Reaching safepoint: 49801 ns, At safepoint: 4300 ns, Total: 54101 ns
[3767.231s][info ][safepoint      ] Safepoint "Cleanup", Time since last: 3000260645 ns, Reaching safepoint: 49301 ns, At safepoint: 3600 ns, Total: 52901 ns
[3768.473s][info ][gc,start       ] GC(85) Pause Young (Allocation Failure)
[3768.476s][debug][gc,phases      ] GC(85) Scavenge 2.810ms
[3768.476s][debug][gc,ref         ] GC(85) Skipped phase 1 of Reference Processing: no references
[3768.476s][debug][gc,ref         ] GC(85) ReferenceProcessor::execute queues: 1, RefProcThreadModel::Single, marks_oops_alive: false
[3768.476s][debug][gc,ref         ] GC(85) Skipped phase 3 of Reference Processing: no references
[3768.476s][debug][gc,ref         ] GC(85) ReferenceProcessor::execute queues: 1, RefProcThreadModel::Single, marks_oops_alive: false
[3768.476s][debug][gc,phases      ] GC(85) Reference Processing 0.133ms
[3768.476s][debug][gc,phases      ] GC(85)   VM Weak                        Min:  0.0, Avg:  0.0, Max:  0.0, Diff:  0.0, Sum:  0.0, Workers: 4
[3768.476s][debug][gc,phases      ] GC(85)     Dead                           Min: 0, Avg:  0.0, Max: 0, Diff: 0, Sum: 0, Workers: 4
[3768.476s][debug][gc,phases      ] GC(85)     Total                          Min: 0, Avg: 198.8, Max: 411, Diff: 411, Sum: 795, Workers: 4
[3768.476s][debug][gc,phases      ] GC(85)   ObjectSynchronizer Weak        Min:  0.0, Avg:  0.0, Max:  0.0, Diff:  0.0, Sum:  0.0, Workers: 4
[3768.476s][debug][gc,phases      ] GC(85)     Dead                           Min: 0, Avg:  0.0, Max: 0, Diff: 0, Sum: 0, Workers: 4
[3768.476s][debug][gc,phases      ] GC(85)     Total                          Min: 0, Avg: 12.5, Max: 50, Diff: 50, Sum: 50, Workers: 4
[3768.476s][debug][gc,phases      ] GC(85)   JVMTI Tag Weak OopStorage      Min:  0.0, Avg:  0.0, Max:  0.0, Diff:  0.0, Sum:  0.0, Workers: 4
[3768.476s][debug][gc,phases      ] GC(85)     Dead                           Min: 0, Avg:  0.0, Max: 0, Diff: 0, Sum: 0, Workers: 4
[3768.476s][debug][gc,phases      ] GC(85)     Total                          Min: 0, Avg:  0.0, Max: 0, Diff: 0, Sum: 0, Workers: 4
[3768.476s][debug][gc,phases      ] GC(85)   StringTable Weak               Min:  0.0, Avg:  0.1, Max:  0.1, Diff:  0.1, Sum:  0.4, Workers: 4
[3768.476s][debug][gc,phases      ] GC(85)     Dead                           Min: 0, Avg:  0.0, Max: 0, Diff: 0, Sum: 0, Workers: 4
[3768.476s][debug][gc,phases      ] GC(85)     Total                          Min: 0, Avg: 10776.2, Max: 14434, Diff: 14434, Sum: 43105, Workers: 4
[3768.476s][debug][gc,phases      ] GC(85)   ResolvedMethodTable Weak       Min:  0.0, Avg:  0.0, Max:  0.0, Diff:  0.0, Sum:  0.1, Workers: 4
[3768.476s][debug][gc,phases      ] GC(85)     Dead                           Min: 0, Avg:  0.0, Max: 0, Diff: 0, Sum: 0, Workers: 4
[3768.476s][debug][gc,phases      ] GC(85)     Total                          Min: 0, Avg: 2210.8, Max: 3264, Diff: 3264, Sum: 8843, Workers: 4
[3768.476s][debug][gc,phases      ] GC(85)   JNI Weak                       Min:  0.0, Avg:  0.0, Max:  0.0, Diff:  0.0, Sum:  0.0, Workers: 4
[3768.476s][debug][gc,phases      ] GC(85)     Dead                           Min: 0, Avg:  0.0, Max: 0, Diff: 0, Sum: 0, Workers: 4
[3768.476s][debug][gc,phases      ] GC(85)     Total                          Min: 0, Avg: 11.2, Max: 45, Diff: 45, Sum: 45, Workers: 4
[3768.476s][debug][gc,phases      ] GC(85)   StringDedup Table Weak         Min:  0.0, Avg:  0.0, Max:  0.0, Diff:  0.0, Sum:  0.0, Workers: 4
[3768.476s][debug][gc,phases      ] GC(85)     Dead                           Min: 0, Avg:  0.0, Max: 0, Diff: 0, Sum: 0, Workers: 4
[3768.476s][debug][gc,phases      ] GC(85)     Total                          Min: 0, Avg:  0.0, Max: 0, Diff: 0, Sum: 0, Workers: 4
[3768.476s][debug][gc,phases      ] GC(85)   StringDedup Requests0 Weak     Min:  0.0, Avg:  0.0, Max:  0.0, Diff:  0.0, Sum:  0.0, Workers: 4
[3768.476s][debug][gc,phases      ] GC(85)     Dead                           Min: 0, Avg:  0.0, Max: 0, Diff: 0, Sum: 0, Workers: 4
[3768.476s][debug][gc,phases      ] GC(85)     Total                          Min: 0, Avg:  0.0, Max: 0, Diff: 0, Sum: 0, Workers: 4
[3768.476s][debug][gc,phases      ] GC(85)   StringDedup Requests1 Weak     Min:  0.0, Avg:  0.0, Max:  0.0, Diff:  0.0, Sum:  0.0, Workers: 4
[3768.476s][debug][gc,phases      ] GC(85)     Dead                           Min: 0, Avg:  0.0, Max: 0, Diff: 0, Sum: 0, Workers: 4
[3768.476s][debug][gc,phases      ] GC(85)     Total                          Min: 0, Avg:  0.0, Max: 0, Diff: 0, Sum: 0, Workers: 4
[3768.476s][debug][gc,phases      ] GC(85)   Weak JFR Old Object Samples    Min:  0.0, Avg:  0.0, Max:  0.0, Diff:  0.0, Sum:  0.0, Workers: 4
[3768.476s][debug][gc,phases      ] GC(85)     Dead                           Min: 0, Avg:  0.0, Max: 0, Diff: 0, Sum: 0, Workers: 4
[3768.476s][debug][gc,phases      ] GC(85)     Total                          Min: 0, Avg:  0.0, Max: 0, Diff: 0, Sum: 0, Workers: 4
[3768.476s][debug][gc,phases      ] GC(85) Weak Processing 0.340ms
[3768.476s][debug][gc,age         ] GC(85) Desired survivor size 23592960 bytes, new threshold 15 (max threshold 15)
[3768.476s][info ][gc,heap        ] GC(85) PSYoungGen: 2051088K(2071552K)->3568K(2074112K) Eden: 2046976K(2046976K)->0K(2050048K) From: 4112K(24576K)->3568K(24064K)
[3768.476s][info ][gc,heap        ] GC(85) ParOldGen: 460515K(619520K)->460875K(619520K)
[3768.476s][info ][gc,metaspace   ] GC(85) Metaspace: 80462K(81472K)->80462K(81472K) NonClass: 69077K(69632K)->69077K(69632K) Class: 11385K(11840K)->11385K(11840K)
[3768.476s][info ][gc             ] GC(85) Pause Young (Allocation Failure) 2452M->453M(2630M) 3.418ms
[3768.476s][info ][gc,cpu         ] GC(85) User=0.01s Sys=0.00s Real=0.00s
[3768.476s][info ][safepoint      ] Safepoint "ParallelGCFailedAllocation", Time since last: 1241534429 ns, Reaching safepoint: 120503 ns, At safepoint: 3514394 ns, Total: 3634897 ns
[3777.477s][info ][safepoint      ] Safepoint "Cleanup", Time since last: 9000716224 ns, Reaching safepoint: 62202 ns, At safepoint: 7800 ns, Total: 70002 ns
[3782.478s][info ][safepoint      ] Safepoint "Cleanup", Time since last: 5000411581 ns, Reaching safepoint: 133804 ns, At safepoint: 31500 ns, Total: 165304 ns
[3788.478s][info ][safepoint      ] Safepoint "Cleanup", Time since last: 6000458890 ns, Reaching safepoint: 122204 ns, At safepoint: 3700 ns, Total: 125904 ns
[3792.479s][info ][safepoint      ] Safepoint "Cleanup", Time since last: 4000307011 ns, Reaching safepoint: 48701 ns, At safepoint: 4200 ns, Total: 52901 ns
[3826.481s][info ][safepoint      ] Safepoint "Cleanup", Time since last: 34002338112 ns, Reaching safepoint: 57102 ns, At safepoint: 3700 ns, Total: 60802 ns
[3829.481s][info ][safepoint      ] Safepoint "Cleanup", Time since last: 3000289518 ns, Reaching safepoint: 54301 ns, At safepoint: 6900 ns, Total: 61201 ns
[3831.522s][info ][gc,start       ] GC(86) Pause Young (Allocation Failure)
[3831.525s][debug][gc,phases      ] GC(86) Scavenge 2.662ms
[3831.525s][debug][gc,ref         ] GC(86) Skipped phase 1 of Reference Processing: no references
[3831.525s][debug][gc,ref         ] GC(86) ReferenceProcessor::execute queues: 1, RefProcThreadModel::Single, marks_oops_alive: false
[3831.525s][debug][gc,ref         ] GC(86) Skipped phase 3 of Reference Processing: no references
[3831.525s][debug][gc,ref         ] GC(86) ReferenceProcessor::execute queues: 1, RefProcThreadModel::Single, marks_oops_alive: false
[3831.525s][debug][gc,phases      ] GC(86) Reference Processing 0.116ms
[3831.526s][debug][gc,phases      ] GC(86)   VM Weak                        Min:  0.0, Avg:  0.0, Max:  0.0, Diff:  0.0, Sum:  0.0, Workers: 4
[3831.526s][debug][gc,phases      ] GC(86)     Dead                           Min: 0, Avg:  0.0, Max: 0, Diff: 0, Sum: 0, Workers: 4
[3831.526s][debug][gc,phases      ] GC(86)     Total                          Min: 0, Avg: 198.8, Max: 576, Diff: 576, Sum: 795, Workers: 4
[3831.526s][debug][gc,phases      ] GC(86)   ObjectSynchronizer Weak        Min:  0.0, Avg:  0.0, Max:  0.0, Diff:  0.0, Sum:  0.0, Workers: 4
[3831.526s][debug][gc,phases      ] GC(86)     Dead                           Min: 0, Avg:  0.0, Max: 0, Diff: 0, Sum: 0, Workers: 4
[3831.526s][debug][gc,phases      ] GC(86)     Total                          Min: 0, Avg: 12.5, Max: 50, Diff: 50, Sum: 50, Workers: 4
[3831.526s][debug][gc,phases      ] GC(86)   JVMTI Tag Weak OopStorage      Min:  0.0, Avg:  0.0, Max:  0.0, Diff:  0.0, Sum:  0.0, Workers: 4
[3831.526s][debug][gc,phases      ] GC(86)     Dead                           Min: 0, Avg:  0.0, Max: 0, Diff: 0, Sum: 0, Workers: 4
[3831.526s][debug][gc,phases      ] GC(86)     Total                          Min: 0, Avg:  0.0, Max: 0, Diff: 0, Sum: 0, Workers: 4
[3831.526s][debug][gc,phases      ] GC(86)   StringTable Weak               Min:  0.0, Avg:  0.1, Max:  0.1, Diff:  0.1, Sum:  0.3, Workers: 4
[3831.526s][debug][gc,phases      ] GC(86)     Dead                           Min: 0, Avg:  0.0, Max: 0, Diff: 0, Sum: 0, Workers: 4
[3831.526s][debug][gc,phases      ] GC(86)     Total                          Min: 0, Avg: 10776.2, Max: 14720, Diff: 14720, Sum: 43105, Workers: 4
[3831.526s][debug][gc,phases      ] GC(86)   ResolvedMethodTable Weak       Min:  0.0, Avg:  0.0, Max:  0.0, Diff:  0.0, Sum:  0.1, Workers: 4
[3831.526s][debug][gc,phases      ] GC(86)     Dead                           Min: 0, Avg:  0.0, Max: 0, Diff: 0, Sum: 0, Workers: 4
[3831.526s][debug][gc,phases      ] GC(86)     Total                          Min: 0, Avg: 2210.8, Max: 3008, Diff: 3008, Sum: 8843, Workers: 4
[3831.526s][debug][gc,phases      ] GC(86)   JNI Weak                       Min:  0.0, Avg:  0.0, Max:  0.0, Diff:  0.0, Sum:  0.0, Workers: 4
[3831.526s][debug][gc,phases      ] GC(86)     Dead                           Min: 0, Avg:  0.0, Max: 0, Diff: 0, Sum: 0, Workers: 4
[3831.526s][debug][gc,phases      ] GC(86)     Total                          Min: 0, Avg: 11.2, Max: 45, Diff: 45, Sum: 45, Workers: 4
[3831.526s][debug][gc,phases      ] GC(86)   StringDedup Table Weak         Min:  0.0, Avg:  0.0, Max:  0.0, Diff:  0.0, Sum:  0.0, Workers: 4
[3831.526s][debug][gc,phases      ] GC(86)     Dead                           Min: 0, Avg:  0.0, Max: 0, Diff: 0, Sum: 0, Workers: 4
[3831.526s][debug][gc,phases      ] GC(86)     Total                          Min: 0, Avg:  0.0, Max: 0, Diff: 0, Sum: 0, Workers: 4
[3831.526s][debug][gc,phases      ] GC(86)   StringDedup Requests0 Weak     Min:  0.0, Avg:  0.0, Max:  0.0, Diff:  0.0, Sum:  0.0, Workers: 4
[3831.526s][debug][gc,phases      ] GC(86)     Dead                           Min: 0, Avg:  0.0, Max: 0, Diff: 0, Sum: 0, Workers: 4
[3831.526s][debug][gc,phases      ] GC(86)     Total                          Min: 0, Avg:  0.0, Max: 0, Diff: 0, Sum: 0, Workers: 4
[3831.526s][debug][gc,phases      ] GC(86)   StringDedup Requests1 Weak     Min:  0.0, Avg:  0.0, Max:  0.0, Diff:  0.0, Sum:  0.0, Workers: 4
[3831.526s][debug][gc,phases      ] GC(86)     Dead                           Min: 0, Avg:  0.0, Max: 0, Diff: 0, Sum: 0, Workers: 4
[3831.526s][debug][gc,phases      ] GC(86)     Total                          Min: 0, Avg:  0.0, Max: 0, Diff: 0, Sum: 0, Workers: 4
[3831.526s][debug][gc,phases      ] GC(86)   Weak JFR Old Object Samples    Min:  0.0, Avg:  0.0, Max:  0.0, Diff:  0.0, Sum:  0.0, Workers: 4
[3831.526s][debug][gc,phases      ] GC(86)     Dead                           Min: 0, Avg:  0.0, Max: 0, Diff: 0, Sum: 0, Workers: 4
[3831.526s][debug][gc,phases      ] GC(86)     Total                          Min: 0, Avg:  0.0, Max: 0, Diff: 0, Sum: 0, Workers: 4
[3831.526s][debug][gc,phases      ] GC(86) Weak Processing 0.374ms
[3831.526s][debug][gc,age         ] GC(86) Desired survivor size 23068672 bytes, new threshold 15 (max threshold 15)
[3831.526s][info ][gc,heap        ] GC(86) PSYoungGen: 2053616K(2074112K)->3280K(2073088K) Eden: 2050048K(2050048K)->0K(2050048K) From: 3568K(24064K)->3280K(23040K)
[3831.526s][info ][gc,heap        ] GC(86) ParOldGen: 460875K(619520K)->461015K(619520K)
[3831.526s][info ][gc,metaspace   ] GC(86) Metaspace: 80465K(81472K)->80465K(81472K) NonClass: 69080K(69632K)->69080K(69632K) Class: 11385K(11840K)->11385K(11840K)
[3831.526s][info ][gc             ] GC(86) Pause Young (Allocation Failure) 2455M->453M(2629M) 3.309ms
[3831.526s][info ][gc,cpu         ] GC(86) User=0.01s Sys=0.00s Real=0.00s
[3831.526s][info ][safepoint      ] Safepoint "ParallelGCFailedAllocation", Time since last: 2041016805 ns, Reaching safepoint: 111503 ns, At safepoint: 3416286 ns, Total: 3527789 ns
[3858.528s][info ][safepoint      ] Safepoint "Cleanup", Time since last: 27001993122 ns, Reaching safepoint: 121303 ns, At safepoint: 8100 ns, Total: 129403 ns
[3892.530s][info ][safepoint      ] Safepoint "Cleanup", Time since last: 34002242475 ns, Reaching safepoint: 53001 ns, At safepoint: 3300 ns, Total: 56301 ns
[3895.531s][info ][safepoint      ] Safepoint "Cleanup", Time since last: 3000255411 ns, Reaching safepoint: 34701 ns, At safepoint: 3300 ns, Total: 38001 ns
[3896.732s][info ][gc,start       ] GC(87) Pause Young (Allocation Failure)
[3896.734s][debug][gc,phases      ] GC(87) Scavenge 2.726ms
[3896.734s][debug][gc,ref         ] GC(87) Skipped phase 1 of Reference Processing: no references
[3896.735s][debug][gc,ref         ] GC(87) ReferenceProcessor::execute queues: 1, RefProcThreadModel::Single, marks_oops_alive: false
[3896.735s][debug][gc,ref         ] GC(87) Skipped phase 3 of Reference Processing: no references
[3896.735s][debug][gc,ref         ] GC(87) ReferenceProcessor::execute queues: 1, RefProcThreadModel::Single, marks_oops_alive: false
[3896.735s][debug][gc,phases      ] GC(87) Reference Processing 0.114ms
[3896.735s][debug][gc,phases      ] GC(87)   VM Weak                        Min:  0.0, Avg:  0.0, Max:  0.0, Diff:  0.0, Sum:  0.0, Workers: 4
[3896.735s][debug][gc,phases      ] GC(87)     Dead                           Min: 0, Avg:  0.0, Max: 0, Diff: 0, Sum: 0, Workers: 4
[3896.735s][debug][gc,phases      ] GC(87)     Total                          Min: 27, Avg: 198.8, Max: 448, Diff: 421, Sum: 795, Workers: 4
[3896.735s][debug][gc,phases      ] GC(87)   ObjectSynchronizer Weak        Min:  0.0, Avg:  0.0, Max:  0.0, Diff:  0.0, Sum:  0.0, Workers: 4
[3896.735s][debug][gc,phases      ] GC(87)     Dead                           Min: 0, Avg:  0.0, Max: 0, Diff: 0, Sum: 0, Workers: 4
[3896.735s][debug][gc,phases      ] GC(87)     Total                          Min: 0, Avg: 12.5, Max: 50, Diff: 50, Sum: 50, Workers: 4
[3896.735s][debug][gc,phases      ] GC(87)   JVMTI Tag Weak OopStorage      Min:  0.0, Avg:  0.0, Max:  0.0, Diff:  0.0, Sum:  0.0, Workers: 4
[3896.735s][debug][gc,phases      ] GC(87)     Dead                           Min: 0, Avg:  0.0, Max: 0, Diff: 0, Sum: 0, Workers: 4
[3896.735s][debug][gc,phases      ] GC(87)     Total                          Min: 0, Avg:  0.0, Max: 0, Diff: 0, Sum: 0, Workers: 4
[3896.735s][debug][gc,phases      ] GC(87)   StringTable Weak               Min:  0.1, Avg:  0.1, Max:  0.1, Diff:  0.0, Sum:  0.5, Workers: 4
[3896.735s][debug][gc,phases      ] GC(87)     Dead                           Min: 0, Avg:  0.0, Max: 0, Diff: 0, Sum: 0, Workers: 4
[3896.735s][debug][gc,phases      ] GC(87)     Total                          Min: 9536, Avg: 10777.2, Max: 11558, Diff: 2022, Sum: 43109, Workers: 4
[3896.735s][debug][gc,phases      ] GC(87)   ResolvedMethodTable Weak       Min:  0.0, Avg:  0.0, Max:  0.0, Diff:  0.0, Sum:  0.1, Workers: 4
[3896.735s][debug][gc,phases      ] GC(87)     Dead                           Min: 0, Avg:  0.0, Max: 0, Diff: 0, Sum: 0, Workers: 4
[3896.735s][debug][gc,phases      ] GC(87)     Total                          Min: 2112, Avg: 2210.8, Max: 2432, Diff: 320, Sum: 8843, Workers: 4
[3896.735s][debug][gc,phases      ] GC(87)   JNI Weak                       Min:  0.0, Avg:  0.0, Max:  0.0, Diff:  0.0, Sum:  0.0, Workers: 4
[3896.735s][debug][gc,phases      ] GC(87)     Dead                           Min: 0, Avg:  0.0, Max: 0, Diff: 0, Sum: 0, Workers: 4
[3896.735s][debug][gc,phases      ] GC(87)     Total                          Min: 0, Avg: 11.2, Max: 45, Diff: 45, Sum: 45, Workers: 4
[3896.735s][debug][gc,phases      ] GC(87)   StringDedup Table Weak         Min:  0.0, Avg:  0.0, Max:  0.0, Diff:  0.0, Sum:  0.0, Workers: 4
[3896.735s][debug][gc,phases      ] GC(87)     Dead                           Min: 0, Avg:  0.0, Max: 0, Diff: 0, Sum: 0, Workers: 4
[3896.735s][debug][gc,phases      ] GC(87)     Total                          Min: 0, Avg:  0.0, Max: 0, Diff: 0, Sum: 0, Workers: 4
[3896.735s][debug][gc,phases      ] GC(87)   StringDedup Requests0 Weak     Min:  0.0, Avg:  0.0, Max:  0.0, Diff:  0.0, Sum:  0.0, Workers: 4
[3896.735s][debug][gc,phases      ] GC(87)     Dead                           Min: 0, Avg:  0.0, Max: 0, Diff: 0, Sum: 0, Workers: 4
[3896.735s][debug][gc,phases      ] GC(87)     Total                          Min: 0, Avg:  0.0, Max: 0, Diff: 0, Sum: 0, Workers: 4
[3896.735s][debug][gc,phases      ] GC(87)   StringDedup Requests1 Weak     Min:  0.0, Avg:  0.0, Max:  0.0, Diff:  0.0, Sum:  0.0, Workers: 4
[3896.735s][debug][gc,phases      ] GC(87)     Dead                           Min: 0, Avg:  0.0, Max: 0, Diff: 0, Sum: 0, Workers: 4
[3896.735s][debug][gc,phases      ] GC(87)     Total                          Min: 0, Avg:  0.0, Max: 0, Diff: 0, Sum: 0, Workers: 4
[3896.735s][debug][gc,phases      ] GC(87)   Weak JFR Old Object Samples    Min:  0.0, Avg:  0.0, Max:  0.0, Diff:  0.0, Sum:  0.0, Workers: 4
[3896.735s][debug][gc,phases      ] GC(87)     Dead                           Min: 0, Avg:  0.0, Max: 0, Diff: 0, Sum: 0, Workers: 4
[3896.735s][debug][gc,phases      ] GC(87)     Total                          Min: 0, Avg:  0.0, Max: 0, Diff: 0, Sum: 0, Workers: 4
[3896.735s][debug][gc,phases      ] GC(87) Weak Processing 0.332ms
[3896.735s][debug][gc,age         ] GC(87) Desired survivor size 22020096 bytes, new threshold 15 (max threshold 15)
[3896.735s][info ][gc,heap        ] GC(87) PSYoungGen: 2053328K(2073088K)->3152K(2075648K) Eden: 2050048K(2050048K)->0K(2053120K) From: 3280K(23040K)->3152K(22528K)
[3896.735s][info ][gc,heap        ] GC(87) ParOldGen: 461015K(619520K)->461087K(619520K)
[3896.735s][info ][gc,metaspace   ] GC(87) Metaspace: 80468K(81472K)->80468K(81472K) NonClass: 69083K(69632K)->69083K(69632K) Class: 11385K(11840K)->11385K(11840K)
[3896.735s][info ][gc             ] GC(87) Pause Young (Allocation Failure) 2455M->453M(2632M) 3.311ms
[3896.735s][info ][gc,cpu         ] GC(87) User=0.01s Sys=0.00s Real=0.00s
[3896.735s][info ][safepoint      ] Safepoint "ParallelGCFailedAllocation", Time since last: 1201059476 ns, Reaching safepoint: 25801 ns, At safepoint: 3391755 ns, Total: 3417556 ns
[3919.737s][info ][safepoint      ] Safepoint "Cleanup", Time since last: 23001526709 ns, Reaching safepoint: 48001 ns, At safepoint: 2400 ns, Total: 50401 ns
[3948.739s][info ][safepoint      ] Safepoint "Cleanup", Time since last: 29001950600 ns, Reaching safepoint: 54001 ns, At safepoint: 3200 ns, Total: 57201 ns
[3949.739s][info ][safepoint      ] Safepoint "Cleanup", Time since last: 1000138365 ns, Reaching safepoint: 67202 ns, At safepoint: 3400 ns, Total: 70602 ns
[3951.739s][info ][safepoint      ] Safepoint "Cleanup", Time since last: 2000224900 ns, Reaching safepoint: 62801 ns, At safepoint: 5801 ns, Total: 68602 ns
[3953.739s][info ][safepoint      ] Safepoint "Cleanup", Time since last: 2000186170 ns, Reaching safepoint: 52201 ns, At safepoint: 3301 ns, Total: 55502 ns
[3962.175s][info ][gc,start       ] GC(88) Pause Young (Allocation Failure)
[3962.177s][debug][gc,phases      ] GC(88) Scavenge 2.792ms
[3962.177s][debug][gc,ref         ] GC(88) Skipped phase 1 of Reference Processing: no references
[3962.177s][debug][gc,ref         ] GC(88) ReferenceProcessor::execute queues: 1, RefProcThreadModel::Single, marks_oops_alive: false
[3962.177s][debug][gc,ref         ] GC(88) Skipped phase 3 of Reference Processing: no references
[3962.177s][debug][gc,ref         ] GC(88) ReferenceProcessor::execute queues: 1, RefProcThreadModel::Single, marks_oops_alive: false
[3962.178s][debug][gc,phases      ] GC(88) Reference Processing 0.115ms
[3962.178s][debug][gc,phases      ] GC(88)   VM Weak                        Min:  0.0, Avg:  0.0, Max:  0.0, Diff:  0.0, Sum:  0.0, Workers: 4
[3962.178s][debug][gc,phases      ] GC(88)     Dead                           Min: 0, Avg:  0.0, Max: 0, Diff: 0, Sum: 0, Workers: 4
[3962.178s][debug][gc,phases      ] GC(88)     Total                          Min: 0, Avg: 198.8, Max: 795, Diff: 795, Sum: 795, Workers: 4
[3962.178s][debug][gc,phases      ] GC(88)   ObjectSynchronizer Weak        Min:  0.0, Avg:  0.0, Max:  0.0, Diff:  0.0, Sum:  0.0, Workers: 4
[3962.178s][debug][gc,phases      ] GC(88)     Dead                           Min: 0, Avg:  0.0, Max: 0, Diff: 0, Sum: 0, Workers: 4
[3962.178s][debug][gc,phases      ] GC(88)     Total                          Min: 0, Avg: 12.5, Max: 50, Diff: 50, Sum: 50, Workers: 4
[3962.178s][debug][gc,phases      ] GC(88)   JVMTI Tag Weak OopStorage      Min:  0.0, Avg:  0.0, Max:  0.0, Diff:  0.0, Sum:  0.0, Workers: 4
[3962.178s][debug][gc,phases      ] GC(88)     Dead                           Min: 0, Avg:  0.0, Max: 0, Diff: 0, Sum: 0, Workers: 4
[3962.178s][debug][gc,phases      ] GC(88)     Total                          Min: 0, Avg:  0.0, Max: 0, Diff: 0, Sum: 0, Workers: 4
[3962.178s][debug][gc,phases      ] GC(88)   StringTable Weak               Min:  0.0, Avg:  0.1, Max:  0.1, Diff:  0.1, Sum:  0.4, Workers: 4
[3962.178s][debug][gc,phases      ] GC(88)     Dead                           Min: 0, Avg:  0.0, Max: 0, Diff: 0, Sum: 0, Workers: 4
[3962.178s][debug][gc,phases      ] GC(88)     Total                          Min: 0, Avg: 10777.5, Max: 15654, Diff: 15654, Sum: 43110, Workers: 4
[3962.178s][debug][gc,phases      ] GC(88)   ResolvedMethodTable Weak       Min:  0.0, Avg:  0.0, Max:  0.0, Diff:  0.0, Sum:  0.1, Workers: 4
[3962.178s][debug][gc,phases      ] GC(88)     Dead                           Min: 0, Avg:  0.0, Max: 0, Diff: 0, Sum: 0, Workers: 4
[3962.178s][debug][gc,phases      ] GC(88)     Total                          Min: 0, Avg: 2210.8, Max: 3019, Diff: 3019, Sum: 8843, Workers: 4
[3962.178s][debug][gc,phases      ] GC(88)   JNI Weak                       Min:  0.0, Avg:  0.0, Max:  0.0, Diff:  0.0, Sum:  0.0, Workers: 4
[3962.178s][debug][gc,phases      ] GC(88)     Dead                           Min: 0, Avg:  0.0, Max: 0, Diff: 0, Sum: 0, Workers: 4
[3962.178s][debug][gc,phases      ] GC(88)     Total                          Min: 0, Avg: 11.2, Max: 45, Diff: 45, Sum: 45, Workers: 4
[3962.178s][debug][gc,phases      ] GC(88)   StringDedup Table Weak         Min:  0.0, Avg:  0.0, Max:  0.0, Diff:  0.0, Sum:  0.0, Workers: 4
[3962.178s][debug][gc,phases      ] GC(88)     Dead                           Min: 0, Avg:  0.0, Max: 0, Diff: 0, Sum: 0, Workers: 4
[3962.178s][debug][gc,phases      ] GC(88)     Total                          Min: 0, Avg:  0.0, Max: 0, Diff: 0, Sum: 0, Workers: 4
[3962.178s][debug][gc,phases      ] GC(88)   StringDedup Requests0 Weak     Min:  0.0, Avg:  0.0, Max:  0.0, Diff:  0.0, Sum:  0.0, Workers: 4
[3962.178s][debug][gc,phases      ] GC(88)     Dead                           Min: 0, Avg:  0.0, Max: 0, Diff: 0, Sum: 0, Workers: 4
[3962.178s][debug][gc,phases      ] GC(88)     Total                          Min: 0, Avg:  0.0, Max: 0, Diff: 0, Sum: 0, Workers: 4
[3962.178s][debug][gc,phases      ] GC(88)   StringDedup Requests1 Weak     Min:  0.0, Avg:  0.0, Max:  0.0, Diff:  0.0, Sum:  0.0, Workers: 4
[3962.178s][debug][gc,phases      ] GC(88)     Dead                           Min: 0, Avg:  0.0, Max: 0, Diff: 0, Sum: 0, Workers: 4
[3962.178s][debug][gc,phases      ] GC(88)     Total                          Min: 0, Avg:  0.0, Max: 0, Diff: 0, Sum: 0, Workers: 4
[3962.178s][debug][gc,phases      ] GC(88)   Weak JFR Old Object Samples    Min:  0.0, Avg:  0.0, Max:  0.0, Diff:  0.0, Sum:  0.0, Workers: 4
[3962.178s][debug][gc,phases      ] GC(88)     Dead                           Min: 0, Avg:  0.0, Max: 0, Diff: 0, Sum: 0, Workers: 4
[3962.178s][debug][gc,phases      ] GC(88)     Total                          Min: 0, Avg:  0.0, Max: 0, Diff: 0, Sum: 0, Workers: 4
[3962.178s][debug][gc,phases      ] GC(88) Weak Processing 0.373ms
[3962.178s][debug][gc,age         ] GC(88) Desired survivor size 21495808 bytes, new threshold 15 (max threshold 15)
[3962.178s][info ][gc,heap        ] GC(88) PSYoungGen: 2056272K(2075648K)->3504K(2074624K) Eden: 2053120K(2053120K)->0K(2053120K) From: 3152K(22528K)->3504K(21504K)
[3962.178s][info ][gc,heap        ] GC(88) ParOldGen: 461087K(619520K)->461135K(619520K)
[3962.178s][info ][gc,metaspace   ] GC(88) Metaspace: 80474K(81472K)->80474K(81472K) NonClass: 69089K(69632K)->69089K(69632K) Class: 11385K(11840K)->11385K(11840K)
[3962.178s][info ][gc             ] GC(88) Pause Young (Allocation Failure) 2458M->453M(2631M) 3.421ms
[3962.178s][info ][gc,cpu         ] GC(88) User=0.01s Sys=0.00s Real=0.00s
[3962.178s][info ][safepoint      ] Safepoint "ParallelGCFailedAllocation", Time since last: 8435042404 ns, Reaching safepoint: 102503 ns, At safepoint: 3509985 ns, Total: 3612488 ns
[3968.179s][info ][safepoint      ] Safepoint "Cleanup", Time since last: 6000463826 ns, Reaching safepoint: 129303 ns, At safepoint: 33401 ns, Total: 162704 ns
[3998.181s][info ][safepoint      ] Safepoint "Cleanup", Time since last: 30002009453 ns, Reaching safepoint: 44001 ns, At safepoint: 27701 ns, Total: 71702 ns
[4006.181s][info ][safepoint      ] Safepoint "Cleanup", Time since last: 8000543848 ns, Reaching safepoint: 52201 ns, At safepoint: 6000 ns, Total: 58201 ns
[4009.182s][info ][safepoint      ] Safepoint "Cleanup", Time since last: 3000251832 ns, Reaching safepoint: 55901 ns, At safepoint: 3200 ns, Total: 59101 ns
[4014.182s][info ][safepoint      ] Safepoint "Cleanup", Time since last: 5000389597 ns, Reaching safepoint: 49901 ns, At safepoint: 2700 ns, Total: 52601 ns
[4015.182s][info ][safepoint      ] Safepoint "Cleanup", Time since last: 1000120460 ns, Reaching safepoint: 46901 ns, At safepoint: 3100 ns, Total: 50001 ns
[4018.183s][info ][safepoint      ] Safepoint "Cleanup", Time since last: 3000259223 ns, Reaching safepoint: 57601 ns, At safepoint: 3200 ns, Total: 60801 ns
[4026.472s][info ][gc,start       ] GC(89) Pause Young (Allocation Failure)
[4026.476s][debug][gc,phases      ] GC(89) Scavenge 3.954ms
[4026.476s][debug][gc,ref         ] GC(89) Skipped phase 1 of Reference Processing: no references
[4026.476s][debug][gc,ref         ] GC(89) ReferenceProcessor::execute queues: 1, RefProcThreadModel::Single, marks_oops_alive: false
[4026.476s][debug][gc,ref         ] GC(89) Skipped phase 3 of Reference Processing: no references
[4026.476s][debug][gc,ref         ] GC(89) ReferenceProcessor::execute queues: 1, RefProcThreadModel::Single, marks_oops_alive: false
[4026.476s][debug][gc,phases      ] GC(89) Reference Processing 0.110ms
[4026.477s][debug][gc,phases      ] GC(89)   VM Weak                        Min:  0.0, Avg:  0.0, Max:  0.0, Diff:  0.0, Sum:  0.0, Workers: 4
[4026.477s][debug][gc,phases      ] GC(89)     Dead                           Min: 0, Avg:  0.0, Max: 0, Diff: 0, Sum: 0, Workers: 4
[4026.477s][debug][gc,phases      ] GC(89)     Total                          Min: 0, Avg: 198.8, Max: 475, Diff: 475, Sum: 795, Workers: 4
[4026.477s][debug][gc,phases      ] GC(89)   ObjectSynchronizer Weak        Min:  0.0, Avg:  0.0, Max:  0.0, Diff:  0.0, Sum:  0.0, Workers: 4
[4026.477s][debug][gc,phases      ] GC(89)     Dead                           Min: 0, Avg:  0.0, Max: 0, Diff: 0, Sum: 0, Workers: 4
[4026.477s][debug][gc,phases      ] GC(89)     Total                          Min: 0, Avg: 12.5, Max: 50, Diff: 50, Sum: 50, Workers: 4
[4026.477s][debug][gc,phases      ] GC(89)   JVMTI Tag Weak OopStorage      Min:  0.0, Avg:  0.0, Max:  0.0, Diff:  0.0, Sum:  0.0, Workers: 4
[4026.477s][debug][gc,phases      ] GC(89)     Dead                           Min: 0, Avg:  0.0, Max: 0, Diff: 0, Sum: 0, Workers: 4
[4026.477s][debug][gc,phases      ] GC(89)     Total                          Min: 0, Avg:  0.0, Max: 0, Diff: 0, Sum: 0, Workers: 4
[4026.477s][debug][gc,phases      ] GC(89)   StringTable Weak               Min:  0.0, Avg:  0.1, Max:  0.2, Diff:  0.2, Sum:  0.6, Workers: 4
[4026.477s][debug][gc,phases      ] GC(89)     Dead                           Min: 0, Avg:  0.0, Max: 0, Diff: 0, Sum: 0, Workers: 4
[4026.477s][debug][gc,phases      ] GC(89)     Total                          Min: 0, Avg: 10777.5, Max: 24191, Diff: 24191, Sum: 43110, Workers: 4
[4026.477s][debug][gc,phases      ] GC(89)   ResolvedMethodTable Weak       Min:  0.0, Avg:  0.3, Max:  0.7, Diff:  0.7, Sum:  1.4, Workers: 4
[4026.477s][debug][gc,phases      ] GC(89)     Dead                           Min: 0, Avg:  0.0, Max: 0, Diff: 0, Sum: 0, Workers: 4
[4026.477s][debug][gc,phases      ] GC(89)     Total                          Min: 0, Avg: 2210.8, Max: 3403, Diff: 3403, Sum: 8843, Workers: 4
[4026.477s][debug][gc,phases      ] GC(89)   JNI Weak                       Min:  0.0, Avg:  0.0, Max:  0.0, Diff:  0.0, Sum:  0.0, Workers: 4
[4026.477s][debug][gc,phases      ] GC(89)     Dead                           Min: 0, Avg:  0.0, Max: 0, Diff: 0, Sum: 0, Workers: 4
[4026.477s][debug][gc,phases      ] GC(89)     Total                          Min: 0, Avg: 11.2, Max: 45, Diff: 45, Sum: 45, Workers: 4
[4026.477s][debug][gc,phases      ] GC(89)   StringDedup Table Weak         Min:  0.0, Avg:  0.0, Max:  0.0, Diff:  0.0, Sum:  0.0, Workers: 4
[4026.477s][debug][gc,phases      ] GC(89)     Dead                           Min: 0, Avg:  0.0, Max: 0, Diff: 0, Sum: 0, Workers: 4
[4026.477s][debug][gc,phases      ] GC(89)     Total                          Min: 0, Avg:  0.0, Max: 0, Diff: 0, Sum: 0, Workers: 4
[4026.477s][debug][gc,phases      ] GC(89)   StringDedup Requests0 Weak     Min:  0.0, Avg:  0.0, Max:  0.0, Diff:  0.0, Sum:  0.0, Workers: 4
[4026.477s][debug][gc,phases      ] GC(89)     Dead                           Min: 0, Avg:  0.0, Max: 0, Diff: 0, Sum: 0, Workers: 4
[4026.477s][debug][gc,phases      ] GC(89)     Total                          Min: 0, Avg:  0.0, Max: 0, Diff: 0, Sum: 0, Workers: 4
[4026.477s][debug][gc,phases      ] GC(89)   StringDedup Requests1 Weak     Min:  0.0, Avg:  0.0, Max:  0.0, Diff:  0.0, Sum:  0.0, Workers: 4
[4026.477s][debug][gc,phases      ] GC(89)     Dead                           Min: 0, Avg:  0.0, Max: 0, Diff: 0, Sum: 0, Workers: 4
[4026.477s][debug][gc,phases      ] GC(89)     Total                          Min: 0, Avg:  0.0, Max: 0, Diff: 0, Sum: 0, Workers: 4
[4026.477s][debug][gc,phases      ] GC(89)   Weak JFR Old Object Samples    Min:  0.0, Avg:  0.0, Max:  0.0, Diff:  0.0, Sum:  0.0, Workers: 4
[4026.477s][debug][gc,phases      ] GC(89)     Dead                           Min: 0, Avg:  0.0, Max: 0, Diff: 0, Sum: 0, Workers: 4
[4026.477s][debug][gc,phases      ] GC(89)     Total                          Min: 0, Avg:  0.0, Max: 0, Diff: 0, Sum: 0, Workers: 4
[4026.477s][debug][gc,phases      ] GC(89) Weak Processing 1.060ms
[4026.477s][debug][gc,age         ] GC(89) Desired survivor size 20447232 bytes, new threshold 15 (max threshold 15)
[4026.477s][info ][gc,heap        ] GC(89) PSYoungGen: 2056624K(2074624K)->3280K(2077184K) Eden: 2053120K(2053120K)->0K(2056192K) From: 3504K(21504K)->3280K(20992K)
[4026.477s][info ][gc,heap        ] GC(89) ParOldGen: 461135K(619520K)->461159K(619520K)
[4026.477s][info ][gc,metaspace   ] GC(89) Metaspace: 80475K(81472K)->80475K(81472K) NonClass: 69090K(69632K)->69090K(69632K) Class: 11385K(11840K)->11385K(11840K)
[4026.477s][info ][gc             ] GC(89) Pause Young (Allocation Failure) 2458M->453M(2633M) 5.267ms
[4026.477s][info ][gc,cpu         ] GC(89) User=0.01s Sys=0.00s Real=0.00s
[4026.477s][info ][safepoint      ] Safepoint "ParallelGCFailedAllocation", Time since last: 8289355830 ns, Reaching safepoint: 112003 ns, At safepoint: 5356124 ns, Total: 5468127 ns
[4031.478s][info ][safepoint      ] Safepoint "Cleanup", Time since last: 5000361113 ns, Reaching safepoint: 43301 ns, At safepoint: 28101 ns, Total: 71402 ns
[4032.478s][info ][safepoint      ] Safepoint "Cleanup", Time since last: 1000111583 ns, Reaching safepoint: 59101 ns, At safepoint: 6401 ns, Total: 65502 ns
[4035.478s][info ][safepoint      ] Safepoint "Cleanup", Time since last: 3000253298 ns, Reaching safepoint: 48701 ns, At safepoint: 3200 ns, Total: 51901 ns
[4044.479s][info ][safepoint      ] Safepoint "Cleanup", Time since last: 9000673731 ns, Reaching safepoint: 45901 ns, At safepoint: 2900 ns, Total: 48801 ns
[4049.479s][info ][safepoint      ] Safepoint "Cleanup", Time since last: 5000346877 ns, Reaching safepoint: 52502 ns, At safepoint: 3500 ns, Total: 56002 ns
[4056.480s][info ][safepoint      ] Safepoint "Cleanup", Time since last: 7000508107 ns, Reaching safepoint: 47001 ns, At safepoint: 2800 ns, Total: 49801 ns
[4090.833s][info ][gc,start       ] GC(90) Pause Young (Allocation Failure)
[4090.836s][debug][gc,phases      ] GC(90) Scavenge 2.762ms
[4090.836s][debug][gc,ref         ] GC(90) Skipped phase 1 of Reference Processing: no references
[4090.836s][debug][gc,ref         ] GC(90) ReferenceProcessor::execute queues: 1, RefProcThreadModel::Single, marks_oops_alive: false
[4090.836s][debug][gc,ref         ] GC(90) Skipped phase 3 of Reference Processing: no references
[4090.836s][debug][gc,ref         ] GC(90) ReferenceProcessor::execute queues: 1, RefProcThreadModel::Single, marks_oops_alive: false
[4090.836s][debug][gc,phases      ] GC(90) Reference Processing 0.120ms
[4090.836s][debug][gc,phases      ] GC(90)   VM Weak                        Min:  0.0, Avg:  0.0, Max:  0.0, Diff:  0.0, Sum:  0.0, Workers: 4
[4090.836s][debug][gc,phases      ] GC(90)     Dead                           Min: 0, Avg:  0.0, Max: 0, Diff: 0, Sum: 0, Workers: 4
[4090.836s][debug][gc,phases      ] GC(90)     Total                          Min: 0, Avg: 198.8, Max: 795, Diff: 795, Sum: 795, Workers: 4
[4090.836s][debug][gc,phases      ] GC(90)   ObjectSynchronizer Weak        Min:  0.0, Avg:  0.0, Max:  0.0, Diff:  0.0, Sum:  0.0, Workers: 4
[4090.836s][debug][gc,phases      ] GC(90)     Dead                           Min: 0, Avg:  0.0, Max: 0, Diff: 0, Sum: 0, Workers: 4
[4090.836s][debug][gc,phases      ] GC(90)     Total                          Min: 0, Avg: 12.5, Max: 50, Diff: 50, Sum: 50, Workers: 4
[4090.836s][debug][gc,phases      ] GC(90)   JVMTI Tag Weak OopStorage      Min:  0.0, Avg:  0.0, Max:  0.0, Diff:  0.0, Sum:  0.0, Workers: 4
[4090.836s][debug][gc,phases      ] GC(90)     Dead                           Min: 0, Avg:  0.0, Max: 0, Diff: 0, Sum: 0, Workers: 4
[4090.836s][debug][gc,phases      ] GC(90)     Total                          Min: 0, Avg:  0.0, Max: 0, Diff: 0, Sum: 0, Workers: 4
[4090.836s][debug][gc,phases      ] GC(90)   StringTable Weak               Min:  0.0, Avg:  0.1, Max:  0.1, Diff:  0.1, Sum:  0.3, Workers: 4
[4090.836s][debug][gc,phases      ] GC(90)     Dead                           Min: 0, Avg:  0.0, Max: 0, Diff: 0, Sum: 0, Workers: 4
[4090.836s][debug][gc,phases      ] GC(90)     Total                          Min: 0, Avg: 10777.5, Max: 15232, Diff: 15232, Sum: 43110, Workers: 4
[4090.836s][debug][gc,phases      ] GC(90)   ResolvedMethodTable Weak       Min:  0.0, Avg:  0.0, Max:  0.0, Diff:  0.0, Sum:  0.1, Workers: 4
[4090.836s][debug][gc,phases      ] GC(90)     Dead                           Min: 0, Avg:  0.0, Max: 0, Diff: 0, Sum: 0, Workers: 4
[4090.836s][debug][gc,phases      ] GC(90)     Total                          Min: 0, Avg: 2210.8, Max: 3008, Diff: 3008, Sum: 8843, Workers: 4
[4090.836s][debug][gc,phases      ] GC(90)   JNI Weak                       Min:  0.0, Avg:  0.0, Max:  0.0, Diff:  0.0, Sum:  0.0, Workers: 4
[4090.836s][debug][gc,phases      ] GC(90)     Dead                           Min: 0, Avg:  0.0, Max: 0, Diff: 0, Sum: 0, Workers: 4
[4090.836s][debug][gc,phases      ] GC(90)     Total                          Min: 0, Avg: 11.2, Max: 45, Diff: 45, Sum: 45, Workers: 4
[4090.836s][debug][gc,phases      ] GC(90)   StringDedup Table Weak         Min:  0.0, Avg:  0.0, Max:  0.0, Diff:  0.0, Sum:  0.0, Workers: 4
[4090.836s][debug][gc,phases      ] GC(90)     Dead                           Min: 0, Avg:  0.0, Max: 0, Diff: 0, Sum: 0, Workers: 4
[4090.836s][debug][gc,phases      ] GC(90)     Total                          Min: 0, Avg:  0.0, Max: 0, Diff: 0, Sum: 0, Workers: 4
[4090.836s][debug][gc,phases      ] GC(90)   StringDedup Requests0 Weak     Min:  0.0, Avg:  0.0, Max:  0.0, Diff:  0.0, Sum:  0.0, Workers: 4
[4090.836s][debug][gc,phases      ] GC(90)     Dead                           Min: 0, Avg:  0.0, Max: 0, Diff: 0, Sum: 0, Workers: 4
[4090.836s][debug][gc,phases      ] GC(90)     Total                          Min: 0, Avg:  0.0, Max: 0, Diff: 0, Sum: 0, Workers: 4
[4090.836s][debug][gc,phases      ] GC(90)   StringDedup Requests1 Weak     Min:  0.0, Avg:  0.0, Max:  0.0, Diff:  0.0, Sum:  0.0, Workers: 4
[4090.836s][debug][gc,phases      ] GC(90)     Dead                           Min: 0, Avg:  0.0, Max: 0, Diff: 0, Sum: 0, Workers: 4
[4090.836s][debug][gc,phases      ] GC(90)     Total                          Min: 0, Avg:  0.0, Max: 0, Diff: 0, Sum: 0, Workers: 4
[4090.836s][debug][gc,phases      ] GC(90)   Weak JFR Old Object Samples    Min:  0.0, Avg:  0.0, Max:  0.0, Diff:  0.0, Sum:  0.0, Workers: 4
[4090.836s][debug][gc,phases      ] GC(90)     Dead                           Min: 0, Avg:  0.0, Max: 0, Diff: 0, Sum: 0, Workers: 4
[4090.836s][debug][gc,phases      ] GC(90)     Total                          Min: 0, Avg:  0.0, Max: 0, Diff: 0, Sum: 0, Workers: 4
[4090.836s][debug][gc,phases      ] GC(90) Weak Processing 0.333ms
[4090.836s][debug][gc,age         ] GC(90) Desired survivor size 19398656 bytes, new threshold 15 (max threshold 15)
[4090.836s][info ][gc,heap        ] GC(90) PSYoungGen: 2059472K(2077184K)->3424K(2076160K) Eden: 2056192K(2056192K)->0K(2056192K) From: 3280K(20992K)->3424K(19968K)
[4090.836s][info ][gc,heap        ] GC(90) ParOldGen: 461159K(619520K)->461191K(619520K)
[4090.836s][info ][gc,metaspace   ] GC(90) Metaspace: 80485K(81472K)->80485K(81472K) NonClass: 69100K(69632K)->69100K(69632K) Class: 11385K(11840K)->11385K(11840K)
[4090.836s][info ][gc             ] GC(90) Pause Young (Allocation Failure) 2461M->453M(2632M) 3.355ms
[4090.836s][info ][gc,cpu         ] GC(90) User=0.01s Sys=0.00s Real=0.00s
[4090.836s][info ][safepoint      ] Safepoint "ParallelGCFailedAllocation", Time since last: 34352837177 ns, Reaching safepoint: 24601 ns, At safepoint: 3433278 ns, Total: 3457879 ns
[4096.837s][info ][safepoint      ] Safepoint "Cleanup", Time since last: 6000427985 ns, Reaching safepoint: 127903 ns, At safepoint: 8800 ns, Total: 136703 ns
[4112.838s][info ][safepoint      ] Safepoint "Cleanup", Time since last: 16001146121 ns, Reaching safepoint: 45301 ns, At safepoint: 2900 ns, Total: 48201 ns
[4113.838s][info ][safepoint      ] Safepoint "Cleanup", Time since last: 1000119140 ns, Reaching safepoint: 64402 ns, At safepoint: 6700 ns, Total: 71102 ns
[4115.273s][info ][safepoint      ] Safepoint "Cleanup", Time since last: 1434916948 ns, Reaching safepoint: 204404 ns, At safepoint: 5600 ns, Total: 210004 ns
[4117.274s][info ][safepoint      ] Safepoint "Cleanup", Time since last: 2000191509 ns, Reaching safepoint: 130103 ns, At safepoint: 5100 ns, Total: 135203 ns
[4118.274s][info ][safepoint      ] Safepoint "Cleanup", Time since last: 1000128618 ns, Reaching safepoint: 125403 ns, At safepoint: 5300 ns, Total: 130703 ns
[4119.274s][info ][safepoint      ] Safepoint "Cleanup", Time since last: 1000134918 ns, Reaching safepoint: 142403 ns, At safepoint: 6400 ns, Total: 148803 ns
[4121.075s][info ][safepoint      ] Safepoint "Cleanup", Time since last: 1800322369 ns, Reaching safepoint: 148004 ns, At safepoint: 9300 ns, Total: 157304 ns
[4122.075s][info ][safepoint      ] Safepoint "Cleanup", Time since last: 1000109719 ns, Reaching safepoint: 136603 ns, At safepoint: 5700 ns, Total: 142303 ns
[4126.076s][info ][safepoint      ] Safepoint "Cleanup", Time since last: 4000474778 ns, Reaching safepoint: 120503 ns, At safepoint: 7100 ns, Total: 127603 ns
[4127.076s][info ][safepoint      ] Safepoint "Cleanup", Time since last: 1000127219 ns, Reaching safepoint: 120803 ns, At safepoint: 4700 ns, Total: 125503 ns
[4129.076s][info ][safepoint      ] Safepoint "Cleanup", Time since last: 2000260830 ns, Reaching safepoint: 126003 ns, At safepoint: 12000 ns, Total: 138003 ns
[4131.078s][info ][safepoint      ] Safepoint "Cleanup", Time since last: 2001133386 ns, Reaching safepoint: 320107 ns, At safepoint: 6900 ns, Total: 327007 ns
[4135.078s][info ][safepoint      ] Safepoint "Cleanup", Time since last: 4000356728 ns, Reaching safepoint: 125403 ns, At safepoint: 7100 ns, Total: 132503 ns
[4140.079s][info ][safepoint      ] Safepoint "Cleanup", Time since last: 5000451671 ns, Reaching safepoint: 126103 ns, At safepoint: 7500 ns, Total: 133603 ns
[4142.079s][info ][safepoint      ] Safepoint "Cleanup", Time since last: 2000234323 ns, Reaching safepoint: 44901 ns, At safepoint: 2600 ns, Total: 47501 ns
[4146.079s][info ][safepoint      ] Safepoint "Cleanup", Time since last: 4000320364 ns, Reaching safepoint: 53101 ns, At safepoint: 3200 ns, Total: 56301 ns
[4147.080s][info ][safepoint      ] Safepoint "Cleanup", Time since last: 1000152207 ns, Reaching safepoint: 58201 ns, At safepoint: 7800 ns, Total: 66001 ns
[4150.080s][info ][safepoint      ] Safepoint "Cleanup", Time since last: 3000269416 ns, Reaching safepoint: 40801 ns, At safepoint: 3000 ns, Total: 43801 ns
[4150.623s][info ][gc,start       ] GC(91) Pause Young (Allocation Failure)
[4150.634s][debug][gc,phases      ] GC(91) Scavenge 10.631ms
[4150.634s][debug][gc,ref         ] GC(91) Skipped phase 1 of Reference Processing: no references
[4150.634s][debug][gc,ref         ] GC(91) ReferenceProcessor::execute queues: 1, RefProcThreadModel::Single, marks_oops_alive: false
[4150.634s][debug][gc,ref         ] GC(91) ReferenceProcessor::execute queues: 4, RefProcThreadModel::Multi, marks_oops_alive: true
[4150.634s][debug][gc,ref         ] GC(91) ReferenceProcessor::execute queues: 1, RefProcThreadModel::Single, marks_oops_alive: false
[4150.634s][debug][gc,phases      ] GC(91) Reference Processing 0.310ms
[4150.635s][debug][gc,phases      ] GC(91)   VM Weak                        Min:  0.0, Avg:  0.0, Max:  0.0, Diff:  0.0, Sum:  0.0, Workers: 4
[4150.635s][debug][gc,phases      ] GC(91)     Dead                           Min: 0, Avg:  0.0, Max: 0, Diff: 0, Sum: 0, Workers: 4
[4150.635s][debug][gc,phases      ] GC(91)     Total                          Min: 0, Avg: 199.2, Max: 413, Diff: 413, Sum: 797, Workers: 4
[4150.635s][debug][gc,phases      ] GC(91)   ObjectSynchronizer Weak        Min:  0.0, Avg:  0.0, Max:  0.0, Diff:  0.0, Sum:  0.0, Workers: 4
[4150.635s][debug][gc,phases      ] GC(91)     Dead                           Min: 0, Avg:  0.2, Max: 1, Diff: 1, Sum: 1, Workers: 4
[4150.635s][debug][gc,phases      ] GC(91)     Total                          Min: 0, Avg: 12.8, Max: 51, Diff: 51, Sum: 51, Workers: 4
[4150.635s][debug][gc,phases      ] GC(91)   JVMTI Tag Weak OopStorage      Min:  0.0, Avg:  0.0, Max:  0.0, Diff:  0.0, Sum:  0.0, Workers: 4
[4150.635s][debug][gc,phases      ] GC(91)     Dead                           Min: 0, Avg:  0.0, Max: 0, Diff: 0, Sum: 0, Workers: 4
[4150.635s][debug][gc,phases      ] GC(91)     Total                          Min: 0, Avg:  0.0, Max: 0, Diff: 0, Sum: 0, Workers: 4
[4150.635s][debug][gc,phases      ] GC(91)   StringTable Weak               Min:  0.0, Avg:  0.1, Max:  0.2, Diff:  0.2, Sum:  0.4, Workers: 4
[4150.635s][debug][gc,phases      ] GC(91)     Dead                           Min: 0, Avg:  0.0, Max: 0, Diff: 0, Sum: 0, Workers: 4
[4150.635s][debug][gc,phases      ] GC(91)     Total                          Min: 0, Avg: 10780.5, Max: 21810, Diff: 21810, Sum: 43122, Workers: 4
[4150.635s][debug][gc,phases      ] GC(91)   ResolvedMethodTable Weak       Min:  0.0, Avg:  0.0, Max:  0.1, Diff:  0.1, Sum:  0.1, Workers: 4
[4150.635s][debug][gc,phases      ] GC(91)     Dead                           Min: 0, Avg:  0.0, Max: 0, Diff: 0, Sum: 0, Workers: 4
[4150.635s][debug][gc,phases      ] GC(91)     Total                          Min: 0, Avg: 2212.0, Max: 4432, Diff: 4432, Sum: 8848, Workers: 4
[4150.635s][debug][gc,phases      ] GC(91)   JNI Weak                       Min:  0.0, Avg:  0.0, Max:  0.0, Diff:  0.0, Sum:  0.0, Workers: 4
[4150.635s][debug][gc,phases      ] GC(91)     Dead                           Min: 0, Avg:  0.0, Max: 0, Diff: 0, Sum: 0, Workers: 4
[4150.635s][debug][gc,phases      ] GC(91)     Total                          Min: 0, Avg: 11.2, Max: 45, Diff: 45, Sum: 45, Workers: 4
[4150.635s][debug][gc,phases      ] GC(91)   StringDedup Table Weak         Min:  0.0, Avg:  0.0, Max:  0.0, Diff:  0.0, Sum:  0.0, Workers: 4
[4150.635s][debug][gc,phases      ] GC(91)     Dead                           Min: 0, Avg:  0.0, Max: 0, Diff: 0, Sum: 0, Workers: 4
[4150.635s][debug][gc,phases      ] GC(91)     Total                          Min: 0, Avg:  0.0, Max: 0, Diff: 0, Sum: 0, Workers: 4
[4150.635s][debug][gc,phases      ] GC(91)   StringDedup Requests0 Weak     Min:  0.0, Avg:  0.0, Max:  0.0, Diff:  0.0, Sum:  0.0, Workers: 4
[4150.635s][debug][gc,phases      ] GC(91)     Dead                           Min: 0, Avg:  0.0, Max: 0, Diff: 0, Sum: 0, Workers: 4
[4150.635s][debug][gc,phases      ] GC(91)     Total                          Min: 0, Avg:  0.0, Max: 0, Diff: 0, Sum: 0, Workers: 4
[4150.635s][debug][gc,phases      ] GC(91)   StringDedup Requests1 Weak     Min:  0.0, Avg:  0.0, Max:  0.0, Diff:  0.0, Sum:  0.0, Workers: 4
[4150.635s][debug][gc,phases      ] GC(91)     Dead                           Min: 0, Avg:  0.0, Max: 0, Diff: 0, Sum: 0, Workers: 4
[4150.635s][debug][gc,phases      ] GC(91)     Total                          Min: 0, Avg:  0.0, Max: 0, Diff: 0, Sum: 0, Workers: 4
[4150.635s][debug][gc,phases      ] GC(91)   Weak JFR Old Object Samples    Min:  0.0, Avg:  0.0, Max:  0.0, Diff:  0.0, Sum:  0.0, Workers: 4
[4150.635s][debug][gc,phases      ] GC(91)     Dead                           Min: 0, Avg:  0.0, Max: 0, Diff: 0, Sum: 0, Workers: 4
[4150.635s][debug][gc,phases      ] GC(91)     Total                          Min: 0, Avg:  0.0, Max: 0, Diff: 0, Sum: 0, Workers: 4
[4150.635s][debug][gc,phases      ] GC(91) Weak Processing 0.478ms
[4150.635s][debug][gc,age         ] GC(91) Desired survivor size 19398656 bytes, new threshold 15 (max threshold 15)
[4150.635s][info ][gc,heap        ] GC(91) PSYoungGen: 2059616K(2076160K)->8895K(2078208K) Eden: 2056192K(2056192K)->0K(2059264K) From: 3424K(19968K)->8895K(18944K)
[4150.635s][info ][gc,heap        ] GC(91) ParOldGen: 461191K(619520K)->461215K(619520K)
[4150.635s][info ][gc,metaspace   ] GC(91) Metaspace: 80531K(81536K)->80531K(81536K) NonClass: 69143K(69696K)->69143K(69696K) Class: 11387K(11840K)->11387K(11840K)
[4150.635s][info ][gc             ] GC(91) Pause Young (Allocation Failure) 2461M->459M(2634M) 11.582ms
[4150.635s][info ][gc,cpu         ] GC(91) User=0.03s Sys=0.00s Real=0.01s
[4150.635s][info ][safepoint      ] Safepoint "ParallelGCFailedAllocation", Time since last: 543204170 ns, Reaching safepoint: 118402 ns, At safepoint: 11724263 ns, Total: 11842665 ns
[4151.635s][info ][safepoint      ] Safepoint "Cleanup", Time since last: 1000092106 ns, Reaching safepoint: 63801 ns, At safepoint: 3200 ns, Total: 67001 ns
[4153.636s][info ][safepoint      ] Safepoint "Cleanup", Time since last: 2000192456 ns, Reaching safepoint: 1019620 ns, At safepoint: 7100 ns, Total: 1026720 ns
[4161.637s][info ][safepoint      ] Safepoint "Cleanup", Time since last: 8000597662 ns, Reaching safepoint: 40401 ns, At safepoint: 2600 ns, Total: 43001 ns
[4165.637s][info ][safepoint      ] Safepoint "Cleanup", Time since last: 4000341196 ns, Reaching safepoint: 82802 ns, At safepoint: 7800 ns, Total: 90602 ns
[4166.638s][info ][safepoint      ] Safepoint "Cleanup", Time since last: 1000118175 ns, Reaching safepoint: 51901 ns, At safepoint: 2200 ns, Total: 54101 ns
[4167.638s][info ][safepoint      ] Safepoint "Cleanup", Time since last: 1000118375 ns, Reaching safepoint: 59701 ns, At safepoint: 2400 ns, Total: 62101 ns
[4168.638s][info ][safepoint      ] Safepoint "Cleanup", Time since last: 1000099474 ns, Reaching safepoint: 49302 ns, At safepoint: 2800 ns, Total: 52102 ns
[4169.638s][info ][safepoint      ] Safepoint "Cleanup", Time since last: 1000126777 ns, Reaching safepoint: 85202 ns, At safepoint: 6900 ns, Total: 92102 ns
[4170.638s][info ][safepoint      ] Safepoint "Cleanup", Time since last: 1000106263 ns, Reaching safepoint: 88102 ns, At safepoint: 8501 ns, Total: 96603 ns
[4171.639s][info ][safepoint      ] Safepoint "Cleanup", Time since last: 1000133964 ns, Reaching safepoint: 59901 ns, At safepoint: 2700 ns, Total: 62601 ns
[4172.639s][info ][safepoint      ] Safepoint "Cleanup", Time since last: 1000114964 ns, Reaching safepoint: 33500 ns, At safepoint: 3300 ns, Total: 36800 ns
[4173.639s][info ][safepoint      ] Safepoint "Cleanup", Time since last: 1000115464 ns, Reaching safepoint: 44701 ns, At safepoint: 2900 ns, Total: 47601 ns
[4176.639s][info ][safepoint      ] Safepoint "Cleanup", Time since last: 3000213388 ns, Reaching safepoint: 46201 ns, At safepoint: 2400 ns, Total: 48601 ns
[4179.639s][info ][safepoint      ] Safepoint "Cleanup", Time since last: 3000310385 ns, Reaching safepoint: 53601 ns, At safepoint: 2800 ns, Total: 56401 ns
[4184.640s][info ][safepoint      ] Safepoint "Cleanup", Time since last: 5000381792 ns, Reaching safepoint: 39201 ns, At safepoint: 3000 ns, Total: 42201 ns
[4185.640s][info ][safepoint      ] Safepoint "Cleanup", Time since last: 1000105313 ns, Reaching safepoint: 43401 ns, At safepoint: 3401 ns, Total: 46802 ns
[4186.640s][info ][safepoint      ] Safepoint "Cleanup", Time since last: 1000115116 ns, Reaching safepoint: 39801 ns, At safepoint: 3200 ns, Total: 43001 ns
[4187.640s][info ][safepoint      ] Safepoint "Cleanup", Time since last: 1000116516 ns, Reaching safepoint: 64401 ns, At safepoint: 3000 ns, Total: 67401 ns
[4194.322s][info ][gc,start       ] GC(92) Pause Young (Allocation Failure)
[4194.330s][debug][gc,phases      ] GC(92) Scavenge 7.319ms
[4194.330s][debug][gc,ref         ] GC(92) Skipped phase 1 of Reference Processing: no references
[4194.330s][debug][gc,ref         ] GC(92) ReferenceProcessor::execute queues: 1, RefProcThreadModel::Single, marks_oops_alive: false
[4194.330s][debug][gc,ref         ] GC(92) Skipped phase 3 of Reference Processing: no references
[4194.330s][debug][gc,ref         ] GC(92) ReferenceProcessor::execute queues: 1, RefProcThreadModel::Single, marks_oops_alive: false
[4194.330s][debug][gc,phases      ] GC(92) Reference Processing 0.116ms
[4194.330s][debug][gc,phases      ] GC(92)   VM Weak                        Min:  0.0, Avg:  0.0, Max:  0.0, Diff:  0.0, Sum:  0.0, Workers: 4
[4194.330s][debug][gc,phases      ] GC(92)     Dead                           Min: 0, Avg:  0.0, Max: 0, Diff: 0, Sum: 0, Workers: 4
[4194.330s][debug][gc,phases      ] GC(92)     Total                          Min: 0, Avg: 201.2, Max: 741, Diff: 741, Sum: 805, Workers: 4
[4194.330s][debug][gc,phases      ] GC(92)   ObjectSynchronizer Weak        Min:  0.0, Avg:  0.0, Max:  0.0, Diff:  0.0, Sum:  0.0, Workers: 4
[4194.330s][debug][gc,phases      ] GC(92)     Dead                           Min: 0, Avg:  0.0, Max: 0, Diff: 0, Sum: 0, Workers: 4
[4194.330s][debug][gc,phases      ] GC(92)     Total                          Min: 0, Avg: 12.8, Max: 51, Diff: 51, Sum: 51, Workers: 4
[4194.330s][debug][gc,phases      ] GC(92)   JVMTI Tag Weak OopStorage      Min:  0.0, Avg:  0.0, Max:  0.0, Diff:  0.0, Sum:  0.0, Workers: 4
[4194.330s][debug][gc,phases      ] GC(92)     Dead                           Min: 0, Avg:  0.0, Max: 0, Diff: 0, Sum: 0, Workers: 4
[4194.330s][debug][gc,phases      ] GC(92)     Total                          Min: 0, Avg:  0.0, Max: 0, Diff: 0, Sum: 0, Workers: 4
[4194.330s][debug][gc,phases      ] GC(92)   StringTable Weak               Min:  0.0, Avg:  0.1, Max:  0.2, Diff:  0.2, Sum:  0.4, Workers: 4
[4194.330s][debug][gc,phases      ] GC(92)     Dead                           Min: 0, Avg:  0.0, Max: 0, Diff: 0, Sum: 0, Workers: 4
[4194.330s][debug][gc,phases      ] GC(92)     Total                          Min: 0, Avg: 10783.5, Max: 22912, Diff: 22912, Sum: 43134, Workers: 4
[4194.330s][debug][gc,phases      ] GC(92)   ResolvedMethodTable Weak       Min:  0.0, Avg:  0.0, Max:  0.0, Diff:  0.0, Sum:  0.1, Workers: 4
[4194.330s][debug][gc,phases      ] GC(92)     Dead                           Min: 0, Avg:  0.0, Max: 0, Diff: 0, Sum: 0, Workers: 4
[4194.330s][debug][gc,phases      ] GC(92)     Total                          Min: 0, Avg: 2217.5, Max: 5120, Diff: 5120, Sum: 8870, Workers: 4
[4194.330s][debug][gc,phases      ] GC(92)   JNI Weak                       Min:  0.0, Avg:  0.0, Max:  0.0, Diff:  0.0, Sum:  0.0, Workers: 4
[4194.330s][debug][gc,phases      ] GC(92)     Dead                           Min: 0, Avg:  0.0, Max: 0, Diff: 0, Sum: 0, Workers: 4
[4194.330s][debug][gc,phases      ] GC(92)     Total                          Min: 0, Avg: 11.2, Max: 45, Diff: 45, Sum: 45, Workers: 4
[4194.330s][debug][gc,phases      ] GC(92)   StringDedup Table Weak         Min:  0.0, Avg:  0.0, Max:  0.0, Diff:  0.0, Sum:  0.0, Workers: 4
[4194.330s][debug][gc,phases      ] GC(92)     Dead                           Min: 0, Avg:  0.0, Max: 0, Diff: 0, Sum: 0, Workers: 4
[4194.330s][debug][gc,phases      ] GC(92)     Total                          Min: 0, Avg:  0.0, Max: 0, Diff: 0, Sum: 0, Workers: 4
[4194.330s][debug][gc,phases      ] GC(92)   StringDedup Requests0 Weak     Min:  0.0, Avg:  0.0, Max:  0.0, Diff:  0.0, Sum:  0.0, Workers: 4
[4194.330s][debug][gc,phases      ] GC(92)     Dead                           Min: 0, Avg:  0.0, Max: 0, Diff: 0, Sum: 0, Workers: 4
[4194.330s][debug][gc,phases      ] GC(92)     Total                          Min: 0, Avg:  0.0, Max: 0, Diff: 0, Sum: 0, Workers: 4
[4194.330s][debug][gc,phases      ] GC(92)   StringDedup Requests1 Weak     Min:  0.0, Avg:  0.0, Max:  0.0, Diff:  0.0, Sum:  0.0, Workers: 4
[4194.330s][debug][gc,phases      ] GC(92)     Dead                           Min: 0, Avg:  0.0, Max: 0, Diff: 0, Sum: 0, Workers: 4
[4194.330s][debug][gc,phases      ] GC(92)     Total                          Min: 0, Avg:  0.0, Max: 0, Diff: 0, Sum: 0, Workers: 4
[4194.330s][debug][gc,phases      ] GC(92)   Weak JFR Old Object Samples    Min:  0.0, Avg:  0.0, Max:  0.0, Diff:  0.0, Sum:  0.0, Workers: 4
[4194.330s][debug][gc,phases      ] GC(92)     Dead                           Min: 0, Avg:  0.0, Max: 0, Diff: 0, Sum: 0, Workers: 4
[4194.330s][debug][gc,phases      ] GC(92)     Total                          Min: 0, Avg:  0.0, Max: 0, Diff: 0, Sum: 0, Workers: 4
[4194.330s][debug][gc,phases      ] GC(92) Weak Processing 0.425ms
[4194.330s][debug][gc,age         ] GC(92) Desired survivor size 19398656 bytes, new threshold 15 (max threshold 15)
[4194.330s][info ][gc,heap        ] GC(92) PSYoungGen: 2068159K(2078208K)->9808K(2078208K) Eden: 2059264K(2059264K)->0K(2059264K) From: 8895K(18944K)->9808K(18944K)
[4194.330s][info ][gc,heap        ] GC(92) ParOldGen: 461215K(619520K)->461239K(619520K)
[4194.330s][info ][gc,metaspace   ] GC(92) Metaspace: 80644K(81600K)->80644K(81600K) NonClass: 69250K(69760K)->69250K(69760K) Class: 11394K(11840K)->11394K(11840K)
[4194.330s][info ][gc             ] GC(92) Pause Young (Allocation Failure) 2470M->460M(2634M) 8.009ms
[4194.330s][info ][gc,cpu         ] GC(92) User=0.03s Sys=0.00s Real=0.00s
[4194.330s][info ][safepoint      ] Safepoint "ParallelGCFailedAllocation", Time since last: 6681826506 ns, Reaching safepoint: 107302 ns, At safepoint: 8105075 ns, Total: 8212377 ns
[4199.331s][info ][safepoint      ] Safepoint "Cleanup", Time since last: 5000365928 ns, Reaching safepoint: 68301 ns, At safepoint: 2900 ns, Total: 71201 ns
[4208.332s][info ][safepoint      ] Safepoint "Cleanup", Time since last: 9000698403 ns, Reaching safepoint: 128303 ns, At safepoint: 6000 ns, Total: 134303 ns
[4209.332s][info ][safepoint      ] Safepoint "Cleanup", Time since last: 1000131109 ns, Reaching safepoint: 50601 ns, At safepoint: 2700 ns, Total: 53301 ns
[4212.332s][info ][safepoint      ] Safepoint "Cleanup", Time since last: 3000218093 ns, Reaching safepoint: 49201 ns, At safepoint: 3400 ns, Total: 52601 ns
[4220.333s][info ][safepoint      ] Safepoint "Cleanup", Time since last: 8000585673 ns, Reaching safepoint: 123203 ns, At safepoint: 3300 ns, Total: 126503 ns
[4226.333s][info ][safepoint      ] Safepoint "Cleanup", Time since last: 6000465002 ns, Reaching safepoint: 61001 ns, At safepoint: 2900 ns, Total: 63901 ns
[4227.334s][info ][safepoint      ] Safepoint "Cleanup", Time since last: 1000072841 ns, Reaching safepoint: 47901 ns, At safepoint: 3000 ns, Total: 50901 ns
[4228.334s][info ][safepoint      ] Safepoint "Cleanup", Time since last: 1000105842 ns, Reaching safepoint: 145103 ns, At safepoint: 5400 ns, Total: 150503 ns
[4229.334s][info ][safepoint      ] Safepoint "Cleanup", Time since last: 1000118342 ns, Reaching safepoint: 49901 ns, At safepoint: 3800 ns, Total: 53701 ns
[4230.334s][info ][safepoint      ] Safepoint "Cleanup", Time since last: 1000113941 ns, Reaching safepoint: 66302 ns, At safepoint: 2800 ns, Total: 69102 ns
[4232.334s][info ][safepoint      ] Safepoint "Cleanup", Time since last: 2000234783 ns, Reaching safepoint: 115203 ns, At safepoint: 4200 ns, Total: 119403 ns
[4234.339s][info ][safepoint      ] Safepoint "Cleanup", Time since last: 2000187384 ns, Reaching safepoint: 4235292 ns, At safepoint: 14801 ns, Total: 4250093 ns
[4238.339s][info ][safepoint      ] Safepoint "Cleanup", Time since last: 4000342874 ns, Reaching safepoint: 78902 ns, At safepoint: 5900 ns, Total: 84802 ns
[4239.340s][info ][safepoint      ] Safepoint "Cleanup", Time since last: 1000118544 ns, Reaching safepoint: 51101 ns, At safepoint: 3000 ns, Total: 54101 ns
[4241.031s][info ][gc,start       ] GC(93) Pause Young (Allocation Failure)
[4241.040s][debug][gc,phases      ] GC(93) Scavenge 8.825ms
[4241.040s][debug][gc,ref         ] GC(93) Skipped phase 1 of Reference Processing: no references
[4241.040s][debug][gc,ref         ] GC(93) ReferenceProcessor::execute queues: 1, RefProcThreadModel::Single, marks_oops_alive: false
[4241.040s][debug][gc,ref         ] GC(93) Skipped phase 3 of Reference Processing: no references
[4241.040s][debug][gc,ref         ] GC(93) ReferenceProcessor::execute queues: 1, RefProcThreadModel::Single, marks_oops_alive: false
[4241.040s][debug][gc,phases      ] GC(93) Reference Processing 0.121ms
[4241.040s][debug][gc,phases      ] GC(93)   VM Weak                        Min:  0.0, Avg:  0.0, Max:  0.0, Diff:  0.0, Sum:  0.0, Workers: 4
[4241.040s][debug][gc,phases      ] GC(93)     Dead                           Min: 0, Avg:  0.0, Max: 0, Diff: 0, Sum: 0, Workers: 4
[4241.040s][debug][gc,phases      ] GC(93)     Total                          Min: 0, Avg: 201.2, Max: 768, Diff: 768, Sum: 805, Workers: 4
[4241.040s][debug][gc,phases      ] GC(93)   ObjectSynchronizer Weak        Min:  0.0, Avg:  0.0, Max:  0.0, Diff:  0.0, Sum:  0.0, Workers: 4
[4241.040s][debug][gc,phases      ] GC(93)     Dead                           Min: 0, Avg:  0.0, Max: 0, Diff: 0, Sum: 0, Workers: 4
[4241.040s][debug][gc,phases      ] GC(93)     Total                          Min: 0, Avg: 12.8, Max: 51, Diff: 51, Sum: 51, Workers: 4
[4241.040s][debug][gc,phases      ] GC(93)   JVMTI Tag Weak OopStorage      Min:  0.0, Avg:  0.0, Max:  0.0, Diff:  0.0, Sum:  0.0, Workers: 4
[4241.040s][debug][gc,phases      ] GC(93)     Dead                           Min: 0, Avg:  0.0, Max: 0, Diff: 0, Sum: 0, Workers: 4
[4241.040s][debug][gc,phases      ] GC(93)     Total                          Min: 0, Avg:  0.0, Max: 0, Diff: 0, Sum: 0, Workers: 4
[4241.040s][debug][gc,phases      ] GC(93)   StringTable Weak               Min:  0.0, Avg:  0.1, Max:  0.1, Diff:  0.1, Sum:  0.4, Workers: 4
[4241.040s][debug][gc,phases      ] GC(93)     Dead                           Min: 0, Avg:  0.0, Max: 0, Diff: 0, Sum: 0, Workers: 4
[4241.040s][debug][gc,phases      ] GC(93)     Total                          Min: 0, Avg: 10785.0, Max: 15232, Diff: 15232, Sum: 43140, Workers: 4
[4241.040s][debug][gc,phases      ] GC(93)   ResolvedMethodTable Weak       Min:  0.0, Avg:  0.0, Max:  0.0, Diff:  0.0, Sum:  0.1, Workers: 4
[4241.040s][debug][gc,phases      ] GC(93)     Dead                           Min: 0, Avg:  0.0, Max: 0, Diff: 0, Sum: 0, Workers: 4
[4241.040s][debug][gc,phases      ] GC(93)     Total                          Min: 0, Avg: 2217.8, Max: 3007, Diff: 3007, Sum: 8871, Workers: 4
[4241.040s][debug][gc,phases      ] GC(93)   JNI Weak                       Min:  0.0, Avg:  0.0, Max:  0.0, Diff:  0.0, Sum:  0.0, Workers: 4
[4241.040s][debug][gc,phases      ] GC(93)     Dead                           Min: 0, Avg:  0.0, Max: 0, Diff: 0, Sum: 0, Workers: 4
[4241.040s][debug][gc,phases      ] GC(93)     Total                          Min: 0, Avg: 11.2, Max: 45, Diff: 45, Sum: 45, Workers: 4
[4241.040s][debug][gc,phases      ] GC(93)   StringDedup Table Weak         Min:  0.0, Avg:  0.0, Max:  0.0, Diff:  0.0, Sum:  0.0, Workers: 4
[4241.040s][debug][gc,phases      ] GC(93)     Dead                           Min: 0, Avg:  0.0, Max: 0, Diff: 0, Sum: 0, Workers: 4
[4241.040s][debug][gc,phases      ] GC(93)     Total                          Min: 0, Avg:  0.0, Max: 0, Diff: 0, Sum: 0, Workers: 4
[4241.040s][debug][gc,phases      ] GC(93)   StringDedup Requests0 Weak     Min:  0.0, Avg:  0.0, Max:  0.0, Diff:  0.0, Sum:  0.0, Workers: 4
[4241.040s][debug][gc,phases      ] GC(93)     Dead                           Min: 0, Avg:  0.0, Max: 0, Diff: 0, Sum: 0, Workers: 4
[4241.040s][debug][gc,phases      ] GC(93)     Total                          Min: 0, Avg:  0.0, Max: 0, Diff: 0, Sum: 0, Workers: 4
[4241.040s][debug][gc,phases      ] GC(93)   StringDedup Requests1 Weak     Min:  0.0, Avg:  0.0, Max:  0.0, Diff:  0.0, Sum:  0.0, Workers: 4
[4241.040s][debug][gc,phases      ] GC(93)     Dead                           Min: 0, Avg:  0.0, Max: 0, Diff: 0, Sum: 0, Workers: 4
[4241.040s][debug][gc,phases      ] GC(93)     Total                          Min: 0, Avg:  0.0, Max: 0, Diff: 0, Sum: 0, Workers: 4
[4241.040s][debug][gc,phases      ] GC(93)   Weak JFR Old Object Samples    Min:  0.0, Avg:  0.0, Max:  0.0, Diff:  0.0, Sum:  0.0, Workers: 4
[4241.040s][debug][gc,phases      ] GC(93)     Dead                           Min: 0, Avg:  0.0, Max: 0, Diff: 0, Sum: 0, Workers: 4
[4241.040s][debug][gc,phases      ] GC(93)     Total                          Min: 0, Avg:  0.0, Max: 0, Diff: 0, Sum: 0, Workers: 4
[4241.040s][debug][gc,phases      ] GC(93) Weak Processing 0.379ms
[4241.040s][debug][gc,age         ] GC(93) Desired survivor size 20447232 bytes, new threshold 15 (max threshold 15)
[4241.040s][info ][gc,heap        ] GC(93) PSYoungGen: 2069072K(2078208K)->12487K(2076160K) Eden: 2059264K(2059264K)->0K(2057216K) From: 9808K(18944K)->12487K(18944K)
[4241.040s][info ][gc,heap        ] GC(93) ParOldGen: 461239K(619520K)->461355K(619520K)
[4241.040s][info ][gc,metaspace   ] GC(93) Metaspace: 80682K(81664K)->80682K(81664K) NonClass: 69286K(69824K)->69286K(69824K) Class: 11395K(11840K)->11395K(11840K)
[4241.040s][info ][gc             ] GC(93) Pause Young (Allocation Failure) 2471M->462M(2632M) 9.475ms
[4241.040s][info ][gc,cpu         ] GC(93) User=0.03s Sys=0.00s Real=0.01s
[4241.040s][info ][safepoint      ] Safepoint "ParallelGCFailedAllocation", Time since last: 1691059273 ns, Reaching safepoint: 103202 ns, At safepoint: 9563595 ns, Total: 9666797 ns
[4242.040s][info ][safepoint      ] Safepoint "Cleanup", Time since last: 1000087686 ns, Reaching safepoint: 50501 ns, At safepoint: 2800 ns, Total: 53301 ns
[4244.041s][info ][safepoint      ] Safepoint "Cleanup", Time since last: 2000187073 ns, Reaching safepoint: 56501 ns, At safepoint: 6100 ns, Total: 62601 ns
[4249.041s][info ][safepoint      ] Safepoint "Cleanup", Time since last: 5000423509 ns, Reaching safepoint: 51801 ns, At safepoint: 3000 ns, Total: 54801 ns
[4251.041s][info ][safepoint      ] Safepoint "Cleanup", Time since last: 2000190849 ns, Reaching safepoint: 67802 ns, At safepoint: 6400 ns, Total: 74202 ns
[4252.042s][info ][safepoint      ] Safepoint "Cleanup", Time since last: 1000118775 ns, Reaching safepoint: 51001 ns, At safepoint: 2900 ns, Total: 53901 ns
[4253.042s][info ][safepoint      ] Safepoint "Cleanup", Time since last: 1000109075 ns, Reaching safepoint: 45701 ns, At safepoint: 29101 ns, Total: 74802 ns
[4254.042s][info ][safepoint      ] Safepoint "Cleanup", Time since last: 1000100675 ns, Reaching safepoint: 40501 ns, At safepoint: 2900 ns, Total: 43401 ns
[4257.042s][info ][safepoint      ] Safepoint "Cleanup", Time since last: 3000262059 ns, Reaching safepoint: 47401 ns, At safepoint: 3200 ns, Total: 50601 ns
[4263.043s][info ][safepoint      ] Safepoint "Cleanup", Time since last: 6000446408 ns, Reaching safepoint: 48801 ns, At safepoint: 4200 ns, Total: 53001 ns
[4264.043s][info ][safepoint      ] Safepoint "Cleanup", Time since last: 1000129252 ns, Reaching safepoint: 38601 ns, At safepoint: 2800 ns, Total: 41401 ns
[4268.043s][info ][safepoint      ] Safepoint "Cleanup", Time since last: 4000315869 ns, Reaching safepoint: 57801 ns, At safepoint: 3000 ns, Total: 60801 ns
[4269.043s][info ][safepoint      ] Safepoint "Cleanup", Time since last: 1000123376 ns, Reaching safepoint: 40101 ns, At safepoint: 4500 ns, Total: 44601 ns
[4278.044s][info ][safepoint      ] Safepoint "Cleanup", Time since last: 9000595868 ns, Reaching safepoint: 121703 ns, At safepoint: 5200 ns, Total: 126903 ns
[4279.044s][info ][safepoint      ] Safepoint "Cleanup", Time since last: 1000118072 ns, Reaching safepoint: 51301 ns, At safepoint: 2900 ns, Total: 54201 ns
[4280.044s][info ][safepoint      ] Safepoint "Cleanup", Time since last: 1000115872 ns, Reaching safepoint: 48001 ns, At safepoint: 4300 ns, Total: 52301 ns
[4283.045s][info ][safepoint      ] Safepoint "Cleanup", Time since last: 3000255357 ns, Reaching safepoint: 43101 ns, At safepoint: 3300 ns, Total: 46401 ns
[4285.144s][info ][gc,start       ] GC(94) Pause Young (Allocation Failure)
[4285.154s][debug][gc,phases      ] GC(94) Scavenge 10.419ms
[4285.154s][debug][gc,ref         ] GC(94) Skipped phase 1 of Reference Processing: no references
[4285.154s][debug][gc,ref         ] GC(94) ReferenceProcessor::execute queues: 1, RefProcThreadModel::Single, marks_oops_alive: false
[4285.154s][debug][gc,ref         ] GC(94) Skipped phase 3 of Reference Processing: no references
[4285.154s][debug][gc,ref         ] GC(94) ReferenceProcessor::execute queues: 1, RefProcThreadModel::Single, marks_oops_alive: false
[4285.154s][debug][gc,phases      ] GC(94) Reference Processing 0.137ms
[4285.155s][debug][gc,phases      ] GC(94)   VM Weak                        Min:  0.0, Avg:  0.0, Max:  0.0, Diff:  0.0, Sum:  0.0, Workers: 4
[4285.155s][debug][gc,phases      ] GC(94)     Dead                           Min: 0, Avg:  0.0, Max: 0, Diff: 0, Sum: 0, Workers: 4
[4285.155s][debug][gc,phases      ] GC(94)     Total                          Min: 0, Avg: 201.2, Max: 421, Diff: 421, Sum: 805, Workers: 4
[4285.155s][debug][gc,phases      ] GC(94)   ObjectSynchronizer Weak        Min:  0.0, Avg:  0.0, Max:  0.0, Diff:  0.0, Sum:  0.0, Workers: 4
[4285.155s][debug][gc,phases      ] GC(94)     Dead                           Min: 0, Avg:  0.0, Max: 0, Diff: 0, Sum: 0, Workers: 4
[4285.155s][debug][gc,phases      ] GC(94)     Total                          Min: 0, Avg: 12.8, Max: 51, Diff: 51, Sum: 51, Workers: 4
[4285.155s][debug][gc,phases      ] GC(94)   JVMTI Tag Weak OopStorage      Min:  0.0, Avg:  0.0, Max:  0.0, Diff:  0.0, Sum:  0.0, Workers: 4
[4285.155s][debug][gc,phases      ] GC(94)     Dead                           Min: 0, Avg:  0.0, Max: 0, Diff: 0, Sum: 0, Workers: 4
[4285.155s][debug][gc,phases      ] GC(94)     Total                          Min: 0, Avg:  0.0, Max: 0, Diff: 0, Sum: 0, Workers: 4
[4285.155s][debug][gc,phases      ] GC(94)   StringTable Weak               Min:  0.0, Avg:  0.1, Max:  0.2, Diff:  0.2, Sum:  0.4, Workers: 4
[4285.155s][debug][gc,phases      ] GC(94)     Dead                           Min: 0, Avg:  0.0, Max: 0, Diff: 0, Sum: 0, Workers: 4
[4285.155s][debug][gc,phases      ] GC(94)     Total                          Min: 0, Avg: 10785.5, Max: 20224, Diff: 20224, Sum: 43142, Workers: 4
[4285.155s][debug][gc,phases      ] GC(94)   ResolvedMethodTable Weak       Min:  0.0, Avg:  0.0, Max:  0.0, Diff:  0.0, Sum:  0.1, Workers: 4
[4285.155s][debug][gc,phases      ] GC(94)     Dead                           Min: 0, Avg:  0.0, Max: 0, Diff: 0, Sum: 0, Workers: 4
[4285.155s][debug][gc,phases      ] GC(94)     Total                          Min: 0, Avg: 2217.8, Max: 3112, Diff: 3112, Sum: 8871, Workers: 4
[4285.155s][debug][gc,phases      ] GC(94)   JNI Weak                       Min:  0.0, Avg:  0.0, Max:  0.0, Diff:  0.0, Sum:  0.0, Workers: 4
[4285.155s][debug][gc,phases      ] GC(94)     Dead                           Min: 0, Avg:  0.0, Max: 0, Diff: 0, Sum: 0, Workers: 4
[4285.155s][debug][gc,phases      ] GC(94)     Total                          Min: 0, Avg: 11.2, Max: 45, Diff: 45, Sum: 45, Workers: 4
[4285.155s][debug][gc,phases      ] GC(94)   StringDedup Table Weak         Min:  0.0, Avg:  0.0, Max:  0.0, Diff:  0.0, Sum:  0.0, Workers: 4
[4285.155s][debug][gc,phases      ] GC(94)     Dead                           Min: 0, Avg:  0.0, Max: 0, Diff: 0, Sum: 0, Workers: 4
[4285.155s][debug][gc,phases      ] GC(94)     Total                          Min: 0, Avg:  0.0, Max: 0, Diff: 0, Sum: 0, Workers: 4
[4285.155s][debug][gc,phases      ] GC(94)   StringDedup Requests0 Weak     Min:  0.0, Avg:  0.0, Max:  0.0, Diff:  0.0, Sum:  0.0, Workers: 4
[4285.155s][debug][gc,phases      ] GC(94)     Dead                           Min: 0, Avg:  0.0, Max: 0, Diff: 0, Sum: 0, Workers: 4
[4285.155s][debug][gc,phases      ] GC(94)     Total                          Min: 0, Avg:  0.0, Max: 0, Diff: 0, Sum: 0, Workers: 4
[4285.155s][debug][gc,phases      ] GC(94)   StringDedup Requests1 Weak     Min:  0.0, Avg:  0.0, Max:  0.0, Diff:  0.0, Sum:  0.0, Workers: 4
[4285.155s][debug][gc,phases      ] GC(94)     Dead                           Min: 0, Avg:  0.0, Max: 0, Diff: 0, Sum: 0, Workers: 4
[4285.155s][debug][gc,phases      ] GC(94)     Total                          Min: 0, Avg:  0.0, Max: 0, Diff: 0, Sum: 0, Workers: 4
[4285.155s][debug][gc,phases      ] GC(94)   Weak JFR Old Object Samples    Min:  0.0, Avg:  0.0, Max:  0.0, Diff:  0.0, Sum:  0.0, Workers: 4
[4285.155s][debug][gc,phases      ] GC(94)     Dead                           Min: 0, Avg:  0.0, Max: 0, Diff: 0, Sum: 0, Workers: 4
[4285.155s][debug][gc,phases      ] GC(94)     Total                          Min: 0, Avg:  0.0, Max: 0, Diff: 0, Sum: 0, Workers: 4
[4285.155s][debug][gc,phases      ] GC(94) Weak Processing 0.548ms
[4285.155s][debug][gc,age         ] GC(94) Desired survivor size 21495808 bytes, new threshold 15 (max threshold 15)
[4285.155s][info ][gc,heap        ] GC(94) PSYoungGen: 2069703K(2076160K)->13344K(2071040K) Eden: 2057216K(2057216K)->0K(2057216K) From: 12487K(18944K)->13344K(13824K)
[4285.155s][info ][gc,heap        ] GC(94) ParOldGen: 461355K(619520K)->461387K(619520K)
[4285.155s][info ][gc,metaspace   ] GC(94) Metaspace: 80690K(81664K)->80690K(81664K) NonClass: 69293K(69824K)->69293K(69824K) Class: 11396K(11840K)->11396K(11840K)
[4285.155s][info ][gc             ] GC(94) Pause Young (Allocation Failure) 2471M->463M(2627M) 11.245ms
[4285.155s][info ][gc,cpu         ] GC(94) User=0.02s Sys=0.00s Real=0.01s
[4285.155s][info ][safepoint      ] Safepoint "ParallelGCFailedAllocation", Time since last: 2098836269 ns, Reaching safepoint: 37901 ns, At safepoint: 11332549 ns, Total: 11370450 ns
[4286.155s][info ][safepoint      ] Safepoint "Cleanup", Time since last: 1000093700 ns, Reaching safepoint: 63001 ns, At safepoint: 5000 ns, Total: 68001 ns
[4294.156s][info ][safepoint      ] Safepoint "Cleanup", Time since last: 8000575333 ns, Reaching safepoint: 43201 ns, At safepoint: 2500 ns, Total: 45701 ns
[4297.156s][info ][safepoint      ] Safepoint "Cleanup", Time since last: 3000217220 ns, Reaching safepoint: 63402 ns, At safepoint: 3000 ns, Total: 66402 ns
[4298.156s][info ][safepoint      ] Safepoint "Cleanup", Time since last: 1000120379 ns, Reaching safepoint: 40801 ns, At safepoint: 14301 ns, Total: 55102 ns
[4299.156s][info ][safepoint      ] Safepoint "Cleanup", Time since last: 1000111179 ns, Reaching safepoint: 50101 ns, At safepoint: 5400 ns, Total: 55501 ns
[4303.157s][info ][safepoint      ] Safepoint "Cleanup", Time since last: 4000316715 ns, Reaching safepoint: 53601 ns, At safepoint: 2900 ns, Total: 56501 ns
[4312.157s][info ][safepoint      ] Safepoint "Cleanup", Time since last: 9000663573 ns, Reaching safepoint: 64402 ns, At safepoint: 2700 ns, Total: 67102 ns
[4313.158s][info ][safepoint      ] Safepoint "Cleanup", Time since last: 1000112524 ns, Reaching safepoint: 66502 ns, At safepoint: 6900 ns, Total: 73402 ns
[4317.158s][info ][safepoint      ] Safepoint "Cleanup", Time since last: 4000302752 ns, Reaching safepoint: 46401 ns, At safepoint: 2600 ns, Total: 49001 ns
[4321.158s][info ][safepoint      ] Safepoint "Cleanup", Time since last: 4000280227 ns, Reaching safepoint: 56501 ns, At safepoint: 4200 ns, Total: 60701 ns
[4323.159s][info ][safepoint      ] Safepoint "Cleanup", Time since last: 2000178022 ns, Reaching safepoint: 53901 ns, At safepoint: 2400 ns, Total: 56301 ns
[4327.159s][info ][safepoint      ] Safepoint "Cleanup", Time since last: 4000324943 ns, Reaching safepoint: 48001 ns, At safepoint: 3500 ns, Total: 51501 ns
[4339.326s][info ][gc,start       ] GC(95) Pause Young (Allocation Failure)
[4339.332s][debug][gc,phases      ] GC(95) Scavenge 6.338ms
[4339.332s][debug][gc,ref         ] GC(95) Skipped phase 1 of Reference Processing: no references
[4339.332s][debug][gc,ref         ] GC(95) ReferenceProcessor::execute queues: 1, RefProcThreadModel::Single, marks_oops_alive: false
[4339.332s][debug][gc,ref         ] GC(95) Skipped phase 3 of Reference Processing: no references
[4339.332s][debug][gc,ref         ] GC(95) ReferenceProcessor::execute queues: 1, RefProcThreadModel::Single, marks_oops_alive: false
[4339.332s][debug][gc,phases      ] GC(95) Reference Processing 0.114ms
[4339.333s][debug][gc,phases      ] GC(95)   VM Weak                        Min:  0.0, Avg:  0.0, Max:  0.0, Diff:  0.0, Sum:  0.0, Workers: 4
[4339.333s][debug][gc,phases      ] GC(95)     Dead                           Min: 0, Avg:  0.0, Max: 0, Diff: 0, Sum: 0, Workers: 4
[4339.333s][debug][gc,phases      ] GC(95)     Total                          Min: 0, Avg: 201.2, Max: 421, Diff: 421, Sum: 805, Workers: 4
[4339.333s][debug][gc,phases      ] GC(95)   ObjectSynchronizer Weak        Min:  0.0, Avg:  0.0, Max:  0.0, Diff:  0.0, Sum:  0.0, Workers: 4
[4339.333s][debug][gc,phases      ] GC(95)     Dead                           Min: 0, Avg:  0.0, Max: 0, Diff: 0, Sum: 0, Workers: 4
[4339.333s][debug][gc,phases      ] GC(95)     Total                          Min: 0, Avg: 12.8, Max: 51, Diff: 51, Sum: 51, Workers: 4
[4339.333s][debug][gc,phases      ] GC(95)   JVMTI Tag Weak OopStorage      Min:  0.0, Avg:  0.0, Max:  0.0, Diff:  0.0, Sum:  0.0, Workers: 4
[4339.333s][debug][gc,phases      ] GC(95)     Dead                           Min: 0, Avg:  0.0, Max: 0, Diff: 0, Sum: 0, Workers: 4
[4339.333s][debug][gc,phases      ] GC(95)     Total                          Min: 0, Avg:  0.0, Max: 0, Diff: 0, Sum: 0, Workers: 4
[4339.333s][debug][gc,phases      ] GC(95)   StringTable Weak               Min:  0.0, Avg:  0.1, Max:  0.2, Diff:  0.2, Sum:  0.4, Workers: 4
[4339.333s][debug][gc,phases      ] GC(95)     Dead                           Min: 0, Avg:  0.0, Max: 0, Diff: 0, Sum: 0, Workers: 4
[4339.333s][debug][gc,phases      ] GC(95)     Total                          Min: 0, Avg: 10787.2, Max: 22144, Diff: 22144, Sum: 43149, Workers: 4
[4339.333s][debug][gc,phases      ] GC(95)   ResolvedMethodTable Weak       Min:  0.0, Avg:  0.0, Max:  0.0, Diff:  0.0, Sum:  0.1, Workers: 4
[4339.333s][debug][gc,phases      ] GC(95)     Dead                           Min: 0, Avg:  0.0, Max: 0, Diff: 0, Sum: 0, Workers: 4
[4339.333s][debug][gc,phases      ] GC(95)     Total                          Min: 0, Avg: 2218.8, Max: 4459, Diff: 4459, Sum: 8875, Workers: 4
[4339.333s][debug][gc,phases      ] GC(95)   JNI Weak                       Min:  0.0, Avg:  0.0, Max:  0.0, Diff:  0.0, Sum:  0.0, Workers: 4
[4339.333s][debug][gc,phases      ] GC(95)     Dead                           Min: 0, Avg:  0.0, Max: 0, Diff: 0, Sum: 0, Workers: 4
[4339.333s][debug][gc,phases      ] GC(95)     Total                          Min: 0, Avg: 11.2, Max: 45, Diff: 45, Sum: 45, Workers: 4
[4339.333s][debug][gc,phases      ] GC(95)   StringDedup Table Weak         Min:  0.0, Avg:  0.0, Max:  0.0, Diff:  0.0, Sum:  0.0, Workers: 4
[4339.333s][debug][gc,phases      ] GC(95)     Dead                           Min: 0, Avg:  0.0, Max: 0, Diff: 0, Sum: 0, Workers: 4
[4339.333s][debug][gc,phases      ] GC(95)     Total                          Min: 0, Avg:  0.0, Max: 0, Diff: 0, Sum: 0, Workers: 4
[4339.333s][debug][gc,phases      ] GC(95)   StringDedup Requests0 Weak     Min:  0.0, Avg:  0.0, Max:  0.0, Diff:  0.0, Sum:  0.0, Workers: 4
[4339.333s][debug][gc,phases      ] GC(95)     Dead                           Min: 0, Avg:  0.0, Max: 0, Diff: 0, Sum: 0, Workers: 4
[4339.333s][debug][gc,phases      ] GC(95)     Total                          Min: 0, Avg:  0.0, Max: 0, Diff: 0, Sum: 0, Workers: 4
[4339.333s][debug][gc,phases      ] GC(95)   StringDedup Requests1 Weak     Min:  0.0, Avg:  0.0, Max:  0.0, Diff:  0.0, Sum:  0.0, Workers: 4
[4339.333s][debug][gc,phases      ] GC(95)     Dead                           Min: 0, Avg:  0.0, Max: 0, Diff: 0, Sum: 0, Workers: 4
[4339.333s][debug][gc,phases      ] GC(95)     Total                          Min: 0, Avg:  0.0, Max: 0, Diff: 0, Sum: 0, Workers: 4
[4339.333s][debug][gc,phases      ] GC(95)   Weak JFR Old Object Samples    Min:  0.0, Avg:  0.0, Max:  0.0, Diff:  0.0, Sum:  0.0, Workers: 4
[4339.333s][debug][gc,phases      ] GC(95)     Dead                           Min: 0, Avg:  0.0, Max: 0, Diff: 0, Sum: 0, Workers: 4
[4339.333s][debug][gc,phases      ] GC(95)     Total                          Min: 0, Avg:  0.0, Max: 0, Diff: 0, Sum: 0, Workers: 4
[4339.333s][debug][gc,phases      ] GC(95) Weak Processing 0.426ms
[4339.333s][debug][gc,age         ] GC(95) Desired survivor size 22544384 bytes, new threshold 15 (max threshold 15)
[4339.333s][info ][gc,heap        ] GC(95) PSYoungGen: 2070560K(2071040K)->13728K(2074112K) Eden: 2057216K(2057216K)->0K(2053120K) From: 13344K(13824K)->13728K(20992K)
[4339.333s][info ][gc,heap        ] GC(95) ParOldGen: 461387K(619520K)->461419K(619520K)
[4339.333s][info ][gc,metaspace   ] GC(95) Metaspace: 80698K(81664K)->80698K(81664K) NonClass: 69300K(69824K)->69300K(69824K) Class: 11397K(11840K)->11397K(11840K)
[4339.333s][info ][gc             ] GC(95) Pause Young (Allocation Failure) 2472M->464M(2630M) 7.020ms
[4339.333s][info ][gc,cpu         ] GC(95) User=0.03s Sys=0.00s Real=0.01s
[4339.333s][info ][safepoint      ] Safepoint "ParallelGCFailedAllocation", Time since last: 12166805857 ns, Reaching safepoint: 25501 ns, At safepoint: 7099154 ns, Total: 7124655 ns
[4343.333s][info ][safepoint      ] Safepoint "Cleanup", Time since last: 4000291837 ns, Reaching safepoint: 45901 ns, At safepoint: 9600 ns, Total: 55501 ns
[4347.334s][info ][safepoint      ] Safepoint "Cleanup", Time since last: 4000340960 ns, Reaching safepoint: 63502 ns, At safepoint: 5000 ns, Total: 68502 ns
[4349.334s][info ][safepoint      ] Safepoint "Cleanup", Time since last: 2000210448 ns, Reaching safepoint: 47001 ns, At safepoint: 2600 ns, Total: 49601 ns
[4350.334s][info ][safepoint      ] Safepoint "Cleanup", Time since last: 1000118424 ns, Reaching safepoint: 50201 ns, At safepoint: 2700 ns, Total: 52901 ns
[4351.334s][info ][safepoint      ] Safepoint "Cleanup", Time since last: 1000112324 ns, Reaching safepoint: 67701 ns, At safepoint: 6601 ns, Total: 74302 ns
[4352.334s][info ][safepoint      ] Safepoint "Cleanup", Time since last: 1000120424 ns, Reaching safepoint: 53701 ns, At safepoint: 2700 ns, Total: 56401 ns
[4354.335s][info ][safepoint      ] Safepoint "Cleanup", Time since last: 2000205212 ns, Reaching safepoint: 73002 ns, At safepoint: 7800 ns, Total: 80802 ns
[4358.335s][info ][safepoint      ] Safepoint "Cleanup", Time since last: 4000329853 ns, Reaching safepoint: 119702 ns, At safepoint: 4700 ns, Total: 124402 ns
[4367.336s][info ][safepoint      ] Safepoint "Cleanup", Time since last: 9000678488 ns, Reaching safepoint: 51801 ns, At safepoint: 4500 ns, Total: 56301 ns
[4368.336s][info ][safepoint      ] Safepoint "Cleanup", Time since last: 1000123192 ns, Reaching safepoint: 45701 ns, At safepoint: 2900 ns, Total: 48601 ns
[4386.337s][info ][safepoint      ] Safepoint "Cleanup", Time since last: 18001281819 ns, Reaching safepoint: 50401 ns, At safepoint: 2900 ns, Total: 53301 ns
[4402.130s][info ][gc,start       ] GC(96) Pause Young (Allocation Failure)
[4402.143s][debug][gc,phases      ] GC(96) Scavenge 13.085ms
[4402.143s][debug][gc,ref         ] GC(96) Skipped phase 1 of Reference Processing: no references
[4402.143s][debug][gc,ref         ] GC(96) ReferenceProcessor::execute queues: 1, RefProcThreadModel::Single, marks_oops_alive: false
[4402.143s][debug][gc,ref         ] GC(96) Skipped phase 3 of Reference Processing: no references
[4402.143s][debug][gc,ref         ] GC(96) ReferenceProcessor::execute queues: 1, RefProcThreadModel::Single, marks_oops_alive: false
[4402.143s][debug][gc,phases      ] GC(96) Reference Processing 0.131ms
[4402.143s][debug][gc,phases      ] GC(96)   VM Weak                        Min:  0.0, Avg:  0.0, Max:  0.0, Diff:  0.0, Sum:  0.0, Workers: 4
[4402.143s][debug][gc,phases      ] GC(96)     Dead                           Min: 0, Avg:  0.0, Max: 0, Diff: 0, Sum: 0, Workers: 4
[4402.143s][debug][gc,phases      ] GC(96)     Total                          Min: 0, Avg: 201.2, Max: 421, Diff: 421, Sum: 805, Workers: 4
[4402.143s][debug][gc,phases      ] GC(96)   ObjectSynchronizer Weak        Min:  0.0, Avg:  0.0, Max:  0.0, Diff:  0.0, Sum:  0.0, Workers: 4
[4402.143s][debug][gc,phases      ] GC(96)     Dead                           Min: 0, Avg:  0.0, Max: 0, Diff: 0, Sum: 0, Workers: 4
[4402.143s][debug][gc,phases      ] GC(96)     Total                          Min: 0, Avg: 12.8, Max: 51, Diff: 51, Sum: 51, Workers: 4
[4402.143s][debug][gc,phases      ] GC(96)   JVMTI Tag Weak OopStorage      Min:  0.0, Avg:  0.0, Max:  0.0, Diff:  0.0, Sum:  0.0, Workers: 4
[4402.143s][debug][gc,phases      ] GC(96)     Dead                           Min: 0, Avg:  0.0, Max: 0, Diff: 0, Sum: 0, Workers: 4
[4402.143s][debug][gc,phases      ] GC(96)     Total                          Min: 0, Avg:  0.0, Max: 0, Diff: 0, Sum: 0, Workers: 4
[4402.143s][debug][gc,phases      ] GC(96)   StringTable Weak               Min:  0.0, Avg:  0.1, Max:  0.1, Diff:  0.1, Sum:  0.4, Workers: 4
[4402.143s][debug][gc,phases      ] GC(96)     Dead                           Min: 0, Avg:  0.0, Max: 0, Diff: 0, Sum: 0, Workers: 4
[4402.143s][debug][gc,phases      ] GC(96)     Total                          Min: 0, Avg: 10787.5, Max: 15104, Diff: 15104, Sum: 43150, Workers: 4
[4402.143s][debug][gc,phases      ] GC(96)   ResolvedMethodTable Weak       Min:  0.0, Avg:  0.0, Max:  0.0, Diff:  0.0, Sum:  0.1, Workers: 4
[4402.143s][debug][gc,phases      ] GC(96)     Dead                           Min: 0, Avg:  0.0, Max: 0, Diff: 0, Sum: 0, Workers: 4
[4402.143s][debug][gc,phases      ] GC(96)     Total                          Min: 0, Avg: 2219.0, Max: 3117, Diff: 3117, Sum: 8876, Workers: 4
[4402.143s][debug][gc,phases      ] GC(96)   JNI Weak                       Min:  0.0, Avg:  0.0, Max:  0.0, Diff:  0.0, Sum:  0.0, Workers: 4
[4402.143s][debug][gc,phases      ] GC(96)     Dead                           Min: 0, Avg:  0.0, Max: 0, Diff: 0, Sum: 0, Workers: 4
[4402.143s][debug][gc,phases      ] GC(96)     Total                          Min: 0, Avg: 11.2, Max: 45, Diff: 45, Sum: 45, Workers: 4
[4402.143s][debug][gc,phases      ] GC(96)   StringDedup Table Weak         Min:  0.0, Avg:  0.0, Max:  0.0, Diff:  0.0, Sum:  0.0, Workers: 4
[4402.143s][debug][gc,phases      ] GC(96)     Dead                           Min: 0, Avg:  0.0, Max: 0, Diff: 0, Sum: 0, Workers: 4
[4402.143s][debug][gc,phases      ] GC(96)     Total                          Min: 0, Avg:  0.0, Max: 0, Diff: 0, Sum: 0, Workers: 4
[4402.143s][debug][gc,phases      ] GC(96)   StringDedup Requests0 Weak     Min:  0.0, Avg:  0.0, Max:  0.0, Diff:  0.0, Sum:  0.0, Workers: 4
[4402.143s][debug][gc,phases      ] GC(96)     Dead                           Min: 0, Avg:  0.0, Max: 0, Diff: 0, Sum: 0, Workers: 4
[4402.143s][debug][gc,phases      ] GC(96)     Total                          Min: 0, Avg:  0.0, Max: 0, Diff: 0, Sum: 0, Workers: 4
[4402.143s][debug][gc,phases      ] GC(96)   StringDedup Requests1 Weak     Min:  0.0, Avg:  0.0, Max:  0.0, Diff:  0.0, Sum:  0.0, Workers: 4
[4402.143s][debug][gc,phases      ] GC(96)     Dead                           Min: 0, Avg:  0.0, Max: 0, Diff: 0, Sum: 0, Workers: 4
[4402.143s][debug][gc,phases      ] GC(96)     Total                          Min: 0, Avg:  0.0, Max: 0, Diff: 0, Sum: 0, Workers: 4
[4402.143s][debug][gc,phases      ] GC(96)   Weak JFR Old Object Samples    Min:  0.0, Avg:  0.0, Max:  0.0, Diff:  0.0, Sum:  0.0, Workers: 4
[4402.143s][debug][gc,phases      ] GC(96)     Dead                           Min: 0, Avg:  0.0, Max: 0, Diff: 0, Sum: 0, Workers: 4
[4402.143s][debug][gc,phases      ] GC(96)     Total                          Min: 0, Avg:  0.0, Max: 0, Diff: 0, Sum: 0, Workers: 4
[4402.143s][debug][gc,phases      ] GC(96) Weak Processing 0.344ms
[4402.143s][debug][gc,age         ] GC(96) Desired survivor size 23068672 bytes, new threshold 15 (max threshold 15)
[4402.143s][info ][gc,heap        ] GC(96) PSYoungGen: 2066848K(2074112K)->14016K(2067456K) Eden: 2053120K(2053120K)->0K(2053120K) From: 13728K(20992K)->14016K(14336K)
[4402.143s][info ][gc,heap        ] GC(96) ParOldGen: 461419K(619520K)->461451K(619520K)
[4402.143s][info ][gc,metaspace   ] GC(96) Metaspace: 80744K(81728K)->80744K(81728K) NonClass: 69346K(69888K)->69346K(69888K) Class: 11397K(11840K)->11397K(11840K)
[4402.143s][info ][gc             ] GC(96) Pause Young (Allocation Failure) 2469M->464M(2624M) 13.696ms
[4402.143s][info ][gc,cpu         ] GC(96) User=0.03s Sys=0.00s Real=0.02s
[4402.143s][info ][safepoint      ] Safepoint "ParallelGCFailedAllocation", Time since last: 15792088443 ns, Reaching safepoint: 48101 ns, At safepoint: 13786585 ns, Total: 13834686 ns
[4403.144s][info ][safepoint      ] Safepoint "Cleanup", Time since last: 1000094529 ns, Reaching safepoint: 45301 ns, At safepoint: 2800 ns, Total: 48101 ns
[4407.144s][info ][safepoint      ] Safepoint "Cleanup", Time since last: 4000336064 ns, Reaching safepoint: 51801 ns, At safepoint: 3000 ns, Total: 54801 ns
[4430.147s][info ][safepoint      ] Safepoint "Cleanup", Time since last: 23003526990 ns, Reaching safepoint: 52702 ns, At safepoint: 2600 ns, Total: 55302 ns
[4432.148s][info ][safepoint      ] Safepoint "Cleanup", Time since last: 2000180587 ns, Reaching safepoint: 44701 ns, At safepoint: 3900 ns, Total: 48601 ns
[4466.272s][info ][gc,start       ] GC(97) Pause Young (Allocation Failure)
[4466.278s][debug][gc,phases      ] GC(97) Scavenge 6.091ms
[4466.278s][debug][gc,ref         ] GC(97) Skipped phase 1 of Reference Processing: no references
[4466.279s][debug][gc,ref         ] GC(97) ReferenceProcessor::execute queues: 1, RefProcThreadModel::Single, marks_oops_alive: false
[4466.279s][debug][gc,ref         ] GC(97) Skipped phase 3 of Reference Processing: no references
[4466.279s][debug][gc,ref         ] GC(97) ReferenceProcessor::execute queues: 1, RefProcThreadModel::Single, marks_oops_alive: false
[4466.279s][debug][gc,phases      ] GC(97) Reference Processing 0.130ms
[4466.283s][debug][gc,phases      ] GC(97)   VM Weak                        Min:  0.0, Avg:  0.0, Max:  0.0, Diff:  0.0, Sum:  0.0, Workers: 4
[4466.283s][debug][gc,phases      ] GC(97)     Dead                           Min: 0, Avg:  0.0, Max: 0, Diff: 0, Sum: 0, Workers: 4
[4466.283s][debug][gc,phases      ] GC(97)     Total                          Min: 0, Avg: 201.2, Max: 549, Diff: 549, Sum: 805, Workers: 4
[4466.283s][debug][gc,phases      ] GC(97)   ObjectSynchronizer Weak        Min:  0.0, Avg:  0.0, Max:  0.0, Diff:  0.0, Sum:  0.0, Workers: 4
[4466.283s][debug][gc,phases      ] GC(97)     Dead                           Min: 0, Avg:  0.0, Max: 0, Diff: 0, Sum: 0, Workers: 4
[4466.283s][debug][gc,phases      ] GC(97)     Total                          Min: 0, Avg: 12.8, Max: 51, Diff: 51, Sum: 51, Workers: 4
[4466.283s][debug][gc,phases      ] GC(97)   JVMTI Tag Weak OopStorage      Min:  0.0, Avg:  0.0, Max:  0.0, Diff:  0.0, Sum:  0.0, Workers: 4
[4466.283s][debug][gc,phases      ] GC(97)     Dead                           Min: 0, Avg:  0.0, Max: 0, Diff: 0, Sum: 0, Workers: 4
[4466.283s][debug][gc,phases      ] GC(97)     Total                          Min: 0, Avg:  0.0, Max: 0, Diff: 0, Sum: 0, Workers: 4
[4466.283s][debug][gc,phases      ] GC(97)   StringTable Weak               Min:  0.1, Avg:  1.1, Max:  4.0, Diff:  3.9, Sum:  4.4, Workers: 4
[4466.283s][debug][gc,phases      ] GC(97)     Dead                           Min: 0, Avg:  0.0, Max: 0, Diff: 0, Sum: 0, Workers: 4
[4466.283s][debug][gc,phases      ] GC(97)     Total                          Min: 5120, Avg: 10787.5, Max: 13646, Diff: 8526, Sum: 43150, Workers: 4
[4466.283s][debug][gc,phases      ] GC(97)   ResolvedMethodTable Weak       Min:  0.0, Avg:  0.0, Max:  0.0, Diff:  0.0, Sum:  0.1, Workers: 4
[4466.283s][debug][gc,phases      ] GC(97)     Dead                           Min: 0, Avg:  0.0, Max: 0, Diff: 0, Sum: 0, Workers: 4
[4466.283s][debug][gc,phases      ] GC(97)     Total                          Min: 0, Avg: 2219.0, Max: 3072, Diff: 3072, Sum: 8876, Workers: 4
[4466.283s][debug][gc,phases      ] GC(97)   JNI Weak                       Min:  0.0, Avg:  0.0, Max:  0.0, Diff:  0.0, Sum:  0.0, Workers: 4
[4466.283s][debug][gc,phases      ] GC(97)     Dead                           Min: 0, Avg:  0.0, Max: 0, Diff: 0, Sum: 0, Workers: 4
[4466.283s][debug][gc,phases      ] GC(97)     Total                          Min: 0, Avg: 11.2, Max: 45, Diff: 45, Sum: 45, Workers: 4
[4466.283s][debug][gc,phases      ] GC(97)   StringDedup Table Weak         Min:  0.0, Avg:  0.0, Max:  0.0, Diff:  0.0, Sum:  0.0, Workers: 4
[4466.283s][debug][gc,phases      ] GC(97)     Dead                           Min: 0, Avg:  0.0, Max: 0, Diff: 0, Sum: 0, Workers: 4
[4466.283s][debug][gc,phases      ] GC(97)     Total                          Min: 0, Avg:  0.0, Max: 0, Diff: 0, Sum: 0, Workers: 4
[4466.283s][debug][gc,phases      ] GC(97)   StringDedup Requests0 Weak     Min:  0.0, Avg:  0.0, Max:  0.0, Diff:  0.0, Sum:  0.0, Workers: 4
[4466.283s][debug][gc,phases      ] GC(97)     Dead                           Min: 0, Avg:  0.0, Max: 0, Diff: 0, Sum: 0, Workers: 4
[4466.283s][debug][gc,phases      ] GC(97)     Total                          Min: 0, Avg:  0.0, Max: 0, Diff: 0, Sum: 0, Workers: 4
[4466.283s][debug][gc,phases      ] GC(97)   StringDedup Requests1 Weak     Min:  0.0, Avg:  0.0, Max:  0.0, Diff:  0.0, Sum:  0.0, Workers: 4
[4466.283s][debug][gc,phases      ] GC(97)     Dead                           Min: 0, Avg:  0.0, Max: 0, Diff: 0, Sum: 0, Workers: 4
[4466.283s][debug][gc,phases      ] GC(97)     Total                          Min: 0, Avg:  0.0, Max: 0, Diff: 0, Sum: 0, Workers: 4
[4466.283s][debug][gc,phases      ] GC(97)   Weak JFR Old Object Samples    Min:  0.0, Avg:  0.0, Max:  0.0, Diff:  0.0, Sum:  0.0, Workers: 4
[4466.283s][debug][gc,phases      ] GC(97)     Dead                           Min: 0, Avg:  0.0, Max: 0, Diff: 0, Sum: 0, Workers: 4
[4466.283s][debug][gc,phases      ] GC(97)     Total                          Min: 0, Avg:  0.0, Max: 0, Diff: 0, Sum: 0, Workers: 4
[4466.283s][debug][gc,phases      ] GC(97) Weak Processing 4.242ms
[4466.283s][debug][gc,age         ] GC(97) Desired survivor size 23592960 bytes, new threshold 15 (max threshold 15)
[4466.283s][info ][gc,heap        ] GC(97) PSYoungGen: 2067136K(2067456K)->14112K(2073600K) Eden: 2053120K(2053120K)->0K(2051072K) From: 14016K(14336K)->14112K(22528K)
[4466.283s][info ][gc,heap        ] GC(97) ParOldGen: 461451K(619520K)->461576K(619520K)
[4466.283s][info ][gc,metaspace   ] GC(97) Metaspace: 80752K(81728K)->80752K(81728K) NonClass: 69354K(69888K)->69354K(69888K) Class: 11397K(11840K)->11397K(11840K)
[4466.283s][info ][gc             ] GC(97) Pause Young (Allocation Failure) 2469M->464M(2630M) 10.625ms
[4466.283s][info ][gc,cpu         ] GC(97) User=0.02s Sys=0.00s Real=0.01s
[4466.283s][info ][safepoint      ] Safepoint "ParallelGCFailedAllocation", Time since last: 34124384043 ns, Reaching safepoint: 117602 ns, At safepoint: 10722431 ns, Total: 10840033 ns
[4477.284s][info ][safepoint      ] Safepoint "Cleanup", Time since last: 11000818170 ns, Reaching safepoint: 332107 ns, At safepoint: 7501 ns, Total: 339608 ns
[4480.284s][info ][safepoint      ] Safepoint "Cleanup", Time since last: 3000228766 ns, Reaching safepoint: 80101 ns, At safepoint: 7500 ns, Total: 87601 ns
[4520.288s][info ][safepoint      ] Safepoint "Cleanup", Time since last: 40003849584 ns, Reaching safepoint: 73901 ns, At safepoint: 5900 ns, Total: 79801 ns
[4527.289s][info ][safepoint      ] Safepoint "Cleanup", Time since last: 7000515109 ns, Reaching safepoint: 58702 ns, At safepoint: 3900 ns, Total: 62602 ns
[4532.672s][info ][gc,start       ] GC(98) Pause Young (Allocation Failure)
[4532.679s][debug][gc,phases      ] GC(98) Scavenge 6.743ms
[4532.679s][debug][gc,ref         ] GC(98) Skipped phase 1 of Reference Processing: no references
[4532.679s][debug][gc,ref         ] GC(98) ReferenceProcessor::execute queues: 1, RefProcThreadModel::Single, marks_oops_alive: false
[4532.679s][debug][gc,ref         ] GC(98) Skipped phase 3 of Reference Processing: no references
[4532.679s][debug][gc,ref         ] GC(98) ReferenceProcessor::execute queues: 1, RefProcThreadModel::Single, marks_oops_alive: false
[4532.679s][debug][gc,phases      ] GC(98) Reference Processing 0.150ms
[4532.680s][debug][gc,phases      ] GC(98)   VM Weak                        Min:  0.0, Avg:  0.0, Max:  0.0, Diff:  0.0, Sum:  0.0, Workers: 4
[4532.680s][debug][gc,phases      ] GC(98)     Dead                           Min: 0, Avg:  0.0, Max: 0, Diff: 0, Sum: 0, Workers: 4
[4532.680s][debug][gc,phases      ] GC(98)     Total                          Min: 0, Avg: 201.2, Max: 805, Diff: 805, Sum: 805, Workers: 4
[4532.680s][debug][gc,phases      ] GC(98)   ObjectSynchronizer Weak        Min:  0.0, Avg:  0.0, Max:  0.0, Diff:  0.0, Sum:  0.0, Workers: 4
[4532.680s][debug][gc,phases      ] GC(98)     Dead                           Min: 0, Avg:  0.0, Max: 0, Diff: 0, Sum: 0, Workers: 4
[4532.680s][debug][gc,phases      ] GC(98)     Total                          Min: 0, Avg: 12.8, Max: 51, Diff: 51, Sum: 51, Workers: 4
[4532.680s][debug][gc,phases      ] GC(98)   JVMTI Tag Weak OopStorage      Min:  0.0, Avg:  0.0, Max:  0.0, Diff:  0.0, Sum:  0.0, Workers: 4
[4532.680s][debug][gc,phases      ] GC(98)     Dead                           Min: 0, Avg:  0.0, Max: 0, Diff: 0, Sum: 0, Workers: 4
[4532.680s][debug][gc,phases      ] GC(98)     Total                          Min: 0, Avg:  0.0, Max: 0, Diff: 0, Sum: 0, Workers: 4
[4532.680s][debug][gc,phases      ] GC(98)   StringTable Weak               Min:  0.0, Avg:  0.1, Max:  0.4, Diff:  0.4, Sum:  0.4, Workers: 4
[4532.680s][debug][gc,phases      ] GC(98)     Dead                           Min: 0, Avg:  0.0, Max: 0, Diff: 0, Sum: 0, Workers: 4
[4532.680s][debug][gc,phases      ] GC(98)     Total                          Min: 0, Avg: 10788.2, Max: 43153, Diff: 43153, Sum: 43153, Workers: 4
[4532.680s][debug][gc,phases      ] GC(98)   ResolvedMethodTable Weak       Min:  0.0, Avg:  0.0, Max:  0.1, Diff:  0.1, Sum:  0.1, Workers: 4
[4532.680s][debug][gc,phases      ] GC(98)     Dead                           Min: 0, Avg:  0.0, Max: 0, Diff: 0, Sum: 0, Workers: 4
[4532.680s][debug][gc,phases      ] GC(98)     Total                          Min: 0, Avg: 2219.0, Max: 8876, Diff: 8876, Sum: 8876, Workers: 4
[4532.680s][debug][gc,phases      ] GC(98)   JNI Weak                       Min:  0.0, Avg:  0.0, Max:  0.0, Diff:  0.0, Sum:  0.0, Workers: 4
[4532.680s][debug][gc,phases      ] GC(98)     Dead                           Min: 0, Avg:  0.0, Max: 0, Diff: 0, Sum: 0, Workers: 4
[4532.680s][debug][gc,phases      ] GC(98)     Total                          Min: 0, Avg: 11.2, Max: 45, Diff: 45, Sum: 45, Workers: 4
[4532.680s][debug][gc,phases      ] GC(98)   StringDedup Table Weak         Min:  0.0, Avg:  0.0, Max:  0.0, Diff:  0.0, Sum:  0.0, Workers: 4
[4532.680s][debug][gc,phases      ] GC(98)     Dead                           Min: 0, Avg:  0.0, Max: 0, Diff: 0, Sum: 0, Workers: 4
[4532.680s][debug][gc,phases      ] GC(98)     Total                          Min: 0, Avg:  0.0, Max: 0, Diff: 0, Sum: 0, Workers: 4
[4532.680s][debug][gc,phases      ] GC(98)   StringDedup Requests0 Weak     Min:  0.0, Avg:  0.0, Max:  0.0, Diff:  0.0, Sum:  0.0, Workers: 4
[4532.680s][debug][gc,phases      ] GC(98)     Dead                           Min: 0, Avg:  0.0, Max: 0, Diff: 0, Sum: 0, Workers: 4
[4532.680s][debug][gc,phases      ] GC(98)     Total                          Min: 0, Avg:  0.0, Max: 0, Diff: 0, Sum: 0, Workers: 4
[4532.680s][debug][gc,phases      ] GC(98)   StringDedup Requests1 Weak     Min:  0.0, Avg:  0.0, Max:  0.0, Diff:  0.0, Sum:  0.0, Workers: 4
[4532.680s][debug][gc,phases      ] GC(98)     Dead                           Min: 0, Avg:  0.0, Max: 0, Diff: 0, Sum: 0, Workers: 4
[4532.680s][debug][gc,phases      ] GC(98)     Total                          Min: 0, Avg:  0.0, Max: 0, Diff: 0, Sum: 0, Workers: 4
[4532.680s][debug][gc,phases      ] GC(98)   Weak JFR Old Object Samples    Min:  0.0, Avg:  0.0, Max:  0.0, Diff:  0.0, Sum:  0.0, Workers: 4
[4532.680s][debug][gc,phases      ] GC(98)     Dead                           Min: 0, Avg:  0.0, Max: 0, Diff: 0, Sum: 0, Workers: 4
[4532.680s][debug][gc,phases      ] GC(98)     Total                          Min: 0, Avg:  0.0, Max: 0, Diff: 0, Sum: 0, Workers: 4
[4532.680s][debug][gc,phases      ] GC(98) Weak Processing 0.710ms
[4532.680s][debug][gc,age         ] GC(98) Desired survivor size 24117248 bytes, new threshold 15 (max threshold 15)
[4532.680s][info ][gc,heap        ] GC(98) PSYoungGen: 2065184K(2073600K)->14288K(2065408K) Eden: 2051072K(2051072K)->0K(2051072K) From: 14112K(22528K)->14288K(14336K)
[4532.680s][info ][gc,heap        ] GC(98) ParOldGen: 461576K(619520K)->461600K(619520K)
[4532.680s][info ][gc,metaspace   ] GC(98) Metaspace: 80765K(81728K)->80765K(81728K) NonClass: 69367K(69888K)->69367K(69888K) Class: 11397K(11840K)->11397K(11840K)
[4532.680s][info ][gc             ] GC(98) Pause Young (Allocation Failure) 2467M->464M(2622M) 7.781ms
[4532.680s][info ][gc,cpu         ] GC(98) User=0.03s Sys=0.00s Real=0.01s
[4532.680s][info ][safepoint      ] Safepoint "ParallelGCFailedAllocation", Time since last: 5383335268 ns, Reaching safepoint: 122802 ns, At safepoint: 7885070 ns, Total: 8007872 ns
[4534.681s][info ][safepoint      ] Safepoint "Cleanup", Time since last: 2000179132 ns, Reaching safepoint: 119103 ns, At safepoint: 10400 ns, Total: 129503 ns
[4553.682s][info ][safepoint      ] Safepoint "Cleanup", Time since last: 19001729093 ns, Reaching safepoint: 46301 ns, At safepoint: 3400 ns, Total: 49701 ns
[4554.683s][info ][safepoint      ] Safepoint "Cleanup", Time since last: 1000123662 ns, Reaching safepoint: 50201 ns, At safepoint: 7400 ns, Total: 57601 ns
[4568.684s][info ][safepoint      ] Safepoint "Cleanup", Time since last: 14001335920 ns, Reaching safepoint: 40201 ns, At safepoint: 3000 ns, Total: 43201 ns
[4569.684s][info ][safepoint      ] Safepoint "Cleanup", Time since last: 1000100715 ns, Reaching safepoint: 118602 ns, At safepoint: 5600 ns, Total: 124202 ns
[4597.575s][info ][gc,start       ] GC(99) Pause Young (Allocation Failure)
[4597.583s][debug][gc,phases      ] GC(99) Scavenge 7.894ms
[4597.583s][debug][gc,ref         ] GC(99) Skipped phase 1 of Reference Processing: no references
[4597.583s][debug][gc,ref         ] GC(99) ReferenceProcessor::execute queues: 1, RefProcThreadModel::Single, marks_oops_alive: false
[4597.583s][debug][gc,ref         ] GC(99) Skipped phase 3 of Reference Processing: no references
[4597.583s][debug][gc,ref         ] GC(99) ReferenceProcessor::execute queues: 1, RefProcThreadModel::Single, marks_oops_alive: false
[4597.583s][debug][gc,phases      ] GC(99) Reference Processing 0.147ms
[4597.584s][debug][gc,phases      ] GC(99)   VM Weak                        Min:  0.0, Avg:  0.0, Max:  0.0, Diff:  0.0, Sum:  0.0, Workers: 4
[4597.584s][debug][gc,phases      ] GC(99)     Dead                           Min: 0, Avg:  0.0, Max: 0, Diff: 0, Sum: 0, Workers: 4
[4597.584s][debug][gc,phases      ] GC(99)     Total                          Min: 0, Avg: 201.2, Max: 421, Diff: 421, Sum: 805, Workers: 4
[4597.584s][debug][gc,phases      ] GC(99)   ObjectSynchronizer Weak        Min:  0.0, Avg:  0.0, Max:  0.0, Diff:  0.0, Sum:  0.0, Workers: 4
[4597.584s][debug][gc,phases      ] GC(99)     Dead                           Min: 0, Avg:  0.0, Max: 0, Diff: 0, Sum: 0, Workers: 4
[4597.584s][debug][gc,phases      ] GC(99)     Total                          Min: 0, Avg: 12.8, Max: 51, Diff: 51, Sum: 51, Workers: 4
[4597.584s][debug][gc,phases      ] GC(99)   JVMTI Tag Weak OopStorage      Min:  0.0, Avg:  0.0, Max:  0.0, Diff:  0.0, Sum:  0.0, Workers: 4
[4597.584s][debug][gc,phases      ] GC(99)     Dead                           Min: 0, Avg:  0.0, Max: 0, Diff: 0, Sum: 0, Workers: 4
[4597.584s][debug][gc,phases      ] GC(99)     Total                          Min: 0, Avg:  0.0, Max: 0, Diff: 0, Sum: 0, Workers: 4
[4597.584s][debug][gc,phases      ] GC(99)   StringTable Weak               Min:  0.0, Avg:  0.1, Max:  0.2, Diff:  0.2, Sum:  0.4, Workers: 4
[4597.584s][debug][gc,phases      ] GC(99)     Dead                           Min: 0, Avg:  0.0, Max: 0, Diff: 0, Sum: 0, Workers: 4
[4597.584s][debug][gc,phases      ] GC(99)     Total                          Min: 0, Avg: 10788.2, Max: 24128, Diff: 24128, Sum: 43153, Workers: 4
[4597.584s][debug][gc,phases      ] GC(99)   ResolvedMethodTable Weak       Min:  0.0, Avg:  0.0, Max:  0.0, Diff:  0.0, Sum:  0.1, Workers: 4
[4597.584s][debug][gc,phases      ] GC(99)     Dead                           Min: 0, Avg:  0.0, Max: 0, Diff: 0, Sum: 0, Workers: 4
[4597.584s][debug][gc,phases      ] GC(99)     Total                          Min: 0, Avg: 2219.0, Max: 5695, Diff: 5695, Sum: 8876, Workers: 4
[4597.584s][debug][gc,phases      ] GC(99)   JNI Weak                       Min:  0.0, Avg:  0.0, Max:  0.0, Diff:  0.0, Sum:  0.0, Workers: 4
[4597.584s][debug][gc,phases      ] GC(99)     Dead                           Min: 0, Avg:  0.0, Max: 0, Diff: 0, Sum: 0, Workers: 4
[4597.584s][debug][gc,phases      ] GC(99)     Total                          Min: 0, Avg: 11.2, Max: 45, Diff: 45, Sum: 45, Workers: 4
[4597.584s][debug][gc,phases      ] GC(99)   StringDedup Table Weak         Min:  0.0, Avg:  0.0, Max:  0.0, Diff:  0.0, Sum:  0.0, Workers: 4
[4597.584s][debug][gc,phases      ] GC(99)     Dead                           Min: 0, Avg:  0.0, Max: 0, Diff: 0, Sum: 0, Workers: 4
[4597.584s][debug][gc,phases      ] GC(99)     Total                          Min: 0, Avg:  0.0, Max: 0, Diff: 0, Sum: 0, Workers: 4
[4597.584s][debug][gc,phases      ] GC(99)   StringDedup Requests0 Weak     Min:  0.0, Avg:  0.0, Max:  0.0, Diff:  0.0, Sum:  0.0, Workers: 4
[4597.584s][debug][gc,phases      ] GC(99)     Dead                           Min: 0, Avg:  0.0, Max: 0, Diff: 0, Sum: 0, Workers: 4
[4597.584s][debug][gc,phases      ] GC(99)     Total                          Min: 0, Avg:  0.0, Max: 0, Diff: 0, Sum: 0, Workers: 4
[4597.584s][debug][gc,phases      ] GC(99)   StringDedup Requests1 Weak     Min:  0.0, Avg:  0.0, Max:  0.0, Diff:  0.0, Sum:  0.0, Workers: 4
[4597.584s][debug][gc,phases      ] GC(99)     Dead                           Min: 0, Avg:  0.0, Max: 0, Diff: 0, Sum: 0, Workers: 4
[4597.584s][debug][gc,phases      ] GC(99)     Total                          Min: 0, Avg:  0.0, Max: 0, Diff: 0, Sum: 0, Workers: 4
[4597.584s][debug][gc,phases      ] GC(99)   Weak JFR Old Object Samples    Min:  0.0, Avg:  0.0, Max:  0.0, Diff:  0.0, Sum:  0.0, Workers: 4
[4597.584s][debug][gc,phases      ] GC(99)     Dead                           Min: 0, Avg:  0.0, Max: 0, Diff: 0, Sum: 0, Workers: 4
[4597.584s][debug][gc,phases      ] GC(99)     Total                          Min: 0, Avg:  0.0, Max: 0, Diff: 0, Sum: 0, Workers: 4
[4597.584s][debug][gc,phases      ] GC(99) Weak Processing 0.477ms
[4597.584s][debug][gc,age         ] GC(99) Desired survivor size 24117248 bytes, new threshold 15 (max threshold 15)
[4597.584s][info ][gc,heap        ] GC(99) PSYoungGen: 2065360K(2065408K)->13984K(2073600K) Eden: 2051072K(2051072K)->0K(2050048K) From: 14288K(14336K)->13984K(23552K)
[4597.584s][info ][gc,heap        ] GC(99) ParOldGen: 461600K(619520K)->461632K(619520K)
[4597.584s][info ][gc,metaspace   ] GC(99) Metaspace: 80769K(81728K)->80769K(81728K) NonClass: 69372K(69888K)->69372K(69888K) Class: 11397K(11840K)->11397K(11840K)
[4597.584s][info ][gc             ] GC(99) Pause Young (Allocation Failure) 2467M->464M(2630M) 8.667ms
[4597.584s][info ][gc,cpu         ] GC(99) User=0.03s Sys=0.00s Real=0.01s
[4597.584s][info ][safepoint      ] Safepoint "ParallelGCFailedAllocation", Time since last: 27890814845 ns, Reaching safepoint: 36500 ns, At safepoint: 8782796 ns, Total: 8819296 ns
[4601.698s][info ][safepoint      ] Safepoint "Cleanup", Time since last: 4114418888 ns, Reaching safepoint: 75662 ns, At safepoint: 2903 ns, Total: 78565 ns
[4612.699s][info ][safepoint      ] Safepoint "Cleanup", Time since last: 11000728985 ns, Reaching safepoint: 41902 ns, At safepoint: 2800 ns, Total: 44702 ns
[4645.701s][info ][safepoint      ] Safepoint "Cleanup", Time since last: 33002285122 ns, Reaching safepoint: 53802 ns, At safepoint: 3500 ns, Total: 57302 ns
[4653.702s][info ][safepoint      ] Safepoint "Cleanup", Time since last: 8000855433 ns, Reaching safepoint: 62702 ns, At safepoint: 7000 ns, Total: 69702 ns
[4657.703s][info ][safepoint      ] Safepoint "Cleanup", Time since last: 4000338387 ns, Reaching safepoint: 44001 ns, At safepoint: 5200 ns, Total: 49201 ns
[4664.079s][info ][gc,start       ] GC(100) Pause Young (Allocation Failure)
[4664.086s][debug][gc,phases      ] GC(100) Scavenge 7.261ms
[4664.086s][debug][gc,ref         ] GC(100) Skipped phase 1 of Reference Processing: no references
[4664.086s][debug][gc,ref         ] GC(100) ReferenceProcessor::execute queues: 1, RefProcThreadModel::Single, marks_oops_alive: false
[4664.086s][debug][gc,ref         ] GC(100) Skipped phase 3 of Reference Processing: no references
[4664.086s][debug][gc,ref         ] GC(100) ReferenceProcessor::execute queues: 1, RefProcThreadModel::Single, marks_oops_alive: false
[4664.086s][debug][gc,phases      ] GC(100) Reference Processing 0.110ms
[4664.087s][debug][gc,phases      ] GC(100)   VM Weak                        Min:  0.0, Avg:  0.0, Max:  0.0, Diff:  0.0, Sum:  0.0, Workers: 4
[4664.087s][debug][gc,phases      ] GC(100)     Dead                           Min: 0, Avg:  0.0, Max: 0, Diff: 0, Sum: 0, Workers: 4
[4664.087s][debug][gc,phases      ] GC(100)     Total                          Min: 0, Avg: 201.2, Max: 576, Diff: 576, Sum: 805, Workers: 4
[4664.087s][debug][gc,phases      ] GC(100)   ObjectSynchronizer Weak        Min:  0.0, Avg:  0.0, Max:  0.0, Diff:  0.0, Sum:  0.0, Workers: 4
[4664.087s][debug][gc,phases      ] GC(100)     Dead                           Min: 0, Avg:  0.0, Max: 0, Diff: 0, Sum: 0, Workers: 4
[4664.087s][debug][gc,phases      ] GC(100)     Total                          Min: 0, Avg: 12.8, Max: 51, Diff: 51, Sum: 51, Workers: 4
[4664.087s][debug][gc,phases      ] GC(100)   JVMTI Tag Weak OopStorage      Min:  0.0, Avg:  0.0, Max:  0.0, Diff:  0.0, Sum:  0.0, Workers: 4
[4664.087s][debug][gc,phases      ] GC(100)     Dead                           Min: 0, Avg:  0.0, Max: 0, Diff: 0, Sum: 0, Workers: 4
[4664.087s][debug][gc,phases      ] GC(100)     Total                          Min: 0, Avg:  0.0, Max: 0, Diff: 0, Sum: 0, Workers: 4
[4664.087s][debug][gc,phases      ] GC(100)   StringTable Weak               Min:  0.0, Avg:  0.1, Max:  0.1, Diff:  0.1, Sum:  0.4, Workers: 4
[4664.087s][debug][gc,phases      ] GC(100)     Dead                           Min: 0, Avg:  0.0, Max: 0, Diff: 0, Sum: 0, Workers: 4
[4664.087s][debug][gc,phases      ] GC(100)     Total                          Min: 0, Avg: 10788.2, Max: 14801, Diff: 14801, Sum: 43153, Workers: 4
[4664.087s][debug][gc,phases      ] GC(100)   ResolvedMethodTable Weak       Min:  0.0, Avg:  0.0, Max:  0.0, Diff:  0.0, Sum:  0.1, Workers: 4
[4664.087s][debug][gc,phases      ] GC(100)     Dead                           Min: 0, Avg:  0.0, Max: 0, Diff: 0, Sum: 0, Workers: 4
[4664.087s][debug][gc,phases      ] GC(100)     Total                          Min: 0, Avg: 2219.0, Max: 3136, Diff: 3136, Sum: 8876, Workers: 4
[4664.087s][debug][gc,phases      ] GC(100)   JNI Weak                       Min:  0.0, Avg:  0.0, Max:  0.0, Diff:  0.0, Sum:  0.0, Workers: 4
[4664.087s][debug][gc,phases      ] GC(100)     Dead                           Min: 0, Avg:  0.0, Max: 0, Diff: 0, Sum: 0, Workers: 4
[4664.087s][debug][gc,phases      ] GC(100)     Total                          Min: 0, Avg: 11.2, Max: 45, Diff: 45, Sum: 45, Workers: 4
[4664.087s][debug][gc,phases      ] GC(100)   StringDedup Table Weak         Min:  0.0, Avg:  0.0, Max:  0.0, Diff:  0.0, Sum:  0.0, Workers: 4
[4664.087s][debug][gc,phases      ] GC(100)     Dead                           Min: 0, Avg:  0.0, Max: 0, Diff: 0, Sum: 0, Workers: 4
[4664.087s][debug][gc,phases      ] GC(100)     Total                          Min: 0, Avg:  0.0, Max: 0, Diff: 0, Sum: 0, Workers: 4
[4664.087s][debug][gc,phases      ] GC(100)   StringDedup Requests0 Weak     Min:  0.0, Avg:  0.0, Max:  0.0, Diff:  0.0, Sum:  0.0, Workers: 4
[4664.087s][debug][gc,phases      ] GC(100)     Dead                           Min: 0, Avg:  0.0, Max: 0, Diff: 0, Sum: 0, Workers: 4
[4664.087s][debug][gc,phases      ] GC(100)     Total                          Min: 0, Avg:  0.0, Max: 0, Diff: 0, Sum: 0, Workers: 4
[4664.087s][debug][gc,phases      ] GC(100)   StringDedup Requests1 Weak     Min:  0.0, Avg:  0.0, Max:  0.0, Diff:  0.0, Sum:  0.0, Workers: 4
[4664.087s][debug][gc,phases      ] GC(100)     Dead                           Min: 0, Avg:  0.0, Max: 0, Diff: 0, Sum: 0, Workers: 4
[4664.087s][debug][gc,phases      ] GC(100)     Total                          Min: 0, Avg:  0.0, Max: 0, Diff: 0, Sum: 0, Workers: 4
[4664.087s][debug][gc,phases      ] GC(100)   Weak JFR Old Object Samples    Min:  0.0, Avg:  0.0, Max:  0.0, Diff:  0.0, Sum:  0.0, Workers: 4
[4664.087s][debug][gc,phases      ] GC(100)     Dead                           Min: 0, Avg:  0.0, Max: 0, Diff: 0, Sum: 0, Workers: 4
[4664.087s][debug][gc,phases      ] GC(100)     Total                          Min: 0, Avg:  0.0, Max: 0, Diff: 0, Sum: 0, Workers: 4
[4664.087s][debug][gc,phases      ] GC(100) Weak Processing 0.366ms
[4664.087s][debug][gc,age         ] GC(100) Desired survivor size 24641536 bytes, new threshold 15 (max threshold 15)
[4664.087s][info ][gc,heap        ] GC(100) PSYoungGen: 2064032K(2073600K)->14176K(2064384K) Eden: 2050048K(2050048K)->0K(2050048K) From: 13984K(23552K)->14176K(14336K)
[4664.087s][info ][gc,heap        ] GC(100) ParOldGen: 461632K(619520K)->461656K(619520K)
[4664.087s][info ][gc,metaspace   ] GC(100) Metaspace: 80772K(81728K)->80772K(81728K) NonClass: 69374K(69888K)->69374K(69888K) Class: 11397K(11840K)->11397K(11840K)
[4664.087s][info ][gc             ] GC(100) Pause Young (Allocation Failure) 2466M->464M(2621M) 7.870ms
[4664.087s][info ][gc,cpu         ] GC(100) User=0.01s Sys=0.00s Real=0.00s
[4664.087s][info ][safepoint      ] Safepoint "ParallelGCFailedAllocation", Time since last: 6376230042 ns, Reaching safepoint: 27901 ns, At safepoint: 7949462 ns, Total: 7977363 ns
[4687.089s][info ][safepoint      ] Safepoint "Cleanup", Time since last: 23001617245 ns, Reaching safepoint: 55902 ns, At safepoint: 2700 ns, Total: 58602 ns
[4730.092s][info ][safepoint      ] Safepoint "Cleanup", Time since last: 43002997683 ns, Reaching safepoint: 47901 ns, At safepoint: 3700 ns, Total: 51601 ns
[4730.623s][info ][gc,start       ] GC(101) Pause Young (Allocation Failure)
[4730.632s][debug][gc,phases      ] GC(101) Scavenge 8.295ms
[4730.632s][debug][gc,ref         ] GC(101) Skipped phase 1 of Reference Processing: no references
[4730.632s][debug][gc,ref         ] GC(101) ReferenceProcessor::execute queues: 1, RefProcThreadModel::Single, marks_oops_alive: false
[4730.632s][debug][gc,ref         ] GC(101) Skipped phase 3 of Reference Processing: no references
[4730.632s][debug][gc,ref         ] GC(101) ReferenceProcessor::execute queues: 1, RefProcThreadModel::Single, marks_oops_alive: false
[4730.632s][debug][gc,phases      ] GC(101) Reference Processing 0.121ms
[4730.632s][debug][gc,phases      ] GC(101)   VM Weak                        Min:  0.0, Avg:  0.0, Max:  0.0, Diff:  0.0, Sum:  0.0, Workers: 4
[4730.632s][debug][gc,phases      ] GC(101)     Dead                           Min: 0, Avg:  0.0, Max: 0, Diff: 0, Sum: 0, Workers: 4
[4730.632s][debug][gc,phases      ] GC(101)     Total                          Min: 0, Avg: 201.2, Max: 421, Diff: 421, Sum: 805, Workers: 4
[4730.632s][debug][gc,phases      ] GC(101)   ObjectSynchronizer Weak        Min:  0.0, Avg:  0.0, Max:  0.0, Diff:  0.0, Sum:  0.0, Workers: 4
[4730.632s][debug][gc,phases      ] GC(101)     Dead                           Min: 0, Avg:  0.0, Max: 0, Diff: 0, Sum: 0, Workers: 4
[4730.632s][debug][gc,phases      ] GC(101)     Total                          Min: 0, Avg: 12.8, Max: 51, Diff: 51, Sum: 51, Workers: 4
[4730.632s][debug][gc,phases      ] GC(101)   JVMTI Tag Weak OopStorage      Min:  0.0, Avg:  0.0, Max:  0.0, Diff:  0.0, Sum:  0.0, Workers: 4
[4730.632s][debug][gc,phases      ] GC(101)     Dead                           Min: 0, Avg:  0.0, Max: 0, Diff: 0, Sum: 0, Workers: 4
[4730.632s][debug][gc,phases      ] GC(101)     Total                          Min: 0, Avg:  0.0, Max: 0, Diff: 0, Sum: 0, Workers: 4
[4730.632s][debug][gc,phases      ] GC(101)   StringTable Weak               Min:  0.0, Avg:  0.1, Max:  0.2, Diff:  0.2, Sum:  0.4, Workers: 4
[4730.632s][debug][gc,phases      ] GC(101)     Dead                           Min: 0, Avg:  0.0, Max: 0, Diff: 0, Sum: 0, Workers: 4
[4730.632s][debug][gc,phases      ] GC(101)     Total                          Min: 0, Avg: 10788.2, Max: 23936, Diff: 23936, Sum: 43153, Workers: 4
[4730.632s][debug][gc,phases      ] GC(101)   ResolvedMethodTable Weak       Min:  0.0, Avg:  0.0, Max:  0.0, Diff:  0.0, Sum:  0.1, Workers: 4
[4730.632s][debug][gc,phases      ] GC(101)     Dead                           Min: 0, Avg:  0.0, Max: 0, Diff: 0, Sum: 0, Workers: 4
[4730.632s][debug][gc,phases      ] GC(101)     Total                          Min: 0, Avg: 2219.0, Max: 4781, Diff: 4781, Sum: 8876, Workers: 4
[4730.632s][debug][gc,phases      ] GC(101)   JNI Weak                       Min:  0.0, Avg:  0.0, Max:  0.0, Diff:  0.0, Sum:  0.0, Workers: 4
[4730.632s][debug][gc,phases      ] GC(101)     Dead                           Min: 0, Avg:  0.0, Max: 0, Diff: 0, Sum: 0, Workers: 4
[4730.632s][debug][gc,phases      ] GC(101)     Total                          Min: 0, Avg: 11.2, Max: 45, Diff: 45, Sum: 45, Workers: 4
[4730.632s][debug][gc,phases      ] GC(101)   StringDedup Table Weak         Min:  0.0, Avg:  0.0, Max:  0.0, Diff:  0.0, Sum:  0.0, Workers: 4
[4730.632s][debug][gc,phases      ] GC(101)     Dead                           Min: 0, Avg:  0.0, Max: 0, Diff: 0, Sum: 0, Workers: 4
[4730.632s][debug][gc,phases      ] GC(101)     Total                          Min: 0, Avg:  0.0, Max: 0, Diff: 0, Sum: 0, Workers: 4
[4730.632s][debug][gc,phases      ] GC(101)   StringDedup Requests0 Weak     Min:  0.0, Avg:  0.0, Max:  0.0, Diff:  0.0, Sum:  0.0, Workers: 4
[4730.632s][debug][gc,phases      ] GC(101)     Dead                           Min: 0, Avg:  0.0, Max: 0, Diff: 0, Sum: 0, Workers: 4
[4730.632s][debug][gc,phases      ] GC(101)     Total                          Min: 0, Avg:  0.0, Max: 0, Diff: 0, Sum: 0, Workers: 4
[4730.632s][debug][gc,phases      ] GC(101)   StringDedup Requests1 Weak     Min:  0.0, Avg:  0.0, Max:  0.0, Diff:  0.0, Sum:  0.0, Workers: 4
[4730.632s][debug][gc,phases      ] GC(101)     Dead                           Min: 0, Avg:  0.0, Max: 0, Diff: 0, Sum: 0, Workers: 4
[4730.632s][debug][gc,phases      ] GC(101)     Total                          Min: 0, Avg:  0.0, Max: 0, Diff: 0, Sum: 0, Workers: 4
[4730.632s][debug][gc,phases      ] GC(101)   Weak JFR Old Object Samples    Min:  0.0, Avg:  0.0, Max:  0.0, Diff:  0.0, Sum:  0.0, Workers: 4
[4730.632s][debug][gc,phases      ] GC(101)     Dead                           Min: 0, Avg:  0.0, Max: 0, Diff: 0, Sum: 0, Workers: 4
[4730.632s][debug][gc,phases      ] GC(101)     Total                          Min: 0, Avg:  0.0, Max: 0, Diff: 0, Sum: 0, Workers: 4
[4730.632s][debug][gc,phases      ] GC(101) Weak Processing 0.448ms
[4730.632s][debug][gc,age         ] GC(101) Desired survivor size 24641536 bytes, new threshold 15 (max threshold 15)
[4730.632s][info ][gc,heap        ] GC(101) PSYoungGen: 2064224K(2064384K)->14448K(2073088K) Eden: 2050048K(2050048K)->0K(2049024K) From: 14176K(14336K)->14448K(24064K)
[4730.632s][info ][gc,heap        ] GC(101) ParOldGen: 461656K(619520K)->461672K(619520K)
[4730.632s][info ][gc,metaspace   ] GC(101) Metaspace: 80780K(81728K)->80780K(81728K) NonClass: 69382K(69888K)->69382K(69888K) Class: 11397K(11840K)->11397K(11840K)
[4730.632s][info ][gc             ] GC(101) Pause Young (Allocation Failure) 2466M->464M(2629M) 9.016ms
[4730.632s][info ][gc,cpu         ] GC(101) User=0.03s Sys=0.00s Real=0.01s
[4730.632s][info ][safepoint      ] Safepoint "ParallelGCFailedAllocation", Time since last: 531416156 ns, Reaching safepoint: 270807 ns, At safepoint: 9112232 ns, Total: 9383039 ns
[4738.633s][info ][safepoint      ] Safepoint "Cleanup", Time since last: 8000581903 ns, Reaching safepoint: 45201 ns, At safepoint: 2600 ns, Total: 47801 ns
[4740.633s][info ][safepoint      ] Safepoint "Cleanup", Time since last: 2000186125 ns, Reaching safepoint: 46701 ns, At safepoint: 2500 ns, Total: 49201 ns
[4755.635s][info ][safepoint      ] Safepoint "Cleanup", Time since last: 15001550410 ns, Reaching safepoint: 54801 ns, At safepoint: 2700 ns, Total: 57501 ns
[4756.635s][info ][safepoint      ] Safepoint "Cleanup", Time since last: 1000114025 ns, Reaching safepoint: 46001 ns, At safepoint: 2800 ns, Total: 48801 ns
[4774.637s][info ][safepoint      ] Safepoint "Cleanup", Time since last: 18001580026 ns, Reaching safepoint: 53102 ns, At safepoint: 3200 ns, Total: 56302 ns
[4785.840s][info ][gc,start       ] GC(102) Pause Young (Allocation Failure)
[4785.847s][debug][gc,phases      ] GC(102) Scavenge 6.420ms
[4785.847s][debug][gc,ref         ] GC(102) Skipped phase 1 of Reference Processing: no references
[4785.847s][debug][gc,ref         ] GC(102) ReferenceProcessor::execute queues: 1, RefProcThreadModel::Single, marks_oops_alive: false
[4785.847s][debug][gc,ref         ] GC(102) ReferenceProcessor::execute queues: 4, RefProcThreadModel::Multi, marks_oops_alive: true
[4785.847s][debug][gc,ref         ] GC(102) ReferenceProcessor::execute queues: 1, RefProcThreadModel::Single, marks_oops_alive: false
[4785.847s][debug][gc,phases      ] GC(102) Reference Processing 0.501ms
[4785.847s][debug][gc,phases      ] GC(102)   VM Weak                        Min:  0.0, Avg:  0.0, Max:  0.0, Diff:  0.0, Sum:  0.0, Workers: 4
[4785.847s][debug][gc,phases      ] GC(102)     Dead                           Min: 0, Avg:  0.0, Max: 0, Diff: 0, Sum: 0, Workers: 4
[4785.847s][debug][gc,phases      ] GC(102)     Total                          Min: 0, Avg: 201.2, Max: 549, Diff: 549, Sum: 805, Workers: 4
[4785.847s][debug][gc,phases      ] GC(102)   ObjectSynchronizer Weak        Min:  0.0, Avg:  0.0, Max:  0.0, Diff:  0.0, Sum:  0.0, Workers: 4
[4785.847s][debug][gc,phases      ] GC(102)     Dead                           Min: 0, Avg:  0.0, Max: 0, Diff: 0, Sum: 0, Workers: 4
[4785.847s][debug][gc,phases      ] GC(102)     Total                          Min: 0, Avg: 12.8, Max: 51, Diff: 51, Sum: 51, Workers: 4
[4785.847s][debug][gc,phases      ] GC(102)   JVMTI Tag Weak OopStorage      Min:  0.0, Avg:  0.0, Max:  0.0, Diff:  0.0, Sum:  0.0, Workers: 4
[4785.847s][debug][gc,phases      ] GC(102)     Dead                           Min: 0, Avg:  0.0, Max: 0, Diff: 0, Sum: 0, Workers: 4
[4785.847s][debug][gc,phases      ] GC(102)     Total                          Min: 0, Avg:  0.0, Max: 0, Diff: 0, Sum: 0, Workers: 4
[4785.847s][debug][gc,phases      ] GC(102)   StringTable Weak               Min:  0.1, Avg:  0.1, Max:  0.1, Diff:  0.0, Sum:  0.4, Workers: 4
[4785.847s][debug][gc,phases      ] GC(102)     Dead                           Min: 0, Avg:  0.0, Max: 0, Diff: 0, Sum: 0, Workers: 4
[4785.847s][debug][gc,phases      ] GC(102)     Total                          Min: 9664, Avg: 10789.0, Max: 12416, Diff: 2752, Sum: 43156, Workers: 4
[4785.847s][debug][gc,phases      ] GC(102)   ResolvedMethodTable Weak       Min:  0.0, Avg:  0.0, Max:  0.0, Diff:  0.0, Sum:  0.1, Workers: 4
[4785.847s][debug][gc,phases      ] GC(102)     Dead                           Min: 0, Avg:  0.0, Max: 0, Diff: 0, Sum: 0, Workers: 4
[4785.847s][debug][gc,phases      ] GC(102)     Total                          Min: 1984, Avg: 2219.0, Max: 2368, Diff: 384, Sum: 8876, Workers: 4
[4785.847s][debug][gc,phases      ] GC(102)   JNI Weak                       Min:  0.0, Avg:  0.0, Max:  0.0, Diff:  0.0, Sum:  0.0, Workers: 4
[4785.847s][debug][gc,phases      ] GC(102)     Dead                           Min: 0, Avg:  0.0, Max: 0, Diff: 0, Sum: 0, Workers: 4
[4785.847s][debug][gc,phases      ] GC(102)     Total                          Min: 0, Avg: 11.2, Max: 45, Diff: 45, Sum: 45, Workers: 4
[4785.847s][debug][gc,phases      ] GC(102)   StringDedup Table Weak         Min:  0.0, Avg:  0.0, Max:  0.0, Diff:  0.0, Sum:  0.0, Workers: 4
[4785.847s][debug][gc,phases      ] GC(102)     Dead                           Min: 0, Avg:  0.0, Max: 0, Diff: 0, Sum: 0, Workers: 4
[4785.847s][debug][gc,phases      ] GC(102)     Total                          Min: 0, Avg:  0.0, Max: 0, Diff: 0, Sum: 0, Workers: 4
[4785.847s][debug][gc,phases      ] GC(102)   StringDedup Requests0 Weak     Min:  0.0, Avg:  0.0, Max:  0.0, Diff:  0.0, Sum:  0.0, Workers: 4
[4785.847s][debug][gc,phases      ] GC(102)     Dead                           Min: 0, Avg:  0.0, Max: 0, Diff: 0, Sum: 0, Workers: 4
[4785.847s][debug][gc,phases      ] GC(102)     Total                          Min: 0, Avg:  0.0, Max: 0, Diff: 0, Sum: 0, Workers: 4
[4785.847s][debug][gc,phases      ] GC(102)   StringDedup Requests1 Weak     Min:  0.0, Avg:  0.0, Max:  0.0, Diff:  0.0, Sum:  0.0, Workers: 4
[4785.847s][debug][gc,phases      ] GC(102)     Dead                           Min: 0, Avg:  0.0, Max: 0, Diff: 0, Sum: 0, Workers: 4
[4785.847s][debug][gc,phases      ] GC(102)     Total                          Min: 0, Avg:  0.0, Max: 0, Diff: 0, Sum: 0, Workers: 4
[4785.847s][debug][gc,phases      ] GC(102)   Weak JFR Old Object Samples    Min:  0.0, Avg:  0.0, Max:  0.0, Diff:  0.0, Sum:  0.0, Workers: 4
[4785.847s][debug][gc,phases      ] GC(102)     Dead                           Min: 0, Avg:  0.0, Max: 0, Diff: 0, Sum: 0, Workers: 4
[4785.847s][debug][gc,phases      ] GC(102)     Total                          Min: 0, Avg:  0.0, Max: 0, Diff: 0, Sum: 0, Workers: 4
[4785.847s][debug][gc,phases      ] GC(102) Weak Processing 0.314ms
[4785.847s][debug][gc,age         ] GC(102) Desired survivor size 24641536 bytes, new threshold 15 (max threshold 15)
[4785.847s][info ][gc,heap        ] GC(102) PSYoungGen: 2063472K(2073088K)->14704K(2073088K) Eden: 2049024K(2049024K)->0K(2049024K) From: 14448K(24064K)->14704K(24064K)
[4785.847s][info ][gc,heap        ] GC(102) ParOldGen: 461672K(619520K)->461704K(619520K)
[4785.847s][info ][gc,metaspace   ] GC(102) Metaspace: 80826K(81792K)->80826K(81792K) NonClass: 69426K(69952K)->69426K(69952K) Class: 11399K(11840K)->11399K(11840K)
[4785.847s][info ][gc             ] GC(102) Pause Young (Allocation Failure) 2465M->465M(2629M) 7.400ms
[4785.848s][info ][gc,cpu         ] GC(102) User=0.02s Sys=0.01s Real=0.00s
[4785.848s][info ][safepoint      ] Safepoint "ParallelGCFailedAllocation", Time since last: 11203315796 ns, Reaching safepoint: 38301 ns, At safepoint: 7488405 ns, Total: 7526706 ns
[4809.849s][info ][safepoint      ] Safepoint "Cleanup", Time since last: 24001589254 ns, Reaching safepoint: 48402 ns, At safepoint: 2900 ns, Total: 51302 ns
[4819.850s][info ][safepoint      ] Safepoint "Cleanup", Time since last: 10000844765 ns, Reaching safepoint: 58901 ns, At safepoint: 6200 ns, Total: 65101 ns
[4830.851s][info ][safepoint      ] Safepoint "Cleanup", Time since last: 11000728147 ns, Reaching safepoint: 50401 ns, At safepoint: 5400 ns, Total: 55801 ns
[4832.851s][info ][safepoint      ] Safepoint "Cleanup", Time since last: 2000413484 ns, Reaching safepoint: 60901 ns, At safepoint: 28801 ns, Total: 89702 ns
[4838.852s][info ][safepoint      ] Safepoint "Cleanup", Time since last: 6000351433 ns, Reaching safepoint: 73202 ns, At safepoint: 3200 ns, Total: 76402 ns
[4839.852s][info ][safepoint      ] Safepoint "Cleanup", Time since last: 1000123685 ns, Reaching safepoint: 70402 ns, At safepoint: 3000 ns, Total: 73402 ns
[4843.696s][info ][safepoint      ] Safepoint "ParallelGCFailedAllocation", Time since last: 3843889653 ns, Reaching safepoint: 98702 ns, At safepoint: 16101 ns, Total: 114803 ns
[4843.696s][info ][gc,start       ] GC(103) Pause Young (GCLocker Initiated GC)
[4843.703s][debug][gc,phases      ] GC(103) Scavenge 6.520ms
[4843.703s][debug][gc,ref         ] GC(103) Skipped phase 1 of Reference Processing: no references
[4843.703s][debug][gc,ref         ] GC(103) ReferenceProcessor::execute queues: 1, RefProcThreadModel::Single, marks_oops_alive: false
[4843.703s][debug][gc,ref         ] GC(103) Skipped phase 3 of Reference Processing: no references
[4843.703s][debug][gc,ref         ] GC(103) ReferenceProcessor::execute queues: 1, RefProcThreadModel::Single, marks_oops_alive: false
[4843.703s][debug][gc,phases      ] GC(103) Reference Processing 0.106ms
[4843.703s][debug][gc,phases      ] GC(103)   VM Weak                        Min:  0.0, Avg:  0.0, Max:  0.0, Diff:  0.0, Sum:  0.0, Workers: 4
[4843.703s][debug][gc,phases      ] GC(103)     Dead                           Min: 0, Avg:  0.0, Max: 0, Diff: 0, Sum: 0, Workers: 4
[4843.703s][debug][gc,phases      ] GC(103)     Total                          Min: 0, Avg: 201.2, Max: 741, Diff: 741, Sum: 805, Workers: 4
[4843.703s][debug][gc,phases      ] GC(103)   ObjectSynchronizer Weak        Min:  0.0, Avg:  0.0, Max:  0.0, Diff:  0.0, Sum:  0.0, Workers: 4
[4843.703s][debug][gc,phases      ] GC(103)     Dead                           Min: 0, Avg:  0.0, Max: 0, Diff: 0, Sum: 0, Workers: 4
[4843.703s][debug][gc,phases      ] GC(103)     Total                          Min: 0, Avg: 12.8, Max: 51, Diff: 51, Sum: 51, Workers: 4
[4843.703s][debug][gc,phases      ] GC(103)   JVMTI Tag Weak OopStorage      Min:  0.0, Avg:  0.0, Max:  0.0, Diff:  0.0, Sum:  0.0, Workers: 4
[4843.703s][debug][gc,phases      ] GC(103)     Dead                           Min: 0, Avg:  0.0, Max: 0, Diff: 0, Sum: 0, Workers: 4
[4843.703s][debug][gc,phases      ] GC(103)     Total                          Min: 0, Avg:  0.0, Max: 0, Diff: 0, Sum: 0, Workers: 4
[4843.703s][debug][gc,phases      ] GC(103)   StringTable Weak               Min:  0.0, Avg:  0.1, Max:  0.1, Diff:  0.1, Sum:  0.3, Workers: 4
[4843.703s][debug][gc,phases      ] GC(103)     Dead                           Min: 0, Avg:  0.0, Max: 0, Diff: 0, Sum: 0, Workers: 4
[4843.703s][debug][gc,phases      ] GC(103)     Total                          Min: 0, Avg: 10789.0, Max: 15040, Diff: 15040, Sum: 43156, Workers: 4
[4843.703s][debug][gc,phases      ] GC(103)   ResolvedMethodTable Weak       Min:  0.0, Avg:  0.0, Max:  0.0, Diff:  0.0, Sum:  0.1, Workers: 4
[4843.703s][debug][gc,phases      ] GC(103)     Dead                           Min: 0, Avg:  0.0, Max: 0, Diff: 0, Sum: 0, Workers: 4
[4843.703s][debug][gc,phases      ] GC(103)     Total                          Min: 0, Avg: 2219.0, Max: 3136, Diff: 3136, Sum: 8876, Workers: 4
[4843.703s][debug][gc,phases      ] GC(103)   JNI Weak                       Min:  0.0, Avg:  0.0, Max:  0.0, Diff:  0.0, Sum:  0.0, Workers: 4
[4843.703s][debug][gc,phases      ] GC(103)     Dead                           Min: 0, Avg:  0.0, Max: 0, Diff: 0, Sum: 0, Workers: 4
[4843.703s][debug][gc,phases      ] GC(103)     Total                          Min: 0, Avg: 11.2, Max: 45, Diff: 45, Sum: 45, Workers: 4
[4843.703s][debug][gc,phases      ] GC(103)   StringDedup Table Weak         Min:  0.0, Avg:  0.0, Max:  0.0, Diff:  0.0, Sum:  0.0, Workers: 4
[4843.703s][debug][gc,phases      ] GC(103)     Dead                           Min: 0, Avg:  0.0, Max: 0, Diff: 0, Sum: 0, Workers: 4
[4843.703s][debug][gc,phases      ] GC(103)     Total                          Min: 0, Avg:  0.0, Max: 0, Diff: 0, Sum: 0, Workers: 4
[4843.703s][debug][gc,phases      ] GC(103)   StringDedup Requests0 Weak     Min:  0.0, Avg:  0.0, Max:  0.0, Diff:  0.0, Sum:  0.0, Workers: 4
[4843.703s][debug][gc,phases      ] GC(103)     Dead                           Min: 0, Avg:  0.0, Max: 0, Diff: 0, Sum: 0, Workers: 4
[4843.703s][debug][gc,phases      ] GC(103)     Total                          Min: 0, Avg:  0.0, Max: 0, Diff: 0, Sum: 0, Workers: 4
[4843.703s][debug][gc,phases      ] GC(103)   StringDedup Requests1 Weak     Min:  0.0, Avg:  0.0, Max:  0.0, Diff:  0.0, Sum:  0.0, Workers: 4
[4843.703s][debug][gc,phases      ] GC(103)     Dead                           Min: 0, Avg:  0.0, Max: 0, Diff: 0, Sum: 0, Workers: 4
[4843.703s][debug][gc,phases      ] GC(103)     Total                          Min: 0, Avg:  0.0, Max: 0, Diff: 0, Sum: 0, Workers: 4
[4843.703s][debug][gc,phases      ] GC(103)   Weak JFR Old Object Samples    Min:  0.0, Avg:  0.0, Max:  0.0, Diff:  0.0, Sum:  0.0, Workers: 4
[4843.703s][debug][gc,phases      ] GC(103)     Dead                           Min: 0, Avg:  0.0, Max: 0, Diff: 0, Sum: 0, Workers: 4
[4843.703s][debug][gc,phases      ] GC(103)     Total                          Min: 0, Avg:  0.0, Max: 0, Diff: 0, Sum: 0, Workers: 4
[4843.703s][debug][gc,phases      ] GC(103) Weak Processing 0.352ms
[4843.703s][debug][gc,age         ] GC(103) Desired survivor size 24641536 bytes, new threshold 15 (max threshold 15)
[4843.703s][info ][gc,heap        ] GC(103) PSYoungGen: 2063728K(2073088K)->15037K(2073088K) Eden: 2049024K(2049024K)->0K(2049024K) From: 14704K(24064K)->15037K(24064K)
[4843.703s][info ][gc,heap        ] GC(103) ParOldGen: 461704K(619520K)->461744K(619520K)
[4843.703s][info ][gc,metaspace   ] GC(103) Metaspace: 80838K(81792K)->80838K(81792K) NonClass: 69438K(69952K)->69438K(69952K) Class: 11399K(11840K)->11399K(11840K)
[4843.703s][info ][gc             ] GC(103) Pause Young (GCLocker Initiated GC) 2466M->465M(2629M) 7.093ms
[4843.703s][info ][gc,cpu         ] GC(103) User=0.03s Sys=0.00s Real=0.01s
[4843.703s][info ][safepoint      ] Safepoint "ParallelGCSystemGC", Time since last: 110403 ns, Reaching safepoint: 98102 ns, At safepoint: 7171094 ns, Total: 7269196 ns
[4847.704s][info ][safepoint      ] Safepoint "Cleanup", Time since last: 4000274166 ns, Reaching safepoint: 59601 ns, At safepoint: 3000 ns, Total: 62601 ns
[4853.704s][info ][safepoint      ] Safepoint "Cleanup", Time since last: 6000452072 ns, Reaching safepoint: 47901 ns, At safepoint: 2800 ns, Total: 50701 ns
[4857.705s][info ][safepoint      ] Safepoint "Cleanup", Time since last: 4000322828 ns, Reaching safepoint: 56002 ns, At safepoint: 2600 ns, Total: 58602 ns
[4864.705s][info ][safepoint      ] Safepoint "Cleanup", Time since last: 7000506166 ns, Reaching safepoint: 65501 ns, At safepoint: 6401 ns, Total: 71902 ns
[4865.708s][info ][safepoint      ] Safepoint "Cleanup", Time since last: 1002978466 ns, Reaching safepoint: 65502 ns, At safepoint: 2500 ns, Total: 68002 ns
[4866.708s][info ][safepoint      ] Safepoint "Cleanup", Time since last: 1000122737 ns, Reaching safepoint: 51602 ns, At safepoint: 3700 ns, Total: 55302 ns
[4867.709s][info ][safepoint      ] Safepoint "Cleanup", Time since last: 1000111536 ns, Reaching safepoint: 50702 ns, At safepoint: 2700 ns, Total: 53402 ns
[4868.709s][info ][safepoint      ] Safepoint "Cleanup", Time since last: 1000098336 ns, Reaching safepoint: 47001 ns, At safepoint: 2800 ns, Total: 49801 ns
[4869.709s][info ][safepoint      ] Safepoint "Cleanup", Time since last: 1000090536 ns, Reaching safepoint: 52402 ns, At safepoint: 3300 ns, Total: 55702 ns
[4885.710s][info ][safepoint      ] Safepoint "Cleanup", Time since last: 16001053404 ns, Reaching safepoint: 41901 ns, At safepoint: 4300 ns, Total: 46201 ns
[4894.711s][info ][safepoint      ] Safepoint "Cleanup", Time since last: 9000652523 ns, Reaching safepoint: 65901 ns, At safepoint: 8101 ns, Total: 74002 ns
[4896.711s][info ][safepoint      ] Safepoint "Cleanup", Time since last: 2000185348 ns, Reaching safepoint: 60301 ns, At safepoint: 2700 ns, Total: 63001 ns
[4901.119s][info ][safepoint      ] Safepoint "ParallelGCFailedAllocation", Time since last: 4407617539 ns, Reaching safepoint: 183804 ns, At safepoint: 15401 ns, Total: 199205 ns
[4901.119s][info ][gc,start       ] GC(104) Pause Young (Allocation Failure)
[4901.131s][debug][gc,phases      ] GC(104) Scavenge 12.390ms
[4901.131s][debug][gc,ref         ] GC(104) Skipped phase 1 of Reference Processing: no references
[4901.132s][debug][gc,ref         ] GC(104) ReferenceProcessor::execute queues: 1, RefProcThreadModel::Single, marks_oops_alive: false
[4901.132s][debug][gc,ref         ] GC(104) ReferenceProcessor::execute queues: 4, RefProcThreadModel::Multi, marks_oops_alive: true
[4901.132s][debug][gc,ref         ] GC(104) ReferenceProcessor::execute queues: 1, RefProcThreadModel::Single, marks_oops_alive: false
[4901.132s][debug][gc,phases      ] GC(104) Reference Processing 0.182ms
[4901.132s][debug][gc,phases      ] GC(104)   VM Weak                        Min:  0.0, Avg:  0.0, Max:  0.0, Diff:  0.0, Sum:  0.0, Workers: 4
[4901.132s][debug][gc,phases      ] GC(104)     Dead                           Min: 0, Avg:  0.0, Max: 0, Diff: 0, Sum: 0, Workers: 4
[4901.132s][debug][gc,phases      ] GC(104)     Total                          Min: 0, Avg: 201.2, Max: 549, Diff: 549, Sum: 805, Workers: 4
[4901.132s][debug][gc,phases      ] GC(104)   ObjectSynchronizer Weak        Min:  0.0, Avg:  0.0, Max:  0.0, Diff:  0.0, Sum:  0.0, Workers: 4
[4901.132s][debug][gc,phases      ] GC(104)     Dead                           Min: 0, Avg:  0.0, Max: 0, Diff: 0, Sum: 0, Workers: 4
[4901.132s][debug][gc,phases      ] GC(104)     Total                          Min: 0, Avg: 12.8, Max: 51, Diff: 51, Sum: 51, Workers: 4
[4901.132s][debug][gc,phases      ] GC(104)   JVMTI Tag Weak OopStorage      Min:  0.0, Avg:  0.0, Max:  0.0, Diff:  0.0, Sum:  0.0, Workers: 4
[4901.132s][debug][gc,phases      ] GC(104)     Dead                           Min: 0, Avg:  0.0, Max: 0, Diff: 0, Sum: 0, Workers: 4
[4901.132s][debug][gc,phases      ] GC(104)     Total                          Min: 0, Avg:  0.0, Max: 0, Diff: 0, Sum: 0, Workers: 4
[4901.132s][debug][gc,phases      ] GC(104)   StringTable Weak               Min:  0.0, Avg:  0.1, Max:  0.1, Diff:  0.1, Sum:  0.4, Workers: 4
[4901.132s][debug][gc,phases      ] GC(104)     Dead                           Min: 0, Avg:  0.2, Max: 1, Diff: 1, Sum: 1, Workers: 4
[4901.132s][debug][gc,phases      ] GC(104)     Total                          Min: 0, Avg: 10799.0, Max: 15232, Diff: 15232, Sum: 43196, Workers: 4
[4901.132s][debug][gc,phases      ] GC(104)   ResolvedMethodTable Weak       Min:  0.0, Avg:  0.0, Max:  0.0, Diff:  0.0, Sum:  0.1, Workers: 4
[4901.132s][debug][gc,phases      ] GC(104)     Dead                           Min: 0, Avg:  0.0, Max: 0, Diff: 0, Sum: 0, Workers: 4
[4901.132s][debug][gc,phases      ] GC(104)     Total                          Min: 0, Avg: 2221.2, Max: 3200, Diff: 3200, Sum: 8885, Workers: 4
[4901.132s][debug][gc,phases      ] GC(104)   JNI Weak                       Min:  0.0, Avg:  0.0, Max:  0.0, Diff:  0.0, Sum:  0.0, Workers: 4
[4901.132s][debug][gc,phases      ] GC(104)     Dead                           Min: 0, Avg:  0.0, Max: 0, Diff: 0, Sum: 0, Workers: 4
[4901.132s][debug][gc,phases      ] GC(104)     Total                          Min: 0, Avg: 12.8, Max: 45, Diff: 45, Sum: 51, Workers: 4
[4901.132s][debug][gc,phases      ] GC(104)   StringDedup Table Weak         Min:  0.0, Avg:  0.0, Max:  0.0, Diff:  0.0, Sum:  0.0, Workers: 4
[4901.132s][debug][gc,phases      ] GC(104)     Dead                           Min: 0, Avg:  0.0, Max: 0, Diff: 0, Sum: 0, Workers: 4
[4901.132s][debug][gc,phases      ] GC(104)     Total                          Min: 0, Avg:  0.0, Max: 0, Diff: 0, Sum: 0, Workers: 4
[4901.132s][debug][gc,phases      ] GC(104)   StringDedup Requests0 Weak     Min:  0.0, Avg:  0.0, Max:  0.0, Diff:  0.0, Sum:  0.0, Workers: 4
[4901.132s][debug][gc,phases      ] GC(104)     Dead                           Min: 0, Avg:  0.0, Max: 0, Diff: 0, Sum: 0, Workers: 4
[4901.132s][debug][gc,phases      ] GC(104)     Total                          Min: 0, Avg:  0.0, Max: 0, Diff: 0, Sum: 0, Workers: 4
[4901.132s][debug][gc,phases      ] GC(104)   StringDedup Requests1 Weak     Min:  0.0, Avg:  0.0, Max:  0.0, Diff:  0.0, Sum:  0.0, Workers: 4
[4901.132s][debug][gc,phases      ] GC(104)     Dead                           Min: 0, Avg:  0.0, Max: 0, Diff: 0, Sum: 0, Workers: 4
[4901.132s][debug][gc,phases      ] GC(104)     Total                          Min: 0, Avg:  0.0, Max: 0, Diff: 0, Sum: 0, Workers: 4
[4901.132s][debug][gc,phases      ] GC(104)   Weak JFR Old Object Samples    Min:  0.0, Avg:  0.0, Max:  0.0, Diff:  0.0, Sum:  0.0, Workers: 4
[4901.132s][debug][gc,phases      ] GC(104)     Dead                           Min: 0, Avg:  0.0, Max: 0, Diff: 0, Sum: 0, Workers: 4
[4901.132s][debug][gc,phases      ] GC(104)     Total                          Min: 0, Avg:  0.0, Max: 0, Diff: 0, Sum: 0, Workers: 4
[4901.132s][debug][gc,phases      ] GC(104) Weak Processing 0.332ms
[4901.132s][debug][gc,age         ] GC(104) Desired survivor size 26214400 bytes, new threshold 15 (max threshold 15)
[4901.132s][info ][gc,heap        ] GC(104) PSYoungGen: 2064061K(2073088K)->19633K(2068992K) Eden: 2049024K(2049024K)->0K(2049024K) From: 15037K(24064K)->19633K(19968K)
[4901.132s][info ][gc,heap        ] GC(104) ParOldGen: 461755K(619520K)->461943K(619520K)
[4901.132s][info ][gc,metaspace   ] GC(104) Metaspace: 80886K(81856K)->80886K(81856K) NonClass: 69483K(70016K)->69483K(70016K) Class: 11402K(11840K)->11402K(11840K)
[4901.132s][info ][gc             ] GC(104) Pause Young (Allocation Failure) 2466M->470M(2625M) 13.016ms
[4901.132s][info ][gc,cpu         ] GC(104) User=0.03s Sys=0.00s Real=0.01s
[4901.132s][info ][safepoint      ] Safepoint "ParallelGCFailedAllocation", Time since last: 80902 ns, Reaching safepoint: 93802 ns, At safepoint: 13100814 ns, Total: 13194616 ns
[4902.132s][info ][safepoint      ] Safepoint "Cleanup", Time since last: 1000096156 ns, Reaching safepoint: 175004 ns, At safepoint: 9200 ns, Total: 184204 ns
[4903.502s][info ][safepoint      ] Safepoint "Cleanup", Time since last: 1369199297 ns, Reaching safepoint: 84302 ns, At safepoint: 3000 ns, Total: 87302 ns
[4917.503s][info ][safepoint      ] Safepoint "Cleanup", Time since last: 14000985967 ns, Reaching safepoint: 57801 ns, At safepoint: 6500 ns, Total: 64301 ns
[4943.504s][info ][safepoint      ] Safepoint "Cleanup", Time since last: 26001624828 ns, Reaching safepoint: 62401 ns, At safepoint: 33101 ns, Total: 95502 ns
[4961.506s][info ][safepoint      ] Safepoint "Cleanup", Time since last: 18001224409 ns, Reaching safepoint: 44001 ns, At safepoint: 46702 ns, Total: 90703 ns
[5021.021s][info ][safepoint      ] Safepoint "Cleanup", Time since last: 59515120658 ns, Reaching safepoint: 32001 ns, At safepoint: 5100 ns, Total: 37101 ns
[5021.703s][info ][gc,heap,exit   ] Heap
[5021.703s][info ][gc,heap,exit   ]  PSYoungGen      total 2068992K, used 1070626K [0x0000000780000000, 0x0000000800000000, 0x0000000800000000)
[5021.703s][info ][gc,heap,exit   ]   eden space 2049024K, 51% used [0x0000000780000000,0x00000007c025c418,0x00000007fd100000)
[5021.703s][info ][gc,heap,exit   ]   from space 19968K, 98% used [0x00000007fd100000,0x00000007fe42c4e0,0x00000007fe480000)
[5021.703s][info ][gc,heap,exit   ]   to   space 25600K, 0% used [0x00000007fe700000,0x00000007fe700000,0x0000000800000000)
[5021.703s][info ][gc,heap,exit   ]  ParOldGen       total 619520K, used 461943K [0x0000000740000000, 0x0000000765d00000, 0x0000000780000000)
[5021.703s][info ][gc,heap,exit   ]   object space 619520K, 74% used [0x0000000740000000,0x000000075c31dd28,0x0000000765d00000)
[5021.703s][info ][gc,heap,exit   ]  Metaspace       used 80957K, committed 81984K, reserved 1179648K
[5021.703s][info ][gc,heap,exit   ]   class space    used 11409K, committed 11904K, reserved 1048576K
