[0.003s][info][gc] Using Parallel
[0.004s][info][gc,init] Version: 17.0.7+7-LTS (release)
[0.004s][info][gc,init] CPUs: 4 total, 4 available
[0.004s][info][gc,init] Memory: 16003M
[0.004s][info][gc,init] Large Page Support: Disabled
[0.004s][info][gc,init] NUMA Support: Disabled
[0.004s][info][gc,init] Compressed Oops: Enabled (Zero based)
[0.004s][info][gc,init] Alignments: Space 512K, Generation 512K, Heap 2M
[0.004s][info][gc,init] Heap Min Capacity: 2054M
[0.004s][info][gc,init] Heap Initial Capacity: 2054M
[0.004s][info][gc,init] Heap Max Capacity: 3G
[0.004s][info][gc,init] Pre-touch: Disabled
[0.004s][info][gc,init] Parallel Workers: 4
[0.004s][info][gc,metaspace] CDS archive(s) mapped at: [0x0000000800000000-0x0000000800be1000-0x0000000800be1000), size 12455936, SharedBaseAddress: 0x0000000800000000, ArchiveRelocationMode: 0.
[0.004s][info][gc,metaspace] Compressed class space mapped at: 0x0000000801000000-0x0000000841000000, reserved size: 1073741824
[0.004s][info][gc,metaspace] Narrow klass base: 0x0000000800000000, Narrow klass shift: 0, Narrow klass range: 0x100000000
[1.063s][info][safepoint   ] Safepoint "ICBufferFull", Time since last: 1051124262 ns, Reaching safepoint: 1650765 ns, At safepoint: 4301 ns, Total: 1655066 ns
[1.691s][info][safepoint   ] Safepoint "ICBufferFull", Time since last: 626936867 ns, Reaching safepoint: 373515 ns, At safepoint: 3700 ns, Total: 377215 ns
[2.105s][info][gc,start    ] GC(0) Pause Young (Metadata GC Threshold)
[2.460s][debug][gc,phases   ] GC(0) Scavenge 17.300ms
[2.460s][debug][gc,ref      ] GC(0) Skipped phase 1 of Reference Processing: no references
[2.460s][debug][gc,ref      ] GC(0) ReferenceProcessor::execute queues: 3, RefProcThreadModel::Multi, marks_oops_alive: false
[2.460s][debug][gc,ref      ] GC(0) Skipped phase 3 of Reference Processing: no references
[2.460s][debug][gc,ref      ] GC(0) ReferenceProcessor::execute queues: 1, RefProcThreadModel::Single, marks_oops_alive: false
[2.460s][debug][gc,phases   ] GC(0) Reference Processing 0.371ms
[2.461s][debug][gc,phases   ] GC(0)   VM Weak                        Min:  0.0, Avg:  0.0, Max:  0.0, Diff:  0.0, Sum:  0.0, Workers: 4
[2.461s][debug][gc,phases   ] GC(0)     Dead                           Min: 0, Avg:  0.0, Max: 0, Diff: 0, Sum: 0, Workers: 4
[2.461s][debug][gc,phases   ] GC(0)     Total                          Min: 0, Avg: 58.0, Max: 168, Diff: 168, Sum: 232, Workers: 4
[2.461s][debug][gc,phases   ] GC(0)   ObjectSynchronizer Weak        Min:  0.0, Avg:  0.0, Max:  0.0, Diff:  0.0, Sum:  0.0, Workers: 4
[2.461s][debug][gc,phases   ] GC(0)     Dead                           Min: 0, Avg:  0.5, Max: 2, Diff: 2, Sum: 2, Workers: 4
[2.461s][debug][gc,phases   ] GC(0)     Total                          Min: 0, Avg:  1.8, Max: 7, Diff: 7, Sum: 7, Workers: 4
[2.461s][debug][gc,phases   ] GC(0)   JVMTI Tag Weak OopStorage      Min:  0.0, Avg:  0.0, Max:  0.0, Diff:  0.0, Sum:  0.0, Workers: 4
[2.461s][debug][gc,phases   ] GC(0)     Dead                           Min: 0, Avg:  0.0, Max: 0, Diff: 0, Sum: 0, Workers: 4
[2.461s][debug][gc,phases   ] GC(0)     Total                          Min: 0, Avg:  0.0, Max: 0, Diff: 0, Sum: 0, Workers: 4
[2.461s][debug][gc,phases   ] GC(0)   StringTable Weak               Min:  0.0, Avg:  0.1, Max:  0.2, Diff:  0.2, Sum:  0.5, Workers: 4
[2.461s][debug][gc,phases   ] GC(0)     Dead                           Min: 0, Avg:  6.5, Max: 14, Diff: 14, Sum: 26, Workers: 4
[2.461s][debug][gc,phases   ] GC(0)     Total                          Min: 0, Avg: 3284.8, Max: 4480, Diff: 4480, Sum: 13139, Workers: 4
[2.461s][debug][gc,phases   ] GC(0)   ResolvedMethodTable Weak       Min:  0.0, Avg:  0.0, Max:  0.0, Diff:  0.0, Sum:  0.1, Workers: 4
[2.461s][debug][gc,phases   ] GC(0)     Dead                           Min: 0, Avg: 20.5, Max: 33, Diff: 33, Sum: 82, Workers: 4
[2.461s][debug][gc,phases   ] GC(0)     Total                          Min: 0, Avg: 320.8, Max: 448, Diff: 448, Sum: 1283, Workers: 4
[2.461s][debug][gc,phases   ] GC(0)   JNI Weak                       Min:  0.0, Avg:  0.0, Max:  0.0, Diff:  0.0, Sum:  0.0, Workers: 4
[2.461s][debug][gc,phases   ] GC(0)     Dead                           Min: 0, Avg:  0.0, Max: 0, Diff: 0, Sum: 0, Workers: 4
[2.461s][debug][gc,phases   ] GC(0)     Total                          Min: 0, Avg: 11.2, Max: 45, Diff: 45, Sum: 45, Workers: 4
[2.461s][debug][gc,phases   ] GC(0)   StringDedup Table Weak         Min:  0.0, Avg:  0.0, Max:  0.0, Diff:  0.0, Sum:  0.0, Workers: 4
[2.461s][debug][gc,phases   ] GC(0)     Dead                           Min: 0, Avg:  0.0, Max: 0, Diff: 0, Sum: 0, Workers: 4
[2.461s][debug][gc,phases   ] GC(0)     Total                          Min: 0, Avg:  0.0, Max: 0, Diff: 0, Sum: 0, Workers: 4
[2.461s][debug][gc,phases   ] GC(0)   StringDedup Requests0 Weak     Min:  0.0, Avg:  0.0, Max:  0.0, Diff:  0.0, Sum:  0.0, Workers: 4
[2.461s][debug][gc,phases   ] GC(0)     Dead                           Min: 0, Avg:  0.0, Max: 0, Diff: 0, Sum: 0, Workers: 4
[2.461s][debug][gc,phases   ] GC(0)     Total                          Min: 0, Avg:  0.0, Max: 0, Diff: 0, Sum: 0, Workers: 4
[2.461s][debug][gc,phases   ] GC(0)   StringDedup Requests1 Weak     Min:  0.0, Avg:  0.0, Max:  0.0, Diff:  0.0, Sum:  0.0, Workers: 4
[2.461s][debug][gc,phases   ] GC(0)     Dead                           Min: 0, Avg:  0.0, Max: 0, Diff: 0, Sum: 0, Workers: 4
[2.461s][debug][gc,phases   ] GC(0)     Total                          Min: 0, Avg:  0.0, Max: 0, Diff: 0, Sum: 0, Workers: 4
[2.461s][debug][gc,phases   ] GC(0)   Weak JFR Old Object Samples    Min:  0.0, Avg:  0.0, Max:  0.0, Diff:  0.0, Sum:  0.0, Workers: 4
[2.461s][debug][gc,phases   ] GC(0)     Dead                           Min: 0, Avg:  0.0, Max: 0, Diff: 0, Sum: 0, Workers: 4
[2.461s][debug][gc,phases   ] GC(0)     Total                          Min: 0, Avg:  0.0, Max: 0, Diff: 0, Sum: 0, Workers: 4
[2.461s][debug][gc,phases   ] GC(0) Weak Processing 0.458ms
[2.461s][debug][gc,age      ] GC(0) Desired survivor size 536870912 bytes, new threshold 7 (max threshold 15)
[2.461s][info ][gc,heap     ] GC(0) PSYoungGen: 251682K(1572864K)->31503K(1572864K) Eden: 251682K(1048576K)->0K(1048576K) From: 0K(524288K)->31503K(524288K)
[2.461s][info ][gc,heap     ] GC(0) ParOldGen: 0K(6144K)->96K(6144K)
[2.461s][info ][gc,metaspace] GC(0) Metaspace: 21226K(21504K)->21226K(21504K) NonClass: 18735K(18880K)->18735K(18880K) Class: 2490K(2624K)->2490K(2624K)
[2.461s][info ][gc          ] GC(0) Pause Young (Metadata GC Threshold) 245M->30M(1542M) 355.650ms
[2.461s][info ][gc,cpu      ] GC(0) User=0.03s Sys=0.02s Real=0.36s
[2.461s][debug][gc,phases   ] GC(1) Pre Compact 0.012ms
[2.461s][info ][gc,start    ] GC(1) Pause Full (Metadata GC Threshold)
[2.461s][info ][gc,phases,start] GC(1) Marking Phase
[2.470s][debug][gc,phases      ] GC(1) Par Mark 8.879ms
[2.470s][debug][gc,ref         ] GC(1) Skipped phase 1 of Reference Processing: no references
[2.470s][debug][gc,ref         ] GC(1) ReferenceProcessor::execute queues: 3, RefProcThreadModel::Multi, marks_oops_alive: false
[2.474s][debug][gc,ref         ] GC(1) Skipped phase 3 of Reference Processing: no references
[2.474s][debug][gc,ref         ] GC(1) ReferenceProcessor::execute queues: 1, RefProcThreadModel::Single, marks_oops_alive: false
[2.474s][debug][gc,phases      ] GC(1) Reference Processing 3.836ms
[2.474s][debug][gc,phases      ] GC(1)   VM Weak                        Min:  0.0, Avg:  0.0, Max:  0.0, Diff:  0.0, Sum:  0.0, Workers: 4
[2.474s][debug][gc,phases      ] GC(1)     Dead                           Min: 0, Avg:  0.0, Max: 0, Diff: 0, Sum: 0, Workers: 4
[2.474s][debug][gc,phases      ] GC(1)     Total                          Min: 0, Avg: 58.0, Max: 128, Diff: 128, Sum: 232, Workers: 4
[2.474s][debug][gc,phases      ] GC(1)   ObjectSynchronizer Weak        Min:  0.0, Avg:  0.0, Max:  0.0, Diff:  0.0, Sum:  0.0, Workers: 4
[2.474s][debug][gc,phases      ] GC(1)     Dead                           Min: 0, Avg:  0.0, Max: 0, Diff: 0, Sum: 0, Workers: 4
[2.474s][debug][gc,phases      ] GC(1)     Total                          Min: 0, Avg:  1.8, Max: 7, Diff: 7, Sum: 7, Workers: 4
[2.474s][debug][gc,phases      ] GC(1)   JVMTI Tag Weak OopStorage      Min:  0.0, Avg:  0.0, Max:  0.0, Diff:  0.0, Sum:  0.0, Workers: 4
[2.474s][debug][gc,phases      ] GC(1)     Dead                           Min: 0, Avg:  0.0, Max: 0, Diff: 0, Sum: 0, Workers: 4
[2.474s][debug][gc,phases      ] GC(1)     Total                          Min: 0, Avg:  0.0, Max: 0, Diff: 0, Sum: 0, Workers: 4
[2.474s][debug][gc,phases      ] GC(1)   StringTable Weak               Min:  0.0, Avg:  0.1, Max:  0.1, Diff:  0.1, Sum:  0.2, Workers: 4
[2.474s][debug][gc,phases      ] GC(1)     Dead                           Min: 0, Avg:  0.0, Max: 0, Diff: 0, Sum: 0, Workers: 4
[2.474s][debug][gc,phases      ] GC(1)     Total                          Min: 0, Avg: 3284.8, Max: 5376, Diff: 5376, Sum: 13139, Workers: 4
[2.474s][debug][gc,phases      ] GC(1)   ResolvedMethodTable Weak       Min:  0.0, Avg:  0.0, Max:  0.0, Diff:  0.0, Sum:  0.0, Workers: 4
[2.474s][debug][gc,phases      ] GC(1)     Dead                           Min: 0, Avg:  0.0, Max: 0, Diff: 0, Sum: 0, Workers: 4
[2.474s][debug][gc,phases      ] GC(1)     Total                          Min: 0, Avg: 320.8, Max: 451, Diff: 451, Sum: 1283, Workers: 4
[2.474s][debug][gc,phases      ] GC(1)   JNI Weak                       Min:  0.0, Avg:  0.0, Max:  0.0, Diff:  0.0, Sum:  0.0, Workers: 4
[2.474s][debug][gc,phases      ] GC(1)     Dead                           Min: 0, Avg:  0.0, Max: 0, Diff: 0, Sum: 0, Workers: 4
[2.474s][debug][gc,phases      ] GC(1)     Total                          Min: 0, Avg: 11.2, Max: 45, Diff: 45, Sum: 45, Workers: 4
[2.474s][debug][gc,phases      ] GC(1)   StringDedup Table Weak         Min:  0.0, Avg:  0.0, Max:  0.0, Diff:  0.0, Sum:  0.0, Workers: 4
[2.474s][debug][gc,phases      ] GC(1)     Dead                           Min: 0, Avg:  0.0, Max: 0, Diff: 0, Sum: 0, Workers: 4
[2.474s][debug][gc,phases      ] GC(1)     Total                          Min: 0, Avg:  0.0, Max: 0, Diff: 0, Sum: 0, Workers: 4
[2.474s][debug][gc,phases      ] GC(1)   StringDedup Requests0 Weak     Min:  0.0, Avg:  0.0, Max:  0.0, Diff:  0.0, Sum:  0.0, Workers: 4
[2.474s][debug][gc,phases      ] GC(1)     Dead                           Min: 0, Avg:  0.0, Max: 0, Diff: 0, Sum: 0, Workers: 4
[2.474s][debug][gc,phases      ] GC(1)     Total                          Min: 0, Avg:  0.0, Max: 0, Diff: 0, Sum: 0, Workers: 4
[2.474s][debug][gc,phases      ] GC(1)   StringDedup Requests1 Weak     Min:  0.0, Avg:  0.0, Max:  0.0, Diff:  0.0, Sum:  0.0, Workers: 4
[2.474s][debug][gc,phases      ] GC(1)     Dead                           Min: 0, Avg:  0.0, Max: 0, Diff: 0, Sum: 0, Workers: 4
[2.474s][debug][gc,phases      ] GC(1)     Total                          Min: 0, Avg:  0.0, Max: 0, Diff: 0, Sum: 0, Workers: 4
[2.474s][debug][gc,phases      ] GC(1)   Weak JFR Old Object Samples    Min:  0.0, Avg:  0.0, Max:  0.0, Diff:  0.0, Sum:  0.0, Workers: 4
[2.474s][debug][gc,phases      ] GC(1)     Dead                           Min: 0, Avg:  0.0, Max: 0, Diff: 0, Sum: 0, Workers: 4
[2.474s][debug][gc,phases      ] GC(1)     Total                          Min: 0, Avg:  0.0, Max: 0, Diff: 0, Sum: 0, Workers: 4
[2.474s][debug][gc,phases      ] GC(1) Weak Processing 0.286ms
[2.474s][debug][gc,phases      ] GC(1) ClassLoaderData 0.030ms
[2.474s][debug][gc,phases      ] GC(1) Trigger cleanups 0.000ms
[2.477s][debug][gc,phases      ] GC(1) Class Unloading 3.356ms
[2.477s][info ][gc,phases      ] GC(1) Marking Phase 16.482ms
[2.477s][info ][gc,phases,start] GC(1) Summary Phase
[2.478s][info ][gc,phases      ] GC(1) Summary Phase 0.009ms
[2.478s][info ][gc,phases,start] GC(1) Adjust Roots
[2.482s][info ][gc,phases      ] GC(1) Adjust Roots 4.497ms
[2.482s][info ][gc,phases,start] GC(1) Compaction Phase
[2.505s][info ][gc,phases      ] GC(1) Compaction Phase 22.597ms
[2.505s][info ][gc,phases,start] GC(1) Post Compact
[2.506s][info ][gc,phases      ] GC(1) Post Compact 1.241ms
[2.506s][info ][gc,heap        ] GC(1) PSYoungGen: 31503K(1572864K)->25766K(1572864K) Eden: 0K(1048576K)->0K(1048576K) From: 31503K(524288K)->25766K(524288K)
[2.506s][info ][gc,heap        ] GC(1) ParOldGen: 96K(6144K)->5687K(6144K)
[2.506s][info ][gc,metaspace   ] GC(1) Metaspace: 21226K(21504K)->21226K(21504K) NonClass: 18735K(18880K)->18735K(18880K) Class: 2490K(2624K)->2490K(2624K)
[2.506s][info ][gc             ] GC(1) Pause Full (Metadata GC Threshold) 30M->30M(1542M) 44.950ms
[2.506s][info ][gc,cpu         ] GC(1) User=0.10s Sys=0.01s Real=0.05s
[2.506s][info ][safepoint      ] Safepoint "CollectForMetadataAllocation", Time since last: 414454506 ns, Reaching safepoint: 143706 ns, At safepoint: 400712058 ns, Total: 400855764 ns
[2.699s][info ][safepoint      ] Safepoint "ICBufferFull", Time since last: 193333500 ns, Reaching safepoint: 152806 ns, At safepoint: 4700 ns, Total: 157506 ns
[2.863s][info ][safepoint      ] Safepoint "ICBufferFull", Time since last: 163515512 ns, Reaching safepoint: 158306 ns, At safepoint: 2401 ns, Total: 160707 ns
[3.059s][info ][safepoint      ] Safepoint "ICBufferFull", Time since last: 195999005 ns, Reaching safepoint: 155106 ns, At safepoint: 5801 ns, Total: 160907 ns
[3.482s][info ][safepoint      ] Safepoint "ICBufferFull", Time since last: 422279544 ns, Reaching safepoint: 651723 ns, At safepoint: 7800 ns, Total: 659523 ns
[3.694s][info ][safepoint      ] Safepoint "ICBufferFull", Time since last: 211546984 ns, Reaching safepoint: 231008 ns, At safepoint: 7201 ns, Total: 238209 ns
[3.849s][info ][safepoint      ] Safepoint "ICBufferFull", Time since last: 154743428 ns, Reaching safepoint: 163506 ns, At safepoint: 8200 ns, Total: 171706 ns
[3.999s][info ][safepoint      ] Safepoint "ICBufferFull", Time since last: 149996365 ns, Reaching safepoint: 249108 ns, At safepoint: 5801 ns, Total: 254909 ns
[4.095s][info ][safepoint      ] Safepoint "ICBufferFull", Time since last: 95599492 ns, Reaching safepoint: 164305 ns, At safepoint: 2400 ns, Total: 166705 ns
[4.290s][info ][safepoint      ] Safepoint "ICBufferFull", Time since last: 194394594 ns, Reaching safepoint: 173306 ns, At safepoint: 9700 ns, Total: 183006 ns
[4.571s][info ][safepoint      ] Safepoint "ICBufferFull", Time since last: 281433491 ns, Reaching safepoint: 150005 ns, At safepoint: 2100 ns, Total: 152105 ns
[4.656s][info ][gc,start       ] GC(2) Pause Young (Metadata GC Threshold)
[4.714s][debug][gc,phases      ] GC(2) Scavenge 58.320ms
[4.714s][debug][gc,ref         ] GC(2) Skipped phase 1 of Reference Processing: no references
[4.715s][debug][gc,ref         ] GC(2) ReferenceProcessor::execute queues: 4, RefProcThreadModel::Multi, marks_oops_alive: false
[4.715s][debug][gc,ref         ] GC(2) Skipped phase 3 of Reference Processing: no references
[4.715s][debug][gc,ref         ] GC(2) ReferenceProcessor::execute queues: 1, RefProcThreadModel::Single, marks_oops_alive: false
[4.715s][debug][gc,phases      ] GC(2) Reference Processing 0.602ms
[4.715s][debug][gc,phases      ] GC(2)   VM Weak                        Min:  0.0, Avg:  0.0, Max:  0.0, Diff:  0.0, Sum:  0.0, Workers: 4
[4.715s][debug][gc,phases      ] GC(2)     Dead                           Min: 0, Avg:  0.0, Max: 0, Diff: 0, Sum: 0, Workers: 4
[4.715s][debug][gc,phases      ] GC(2)     Total                          Min: 0, Avg: 88.5, Max: 192, Diff: 192, Sum: 354, Workers: 4
[4.715s][debug][gc,phases      ] GC(2)   ObjectSynchronizer Weak        Min:  0.0, Avg:  0.0, Max:  0.0, Diff:  0.0, Sum:  0.0, Workers: 4
[4.715s][debug][gc,phases      ] GC(2)     Dead                           Min: 0, Avg:  0.0, Max: 0, Diff: 0, Sum: 0, Workers: 4
[4.715s][debug][gc,phases      ] GC(2)     Total                          Min: 0, Avg:  1.8, Max: 7, Diff: 7, Sum: 7, Workers: 4
[4.715s][debug][gc,phases      ] GC(2)   JVMTI Tag Weak OopStorage      Min:  0.0, Avg:  0.0, Max:  0.0, Diff:  0.0, Sum:  0.0, Workers: 4
[4.715s][debug][gc,phases      ] GC(2)     Dead                           Min: 0, Avg:  0.0, Max: 0, Diff: 0, Sum: 0, Workers: 4
[4.715s][debug][gc,phases      ] GC(2)     Total                          Min: 0, Avg:  0.0, Max: 0, Diff: 0, Sum: 0, Workers: 4
[4.715s][debug][gc,phases      ] GC(2)   StringTable Weak               Min:  0.0, Avg:  0.2, Max:  0.3, Diff:  0.3, Sum:  0.9, Workers: 4
[4.715s][debug][gc,phases      ] GC(2)     Dead                           Min: 0, Avg:  2.2, Max: 4, Diff: 4, Sum: 9, Workers: 4
[4.715s][debug][gc,phases      ] GC(2)     Total                          Min: 0, Avg: 6540.0, Max: 10560, Diff: 10560, Sum: 26160, Workers: 4
[4.715s][debug][gc,phases      ] GC(2)   ResolvedMethodTable Weak       Min:  0.0, Avg:  0.0, Max:  0.0, Diff:  0.0, Sum:  0.1, Workers: 4
[4.715s][debug][gc,phases      ] GC(2)     Dead                           Min: 0, Avg: 14.2, Max: 31, Diff: 31, Sum: 57, Workers: 4
[4.715s][debug][gc,phases      ] GC(2)     Total                          Min: 0, Avg: 610.5, Max: 1098, Diff: 1098, Sum: 2442, Workers: 4
[4.715s][debug][gc,phases      ] GC(2)   JNI Weak                       Min:  0.0, Avg:  0.0, Max:  0.0, Diff:  0.0, Sum:  0.0, Workers: 4
[4.715s][debug][gc,phases      ] GC(2)     Dead                           Min: 0, Avg:  0.0, Max: 0, Diff: 0, Sum: 0, Workers: 4
[4.715s][debug][gc,phases      ] GC(2)     Total                          Min: 0, Avg: 11.2, Max: 45, Diff: 45, Sum: 45, Workers: 4
[4.715s][debug][gc,phases      ] GC(2)   StringDedup Table Weak         Min:  0.0, Avg:  0.0, Max:  0.0, Diff:  0.0, Sum:  0.0, Workers: 4
[4.715s][debug][gc,phases      ] GC(2)     Dead                           Min: 0, Avg:  0.0, Max: 0, Diff: 0, Sum: 0, Workers: 4
[4.715s][debug][gc,phases      ] GC(2)     Total                          Min: 0, Avg:  0.0, Max: 0, Diff: 0, Sum: 0, Workers: 4
[4.715s][debug][gc,phases      ] GC(2)   StringDedup Requests0 Weak     Min:  0.0, Avg:  0.0, Max:  0.0, Diff:  0.0, Sum:  0.0, Workers: 4
[4.715s][debug][gc,phases      ] GC(2)     Dead                           Min: 0, Avg:  0.0, Max: 0, Diff: 0, Sum: 0, Workers: 4
[4.715s][debug][gc,phases      ] GC(2)     Total                          Min: 0, Avg:  0.0, Max: 0, Diff: 0, Sum: 0, Workers: 4
[4.715s][debug][gc,phases      ] GC(2)   StringDedup Requests1 Weak     Min:  0.0, Avg:  0.0, Max:  0.0, Diff:  0.0, Sum:  0.0, Workers: 4
[4.715s][debug][gc,phases      ] GC(2)     Dead                           Min: 0, Avg:  0.0, Max: 0, Diff: 0, Sum: 0, Workers: 4
[4.715s][debug][gc,phases      ] GC(2)     Total                          Min: 0, Avg:  0.0, Max: 0, Diff: 0, Sum: 0, Workers: 4
[4.715s][debug][gc,phases      ] GC(2)   Weak JFR Old Object Samples    Min:  0.0, Avg:  0.0, Max:  0.0, Diff:  0.0, Sum:  0.0, Workers: 4
[4.715s][debug][gc,phases      ] GC(2)     Dead                           Min: 0, Avg:  0.0, Max: 0, Diff: 0, Sum: 0, Workers: 4
[4.715s][debug][gc,phases      ] GC(2)     Total                          Min: 0, Avg:  0.0, Max: 0, Diff: 0, Sum: 0, Workers: 4
[4.715s][debug][gc,phases      ] GC(2) Weak Processing 0.542ms
[4.716s][debug][gc,age         ] GC(2) Desired survivor size 536870912 bytes, new threshold 7 (max threshold 15)
[4.716s][info ][gc,heap        ] GC(2) PSYoungGen: 550054K(1572864K)->82514K(1572864K) Eden: 524288K(1048576K)->0K(1048576K) From: 25766K(524288K)->82514K(524288K)
[4.716s][info ][gc,heap        ] GC(2) ParOldGen: 5687K(6144K)->5695K(6144K)
[4.716s][info ][gc,metaspace   ] GC(2) Metaspace: 35380K(35840K)->35380K(35840K) NonClass: 30751K(30976K)->30751K(30976K) Class: 4629K(4864K)->4629K(4864K)
[4.716s][info ][gc             ] GC(2) Pause Young (Metadata GC Threshold) 542M->86M(1542M) 59.621ms
[4.716s][info ][gc,cpu         ] GC(2) User=0.15s Sys=0.05s Real=0.06s
[4.716s][debug][gc,phases      ] GC(3) Pre Compact 0.009ms
[4.716s][info ][gc,start       ] GC(3) Pause Full (Metadata GC Threshold)
[4.716s][info ][gc,phases,start] GC(3) Marking Phase
[4.756s][debug][gc,phases      ] GC(3) Par Mark 39.870ms
[4.756s][debug][gc,ref         ] GC(3) Skipped phase 1 of Reference Processing: no references
[4.756s][debug][gc,ref         ] GC(3) ReferenceProcessor::execute queues: 4, RefProcThreadModel::Multi, marks_oops_alive: false
[4.756s][debug][gc,ref         ] GC(3) Skipped phase 3 of Reference Processing: no references
[4.756s][debug][gc,ref         ] GC(3) ReferenceProcessor::execute queues: 1, RefProcThreadModel::Single, marks_oops_alive: false
[4.756s][debug][gc,phases      ] GC(3) Reference Processing 0.332ms
[4.756s][debug][gc,phases      ] GC(3)   VM Weak                        Min:  0.0, Avg:  0.0, Max:  0.0, Diff:  0.0, Sum:  0.0, Workers: 4
[4.756s][debug][gc,phases      ] GC(3)     Dead                           Min: 0, Avg:  0.0, Max: 0, Diff: 0, Sum: 0, Workers: 4
[4.756s][debug][gc,phases      ] GC(3)     Total                          Min: 0, Avg: 88.5, Max: 256, Diff: 256, Sum: 354, Workers: 4
[4.756s][debug][gc,phases      ] GC(3)   ObjectSynchronizer Weak        Min:  0.0, Avg:  0.0, Max:  0.0, Diff:  0.0, Sum:  0.0, Workers: 4
[4.756s][debug][gc,phases      ] GC(3)     Dead                           Min: 0, Avg:  0.0, Max: 0, Diff: 0, Sum: 0, Workers: 4
[4.756s][debug][gc,phases      ] GC(3)     Total                          Min: 0, Avg:  1.8, Max: 7, Diff: 7, Sum: 7, Workers: 4
[4.756s][debug][gc,phases      ] GC(3)   JVMTI Tag Weak OopStorage      Min:  0.0, Avg:  0.0, Max:  0.0, Diff:  0.0, Sum:  0.0, Workers: 4
[4.756s][debug][gc,phases      ] GC(3)     Dead                           Min: 0, Avg:  0.0, Max: 0, Diff: 0, Sum: 0, Workers: 4
[4.756s][debug][gc,phases      ] GC(3)     Total                          Min: 0, Avg:  0.0, Max: 0, Diff: 0, Sum: 0, Workers: 4
[4.756s][debug][gc,phases      ] GC(3)   StringTable Weak               Min:  0.1, Avg:  0.1, Max:  0.1, Diff:  0.0, Sum:  0.4, Workers: 4
[4.756s][debug][gc,phases      ] GC(3)     Dead                           Min: 0, Avg:  0.0, Max: 0, Diff: 0, Sum: 0, Workers: 4
[4.756s][debug][gc,phases      ] GC(3)     Total                          Min: 6400, Avg: 6540.0, Max: 6768, Diff: 368, Sum: 26160, Workers: 4
[4.756s][debug][gc,phases      ] GC(3)   ResolvedMethodTable Weak       Min:  0.0, Avg:  0.0, Max:  0.0, Diff:  0.0, Sum:  0.0, Workers: 4
[4.756s][debug][gc,phases      ] GC(3)     Dead                           Min: 0, Avg:  0.0, Max: 0, Diff: 0, Sum: 0, Workers: 4
[4.756s][debug][gc,phases      ] GC(3)     Total                          Min: 576, Avg: 610.5, Max: 640, Diff: 64, Sum: 2442, Workers: 4
[4.756s][debug][gc,phases      ] GC(3)   JNI Weak                       Min:  0.0, Avg:  0.0, Max:  0.0, Diff:  0.0, Sum:  0.0, Workers: 4
[4.756s][debug][gc,phases      ] GC(3)     Dead                           Min: 0, Avg:  0.0, Max: 0, Diff: 0, Sum: 0, Workers: 4
[4.756s][debug][gc,phases      ] GC(3)     Total                          Min: 0, Avg: 11.2, Max: 45, Diff: 45, Sum: 45, Workers: 4
[4.756s][debug][gc,phases      ] GC(3)   StringDedup Table Weak         Min:  0.0, Avg:  0.0, Max:  0.0, Diff:  0.0, Sum:  0.0, Workers: 4
[4.756s][debug][gc,phases      ] GC(3)     Dead                           Min: 0, Avg:  0.0, Max: 0, Diff: 0, Sum: 0, Workers: 4
[4.756s][debug][gc,phases      ] GC(3)     Total                          Min: 0, Avg:  0.0, Max: 0, Diff: 0, Sum: 0, Workers: 4
[4.756s][debug][gc,phases      ] GC(3)   StringDedup Requests0 Weak     Min:  0.0, Avg:  0.0, Max:  0.0, Diff:  0.0, Sum:  0.0, Workers: 4
[4.756s][debug][gc,phases      ] GC(3)     Dead                           Min: 0, Avg:  0.0, Max: 0, Diff: 0, Sum: 0, Workers: 4
[4.756s][debug][gc,phases      ] GC(3)     Total                          Min: 0, Avg:  0.0, Max: 0, Diff: 0, Sum: 0, Workers: 4
[4.756s][debug][gc,phases      ] GC(3)   StringDedup Requests1 Weak     Min:  0.0, Avg:  0.0, Max:  0.0, Diff:  0.0, Sum:  0.0, Workers: 4
[4.756s][debug][gc,phases      ] GC(3)     Dead                           Min: 0, Avg:  0.0, Max: 0, Diff: 0, Sum: 0, Workers: 4
[4.756s][debug][gc,phases      ] GC(3)     Total                          Min: 0, Avg:  0.0, Max: 0, Diff: 0, Sum: 0, Workers: 4
[4.756s][debug][gc,phases      ] GC(3)   Weak JFR Old Object Samples    Min:  0.0, Avg:  0.0, Max:  0.0, Diff:  0.0, Sum:  0.0, Workers: 4
[4.756s][debug][gc,phases      ] GC(3)     Dead                           Min: 0, Avg:  0.0, Max: 0, Diff: 0, Sum: 0, Workers: 4
[4.756s][debug][gc,phases      ] GC(3)     Total                          Min: 0, Avg:  0.0, Max: 0, Diff: 0, Sum: 0, Workers: 4
[4.756s][debug][gc,phases      ] GC(3) Weak Processing 0.273ms
[4.756s][debug][gc,phases      ] GC(3) ClassLoaderData 0.045ms
[4.756s][debug][gc,phases      ] GC(3) Trigger cleanups 0.000ms
[4.762s][debug][gc,phases      ] GC(3) Class Unloading 5.886ms
[4.762s][info ][gc,phases      ] GC(3) Marking Phase 46.488ms
[4.762s][info ][gc,phases,start] GC(3) Summary Phase
[4.762s][info ][gc,phases      ] GC(3) Summary Phase 0.008ms
[4.762s][info ][gc,phases,start] GC(3) Adjust Roots
[4.769s][info ][gc,phases      ] GC(3) Adjust Roots 6.707ms
[4.769s][info ][gc,phases,start] GC(3) Compaction Phase
[5.151s][info ][gc,phases      ] GC(3) Compaction Phase 382.531ms
[5.151s][info ][gc,phases,start] GC(3) Post Compact
[5.153s][info ][gc,phases      ] GC(3) Post Compact 1.113ms
[5.153s][info ][gc,heap        ] GC(3) PSYoungGen: 82514K(1572864K)->81820K(1572864K) Eden: 0K(1048576K)->0K(1048576K) From: 82514K(524288K)->81820K(524288K)
[5.153s][info ][gc,heap        ] GC(3) ParOldGen: 5695K(6144K)->6137K(6144K)
[5.153s][info ][gc,metaspace   ] GC(3) Metaspace: 35380K(35840K)->35380K(35840K) NonClass: 30751K(30976K)->30751K(30976K) Class: 4629K(4864K)->4629K(4864K)
[5.153s][info ][gc             ] GC(3) Pause Full (Metadata GC Threshold) 86M->85M(1542M) 436.978ms
[5.153s][info ][gc,cpu         ] GC(3) User=0.92s Sys=0.00s Real=0.44s
[5.153s][info ][safepoint      ] Safepoint "CollectForMetadataAllocation", Time since last: 84675416 ns, Reaching safepoint: 70202 ns, At safepoint: 496736905 ns, Total: 496807107 ns
[5.771s][info ][safepoint      ] Safepoint "ICBufferFull", Time since last: 618292990 ns, Reaching safepoint: 188306 ns, At safepoint: 2701 ns, Total: 191007 ns
[6.324s][info ][safepoint      ] Safepoint "ICBufferFull", Time since last: 552381120 ns, Reaching safepoint: 178606 ns, At safepoint: 4800 ns, Total: 183406 ns
[6.463s][info ][safepoint      ] Safepoint "ICBufferFull", Time since last: 139367299 ns, Reaching safepoint: 160806 ns, At safepoint: 6700 ns, Total: 167506 ns
[6.554s][info ][safepoint      ] Safepoint "ICBufferFull", Time since last: 91130038 ns, Reaching safepoint: 134805 ns, At safepoint: 9700 ns, Total: 144505 ns
[6.699s][info ][safepoint      ] Safepoint "ICBufferFull", Time since last: 143835153 ns, Reaching safepoint: 229008 ns, At safepoint: 4400 ns, Total: 233408 ns
[6.814s][info ][safepoint      ] Safepoint "ICBufferFull", Time since last: 115692383 ns, Reaching safepoint: 137605 ns, At safepoint: 8100 ns, Total: 145705 ns
[7.096s][info ][safepoint      ] Safepoint "ICBufferFull", Time since last: 281054478 ns, Reaching safepoint: 225008 ns, At safepoint: 11300 ns, Total: 236308 ns
[7.161s][info ][safepoint      ] Safepoint "ICBufferFull", Time since last: 64619825 ns, Reaching safepoint: 234909 ns, At safepoint: 9500 ns, Total: 244409 ns
[7.161s][info ][safepoint      ] Safepoint "ICBufferFull", Time since last: 153105 ns, Reaching safepoint: 93603 ns, At safepoint: 9801 ns, Total: 103404 ns
[7.340s][info ][safepoint      ] Safepoint "ICBufferFull", Time since last: 179219171 ns, Reaching safepoint: 144005 ns, At safepoint: 6100 ns, Total: 150105 ns
[7.986s][info ][safepoint      ] Safepoint "ICBufferFull", Time since last: 645512927 ns, Reaching safepoint: 201107 ns, At safepoint: 10701 ns, Total: 211808 ns
[8.401s][debug][gc,phases      ] GC(4) Pre Compact 0.018ms
[8.401s][info ][gc,start       ] GC(4) Pause Full (Metadata GC Threshold)
[8.401s][info ][gc,phases,start] GC(4) Marking Phase
[8.472s][debug][gc,phases      ] GC(4) Par Mark 71.251ms
[8.472s][debug][gc,ref         ] GC(4) Skipped phase 1 of Reference Processing: no references
[8.473s][debug][gc,ref         ] GC(4) ReferenceProcessor::execute queues: 4, RefProcThreadModel::Multi, marks_oops_alive: false
[8.473s][debug][gc,ref         ] GC(4) Skipped phase 3 of Reference Processing: no references
[8.473s][debug][gc,ref         ] GC(4) ReferenceProcessor::execute queues: 4, RefProcThreadModel::Multi, marks_oops_alive: false
[8.473s][debug][gc,phases      ] GC(4) Reference Processing 1.358ms
[8.474s][debug][gc,phases      ] GC(4)   VM Weak                        Min:  0.0, Avg:  0.0, Max:  0.0, Diff:  0.0, Sum:  0.0, Workers: 4
[8.474s][debug][gc,phases      ] GC(4)     Dead                           Min: 0, Avg:  0.0, Max: 0, Diff: 0, Sum: 0, Workers: 4
[8.474s][debug][gc,phases      ] GC(4)     Total                          Min: 0, Avg: 133.2, Max: 277, Diff: 277, Sum: 533, Workers: 4
[8.474s][debug][gc,phases      ] GC(4)   ObjectSynchronizer Weak        Min:  0.0, Avg:  0.0, Max:  0.0, Diff:  0.0, Sum:  0.0, Workers: 4
[8.474s][debug][gc,phases      ] GC(4)     Dead                           Min: 0, Avg:  0.5, Max: 2, Diff: 2, Sum: 2, Workers: 4
[8.474s][debug][gc,phases      ] GC(4)     Total                          Min: 0, Avg:  3.8, Max: 15, Diff: 15, Sum: 15, Workers: 4
[8.474s][debug][gc,phases      ] GC(4)   JVMTI Tag Weak OopStorage      Min:  0.0, Avg:  0.0, Max:  0.0, Diff:  0.0, Sum:  0.0, Workers: 4
[8.474s][debug][gc,phases      ] GC(4)     Dead                           Min: 0, Avg:  0.0, Max: 0, Diff: 0, Sum: 0, Workers: 4
[8.474s][debug][gc,phases      ] GC(4)     Total                          Min: 0, Avg:  0.0, Max: 0, Diff: 0, Sum: 0, Workers: 4
[8.474s][debug][gc,phases      ] GC(4)   StringTable Weak               Min:  0.0, Avg:  0.1, Max:  0.2, Diff:  0.2, Sum:  0.6, Workers: 4
[8.474s][debug][gc,phases      ] GC(4)     Dead                           Min: 0, Avg:  5.5, Max: 12, Diff: 12, Sum: 22, Workers: 4
[8.474s][debug][gc,phases      ] GC(4)     Total                          Min: 0, Avg: 9044.5, Max: 12352, Diff: 12352, Sum: 36178, Workers: 4
[8.474s][debug][gc,phases      ] GC(4)   ResolvedMethodTable Weak       Min:  0.0, Avg:  0.0, Max:  0.0, Diff:  0.0, Sum:  0.1, Workers: 4
[8.474s][debug][gc,phases      ] GC(4)     Dead                           Min: 0, Avg: 85.0, Max: 169, Diff: 169, Sum: 340, Workers: 4
[8.474s][debug][gc,phases      ] GC(4)     Total                          Min: 0, Avg: 1672.5, Max: 2432, Diff: 2432, Sum: 6690, Workers: 4
[8.474s][debug][gc,phases      ] GC(4)   JNI Weak                       Min:  0.0, Avg:  0.0, Max:  0.0, Diff:  0.0, Sum:  0.0, Workers: 4
[8.474s][debug][gc,phases      ] GC(4)     Dead                           Min: 0, Avg:  0.0, Max: 0, Diff: 0, Sum: 0, Workers: 4
[8.474s][debug][gc,phases      ] GC(4)     Total                          Min: 0, Avg: 11.5, Max: 46, Diff: 46, Sum: 46, Workers: 4
[8.474s][debug][gc,phases      ] GC(4)   StringDedup Table Weak         Min:  0.0, Avg:  0.0, Max:  0.0, Diff:  0.0, Sum:  0.0, Workers: 4
[8.474s][debug][gc,phases      ] GC(4)     Dead                           Min: 0, Avg:  0.0, Max: 0, Diff: 0, Sum: 0, Workers: 4
[8.474s][debug][gc,phases      ] GC(4)     Total                          Min: 0, Avg:  0.0, Max: 0, Diff: 0, Sum: 0, Workers: 4
[8.474s][debug][gc,phases      ] GC(4)   StringDedup Requests0 Weak     Min:  0.0, Avg:  0.0, Max:  0.0, Diff:  0.0, Sum:  0.0, Workers: 4
[8.474s][debug][gc,phases      ] GC(4)     Dead                           Min: 0, Avg:  0.0, Max: 0, Diff: 0, Sum: 0, Workers: 4
[8.474s][debug][gc,phases      ] GC(4)     Total                          Min: 0, Avg:  0.0, Max: 0, Diff: 0, Sum: 0, Workers: 4
[8.474s][debug][gc,phases      ] GC(4)   StringDedup Requests1 Weak     Min:  0.0, Avg:  0.0, Max:  0.0, Diff:  0.0, Sum:  0.0, Workers: 4
[8.474s][debug][gc,phases      ] GC(4)     Dead                           Min: 0, Avg:  0.0, Max: 0, Diff: 0, Sum: 0, Workers: 4
[8.474s][debug][gc,phases      ] GC(4)     Total                          Min: 0, Avg:  0.0, Max: 0, Diff: 0, Sum: 0, Workers: 4
[8.474s][debug][gc,phases      ] GC(4)   Weak JFR Old Object Samples    Min:  0.0, Avg:  0.0, Max:  0.0, Diff:  0.0, Sum:  0.0, Workers: 4
[8.474s][debug][gc,phases      ] GC(4)     Dead                           Min: 0, Avg:  0.0, Max: 0, Diff: 0, Sum: 0, Workers: 4
[8.474s][debug][gc,phases      ] GC(4)     Total                          Min: 0, Avg:  0.0, Max: 0, Diff: 0, Sum: 0, Workers: 4
[8.474s][debug][gc,phases      ] GC(4) Weak Processing 0.443ms
[8.474s][debug][gc,phases      ] GC(4) ClassLoaderData 0.071ms
[8.474s][debug][gc,phases      ] GC(4) Trigger cleanups 0.000ms
[8.484s][debug][gc,phases      ] GC(4) Class Unloading 10.622ms
[8.484s][info ][gc,phases      ] GC(4) Marking Phase 83.852ms
[8.484s][info ][gc,phases,start] GC(4) Summary Phase
[8.484s][info ][gc,phases      ] GC(4) Summary Phase 0.020ms
[8.484s][info ][gc,phases,start] GC(4) Adjust Roots
[8.495s][info ][gc,phases      ] GC(4) Adjust Roots 10.169ms
[8.495s][info ][gc,phases,start] GC(4) Compaction Phase
[8.664s][info ][gc,phases      ] GC(4) Compaction Phase 169.662ms
[8.664s][info ][gc,phases,start] GC(4) Post Compact
[8.672s][info ][gc,phases      ] GC(4) Post Compact 7.376ms
[8.672s][info ][gc,heap        ] GC(4) PSYoungGen: 859953K(1572864K)->107765K(1572864K) Eden: 778132K(1048576K)->107765K(1048576K) From: 81820K(524288K)->0K(524288K)
[8.672s][info ][gc,heap        ] GC(4) ParOldGen: 6137K(6144K)->6134K(6144K)
[8.672s][info ][gc,metaspace   ] GC(4) Metaspace: 59062K(59776K)->59062K(59776K) NonClass: 50183K(50560K)->50183K(50560K) Class: 8878K(9216K)->8878K(9216K)
[8.672s][info ][gc             ] GC(4) Pause Full (Metadata GC Threshold) 845M->111M(1542M) 271.279ms
[8.672s][info ][gc,cpu         ] GC(4) User=0.84s Sys=0.03s Real=0.27s
[8.672s][info ][safepoint      ] Safepoint "CollectForMetadataAllocation", Time since last: 414541512 ns, Reaching safepoint: 108704 ns, At safepoint: 271395409 ns, Total: 271504113 ns
[8.815s][info ][safepoint      ] Safepoint "ICBufferFull", Time since last: 142559425 ns, Reaching safepoint: 129305 ns, At safepoint: 4400 ns, Total: 133705 ns
[9.298s][info ][safepoint      ] Safepoint "ICBufferFull", Time since last: 483617183 ns, Reaching safepoint: 223809 ns, At safepoint: 11400 ns, Total: 235209 ns
[10.299s][info ][safepoint      ] Safepoint "Cleanup", Time since last: 1000119763 ns, Reaching safepoint: 134706 ns, At safepoint: 10900 ns, Total: 145606 ns
[11.984s][info ][safepoint      ] Safepoint "Cleanup", Time since last: 1685551795 ns, Reaching safepoint: 120905 ns, At safepoint: 6000 ns, Total: 126905 ns
[12.291s][info ][safepoint      ] Safepoint "ICBufferFull", Time since last: 305633937 ns, Reaching safepoint: 434717 ns, At safepoint: 12701 ns, Total: 447418 ns
[13.070s][info ][safepoint      ] Safepoint "ICBufferFull", Time since last: 779237698 ns, Reaching safepoint: 163506 ns, At safepoint: 3701 ns, Total: 167207 ns
[13.318s][debug][gc,phases      ] GC(5) Pre Compact 0.026ms
[13.318s][info ][gc,start       ] GC(5) Pause Full (Ergonomics)
[13.318s][info ][gc,phases,start] GC(5) Marking Phase
[13.658s][debug][gc,phases      ] GC(5) Par Mark 340.179ms
[13.658s][debug][gc,ref         ] GC(5) Skipped phase 1 of Reference Processing: no references
[13.659s][debug][gc,ref         ] GC(5) ReferenceProcessor::execute queues: 4, RefProcThreadModel::Multi, marks_oops_alive: false
[13.659s][debug][gc,ref         ] GC(5) Skipped phase 3 of Reference Processing: no references
[13.659s][debug][gc,ref         ] GC(5) ReferenceProcessor::execute queues: 1, RefProcThreadModel::Single, marks_oops_alive: false
[13.659s][debug][gc,phases      ] GC(5) Reference Processing 0.779ms
[13.659s][debug][gc,phases      ] GC(5)   VM Weak                        Min:  0.0, Avg:  0.0, Max:  0.0, Diff:  0.0, Sum:  0.0, Workers: 4
[13.659s][debug][gc,phases      ] GC(5)     Dead                           Min: 0, Avg:  0.8, Max: 3, Diff: 3, Sum: 3, Workers: 4
[13.659s][debug][gc,phases      ] GC(5)     Total                          Min: 0, Avg: 155.5, Max: 384, Diff: 384, Sum: 622, Workers: 4
[13.659s][debug][gc,phases      ] GC(5)   ObjectSynchronizer Weak        Min:  0.0, Avg:  0.0, Max:  0.0, Diff:  0.0, Sum:  0.0, Workers: 4
[13.659s][debug][gc,phases      ] GC(5)     Dead                           Min: 0, Avg:  0.2, Max: 1, Diff: 1, Sum: 1, Workers: 4
[13.659s][debug][gc,phases      ] GC(5)     Total                          Min: 0, Avg:  4.8, Max: 19, Diff: 19, Sum: 19, Workers: 4
[13.659s][debug][gc,phases      ] GC(5)   JVMTI Tag Weak OopStorage      Min:  0.0, Avg:  0.0, Max:  0.0, Diff:  0.0, Sum:  0.0, Workers: 4
[13.659s][debug][gc,phases      ] GC(5)     Dead                           Min: 0, Avg:  0.0, Max: 0, Diff: 0, Sum: 0, Workers: 4
[13.659s][debug][gc,phases      ] GC(5)     Total                          Min: 0, Avg:  0.0, Max: 0, Diff: 0, Sum: 0, Workers: 4
[13.659s][debug][gc,phases      ] GC(5)   StringTable Weak               Min:  0.0, Avg:  0.1, Max:  0.2, Diff:  0.2, Sum:  0.5, Workers: 4
[13.659s][debug][gc,phases      ] GC(5)     Dead                           Min: 0, Avg:  2.2, Max: 5, Diff: 5, Sum: 9, Workers: 4
[13.659s][debug][gc,phases      ] GC(5)     Total                          Min: 0, Avg: 9234.8, Max: 13568, Diff: 13568, Sum: 36939, Workers: 4
[13.659s][debug][gc,phases      ] GC(5)   ResolvedMethodTable Weak       Min:  0.0, Avg:  0.0, Max:  0.0, Diff:  0.0, Sum:  0.1, Workers: 4
[13.659s][debug][gc,phases      ] GC(5)     Dead                           Min: 0, Avg: 19.2, Max: 37, Diff: 37, Sum: 77, Workers: 4
[13.659s][debug][gc,phases      ] GC(5)     Total                          Min: 0, Avg: 1724.0, Max: 2880, Diff: 2880, Sum: 6896, Workers: 4
[13.659s][debug][gc,phases      ] GC(5)   JNI Weak                       Min:  0.0, Avg:  0.0, Max:  0.0, Diff:  0.0, Sum:  0.0, Workers: 4
[13.659s][debug][gc,phases      ] GC(5)     Dead                           Min: 0, Avg:  0.0, Max: 0, Diff: 0, Sum: 0, Workers: 4
[13.659s][debug][gc,phases      ] GC(5)     Total                          Min: 0, Avg: 18.0, Max: 48, Diff: 48, Sum: 72, Workers: 4
[13.659s][debug][gc,phases      ] GC(5)   StringDedup Table Weak         Min:  0.0, Avg:  0.0, Max:  0.0, Diff:  0.0, Sum:  0.0, Workers: 4
[13.659s][debug][gc,phases      ] GC(5)     Dead                           Min: 0, Avg:  0.0, Max: 0, Diff: 0, Sum: 0, Workers: 4
[13.659s][debug][gc,phases      ] GC(5)     Total                          Min: 0, Avg:  0.0, Max: 0, Diff: 0, Sum: 0, Workers: 4
[13.659s][debug][gc,phases      ] GC(5)   StringDedup Requests0 Weak     Min:  0.0, Avg:  0.0, Max:  0.0, Diff:  0.0, Sum:  0.0, Workers: 4
[13.659s][debug][gc,phases      ] GC(5)     Dead                           Min: 0, Avg:  0.0, Max: 0, Diff: 0, Sum: 0, Workers: 4
[13.659s][debug][gc,phases      ] GC(5)     Total                          Min: 0, Avg:  0.0, Max: 0, Diff: 0, Sum: 0, Workers: 4
[13.659s][debug][gc,phases      ] GC(5)   StringDedup Requests1 Weak     Min:  0.0, Avg:  0.0, Max:  0.0, Diff:  0.0, Sum:  0.0, Workers: 4
[13.659s][debug][gc,phases      ] GC(5)     Dead                           Min: 0, Avg:  0.0, Max: 0, Diff: 0, Sum: 0, Workers: 4
[13.659s][debug][gc,phases      ] GC(5)     Total                          Min: 0, Avg:  0.0, Max: 0, Diff: 0, Sum: 0, Workers: 4
[13.659s][debug][gc,phases      ] GC(5)   Weak JFR Old Object Samples    Min:  0.0, Avg:  0.0, Max:  0.0, Diff:  0.0, Sum:  0.0, Workers: 4
[13.659s][debug][gc,phases      ] GC(5)     Dead                           Min: 0, Avg:  0.0, Max: 0, Diff: 0, Sum: 0, Workers: 4
[13.659s][debug][gc,phases      ] GC(5)     Total                          Min: 0, Avg:  0.0, Max: 0, Diff: 0, Sum: 0, Workers: 4
[13.659s][debug][gc,phases      ] GC(5) Weak Processing 0.397ms
[13.659s][debug][gc,phases      ] GC(5) ClassLoaderData 0.163ms
[13.659s][debug][gc,phases      ] GC(5) Trigger cleanups 0.005ms
[13.675s][debug][gc,phases      ] GC(5) Class Unloading 15.474ms
[13.675s][info ][gc,phases      ] GC(5) Marking Phase 357.028ms
[13.675s][info ][gc,phases,start] GC(5) Summary Phase
[13.675s][info ][gc,phases      ] GC(5) Summary Phase 0.027ms
[13.675s][info ][gc,phases,start] GC(5) Adjust Roots
[13.684s][info ][gc,phases      ] GC(5) Adjust Roots 8.908ms
[13.684s][info ][gc,phases,start] GC(5) Compaction Phase
[14.551s][info ][gc,phases      ] GC(5) Compaction Phase 867.345ms
[14.551s][info ][gc,phases,start] GC(5) Post Compact
[14.555s][info ][gc,phases      ] GC(5) Post Compact 4.205ms
[14.556s][info ][gc,heap        ] GC(5) PSYoungGen: 1048576K(1572864K)->631229K(1572864K) Eden: 1048576K(1048576K)->631229K(1048576K) From: 0K(524288K)->0K(524288K)
[14.556s][info ][gc,heap        ] GC(5) ParOldGen: 6134K(6144K)->6133K(18944K)
[14.556s][info ][gc,metaspace   ] GC(5) Metaspace: 62392K(63168K)->62387K(63168K) NonClass: 53096K(53504K)->53092K(53504K) Class: 9295K(9664K)->9294K(9664K)
[14.556s][info ][gc             ] GC(5) Pause Full (Ergonomics) 1029M->622M(1554M) 1237.767ms
[14.556s][info ][gc,cpu         ] GC(5) User=4.10s Sys=0.04s Real=1.23s
[14.561s][info ][safepoint      ] Safepoint "ParallelGCFailedAllocation", Time since last: 247619913 ns, Reaching safepoint: 173107 ns, At safepoint: 1243203674 ns, Total: 1243376781 ns
[14.974s][info ][safepoint      ] Safepoint "ICBufferFull", Time since last: 412336108 ns, Reaching safepoint: 240810 ns, At safepoint: 9600 ns, Total: 250410 ns
[15.511s][info ][gc,start       ] GC(6) Pause Young (Allocation Failure)
[16.076s][debug][gc,phases      ] GC(6) Scavenge 564.714ms
[16.076s][debug][gc,ref         ] GC(6) Skipped phase 1 of Reference Processing: no references
[16.076s][debug][gc,ref         ] GC(6) ReferenceProcessor::execute queues: 4, RefProcThreadModel::Multi, marks_oops_alive: false
[16.077s][debug][gc,ref         ] GC(6) Skipped phase 3 of Reference Processing: no references
[16.077s][debug][gc,ref         ] GC(6) ReferenceProcessor::execute queues: 1, RefProcThreadModel::Single, marks_oops_alive: false
[16.077s][debug][gc,phases      ] GC(6) Reference Processing 1.093ms
[16.078s][debug][gc,phases      ] GC(6)   VM Weak                        Min:  0.0, Avg:  0.0, Max:  0.0, Diff:  0.0, Sum:  0.0, Workers: 4
[16.078s][debug][gc,phases      ] GC(6)     Dead                           Min: 0, Avg:  0.0, Max: 0, Diff: 0, Sum: 0, Workers: 4
[16.078s][debug][gc,phases      ] GC(6)     Total                          Min: 0, Avg: 155.0, Max: 492, Diff: 492, Sum: 620, Workers: 4
[16.078s][debug][gc,phases      ] GC(6)   ObjectSynchronizer Weak        Min:  0.0, Avg:  0.0, Max:  0.0, Diff:  0.0, Sum:  0.0, Workers: 4
[16.078s][debug][gc,phases      ] GC(6)     Dead                           Min: 0, Avg:  0.0, Max: 0, Diff: 0, Sum: 0, Workers: 4
[16.078s][debug][gc,phases      ] GC(6)     Total                          Min: 0, Avg:  4.8, Max: 19, Diff: 19, Sum: 19, Workers: 4
[16.078s][debug][gc,phases      ] GC(6)   JVMTI Tag Weak OopStorage      Min:  0.0, Avg:  0.0, Max:  0.0, Diff:  0.0, Sum:  0.0, Workers: 4
[16.078s][debug][gc,phases      ] GC(6)     Dead                           Min: 0, Avg:  0.0, Max: 0, Diff: 0, Sum: 0, Workers: 4
[16.078s][debug][gc,phases      ] GC(6)     Total                          Min: 0, Avg:  0.0, Max: 0, Diff: 0, Sum: 0, Workers: 4
[16.078s][debug][gc,phases      ] GC(6)   StringTable Weak               Min:  0.0, Avg:  0.3, Max:  0.6, Diff:  0.6, Sum:  1.2, Workers: 4
[16.078s][debug][gc,phases      ] GC(6)     Dead                           Min: 0, Avg:  0.2, Max: 1, Diff: 1, Sum: 1, Workers: 4
[16.078s][debug][gc,phases      ] GC(6)     Total                          Min: 0, Avg: 9259.2, Max: 18606, Diff: 18606, Sum: 37037, Workers: 4
[16.078s][debug][gc,phases      ] GC(6)   ResolvedMethodTable Weak       Min:  0.0, Avg:  0.1, Max:  0.1, Diff:  0.1, Sum:  0.3, Workers: 4
[16.078s][debug][gc,phases      ] GC(6)     Dead                           Min: 0, Avg:  6.5, Max: 17, Diff: 17, Sum: 26, Workers: 4
[16.078s][debug][gc,phases      ] GC(6)     Total                          Min: 0, Avg: 1729.2, Max: 3519, Diff: 3519, Sum: 6917, Workers: 4
[16.078s][debug][gc,phases      ] GC(6)   JNI Weak                       Min:  0.0, Avg:  0.0, Max:  0.0, Diff:  0.0, Sum:  0.0, Workers: 4
[16.078s][debug][gc,phases      ] GC(6)     Dead                           Min: 0, Avg:  0.0, Max: 0, Diff: 0, Sum: 0, Workers: 4
[16.078s][debug][gc,phases      ] GC(6)     Total                          Min: 0, Avg: 14.0, Max: 56, Diff: 56, Sum: 56, Workers: 4
[16.078s][debug][gc,phases      ] GC(6)   StringDedup Table Weak         Min:  0.0, Avg:  0.0, Max:  0.0, Diff:  0.0, Sum:  0.0, Workers: 4
[16.078s][debug][gc,phases      ] GC(6)     Dead                           Min: 0, Avg:  0.0, Max: 0, Diff: 0, Sum: 0, Workers: 4
[16.078s][debug][gc,phases      ] GC(6)     Total                          Min: 0, Avg:  0.0, Max: 0, Diff: 0, Sum: 0, Workers: 4
[16.078s][debug][gc,phases      ] GC(6)   StringDedup Requests0 Weak     Min:  0.0, Avg:  0.0, Max:  0.0, Diff:  0.0, Sum:  0.0, Workers: 4
[16.078s][debug][gc,phases      ] GC(6)     Dead                           Min: 0, Avg:  0.0, Max: 0, Diff: 0, Sum: 0, Workers: 4
[16.078s][debug][gc,phases      ] GC(6)     Total                          Min: 0, Avg:  0.0, Max: 0, Diff: 0, Sum: 0, Workers: 4
[16.078s][debug][gc,phases      ] GC(6)   StringDedup Requests1 Weak     Min:  0.0, Avg:  0.0, Max:  0.0, Diff:  0.0, Sum:  0.0, Workers: 4
[16.078s][debug][gc,phases      ] GC(6)     Dead                           Min: 0, Avg:  0.0, Max: 0, Diff: 0, Sum: 0, Workers: 4
[16.078s][debug][gc,phases      ] GC(6)     Total                          Min: 0, Avg:  0.0, Max: 0, Diff: 0, Sum: 0, Workers: 4
[16.078s][debug][gc,phases      ] GC(6)   Weak JFR Old Object Samples    Min:  0.0, Avg:  0.0, Max:  0.0, Diff:  0.0, Sum:  0.0, Workers: 4
[16.078s][debug][gc,phases      ] GC(6)     Dead                           Min: 0, Avg:  0.0, Max: 0, Diff: 0, Sum: 0, Workers: 4
[16.078s][debug][gc,phases      ] GC(6)     Total                          Min: 0, Avg:  0.0, Max: 0, Diff: 0, Sum: 0, Workers: 4
[16.078s][debug][gc,phases      ] GC(6) Weak Processing 1.014ms
[16.078s][debug][gc,age         ] GC(6) Desired survivor size 536870912 bytes, new threshold 7 (max threshold 15)
[16.078s][info ][gc,heap        ] GC(6) PSYoungGen: 1048576K(1572864K)->524263K(1572864K) Eden: 1048576K(1048576K)->0K(1048576K) From: 0K(524288K)->524263K(524288K)
[16.078s][info ][gc,heap        ] GC(6) ParOldGen: 6133K(18944K)->87026K(87040K)
[16.078s][info ][gc,metaspace   ] GC(6) Metaspace: 62826K(63616K)->62826K(63616K) NonClass: 53496K(53952K)->53496K(53952K) Class: 9329K(9664K)->9329K(9664K)
[16.078s][info ][gc             ] GC(6) Pause Young (Allocation Failure) 1029M->596M(1621M) 566.960ms
[16.078s][info ][gc,cpu         ] GC(6) User=1.14s Sys=0.18s Real=0.57s
[16.078s][debug][gc,phases      ] GC(7) Pre Compact 0.014ms
[16.078s][info ][gc,start       ] GC(7) Pause Full (Ergonomics)
[16.078s][info ][gc,phases,start] GC(7) Marking Phase
[16.489s][debug][gc,phases      ] GC(7) Par Mark 410.763ms
[16.489s][debug][gc,ref         ] GC(7) Skipped phase 1 of Reference Processing: no references
[16.489s][debug][gc,ref         ] GC(7) ReferenceProcessor::execute queues: 4, RefProcThreadModel::Multi, marks_oops_alive: false
[16.491s][debug][gc,ref         ] GC(7) Skipped phase 3 of Reference Processing: no references
[16.491s][debug][gc,ref         ] GC(7) ReferenceProcessor::execute queues: 1, RefProcThreadModel::Single, marks_oops_alive: false
[16.491s][debug][gc,phases      ] GC(7) Reference Processing 1.409ms
[16.491s][debug][gc,phases      ] GC(7)   VM Weak                        Min:  0.0, Avg:  0.0, Max:  0.0, Diff:  0.0, Sum:  0.0, Workers: 4
[16.491s][debug][gc,phases      ] GC(7)     Dead                           Min: 0, Avg:  0.0, Max: 0, Diff: 0, Sum: 0, Workers: 4
[16.491s][debug][gc,phases      ] GC(7)     Total                          Min: 0, Avg: 155.0, Max: 620, Diff: 620, Sum: 620, Workers: 4
[16.491s][debug][gc,phases      ] GC(7)   ObjectSynchronizer Weak        Min:  0.0, Avg:  0.0, Max:  0.0, Diff:  0.0, Sum:  0.0, Workers: 4
[16.491s][debug][gc,phases      ] GC(7)     Dead                           Min: 0, Avg:  0.0, Max: 0, Diff: 0, Sum: 0, Workers: 4
[16.491s][debug][gc,phases      ] GC(7)     Total                          Min: 0, Avg:  4.8, Max: 19, Diff: 19, Sum: 19, Workers: 4
[16.491s][debug][gc,phases      ] GC(7)   JVMTI Tag Weak OopStorage      Min:  0.0, Avg:  0.0, Max:  0.0, Diff:  0.0, Sum:  0.0, Workers: 4
[16.491s][debug][gc,phases      ] GC(7)     Dead                           Min: 0, Avg:  0.0, Max: 0, Diff: 0, Sum: 0, Workers: 4
[16.491s][debug][gc,phases      ] GC(7)     Total                          Min: 0, Avg:  0.0, Max: 0, Diff: 0, Sum: 0, Workers: 4
[16.491s][debug][gc,phases      ] GC(7)   StringTable Weak               Min:  0.0, Avg:  0.1, Max:  0.4, Diff:  0.4, Sum:  0.6, Workers: 4
[16.491s][debug][gc,phases      ] GC(7)     Dead                           Min: 0, Avg:  0.0, Max: 0, Diff: 0, Sum: 0, Workers: 4
[16.491s][debug][gc,phases      ] GC(7)     Total                          Min: 0, Avg: 9259.2, Max: 26304, Diff: 26304, Sum: 37037, Workers: 4
[16.491s][debug][gc,phases      ] GC(7)   ResolvedMethodTable Weak       Min:  0.0, Avg:  0.0, Max:  0.0, Diff:  0.0, Sum:  0.1, Workers: 4
[16.491s][debug][gc,phases      ] GC(7)     Dead                           Min: 0, Avg:  0.0, Max: 0, Diff: 0, Sum: 0, Workers: 4
[16.491s][debug][gc,phases      ] GC(7)     Total                          Min: 0, Avg: 1729.2, Max: 3520, Diff: 3520, Sum: 6917, Workers: 4
[16.491s][debug][gc,phases      ] GC(7)   JNI Weak                       Min:  0.0, Avg:  0.0, Max:  0.0, Diff:  0.0, Sum:  0.0, Workers: 4
[16.491s][debug][gc,phases      ] GC(7)     Dead                           Min: 0, Avg:  0.0, Max: 0, Diff: 0, Sum: 0, Workers: 4
[16.491s][debug][gc,phases      ] GC(7)     Total                          Min: 0, Avg: 14.0, Max: 45, Diff: 45, Sum: 56, Workers: 4
[16.491s][debug][gc,phases      ] GC(7)   StringDedup Table Weak         Min:  0.0, Avg:  0.0, Max:  0.0, Diff:  0.0, Sum:  0.0, Workers: 4
[16.491s][debug][gc,phases      ] GC(7)     Dead                           Min: 0, Avg:  0.0, Max: 0, Diff: 0, Sum: 0, Workers: 4
[16.491s][debug][gc,phases      ] GC(7)     Total                          Min: 0, Avg:  0.0, Max: 0, Diff: 0, Sum: 0, Workers: 4
[16.491s][debug][gc,phases      ] GC(7)   StringDedup Requests0 Weak     Min:  0.0, Avg:  0.0, Max:  0.0, Diff:  0.0, Sum:  0.0, Workers: 4
[16.491s][debug][gc,phases      ] GC(7)     Dead                           Min: 0, Avg:  0.0, Max: 0, Diff: 0, Sum: 0, Workers: 4
[16.491s][debug][gc,phases      ] GC(7)     Total                          Min: 0, Avg:  0.0, Max: 0, Diff: 0, Sum: 0, Workers: 4
[16.491s][debug][gc,phases      ] GC(7)   StringDedup Requests1 Weak     Min:  0.0, Avg:  0.0, Max:  0.0, Diff:  0.0, Sum:  0.0, Workers: 4
[16.491s][debug][gc,phases      ] GC(7)     Dead                           Min: 0, Avg:  0.0, Max: 0, Diff: 0, Sum: 0, Workers: 4
[16.491s][debug][gc,phases      ] GC(7)     Total                          Min: 0, Avg:  0.0, Max: 0, Diff: 0, Sum: 0, Workers: 4
[16.491s][debug][gc,phases      ] GC(7)   Weak JFR Old Object Samples    Min:  0.0, Avg:  0.0, Max:  0.0, Diff:  0.0, Sum:  0.0, Workers: 4
[16.491s][debug][gc,phases      ] GC(7)     Dead                           Min: 0, Avg:  0.0, Max: 0, Diff: 0, Sum: 0, Workers: 4
[16.491s][debug][gc,phases      ] GC(7)     Total                          Min: 0, Avg:  0.0, Max: 0, Diff: 0, Sum: 0, Workers: 4
[16.491s][debug][gc,phases      ] GC(7) Weak Processing 0.703ms
[16.491s][debug][gc,phases      ] GC(7) ClassLoaderData 0.086ms
[16.491s][debug][gc,phases      ] GC(7) Trigger cleanups 0.000ms
[16.503s][debug][gc,phases      ] GC(7) Class Unloading 11.253ms
[16.503s][info ][gc,phases      ] GC(7) Marking Phase 424.335ms
[16.503s][info ][gc,phases,start] GC(7) Summary Phase
[16.503s][info ][gc,phases      ] GC(7) Summary Phase 0.017ms
[16.503s][info ][gc,phases,start] GC(7) Adjust Roots
[16.516s][info ][gc,phases      ] GC(7) Adjust Roots 13.860ms
[16.517s][info ][gc,phases,start] GC(7) Compaction Phase
[17.994s][info ][gc,phases      ] GC(7) Compaction Phase 1477.279ms
[17.994s][info ][gc,phases,start] GC(7) Post Compact
[17.997s][info ][gc,phases      ] GC(7) Post Compact 2.778ms
[17.997s][info ][gc,heap        ] GC(7) PSYoungGen: 524263K(1572864K)->521768K(1572864K) Eden: 0K(1048576K)->0K(1048576K) From: 524263K(524288K)->521768K(524288K)
[17.997s][info ][gc,heap        ] GC(7) ParOldGen: 87026K(87040K)->85068K(189952K)
[17.997s][info ][gc,metaspace   ] GC(7) Metaspace: 62826K(63616K)->62826K(63616K) NonClass: 53496K(53952K)->53496K(53952K) Class: 9329K(9664K)->9329K(9664K)
[17.997s][info ][gc             ] GC(7) Pause Full (Ergonomics) 596M->592M(1721M) 1918.632ms
[17.997s][info ][gc,cpu         ] GC(7) User=4.94s Sys=0.03s Real=1.91s
[17.997s][info ][safepoint      ] Safepoint "ParallelGCFailedAllocation", Time since last: 537496020 ns, Reaching safepoint: 199308 ns, At safepoint: 2485762821 ns, Total: 2485962129 ns
[18.892s][info ][safepoint      ] Safepoint "ICBufferFull", Time since last: 895168740 ns, Reaching safepoint: 231009 ns, At safepoint: 7400 ns, Total: 238409 ns
[19.260s][info ][safepoint      ] Safepoint "ICBufferFull", Time since last: 367294927 ns, Reaching safepoint: 236509 ns, At safepoint: 8700 ns, Total: 245209 ns
[19.588s][info ][safepoint      ] Safepoint "ICBufferFull", Time since last: 327341369 ns, Reaching safepoint: 250410 ns, At safepoint: 10100 ns, Total: 260510 ns
[19.722s][info ][gc,start       ] GC(8) Pause Young (Allocation Failure)
[19.877s][debug][gc,phases      ] GC(8) Scavenge 154.448ms
[19.877s][debug][gc,ref         ] GC(8) Skipped phase 1 of Reference Processing: no references
[19.877s][debug][gc,ref         ] GC(8) ReferenceProcessor::execute queues: 4, RefProcThreadModel::Multi, marks_oops_alive: false
[19.877s][debug][gc,ref         ] GC(8) Skipped phase 3 of Reference Processing: no references
[19.877s][debug][gc,ref         ] GC(8) ReferenceProcessor::execute queues: 1, RefProcThreadModel::Single, marks_oops_alive: false
[19.877s][debug][gc,phases      ] GC(8) Reference Processing 0.637ms
[19.878s][debug][gc,phases      ] GC(8)   VM Weak                        Min:  0.0, Avg:  0.0, Max:  0.0, Diff:  0.0, Sum:  0.0, Workers: 4
[19.878s][debug][gc,phases      ] GC(8)     Dead                           Min: 0, Avg:  0.0, Max: 0, Diff: 0, Sum: 0, Workers: 4
[19.878s][debug][gc,phases      ] GC(8)     Total                          Min: 0, Avg: 156.8, Max: 320, Diff: 320, Sum: 627, Workers: 4
[19.878s][debug][gc,phases      ] GC(8)   ObjectSynchronizer Weak        Min:  0.0, Avg:  0.0, Max:  0.0, Diff:  0.0, Sum:  0.0, Workers: 4
[19.878s][debug][gc,phases      ] GC(8)     Dead                           Min: 0, Avg:  0.0, Max: 0, Diff: 0, Sum: 0, Workers: 4
[19.878s][debug][gc,phases      ] GC(8)     Total                          Min: 0, Avg:  4.8, Max: 19, Diff: 19, Sum: 19, Workers: 4
[19.878s][debug][gc,phases      ] GC(8)   JVMTI Tag Weak OopStorage      Min:  0.0, Avg:  0.0, Max:  0.0, Diff:  0.0, Sum:  0.0, Workers: 4
[19.878s][debug][gc,phases      ] GC(8)     Dead                           Min: 0, Avg:  0.0, Max: 0, Diff: 0, Sum: 0, Workers: 4
[19.878s][debug][gc,phases      ] GC(8)     Total                          Min: 0, Avg:  0.0, Max: 0, Diff: 0, Sum: 0, Workers: 4
[19.878s][debug][gc,phases      ] GC(8)   StringTable Weak               Min:  0.0, Avg:  0.4, Max:  0.5, Diff:  0.5, Sum:  1.4, Workers: 4
[19.878s][debug][gc,phases      ] GC(8)     Dead                           Min: 0, Avg:  1.0, Max: 4, Diff: 4, Sum: 4, Workers: 4
[19.878s][debug][gc,phases      ] GC(8)     Total                          Min: 0, Avg: 9392.2, Max: 13056, Diff: 13056, Sum: 37569, Workers: 4
[19.878s][debug][gc,phases      ] GC(8)   ResolvedMethodTable Weak       Min:  0.0, Avg:  0.1, Max:  0.1, Diff:  0.1, Sum:  0.3, Workers: 4
[19.878s][debug][gc,phases      ] GC(8)     Dead                           Min: 0, Avg: 11.8, Max: 24, Diff: 24, Sum: 47, Workers: 4
[19.878s][debug][gc,phases      ] GC(8)     Total                          Min: 0, Avg: 1793.2, Max: 2496, Diff: 2496, Sum: 7173, Workers: 4
[19.878s][debug][gc,phases      ] GC(8)   JNI Weak                       Min:  0.0, Avg:  0.0, Max:  0.0, Diff:  0.0, Sum:  0.0, Workers: 4
[19.878s][debug][gc,phases      ] GC(8)     Dead                           Min: 0, Avg:  0.0, Max: 0, Diff: 0, Sum: 0, Workers: 4
[19.878s][debug][gc,phases      ] GC(8)     Total                          Min: 0, Avg: 21.8, Max: 52, Diff: 52, Sum: 87, Workers: 4
[19.878s][debug][gc,phases      ] GC(8)   StringDedup Table Weak         Min:  0.0, Avg:  0.0, Max:  0.0, Diff:  0.0, Sum:  0.0, Workers: 4
[19.878s][debug][gc,phases      ] GC(8)     Dead                           Min: 0, Avg:  0.0, Max: 0, Diff: 0, Sum: 0, Workers: 4
[19.878s][debug][gc,phases      ] GC(8)     Total                          Min: 0, Avg:  0.0, Max: 0, Diff: 0, Sum: 0, Workers: 4
[19.878s][debug][gc,phases      ] GC(8)   StringDedup Requests0 Weak     Min:  0.0, Avg:  0.0, Max:  0.0, Diff:  0.0, Sum:  0.0, Workers: 4
[19.878s][debug][gc,phases      ] GC(8)     Dead                           Min: 0, Avg:  0.0, Max: 0, Diff: 0, Sum: 0, Workers: 4
[19.878s][debug][gc,phases      ] GC(8)     Total                          Min: 0, Avg:  0.0, Max: 0, Diff: 0, Sum: 0, Workers: 4
[19.878s][debug][gc,phases      ] GC(8)   StringDedup Requests1 Weak     Min:  0.0, Avg:  0.0, Max:  0.0, Diff:  0.0, Sum:  0.0, Workers: 4
[19.878s][debug][gc,phases      ] GC(8)     Dead                           Min: 0, Avg:  0.0, Max: 0, Diff: 0, Sum: 0, Workers: 4
[19.878s][debug][gc,phases      ] GC(8)     Total                          Min: 0, Avg:  0.0, Max: 0, Diff: 0, Sum: 0, Workers: 4
[19.878s][debug][gc,phases      ] GC(8)   Weak JFR Old Object Samples    Min:  0.0, Avg:  0.0, Max:  0.0, Diff:  0.0, Sum:  0.0, Workers: 4
[19.878s][debug][gc,phases      ] GC(8)     Dead                           Min: 0, Avg:  0.0, Max: 0, Diff: 0, Sum: 0, Workers: 4
[19.878s][debug][gc,phases      ] GC(8)     Total                          Min: 0, Avg:  0.0, Max: 0, Diff: 0, Sum: 0, Workers: 4
[19.878s][debug][gc,phases      ] GC(8) Weak Processing 0.755ms
[19.878s][debug][gc,age         ] GC(8) Desired survivor size 536870912 bytes, new threshold 7 (max threshold 15)
[19.878s][info ][gc,heap        ] GC(8) PSYoungGen: 1570344K(1572864K)->253063K(1572864K) Eden: 1048576K(1048576K)->0K(1048576K) From: 521768K(524288K)->253063K(524288K)
[19.878s][info ][gc,heap        ] GC(8) ParOldGen: 85068K(189952K)->85076K(189952K)
[19.878s][info ][gc,metaspace   ] GC(8) Metaspace: 63996K(64768K)->63996K(64768K) NonClass: 54497K(54912K)->54497K(54912K) Class: 9498K(9856K)->9498K(9856K)
[19.878s][info ][gc             ] GC(8) Pause Young (Allocation Failure) 1616M->330M(1721M) 155.980ms
[19.878s][info ][gc,cpu         ] GC(8) User=0.42s Sys=0.09s Real=0.16s
[19.878s][info ][safepoint      ] Safepoint "ParallelGCFailedAllocation", Time since last: 134457786 ns, Reaching safepoint: 161507 ns, At safepoint: 156058735 ns, Total: 156220242 ns
[20.188s][info ][safepoint      ] Safepoint "ICBufferFull", Time since last: 309665274 ns, Reaching safepoint: 260310 ns, At safepoint: 14000 ns, Total: 274310 ns
[20.334s][info ][safepoint      ] Safepoint "ICBufferFull", Time since last: 145856335 ns, Reaching safepoint: 255210 ns, At safepoint: 7000 ns, Total: 262210 ns
[20.372s][info ][safepoint      ] Safepoint "ICBufferFull", Time since last: 37584377 ns, Reaching safepoint: 254810 ns, At safepoint: 7201 ns, Total: 262011 ns
[20.516s][info ][safepoint      ] Safepoint "ICBufferFull", Time since last: 143413238 ns, Reaching safepoint: 439817 ns, At safepoint: 3100 ns, Total: 442917 ns
[20.752s][info ][safepoint      ] Safepoint "ICBufferFull", Time since last: 235653864 ns, Reaching safepoint: 170207 ns, At safepoint: 9200 ns, Total: 179407 ns
[20.946s][info ][safepoint      ] Safepoint "ICBufferFull", Time since last: 193828920 ns, Reaching safepoint: 254210 ns, At safepoint: 7701 ns, Total: 261911 ns
[21.167s][info ][safepoint      ] Safepoint "ICBufferFull", Time since last: 221355302 ns, Reaching safepoint: 164006 ns, At safepoint: 2600 ns, Total: 166606 ns
[21.474s][info ][safepoint      ] Safepoint "ICBufferFull", Time since last: 306419447 ns, Reaching safepoint: 324012 ns, At safepoint: 7801 ns, Total: 331813 ns
[21.905s][info ][safepoint      ] Safepoint "ICBufferFull", Time since last: 431015244 ns, Reaching safepoint: 181907 ns, At safepoint: 8001 ns, Total: 189908 ns
[22.208s][info ][safepoint      ] Safepoint "ICBufferFull", Time since last: 302716400 ns, Reaching safepoint: 186608 ns, At safepoint: 4500 ns, Total: 191108 ns
[22.842s][info ][safepoint      ] Safepoint "ICBufferFull", Time since last: 633607209 ns, Reaching safepoint: 511220 ns, At safepoint: 6000 ns, Total: 517220 ns
[23.298s][info ][safepoint      ] Safepoint "ICBufferFull", Time since last: 455217296 ns, Reaching safepoint: 251210 ns, At safepoint: 2700 ns, Total: 253910 ns
[24.254s][info ][safepoint      ] Safepoint "ICBufferFull", Time since last: 956212192 ns, Reaching safepoint: 293911 ns, At safepoint: 5400 ns, Total: 299311 ns
[24.694s][info ][safepoint      ] Safepoint "ICBufferFull", Time since last: 439798390 ns, Reaching safepoint: 200308 ns, At safepoint: 7500 ns, Total: 207808 ns
[24.755s][info ][safepoint      ] Safepoint "ICBufferFull", Time since last: 60085562 ns, Reaching safepoint: 282411 ns, At safepoint: 12101 ns, Total: 294512 ns
[24.888s][info ][safepoint      ] Safepoint "ICBufferFull", Time since last: 133242138 ns, Reaching safepoint: 270911 ns, At safepoint: 10500 ns, Total: 281411 ns
[25.520s][info ][gc,start       ] GC(9) Pause Young (Allocation Failure)
[25.699s][debug][gc,phases      ] GC(9) Scavenge 178.897ms
[25.699s][debug][gc,ref         ] GC(9) Skipped phase 1 of Reference Processing: no references
[25.700s][debug][gc,ref         ] GC(9) ReferenceProcessor::execute queues: 4, RefProcThreadModel::Multi, marks_oops_alive: false
[25.700s][debug][gc,ref         ] GC(9) Skipped phase 3 of Reference Processing: no references
[25.700s][debug][gc,ref         ] GC(9) ReferenceProcessor::execute queues: 1, RefProcThreadModel::Single, marks_oops_alive: false
[25.700s][debug][gc,phases      ] GC(9) Reference Processing 0.698ms
[25.701s][debug][gc,phases      ] GC(9)   VM Weak                        Min:  0.0, Avg:  0.0, Max:  0.0, Diff:  0.0, Sum:  0.0, Workers: 4
[25.701s][debug][gc,phases      ] GC(9)     Dead                           Min: 0, Avg:  0.0, Max: 0, Diff: 0, Sum: 0, Workers: 4
[25.701s][debug][gc,phases      ] GC(9)     Total                          Min: 0, Avg: 179.8, Max: 384, Diff: 384, Sum: 719, Workers: 4
[25.701s][debug][gc,phases      ] GC(9)   ObjectSynchronizer Weak        Min:  0.0, Avg:  0.0, Max:  0.0, Diff:  0.0, Sum:  0.0, Workers: 4
[25.701s][debug][gc,phases      ] GC(9)     Dead                           Min: 0, Avg:  0.5, Max: 2, Diff: 2, Sum: 2, Workers: 4
[25.701s][debug][gc,phases      ] GC(9)     Total                          Min: 0, Avg:  5.8, Max: 23, Diff: 23, Sum: 23, Workers: 4
[25.701s][debug][gc,phases      ] GC(9)   JVMTI Tag Weak OopStorage      Min:  0.0, Avg:  0.0, Max:  0.0, Diff:  0.0, Sum:  0.0, Workers: 4
[25.701s][debug][gc,phases      ] GC(9)     Dead                           Min: 0, Avg:  0.0, Max: 0, Diff: 0, Sum: 0, Workers: 4
[25.701s][debug][gc,phases      ] GC(9)     Total                          Min: 0, Avg:  0.0, Max: 0, Diff: 0, Sum: 0, Workers: 4
[25.701s][debug][gc,phases      ] GC(9)   StringTable Weak               Min:  0.0, Avg:  0.4, Max:  0.5, Diff:  0.5, Sum:  1.5, Workers: 4
[25.701s][debug][gc,phases      ] GC(9)     Dead                           Min: 0, Avg:  2.5, Max: 6, Diff: 6, Sum: 10, Workers: 4
[25.701s][debug][gc,phases      ] GC(9)     Total                          Min: 0, Avg: 10309.2, Max: 16597, Diff: 16597, Sum: 41237, Workers: 4
[25.701s][debug][gc,phases      ] GC(9)   ResolvedMethodTable Weak       Min:  0.0, Avg:  0.1, Max:  0.1, Diff:  0.1, Sum:  0.3, Workers: 4
[25.701s][debug][gc,phases      ] GC(9)     Dead                           Min: 0, Avg: 39.2, Max: 69, Diff: 69, Sum: 157, Workers: 4
[25.701s][debug][gc,phases      ] GC(9)     Total                          Min: 0, Avg: 2061.2, Max: 3637, Diff: 3637, Sum: 8245, Workers: 4
[25.701s][debug][gc,phases      ] GC(9)   JNI Weak                       Min:  0.0, Avg:  0.0, Max:  0.0, Diff:  0.0, Sum:  0.0, Workers: 4
[25.701s][debug][gc,phases      ] GC(9)     Dead                           Min: 0, Avg:  0.0, Max: 0, Diff: 0, Sum: 0, Workers: 4
[25.701s][debug][gc,phases      ] GC(9)     Total                          Min: 0, Avg: 22.0, Max: 58, Diff: 58, Sum: 88, Workers: 4
[25.701s][debug][gc,phases      ] GC(9)   StringDedup Table Weak         Min:  0.0, Avg:  0.0, Max:  0.0, Diff:  0.0, Sum:  0.0, Workers: 4
[25.701s][debug][gc,phases      ] GC(9)     Dead                           Min: 0, Avg:  0.0, Max: 0, Diff: 0, Sum: 0, Workers: 4
[25.701s][debug][gc,phases      ] GC(9)     Total                          Min: 0, Avg:  0.0, Max: 0, Diff: 0, Sum: 0, Workers: 4
[25.701s][debug][gc,phases      ] GC(9)   StringDedup Requests0 Weak     Min:  0.0, Avg:  0.0, Max:  0.0, Diff:  0.0, Sum:  0.0, Workers: 4
[25.701s][debug][gc,phases      ] GC(9)     Dead                           Min: 0, Avg:  0.0, Max: 0, Diff: 0, Sum: 0, Workers: 4
[25.701s][debug][gc,phases      ] GC(9)     Total                          Min: 0, Avg:  0.0, Max: 0, Diff: 0, Sum: 0, Workers: 4
[25.701s][debug][gc,phases      ] GC(9)   StringDedup Requests1 Weak     Min:  0.0, Avg:  0.0, Max:  0.0, Diff:  0.0, Sum:  0.0, Workers: 4
[25.701s][debug][gc,phases      ] GC(9)     Dead                           Min: 0, Avg:  0.0, Max: 0, Diff: 0, Sum: 0, Workers: 4
[25.701s][debug][gc,phases      ] GC(9)     Total                          Min: 0, Avg:  0.0, Max: 0, Diff: 0, Sum: 0, Workers: 4
[25.701s][debug][gc,phases      ] GC(9)   Weak JFR Old Object Samples    Min:  0.0, Avg:  0.0, Max:  0.0, Diff:  0.0, Sum:  0.0, Workers: 4
[25.701s][debug][gc,phases      ] GC(9)     Dead                           Min: 0, Avg:  0.0, Max: 0, Diff: 0, Sum: 0, Workers: 4
[25.701s][debug][gc,phases      ] GC(9)     Total                          Min: 0, Avg:  0.0, Max: 0, Diff: 0, Sum: 0, Workers: 4
[25.701s][debug][gc,phases      ] GC(9) Weak Processing 0.789ms
[25.701s][debug][gc,age         ] GC(9) Desired survivor size 536870912 bytes, new threshold 6 (max threshold 15)
[25.701s][info ][gc,heap        ] GC(9) PSYoungGen: 1301639K(1572864K)->393470K(1572864K) Eden: 1048576K(1048576K)->0K(1048576K) From: 253063K(524288K)->393470K(524288K)
[25.701s][info ][gc,heap        ] GC(9) ParOldGen: 85076K(189952K)->85100K(189952K)
[25.701s][info ][gc,metaspace   ] GC(9) Metaspace: 75108K(76032K)->75108K(76032K) NonClass: 64163K(64640K)->64163K(64640K) Class: 10945K(11392K)->10945K(11392K)
[25.701s][info ][gc             ] GC(9) Pause Young (Allocation Failure) 1354M->467M(1721M) 180.533ms
[25.701s][info ][gc,cpu         ] GC(9) User=0.61s Sys=0.01s Real=0.18s
[25.701s][info ][safepoint      ] Safepoint "ParallelGCFailedAllocation", Time since last: 631942144 ns, Reaching safepoint: 242909 ns, At safepoint: 180621501 ns, Total: 180864410 ns
[26.701s][info ][safepoint      ] Safepoint "Cleanup", Time since last: 1000071016 ns, Reaching safepoint: 222108 ns, At safepoint: 9101 ns, Total: 231209 ns
[26.738s][info ][gc,start       ] GC(10) Pause Young (Allocation Failure)
[26.897s][debug][gc,phases      ] GC(10) Scavenge 158.736ms
[26.897s][debug][gc,ref         ] GC(10) Skipped phase 1 of Reference Processing: no references
[26.897s][debug][gc,ref         ] GC(10) ReferenceProcessor::execute queues: 4, RefProcThreadModel::Multi, marks_oops_alive: false
[26.897s][debug][gc,ref         ] GC(10) Skipped phase 3 of Reference Processing: no references
[26.897s][debug][gc,ref         ] GC(10) ReferenceProcessor::execute queues: 1, RefProcThreadModel::Single, marks_oops_alive: false
[26.897s][debug][gc,phases      ] GC(10) Reference Processing 0.533ms
[26.898s][debug][gc,phases      ] GC(10)   VM Weak                        Min:  0.0, Avg:  0.0, Max:  0.0, Diff:  0.0, Sum:  0.0, Workers: 4
[26.898s][debug][gc,phases      ] GC(10)     Dead                           Min: 0, Avg:  0.0, Max: 0, Diff: 0, Sum: 0, Workers: 4
[26.898s][debug][gc,phases      ] GC(10)     Total                          Min: 79, Avg: 179.8, Max: 320, Diff: 241, Sum: 719, Workers: 4
[26.898s][debug][gc,phases      ] GC(10)   ObjectSynchronizer Weak        Min:  0.0, Avg:  0.0, Max:  0.0, Diff:  0.0, Sum:  0.0, Workers: 4
[26.898s][debug][gc,phases      ] GC(10)     Dead                           Min: 0, Avg:  0.0, Max: 0, Diff: 0, Sum: 0, Workers: 4
[26.898s][debug][gc,phases      ] GC(10)     Total                          Min: 0, Avg:  5.8, Max: 23, Diff: 23, Sum: 23, Workers: 4
[26.898s][debug][gc,phases      ] GC(10)   JVMTI Tag Weak OopStorage      Min:  0.0, Avg:  0.0, Max:  0.0, Diff:  0.0, Sum:  0.0, Workers: 4
[26.898s][debug][gc,phases      ] GC(10)     Dead                           Min: 0, Avg:  0.0, Max: 0, Diff: 0, Sum: 0, Workers: 4
[26.898s][debug][gc,phases      ] GC(10)     Total                          Min: 0, Avg:  0.0, Max: 0, Diff: 0, Sum: 0, Workers: 4
[26.898s][debug][gc,phases      ] GC(10)   StringTable Weak               Min:  0.4, Avg:  0.4, Max:  0.4, Diff:  0.0, Sum:  1.6, Workers: 4
[26.898s][debug][gc,phases      ] GC(10)     Dead                           Min: 0, Avg:  0.2, Max: 1, Diff: 1, Sum: 1, Workers: 4
[26.898s][debug][gc,phases      ] GC(10)     Total                          Min: 9920, Avg: 10315.0, Max: 11008, Diff: 1088, Sum: 41260, Workers: 4
[26.898s][debug][gc,phases      ] GC(10)   ResolvedMethodTable Weak       Min:  0.1, Avg:  0.1, Max:  0.1, Diff:  0.0, Sum:  0.4, Workers: 4
[26.898s][debug][gc,phases      ] GC(10)     Dead                           Min: 0, Avg:  0.0, Max: 0, Diff: 0, Sum: 0, Workers: 4
[26.898s][debug][gc,phases      ] GC(10)     Total                          Min: 1786, Avg: 2003.8, Max: 2195, Diff: 409, Sum: 8015, Workers: 4
[26.898s][debug][gc,phases      ] GC(10)   JNI Weak                       Min:  0.0, Avg:  0.0, Max:  0.0, Diff:  0.0, Sum:  0.0, Workers: 4
[26.898s][debug][gc,phases      ] GC(10)     Dead                           Min: 0, Avg:  0.0, Max: 0, Diff: 0, Sum: 0, Workers: 4
[26.898s][debug][gc,phases      ] GC(10)     Total                          Min: 0, Avg: 17.0, Max: 55, Diff: 55, Sum: 68, Workers: 4
[26.898s][debug][gc,phases      ] GC(10)   StringDedup Table Weak         Min:  0.0, Avg:  0.0, Max:  0.0, Diff:  0.0, Sum:  0.0, Workers: 4
[26.898s][debug][gc,phases      ] GC(10)     Dead                           Min: 0, Avg:  0.0, Max: 0, Diff: 0, Sum: 0, Workers: 4
[26.898s][debug][gc,phases      ] GC(10)     Total                          Min: 0, Avg:  0.0, Max: 0, Diff: 0, Sum: 0, Workers: 4
[26.898s][debug][gc,phases      ] GC(10)   StringDedup Requests0 Weak     Min:  0.0, Avg:  0.0, Max:  0.0, Diff:  0.0, Sum:  0.0, Workers: 4
[26.898s][debug][gc,phases      ] GC(10)     Dead                           Min: 0, Avg:  0.0, Max: 0, Diff: 0, Sum: 0, Workers: 4
[26.898s][debug][gc,phases      ] GC(10)     Total                          Min: 0, Avg:  0.0, Max: 0, Diff: 0, Sum: 0, Workers: 4
[26.898s][debug][gc,phases      ] GC(10)   StringDedup Requests1 Weak     Min:  0.0, Avg:  0.0, Max:  0.0, Diff:  0.0, Sum:  0.0, Workers: 4
[26.898s][debug][gc,phases      ] GC(10)     Dead                           Min: 0, Avg:  0.0, Max: 0, Diff: 0, Sum: 0, Workers: 4
[26.898s][debug][gc,phases      ] GC(10)     Total                          Min: 0, Avg:  0.0, Max: 0, Diff: 0, Sum: 0, Workers: 4
[26.898s][debug][gc,phases      ] GC(10)   Weak JFR Old Object Samples    Min:  0.0, Avg:  0.0, Max:  0.0, Diff:  0.0, Sum:  0.0, Workers: 4
[26.898s][debug][gc,phases      ] GC(10)     Dead                           Min: 0, Avg:  0.0, Max: 0, Diff: 0, Sum: 0, Workers: 4
[26.898s][debug][gc,phases      ] GC(10)     Total                          Min: 0, Avg:  0.0, Max: 0, Diff: 0, Sum: 0, Workers: 4
[26.898s][debug][gc,phases      ] GC(10) Weak Processing 0.705ms
[26.898s][debug][gc,age         ] GC(10) Desired survivor size 536870912 bytes, new threshold 5 (max threshold 15)
[26.898s][info ][gc,heap        ] GC(10) PSYoungGen: 1442046K(1572864K)->335910K(1572864K) Eden: 1048576K(1048576K)->0K(1048576K) From: 393470K(524288K)->335910K(524288K)
[26.898s][info ][gc,heap        ] GC(10) ParOldGen: 85100K(189952K)->85108K(189952K)
[26.898s][info ][gc,metaspace   ] GC(10) Metaspace: 75202K(76096K)->75202K(76096K) NonClass: 64250K(64704K)->64250K(64704K) Class: 10951K(11392K)->10951K(11392K)
[26.898s][info ][gc             ] GC(10) Pause Young (Allocation Failure) 1491M->411M(1721M) 160.121ms
[26.898s][info ][gc,cpu         ] GC(10) User=0.50s Sys=0.06s Real=0.16s
[26.898s][info ][safepoint      ] Safepoint "ParallelGCFailedAllocation", Time since last: 36271326 ns, Reaching safepoint: 117704 ns, At safepoint: 160235500 ns, Total: 160353204 ns
[27.898s][info ][safepoint      ] Safepoint "Cleanup", Time since last: 1000088634 ns, Reaching safepoint: 240509 ns, At safepoint: 13300 ns, Total: 253809 ns
[28.003s][info ][safepoint      ] Safepoint "ICBufferFull", Time since last: 104284536 ns, Reaching safepoint: 204707 ns, At safepoint: 2800 ns, Total: 207507 ns
[28.155s][info ][safepoint      ] Safepoint "ICBufferFull", Time since last: 151892441 ns, Reaching safepoint: 204007 ns, At safepoint: 7100 ns, Total: 211107 ns
[28.448s][info ][safepoint      ] Safepoint "ICBufferFull", Time since last: 293148401 ns, Reaching safepoint: 195207 ns, At safepoint: 10500 ns, Total: 205707 ns
[28.739s][info ][safepoint      ] Safepoint "ICBufferFull", Time since last: 290078991 ns, Reaching safepoint: 257409 ns, At safepoint: 14001 ns, Total: 271410 ns
[28.899s][info ][safepoint      ] Safepoint "ParallelGCFailedAllocation", Time since last: 159847126 ns, Reaching safepoint: 177306 ns, At safepoint: 13101 ns, Total: 190407 ns
[28.899s][info ][gc,start       ] GC(11) Pause Young (GCLocker Initiated GC)
[29.048s][debug][gc,phases      ] GC(11) Scavenge 148.525ms
[29.048s][debug][gc,ref         ] GC(11) Skipped phase 1 of Reference Processing: no references
[29.048s][debug][gc,ref         ] GC(11) ReferenceProcessor::execute queues: 4, RefProcThreadModel::Multi, marks_oops_alive: false
[29.048s][debug][gc,ref         ] GC(11) Skipped phase 3 of Reference Processing: no references
[29.048s][debug][gc,ref         ] GC(11) ReferenceProcessor::execute queues: 1, RefProcThreadModel::Single, marks_oops_alive: false
[29.049s][debug][gc,phases      ] GC(11) Reference Processing 0.422ms
[29.049s][debug][gc,phases      ] GC(11)   VM Weak                        Min:  0.0, Avg:  0.0, Max:  0.0, Diff:  0.0, Sum:  0.0, Workers: 4
[29.049s][debug][gc,phases      ] GC(11)     Dead                           Min: 0, Avg:  0.0, Max: 0, Diff: 0, Sum: 0, Workers: 4
[29.049s][debug][gc,phases      ] GC(11)     Total                          Min: 106, Avg: 186.5, Max: 320, Diff: 214, Sum: 746, Workers: 4
[29.049s][debug][gc,phases      ] GC(11)   ObjectSynchronizer Weak        Min:  0.0, Avg:  0.0, Max:  0.0, Diff:  0.0, Sum:  0.0, Workers: 4
[29.049s][debug][gc,phases      ] GC(11)     Dead                           Min: 0, Avg:  0.0, Max: 0, Diff: 0, Sum: 0, Workers: 4
[29.049s][debug][gc,phases      ] GC(11)     Total                          Min: 0, Avg:  5.8, Max: 23, Diff: 23, Sum: 23, Workers: 4
[29.049s][debug][gc,phases      ] GC(11)   JVMTI Tag Weak OopStorage      Min:  0.0, Avg:  0.0, Max:  0.0, Diff:  0.0, Sum:  0.0, Workers: 4
[29.049s][debug][gc,phases      ] GC(11)     Dead                           Min: 0, Avg:  0.0, Max: 0, Diff: 0, Sum: 0, Workers: 4
[29.049s][debug][gc,phases      ] GC(11)     Total                          Min: 0, Avg:  0.0, Max: 0, Diff: 0, Sum: 0, Workers: 4
[29.049s][debug][gc,phases      ] GC(11)   StringTable Weak               Min:  0.4, Avg:  0.4, Max:  0.4, Diff:  0.0, Sum:  1.5, Workers: 4
[29.049s][debug][gc,phases      ] GC(11)     Dead                           Min: 0, Avg:  1.2, Max: 4, Diff: 4, Sum: 5, Workers: 4
[29.049s][debug][gc,phases      ] GC(11)     Total                          Min: 9792, Avg: 10390.8, Max: 11392, Diff: 1600, Sum: 41563, Workers: 4
[29.049s][debug][gc,phases      ] GC(11)   ResolvedMethodTable Weak       Min:  0.1, Avg:  0.1, Max:  0.1, Diff:  0.0, Sum:  0.3, Workers: 4
[29.049s][debug][gc,phases      ] GC(11)     Dead                           Min: 1, Avg:  7.2, Max: 15, Diff: 14, Sum: 29, Workers: 4
[29.049s][debug][gc,phases      ] GC(11)     Total                          Min: 1920, Avg: 2075.0, Max: 2240, Diff: 320, Sum: 8300, Workers: 4
[29.049s][debug][gc,phases      ] GC(11)   JNI Weak                       Min:  0.0, Avg:  0.0, Max:  0.0, Diff:  0.0, Sum:  0.0, Workers: 4
[29.049s][debug][gc,phases      ] GC(11)     Dead                           Min: 0, Avg:  0.0, Max: 0, Diff: 0, Sum: 0, Workers: 4
[29.049s][debug][gc,phases      ] GC(11)     Total                          Min: 0, Avg: 20.8, Max: 83, Diff: 83, Sum: 83, Workers: 4
[29.049s][debug][gc,phases      ] GC(11)   StringDedup Table Weak         Min:  0.0, Avg:  0.0, Max:  0.0, Diff:  0.0, Sum:  0.0, Workers: 4
[29.049s][debug][gc,phases      ] GC(11)     Dead                           Min: 0, Avg:  0.0, Max: 0, Diff: 0, Sum: 0, Workers: 4
[29.049s][debug][gc,phases      ] GC(11)     Total                          Min: 0, Avg:  0.0, Max: 0, Diff: 0, Sum: 0, Workers: 4
[29.049s][debug][gc,phases      ] GC(11)   StringDedup Requests0 Weak     Min:  0.0, Avg:  0.0, Max:  0.0, Diff:  0.0, Sum:  0.0, Workers: 4
[29.049s][debug][gc,phases      ] GC(11)     Dead                           Min: 0, Avg:  0.0, Max: 0, Diff: 0, Sum: 0, Workers: 4
[29.049s][debug][gc,phases      ] GC(11)     Total                          Min: 0, Avg:  0.0, Max: 0, Diff: 0, Sum: 0, Workers: 4
[29.049s][debug][gc,phases      ] GC(11)   StringDedup Requests1 Weak     Min:  0.0, Avg:  0.0, Max:  0.0, Diff:  0.0, Sum:  0.0, Workers: 4
[29.049s][debug][gc,phases      ] GC(11)     Dead                           Min: 0, Avg:  0.0, Max: 0, Diff: 0, Sum: 0, Workers: 4
[29.049s][debug][gc,phases      ] GC(11)     Total                          Min: 0, Avg:  0.0, Max: 0, Diff: 0, Sum: 0, Workers: 4
[29.049s][debug][gc,phases      ] GC(11)   Weak JFR Old Object Samples    Min:  0.0, Avg:  0.0, Max:  0.0, Diff:  0.0, Sum:  0.0, Workers: 4
[29.049s][debug][gc,phases      ] GC(11)     Dead                           Min: 0, Avg:  0.0, Max: 0, Diff: 0, Sum: 0, Workers: 4
[29.049s][debug][gc,phases      ] GC(11)     Total                          Min: 0, Avg:  0.0, Max: 0, Diff: 0, Sum: 0, Workers: 4
[29.049s][debug][gc,phases      ] GC(11) Weak Processing 0.847ms
[29.049s][debug][gc,age         ] GC(11) Desired survivor size 536870912 bytes, new threshold 4 (max threshold 15)
[29.049s][info ][gc,heap        ] GC(11) PSYoungGen: 1384486K(1572864K)->236150K(1572864K) Eden: 1048576K(1048576K)->0K(1048576K) From: 335910K(524288K)->236150K(524288K)
[29.049s][info ][gc,heap        ] GC(11) ParOldGen: 85137K(189952K)->164038K(189952K)
[29.049s][info ][gc,metaspace   ] GC(11) Metaspace: 76420K(77312K)->76420K(77312K) NonClass: 65314K(65792K)->65314K(65792K) Class: 11105K(11520K)->11105K(11520K)
[29.049s][info ][gc             ] GC(11) Pause Young (GCLocker Initiated GC) 1435M->390M(1721M) 149.910ms
[29.049s][info ][gc,cpu         ] GC(11) User=0.48s Sys=0.04s Real=0.15s
[29.049s][debug][gc,phases      ] GC(12) Pre Compact 0.010ms
[29.049s][info ][gc,start       ] GC(12) Pause Full (Ergonomics)
[29.049s][info ][gc,phases,start] GC(12) Marking Phase
[29.154s][debug][gc,phases      ] GC(12) Par Mark 104.041ms
[29.154s][debug][gc,ref         ] GC(12) Skipped phase 1 of Reference Processing: no references
[29.154s][debug][gc,ref         ] GC(12) ReferenceProcessor::execute queues: 4, RefProcThreadModel::Multi, marks_oops_alive: false
[29.154s][debug][gc,ref         ] GC(12) Skipped phase 3 of Reference Processing: no references
[29.154s][debug][gc,ref         ] GC(12) ReferenceProcessor::execute queues: 1, RefProcThreadModel::Single, marks_oops_alive: false
[29.154s][debug][gc,phases      ] GC(12) Reference Processing 0.543ms
[29.154s][debug][gc,phases      ] GC(12)   VM Weak                        Min:  0.0, Avg:  0.0, Max:  0.0, Diff:  0.0, Sum:  0.0, Workers: 4
[29.154s][debug][gc,phases      ] GC(12)     Dead                           Min: 0, Avg:  0.0, Max: 0, Diff: 0, Sum: 0, Workers: 4
[29.154s][debug][gc,phases      ] GC(12)     Total                          Min: 64, Avg: 186.5, Max: 426, Diff: 362, Sum: 746, Workers: 4
[29.154s][debug][gc,phases      ] GC(12)   ObjectSynchronizer Weak        Min:  0.0, Avg:  0.0, Max:  0.0, Diff:  0.0, Sum:  0.0, Workers: 4
[29.154s][debug][gc,phases      ] GC(12)     Dead                           Min: 0, Avg:  0.0, Max: 0, Diff: 0, Sum: 0, Workers: 4
[29.154s][debug][gc,phases      ] GC(12)     Total                          Min: 0, Avg:  5.8, Max: 23, Diff: 23, Sum: 23, Workers: 4
[29.154s][debug][gc,phases      ] GC(12)   JVMTI Tag Weak OopStorage      Min:  0.0, Avg:  0.0, Max:  0.0, Diff:  0.0, Sum:  0.0, Workers: 4
[29.154s][debug][gc,phases      ] GC(12)     Dead                           Min: 0, Avg:  0.0, Max: 0, Diff: 0, Sum: 0, Workers: 4
[29.154s][debug][gc,phases      ] GC(12)     Total                          Min: 0, Avg:  0.0, Max: 0, Diff: 0, Sum: 0, Workers: 4
[29.154s][debug][gc,phases      ] GC(12)   StringTable Weak               Min:  0.2, Avg:  0.2, Max:  0.2, Diff:  0.0, Sum:  0.7, Workers: 4
[29.155s][debug][gc,phases      ] GC(12)     Dead                           Min: 0, Avg:  0.0, Max: 0, Diff: 0, Sum: 0, Workers: 4
[29.155s][debug][gc,phases      ] GC(12)     Total                          Min: 9984, Avg: 10390.8, Max: 10779, Diff: 795, Sum: 41563, Workers: 4
[29.155s][debug][gc,phases      ] GC(12)   ResolvedMethodTable Weak       Min:  0.0, Avg:  0.0, Max:  0.0, Diff:  0.0, Sum:  0.1, Workers: 4
[29.155s][debug][gc,phases      ] GC(12)     Dead                           Min: 0, Avg:  0.0, Max: 0, Diff: 0, Sum: 0, Workers: 4
[29.155s][debug][gc,phases      ] GC(12)     Total                          Min: 2028, Avg: 2075.0, Max: 2176, Diff: 148, Sum: 8300, Workers: 4
[29.155s][debug][gc,phases      ] GC(12)   JNI Weak                       Min:  0.0, Avg:  0.0, Max:  0.0, Diff:  0.0, Sum:  0.0, Workers: 4
[29.155s][debug][gc,phases      ] GC(12)     Dead                           Min: 0, Avg:  0.0, Max: 0, Diff: 0, Sum: 0, Workers: 4
[29.155s][debug][gc,phases      ] GC(12)     Total                          Min: 0, Avg: 20.8, Max: 50, Diff: 50, Sum: 83, Workers: 4
[29.155s][debug][gc,phases      ] GC(12)   StringDedup Table Weak         Min:  0.0, Avg:  0.0, Max:  0.0, Diff:  0.0, Sum:  0.0, Workers: 4
[29.155s][debug][gc,phases      ] GC(12)     Dead                           Min: 0, Avg:  0.0, Max: 0, Diff: 0, Sum: 0, Workers: 4
[29.155s][debug][gc,phases      ] GC(12)     Total                          Min: 0, Avg:  0.0, Max: 0, Diff: 0, Sum: 0, Workers: 4
[29.155s][debug][gc,phases      ] GC(12)   StringDedup Requests0 Weak     Min:  0.0, Avg:  0.0, Max:  0.0, Diff:  0.0, Sum:  0.0, Workers: 4
[29.155s][debug][gc,phases      ] GC(12)     Dead                           Min: 0, Avg:  0.0, Max: 0, Diff: 0, Sum: 0, Workers: 4
[29.155s][debug][gc,phases      ] GC(12)     Total                          Min: 0, Avg:  0.0, Max: 0, Diff: 0, Sum: 0, Workers: 4
[29.155s][debug][gc,phases      ] GC(12)   StringDedup Requests1 Weak     Min:  0.0, Avg:  0.0, Max:  0.0, Diff:  0.0, Sum:  0.0, Workers: 4
[29.155s][debug][gc,phases      ] GC(12)     Dead                           Min: 0, Avg:  0.0, Max: 0, Diff: 0, Sum: 0, Workers: 4
[29.155s][debug][gc,phases      ] GC(12)     Total                          Min: 0, Avg:  0.0, Max: 0, Diff: 0, Sum: 0, Workers: 4
[29.155s][debug][gc,phases      ] GC(12)   Weak JFR Old Object Samples    Min:  0.0, Avg:  0.0, Max:  0.0, Diff:  0.0, Sum:  0.0, Workers: 4
[29.155s][debug][gc,phases      ] GC(12)     Dead                           Min: 0, Avg:  0.0, Max: 0, Diff: 0, Sum: 0, Workers: 4
[29.155s][debug][gc,phases      ] GC(12)     Total                          Min: 0, Avg:  0.0, Max: 0, Diff: 0, Sum: 0, Workers: 4
[29.155s][debug][gc,phases      ] GC(12) Weak Processing 0.394ms
[29.155s][debug][gc,phases      ] GC(12) ClassLoaderData 0.101ms
[29.155s][debug][gc,phases      ] GC(12) Trigger cleanups 0.000ms
[29.170s][debug][gc,phases      ] GC(12) Class Unloading 15.602ms
[29.170s][info ][gc,phases      ] GC(12) Marking Phase 120.790ms
[29.170s][info ][gc,phases,start] GC(12) Summary Phase
[29.170s][info ][gc,phases      ] GC(12) Summary Phase 0.016ms
[29.170s][info ][gc,phases,start] GC(12) Adjust Roots
[29.188s][info ][gc,phases      ] GC(12) Adjust Roots 17.295ms
[29.188s][info ][gc,phases,start] GC(12) Compaction Phase
[29.572s][info ][gc,phases      ] GC(12) Compaction Phase 384.173ms
[29.572s][info ][gc,phases,start] GC(12) Post Compact
[29.574s][info ][gc,phases      ] GC(12) Post Compact 2.387ms
[29.574s][info ][gc,heap        ] GC(12) PSYoungGen: 236150K(1572864K)->152075K(1572864K) Eden: 0K(1048576K)->0K(1048576K) From: 236150K(524288K)->152075K(524288K)
[29.574s][info ][gc,heap        ] GC(12) ParOldGen: 164038K(189952K)->189728K(316928K)
[29.574s][info ][gc,metaspace   ] GC(12) Metaspace: 76420K(77312K)->76420K(77312K) NonClass: 65314K(65792K)->65314K(65792K) Class: 11105K(11520K)->11105K(11520K)
[29.574s][info ][gc             ] GC(12) Pause Full (Ergonomics) 390M->333M(1845M) 525.041ms
[29.575s][info ][gc,cpu         ] GC(12) User=1.83s Sys=0.02s Real=0.52s
[29.575s][info ][safepoint      ] Safepoint "ParallelGCSystemGC", Time since last: 690824 ns, Reaching safepoint: 91404 ns, At safepoint: 675083681 ns, Total: 675175085 ns
[29.815s][info ][safepoint      ] Safepoint "ICBufferFull", Time since last: 240071200 ns, Reaching safepoint: 176906 ns, At safepoint: 7701 ns, Total: 184607 ns
[30.467s][info ][safepoint      ] Safepoint "ICBufferFull", Time since last: 651988954 ns, Reaching safepoint: 177306 ns, At safepoint: 2801 ns, Total: 180107 ns
[31.005s][info ][safepoint      ] Safepoint "ICBufferFull", Time since last: 537507453 ns, Reaching safepoint: 150306 ns, At safepoint: 5600 ns, Total: 155906 ns
[31.483s][info ][safepoint      ] Safepoint "ICBufferFull", Time since last: 476141055 ns, Reaching safepoint: 2307883 ns, At safepoint: 16201 ns, Total: 2324084 ns
[31.666s][info ][gc,start       ] GC(13) Pause Young (Allocation Failure)
[31.770s][debug][gc,phases      ] GC(13) Scavenge 104.256ms
[31.770s][debug][gc,ref         ] GC(13) Skipped phase 1 of Reference Processing: no references
[31.770s][debug][gc,ref         ] GC(13) ReferenceProcessor::execute queues: 1, RefProcThreadModel::Single, marks_oops_alive: false
[31.770s][debug][gc,ref         ] GC(13) Skipped phase 3 of Reference Processing: no references
[31.770s][debug][gc,ref         ] GC(13) ReferenceProcessor::execute queues: 1, RefProcThreadModel::Single, marks_oops_alive: false
[31.770s][debug][gc,phases      ] GC(13) Reference Processing 0.120ms
[31.771s][debug][gc,phases      ] GC(13)   VM Weak                        Min:  0.0, Avg:  0.0, Max:  0.0, Diff:  0.0, Sum:  0.0, Workers: 4
[31.771s][debug][gc,phases      ] GC(13)     Dead                           Min: 0, Avg:  0.0, Max: 0, Diff: 0, Sum: 0, Workers: 4
[31.771s][debug][gc,phases      ] GC(13)     Total                          Min: 0, Avg: 186.8, Max: 448, Diff: 448, Sum: 747, Workers: 4
[31.771s][debug][gc,phases      ] GC(13)   ObjectSynchronizer Weak        Min:  0.0, Avg:  0.0, Max:  0.0, Diff:  0.0, Sum:  0.0, Workers: 4
[31.771s][debug][gc,phases      ] GC(13)     Dead                           Min: 0, Avg:  0.0, Max: 0, Diff: 0, Sum: 0, Workers: 4
[31.771s][debug][gc,phases      ] GC(13)     Total                          Min: 0, Avg:  6.2, Max: 25, Diff: 25, Sum: 25, Workers: 4
[31.771s][debug][gc,phases      ] GC(13)   JVMTI Tag Weak OopStorage      Min:  0.0, Avg:  0.0, Max:  0.0, Diff:  0.0, Sum:  0.0, Workers: 4
[31.771s][debug][gc,phases      ] GC(13)     Dead                           Min: 0, Avg:  0.0, Max: 0, Diff: 0, Sum: 0, Workers: 4
[31.771s][debug][gc,phases      ] GC(13)     Total                          Min: 0, Avg:  0.0, Max: 0, Diff: 0, Sum: 0, Workers: 4
[31.771s][debug][gc,phases      ] GC(13)   StringTable Weak               Min:  0.0, Avg:  0.2, Max:  0.2, Diff:  0.2, Sum:  0.7, Workers: 4
[31.771s][debug][gc,phases      ] GC(13)     Dead                           Min: 0, Avg:  0.0, Max: 0, Diff: 0, Sum: 0, Workers: 4
[31.771s][debug][gc,phases      ] GC(13)     Total                          Min: 0, Avg: 10414.2, Max: 14656, Diff: 14656, Sum: 41657, Workers: 4
[31.771s][debug][gc,phases      ] GC(13)   ResolvedMethodTable Weak       Min:  0.0, Avg:  0.2, Max:  0.3, Diff:  0.3, Sum:  0.7, Workers: 4
[31.771s][debug][gc,phases      ] GC(13)     Dead                           Min: 0, Avg:  0.0, Max: 0, Diff: 0, Sum: 0, Workers: 4
[31.771s][debug][gc,phases      ] GC(13)     Total                          Min: 0, Avg: 2078.5, Max: 5754, Diff: 5754, Sum: 8314, Workers: 4
[31.771s][debug][gc,phases      ] GC(13)   JNI Weak                       Min:  0.0, Avg:  0.0, Max:  0.0, Diff:  0.0, Sum:  0.0, Workers: 4
[31.771s][debug][gc,phases      ] GC(13)     Dead                           Min: 0, Avg:  0.0, Max: 0, Diff: 0, Sum: 0, Workers: 4
[31.771s][debug][gc,phases      ] GC(13)     Total                          Min: 0, Avg: 15.8, Max: 63, Diff: 63, Sum: 63, Workers: 4
[31.771s][debug][gc,phases      ] GC(13)   StringDedup Table Weak         Min:  0.0, Avg:  0.0, Max:  0.0, Diff:  0.0, Sum:  0.0, Workers: 4
[31.771s][debug][gc,phases      ] GC(13)     Dead                           Min: 0, Avg:  0.0, Max: 0, Diff: 0, Sum: 0, Workers: 4
[31.771s][debug][gc,phases      ] GC(13)     Total                          Min: 0, Avg:  0.0, Max: 0, Diff: 0, Sum: 0, Workers: 4
[31.771s][debug][gc,phases      ] GC(13)   StringDedup Requests0 Weak     Min:  0.0, Avg:  0.0, Max:  0.0, Diff:  0.0, Sum:  0.0, Workers: 4
[31.771s][debug][gc,phases      ] GC(13)     Dead                           Min: 0, Avg:  0.0, Max: 0, Diff: 0, Sum: 0, Workers: 4
[31.771s][debug][gc,phases      ] GC(13)     Total                          Min: 0, Avg:  0.0, Max: 0, Diff: 0, Sum: 0, Workers: 4
[31.771s][debug][gc,phases      ] GC(13)   StringDedup Requests1 Weak     Min:  0.0, Avg:  0.0, Max:  0.0, Diff:  0.0, Sum:  0.0, Workers: 4
[31.771s][debug][gc,phases      ] GC(13)     Dead                           Min: 0, Avg:  0.0, Max: 0, Diff: 0, Sum: 0, Workers: 4
[31.771s][debug][gc,phases      ] GC(13)     Total                          Min: 0, Avg:  0.0, Max: 0, Diff: 0, Sum: 0, Workers: 4
[31.771s][debug][gc,phases      ] GC(13)   Weak JFR Old Object Samples    Min:  0.0, Avg:  0.0, Max:  0.0, Diff:  0.0, Sum:  0.0, Workers: 4
[31.771s][debug][gc,phases      ] GC(13)     Dead                           Min: 0, Avg:  0.0, Max: 0, Diff: 0, Sum: 0, Workers: 4
[31.771s][debug][gc,phases      ] GC(13)     Total                          Min: 0, Avg:  0.0, Max: 0, Diff: 0, Sum: 0, Workers: 4
[31.771s][debug][gc,phases      ] GC(13) Weak Processing 0.729ms
[31.771s][debug][gc,age         ] GC(13) Desired survivor size 536870912 bytes, new threshold 3 (max threshold 15)
[31.771s][info ][gc,heap        ] GC(13) PSYoungGen: 1200651K(1572864K)->144162K(1572864K) Eden: 1048576K(1048576K)->0K(1048576K) From: 152075K(524288K)->144162K(524288K)
[31.771s][info ][gc,heap        ] GC(13) ParOldGen: 190113K(316928K)->278683K(316928K)
[31.771s][info ][gc,metaspace   ] GC(13) Metaspace: 76812K(77760K)->76812K(77760K) NonClass: 65697K(66176K)->65697K(66176K) Class: 11114K(11584K)->11114K(11584K)
[31.771s][info ][gc             ] GC(13) Pause Young (Allocation Failure) 1358M->412M(1845M) 105.247ms
[31.771s][info ][gc,cpu         ] GC(13) User=0.33s Sys=0.03s Real=0.10s
[31.771s][debug][gc,phases      ] GC(14) Pre Compact 0.010ms
[31.771s][info ][gc,start       ] GC(14) Pause Full (Ergonomics)
[31.771s][info ][gc,phases,start] GC(14) Marking Phase
[31.905s][debug][gc,phases      ] GC(14) Par Mark 134.151ms
[31.905s][debug][gc,ref         ] GC(14) Skipped phase 1 of Reference Processing: no references
[31.906s][debug][gc,ref         ] GC(14) ReferenceProcessor::execute queues: 4, RefProcThreadModel::Multi, marks_oops_alive: false
[31.906s][debug][gc,ref         ] GC(14) Skipped phase 3 of Reference Processing: no references
[31.906s][debug][gc,ref         ] GC(14) ReferenceProcessor::execute queues: 1, RefProcThreadModel::Single, marks_oops_alive: false
[31.906s][debug][gc,phases      ] GC(14) Reference Processing 0.608ms
[31.906s][debug][gc,phases      ] GC(14)   VM Weak                        Min:  0.0, Avg:  0.0, Max:  0.0, Diff:  0.0, Sum:  0.0, Workers: 4
[31.906s][debug][gc,phases      ] GC(14)     Dead                           Min: 0, Avg:  0.0, Max: 0, Diff: 0, Sum: 0, Workers: 4
[31.906s][debug][gc,phases      ] GC(14)     Total                          Min: 0, Avg: 186.8, Max: 363, Diff: 363, Sum: 747, Workers: 4
[31.906s][debug][gc,phases      ] GC(14)   ObjectSynchronizer Weak        Min:  0.0, Avg:  0.0, Max:  0.0, Diff:  0.0, Sum:  0.0, Workers: 4
[31.906s][debug][gc,phases      ] GC(14)     Dead                           Min: 0, Avg:  0.0, Max: 0, Diff: 0, Sum: 0, Workers: 4
[31.906s][debug][gc,phases      ] GC(14)     Total                          Min: 0, Avg:  6.2, Max: 25, Diff: 25, Sum: 25, Workers: 4
[31.906s][debug][gc,phases      ] GC(14)   JVMTI Tag Weak OopStorage      Min:  0.0, Avg:  0.0, Max:  0.0, Diff:  0.0, Sum:  0.0, Workers: 4
[31.906s][debug][gc,phases      ] GC(14)     Dead                           Min: 0, Avg:  0.0, Max: 0, Diff: 0, Sum: 0, Workers: 4
[31.906s][debug][gc,phases      ] GC(14)     Total                          Min: 0, Avg:  0.0, Max: 0, Diff: 0, Sum: 0, Workers: 4
[31.906s][debug][gc,phases      ] GC(14)   StringTable Weak               Min:  0.2, Avg:  0.2, Max:  0.2, Diff:  0.0, Sum:  0.6, Workers: 4
[31.906s][debug][gc,phases      ] GC(14)     Dead                           Min: 0, Avg:  0.0, Max: 0, Diff: 0, Sum: 0, Workers: 4
[31.906s][debug][gc,phases      ] GC(14)     Total                          Min: 9721, Avg: 10414.2, Max: 10752, Diff: 1031, Sum: 41657, Workers: 4
[31.906s][debug][gc,phases      ] GC(14)   ResolvedMethodTable Weak       Min:  0.0, Avg:  0.0, Max:  0.0, Diff:  0.0, Sum:  0.1, Workers: 4
[31.906s][debug][gc,phases      ] GC(14)     Dead                           Min: 0, Avg:  0.0, Max: 0, Diff: 0, Sum: 0, Workers: 4
[31.906s][debug][gc,phases      ] GC(14)     Total                          Min: 1984, Avg: 2078.5, Max: 2298, Diff: 314, Sum: 8314, Workers: 4
[31.906s][debug][gc,phases      ] GC(14)   JNI Weak                       Min:  0.0, Avg:  0.0, Max:  0.0, Diff:  0.0, Sum:  0.0, Workers: 4
[31.906s][debug][gc,phases      ] GC(14)     Dead                           Min: 0, Avg:  0.0, Max: 0, Diff: 0, Sum: 0, Workers: 4
[31.906s][debug][gc,phases      ] GC(14)     Total                          Min: 0, Avg: 15.8, Max: 45, Diff: 45, Sum: 63, Workers: 4
[31.906s][debug][gc,phases      ] GC(14)   StringDedup Table Weak         Min:  0.0, Avg:  0.0, Max:  0.0, Diff:  0.0, Sum:  0.0, Workers: 4
[31.906s][debug][gc,phases      ] GC(14)     Dead                           Min: 0, Avg:  0.0, Max: 0, Diff: 0, Sum: 0, Workers: 4
[31.906s][debug][gc,phases      ] GC(14)     Total                          Min: 0, Avg:  0.0, Max: 0, Diff: 0, Sum: 0, Workers: 4
[31.906s][debug][gc,phases      ] GC(14)   StringDedup Requests0 Weak     Min:  0.0, Avg:  0.0, Max:  0.0, Diff:  0.0, Sum:  0.0, Workers: 4
[31.906s][debug][gc,phases      ] GC(14)     Dead                           Min: 0, Avg:  0.0, Max: 0, Diff: 0, Sum: 0, Workers: 4
[31.906s][debug][gc,phases      ] GC(14)     Total                          Min: 0, Avg:  0.0, Max: 0, Diff: 0, Sum: 0, Workers: 4
[31.906s][debug][gc,phases      ] GC(14)   StringDedup Requests1 Weak     Min:  0.0, Avg:  0.0, Max:  0.0, Diff:  0.0, Sum:  0.0, Workers: 4
[31.906s][debug][gc,phases      ] GC(14)     Dead                           Min: 0, Avg:  0.0, Max: 0, Diff: 0, Sum: 0, Workers: 4
[31.906s][debug][gc,phases      ] GC(14)     Total                          Min: 0, Avg:  0.0, Max: 0, Diff: 0, Sum: 0, Workers: 4
[31.906s][debug][gc,phases      ] GC(14)   Weak JFR Old Object Samples    Min:  0.0, Avg:  0.0, Max:  0.0, Diff:  0.0, Sum:  0.0, Workers: 4
[31.906s][debug][gc,phases      ] GC(14)     Dead                           Min: 0, Avg:  0.0, Max: 0, Diff: 0, Sum: 0, Workers: 4
[31.906s][debug][gc,phases      ] GC(14)     Total                          Min: 0, Avg:  0.0, Max: 0, Diff: 0, Sum: 0, Workers: 4
[31.906s][debug][gc,phases      ] GC(14) Weak Processing 0.386ms
[31.906s][debug][gc,phases      ] GC(14) ClassLoaderData 0.095ms
[31.906s][debug][gc,phases      ] GC(14) Trigger cleanups 0.000ms
[31.921s][debug][gc,phases      ] GC(14) Class Unloading 15.152ms
[31.922s][info ][gc,phases      ] GC(14) Marking Phase 150.494ms
[31.922s][info ][gc,phases,start] GC(14) Summary Phase
[31.922s][info ][gc,phases      ] GC(14) Summary Phase 0.026ms
[31.922s][info ][gc,phases,start] GC(14) Adjust Roots
[31.935s][info ][gc,phases      ] GC(14) Adjust Roots 13.419ms
[31.935s][info ][gc,phases,start] GC(14) Compaction Phase
[32.182s][info ][gc,phases      ] GC(14) Compaction Phase 246.733ms
[32.182s][info ][gc,phases,start] GC(14) Post Compact
[32.183s][info ][gc,phases      ] GC(14) Post Compact 1.340ms
[32.183s][info ][gc,heap        ] GC(14) PSYoungGen: 144162K(1572864K)->95485K(1572864K) Eden: 0K(1048576K)->0K(1048576K) From: 144162K(524288K)->95485K(524288K)
[32.183s][info ][gc,heap        ] GC(14) ParOldGen: 278683K(316928K)->316613K(482816K)
[32.183s][info ][gc,metaspace   ] GC(14) Metaspace: 76812K(77760K)->76812K(77760K) NonClass: 65697K(66176K)->65697K(66176K) Class: 11114K(11584K)->11114K(11584K)
[32.183s][info ][gc             ] GC(14) Pause Full (Ergonomics) 412M->402M(2007M) 412.406ms
[32.183s][info ][gc,cpu         ] GC(14) User=1.36s Sys=0.02s Real=0.41s
[32.184s][info ][safepoint      ] Safepoint "ParallelGCFailedAllocation", Time since last: 182443135 ns, Reaching safepoint: 131905 ns, At safepoint: 518712580 ns, Total: 518844485 ns
[33.161s][info ][safepoint      ] Safepoint "ICBufferFull", Time since last: 976584437 ns, Reaching safepoint: 318913 ns, At safepoint: 109004 ns, Total: 427917 ns
[33.643s][info ][gc,start       ] GC(15) Pause Young (Allocation Failure)
[33.721s][debug][gc,phases      ] GC(15) Scavenge 77.342ms
[33.721s][debug][gc,ref         ] GC(15) Skipped phase 1 of Reference Processing: no references
[33.721s][debug][gc,ref         ] GC(15) ReferenceProcessor::execute queues: 1, RefProcThreadModel::Single, marks_oops_alive: false
[33.721s][debug][gc,ref         ] GC(15) Skipped phase 3 of Reference Processing: no references
[33.721s][debug][gc,ref         ] GC(15) ReferenceProcessor::execute queues: 1, RefProcThreadModel::Single, marks_oops_alive: false
[33.721s][debug][gc,phases      ] GC(15) Reference Processing 0.140ms
[33.721s][debug][gc,phases      ] GC(15)   VM Weak                        Min:  0.0, Avg:  0.0, Max:  0.0, Diff:  0.0, Sum:  0.0, Workers: 4
[33.721s][debug][gc,phases      ] GC(15)     Dead                           Min: 0, Avg:  0.0, Max: 0, Diff: 0, Sum: 0, Workers: 4
[33.721s][debug][gc,phases      ] GC(15)     Total                          Min: 0, Avg: 187.0, Max: 448, Diff: 448, Sum: 748, Workers: 4
[33.721s][debug][gc,phases      ] GC(15)   ObjectSynchronizer Weak        Min:  0.0, Avg:  0.0, Max:  0.0, Diff:  0.0, Sum:  0.0, Workers: 4
[33.721s][debug][gc,phases      ] GC(15)     Dead                           Min: 0, Avg:  0.0, Max: 0, Diff: 0, Sum: 0, Workers: 4
[33.721s][debug][gc,phases      ] GC(15)     Total                          Min: 0, Avg:  6.8, Max: 27, Diff: 27, Sum: 27, Workers: 4
[33.721s][debug][gc,phases      ] GC(15)   JVMTI Tag Weak OopStorage      Min:  0.0, Avg:  0.0, Max:  0.0, Diff:  0.0, Sum:  0.0, Workers: 4
[33.721s][debug][gc,phases      ] GC(15)     Dead                           Min: 0, Avg:  0.0, Max: 0, Diff: 0, Sum: 0, Workers: 4
[33.721s][debug][gc,phases      ] GC(15)     Total                          Min: 0, Avg:  0.0, Max: 0, Diff: 0, Sum: 0, Workers: 4
[33.721s][debug][gc,phases      ] GC(15)   StringTable Weak               Min:  0.0, Avg:  0.2, Max:  0.5, Diff:  0.4, Sum:  1.0, Workers: 4
[33.721s][debug][gc,phases      ] GC(15)     Dead                           Min: 0, Avg:  0.2, Max: 1, Diff: 1, Sum: 1, Workers: 4
[33.721s][debug][gc,phases      ] GC(15)     Total                          Min: 1920, Avg: 10425.5, Max: 17382, Diff: 15462, Sum: 41702, Workers: 4
[33.721s][debug][gc,phases      ] GC(15)   ResolvedMethodTable Weak       Min:  0.0, Avg:  0.0, Max:  0.1, Diff:  0.1, Sum:  0.1, Workers: 4
[33.721s][debug][gc,phases      ] GC(15)     Dead                           Min: 0, Avg:  4.5, Max: 11, Diff: 11, Sum: 18, Workers: 4
[33.721s][debug][gc,phases      ] GC(15)     Total                          Min: 0, Avg: 2085.5, Max: 4224, Diff: 4224, Sum: 8342, Workers: 4
[33.721s][debug][gc,phases      ] GC(15)   JNI Weak                       Min:  0.0, Avg:  0.0, Max:  0.0, Diff:  0.0, Sum:  0.0, Workers: 4
[33.721s][debug][gc,phases      ] GC(15)     Dead                           Min: 0, Avg:  0.0, Max: 0, Diff: 0, Sum: 0, Workers: 4
[33.721s][debug][gc,phases      ] GC(15)     Total                          Min: 0, Avg: 15.2, Max: 61, Diff: 61, Sum: 61, Workers: 4
[33.722s][debug][gc,phases      ] GC(15)   StringDedup Table Weak         Min:  0.0, Avg:  0.0, Max:  0.0, Diff:  0.0, Sum:  0.0, Workers: 4
[33.722s][debug][gc,phases      ] GC(15)     Dead                           Min: 0, Avg:  0.0, Max: 0, Diff: 0, Sum: 0, Workers: 4
[33.722s][debug][gc,phases      ] GC(15)     Total                          Min: 0, Avg:  0.0, Max: 0, Diff: 0, Sum: 0, Workers: 4
[33.722s][debug][gc,phases      ] GC(15)   StringDedup Requests0 Weak     Min:  0.0, Avg:  0.0, Max:  0.0, Diff:  0.0, Sum:  0.0, Workers: 4
[33.722s][debug][gc,phases      ] GC(15)     Dead                           Min: 0, Avg:  0.0, Max: 0, Diff: 0, Sum: 0, Workers: 4
[33.722s][debug][gc,phases      ] GC(15)     Total                          Min: 0, Avg:  0.0, Max: 0, Diff: 0, Sum: 0, Workers: 4
[33.722s][debug][gc,phases      ] GC(15)   StringDedup Requests1 Weak     Min:  0.0, Avg:  0.0, Max:  0.0, Diff:  0.0, Sum:  0.0, Workers: 4
[33.722s][debug][gc,phases      ] GC(15)     Dead                           Min: 0, Avg:  0.0, Max: 0, Diff: 0, Sum: 0, Workers: 4
[33.722s][debug][gc,phases      ] GC(15)     Total                          Min: 0, Avg:  0.0, Max: 0, Diff: 0, Sum: 0, Workers: 4
[33.722s][debug][gc,phases      ] GC(15)   Weak JFR Old Object Samples    Min:  0.0, Avg:  0.0, Max:  0.0, Diff:  0.0, Sum:  0.0, Workers: 4
[33.722s][debug][gc,phases      ] GC(15)     Dead                           Min: 0, Avg:  0.0, Max: 0, Diff: 0, Sum: 0, Workers: 4
[33.722s][debug][gc,phases      ] GC(15)     Total                          Min: 0, Avg:  0.0, Max: 0, Diff: 0, Sum: 0, Workers: 4
[33.722s][debug][gc,phases      ] GC(15) Weak Processing 0.690ms
[33.722s][debug][gc,age         ] GC(15) Desired survivor size 536870912 bytes, new threshold 2 (max threshold 15)
[33.722s][info ][gc,heap        ] GC(15) PSYoungGen: 1144061K(1572864K)->78528K(1572864K) Eden: 1048576K(1048576K)->0K(1048576K) From: 95485K(524288K)->78528K(524288K)
[33.722s][info ][gc,heap        ] GC(15) ParOldGen: 316613K(482816K)->354951K(482816K)
[33.722s][info ][gc,metaspace   ] GC(15) Metaspace: 76986K(77952K)->76986K(77952K) NonClass: 65860K(66368K)->65860K(66368K) Class: 11125K(11584K)->11125K(11584K)
[33.722s][info ][gc             ] GC(15) Pause Young (Allocation Failure) 1426M->423M(2007M) 78.316ms
[33.722s][info ][gc,cpu         ] GC(15) User=0.28s Sys=0.00s Real=0.08s
[33.722s][info ][safepoint      ] Safepoint "ParallelGCFailedAllocation", Time since last: 481673159 ns, Reaching safepoint: 185207 ns, At safepoint: 78411971 ns, Total: 78597178 ns
[34.754s][info ][safepoint      ] Safepoint "ICBufferFull", Time since last: 1032532927 ns, Reaching safepoint: 271911 ns, At safepoint: 7500 ns, Total: 279411 ns
[35.499s][info ][safepoint      ] Safepoint "ICBufferFull", Time since last: 743830177 ns, Reaching safepoint: 298712 ns, At safepoint: 8800 ns, Total: 307512 ns
[35.656s][info ][gc,start       ] GC(16) Pause Young (Allocation Failure)
[35.711s][debug][gc,phases      ] GC(16) Scavenge 54.420ms
[35.711s][debug][gc,ref         ] GC(16) Skipped phase 1 of Reference Processing: no references
[35.711s][debug][gc,ref         ] GC(16) ReferenceProcessor::execute queues: 1, RefProcThreadModel::Single, marks_oops_alive: false
[35.711s][debug][gc,ref         ] GC(16) Skipped phase 3 of Reference Processing: no references
[35.711s][debug][gc,ref         ] GC(16) ReferenceProcessor::execute queues: 1, RefProcThreadModel::Single, marks_oops_alive: false
[35.711s][debug][gc,phases      ] GC(16) Reference Processing 0.146ms
[35.711s][debug][gc,phases      ] GC(16)   VM Weak                        Min:  0.0, Avg:  0.0, Max:  0.0, Diff:  0.0, Sum:  0.0, Workers: 4
[35.711s][debug][gc,phases      ] GC(16)     Dead                           Min: 0, Avg:  0.0, Max: 0, Diff: 0, Sum: 0, Workers: 4
[35.711s][debug][gc,phases      ] GC(16)     Total                          Min: 0, Avg: 188.0, Max: 432, Diff: 432, Sum: 752, Workers: 4
[35.711s][debug][gc,phases      ] GC(16)   ObjectSynchronizer Weak        Min:  0.0, Avg:  0.0, Max:  0.0, Diff:  0.0, Sum:  0.0, Workers: 4
[35.711s][debug][gc,phases      ] GC(16)     Dead                           Min: 0, Avg:  0.0, Max: 0, Diff: 0, Sum: 0, Workers: 4
[35.711s][debug][gc,phases      ] GC(16)     Total                          Min: 0, Avg:  6.8, Max: 27, Diff: 27, Sum: 27, Workers: 4
[35.711s][debug][gc,phases      ] GC(16)   JVMTI Tag Weak OopStorage      Min:  0.0, Avg:  0.0, Max:  0.0, Diff:  0.0, Sum:  0.0, Workers: 4
[35.711s][debug][gc,phases      ] GC(16)     Dead                           Min: 0, Avg:  0.0, Max: 0, Diff: 0, Sum: 0, Workers: 4
[35.711s][debug][gc,phases      ] GC(16)     Total                          Min: 0, Avg:  0.0, Max: 0, Diff: 0, Sum: 0, Workers: 4
[35.711s][debug][gc,phases      ] GC(16)   StringTable Weak               Min:  0.0, Avg:  0.1, Max:  0.1, Diff:  0.1, Sum:  0.4, Workers: 4
[35.711s][debug][gc,phases      ] GC(16)     Dead                           Min: 0, Avg:  0.2, Max: 1, Diff: 1, Sum: 1, Workers: 4
[35.711s][debug][gc,phases      ] GC(16)     Total                          Min: 0, Avg: 10466.0, Max: 14080, Diff: 14080, Sum: 41864, Workers: 4
[35.711s][debug][gc,phases      ] GC(16)   ResolvedMethodTable Weak       Min:  0.0, Avg:  0.0, Max:  0.0, Diff:  0.0, Sum:  0.1, Workers: 4
[35.711s][debug][gc,phases      ] GC(16)     Dead                           Min: 0, Avg:  0.0, Max: 0, Diff: 0, Sum: 0, Workers: 4
[35.711s][debug][gc,phases      ] GC(16)     Total                          Min: 0, Avg: 2091.8, Max: 2928, Diff: 2928, Sum: 8367, Workers: 4
[35.711s][debug][gc,phases      ] GC(16)   JNI Weak                       Min:  0.0, Avg:  0.0, Max:  0.0, Diff:  0.0, Sum:  0.0, Workers: 4
[35.711s][debug][gc,phases      ] GC(16)     Dead                           Min: 0, Avg:  0.0, Max: 0, Diff: 0, Sum: 0, Workers: 4
[35.711s][debug][gc,phases      ] GC(16)     Total                          Min: 0, Avg: 14.8, Max: 50, Diff: 50, Sum: 59, Workers: 4
[35.711s][debug][gc,phases      ] GC(16)   StringDedup Table Weak         Min:  0.0, Avg:  0.0, Max:  0.0, Diff:  0.0, Sum:  0.0, Workers: 4
[35.711s][debug][gc,phases      ] GC(16)     Dead                           Min: 0, Avg:  0.0, Max: 0, Diff: 0, Sum: 0, Workers: 4
[35.711s][debug][gc,phases      ] GC(16)     Total                          Min: 0, Avg:  0.0, Max: 0, Diff: 0, Sum: 0, Workers: 4
[35.711s][debug][gc,phases      ] GC(16)   StringDedup Requests0 Weak     Min:  0.0, Avg:  0.0, Max:  0.0, Diff:  0.0, Sum:  0.0, Workers: 4
[35.711s][debug][gc,phases      ] GC(16)     Dead                           Min: 0, Avg:  0.0, Max: 0, Diff: 0, Sum: 0, Workers: 4
[35.711s][debug][gc,phases      ] GC(16)     Total                          Min: 0, Avg:  0.0, Max: 0, Diff: 0, Sum: 0, Workers: 4
[35.711s][debug][gc,phases      ] GC(16)   StringDedup Requests1 Weak     Min:  0.0, Avg:  0.0, Max:  0.0, Diff:  0.0, Sum:  0.0, Workers: 4
[35.711s][debug][gc,phases      ] GC(16)     Dead                           Min: 0, Avg:  0.0, Max: 0, Diff: 0, Sum: 0, Workers: 4
[35.711s][debug][gc,phases      ] GC(16)     Total                          Min: 0, Avg:  0.0, Max: 0, Diff: 0, Sum: 0, Workers: 4
[35.711s][debug][gc,phases      ] GC(16)   Weak JFR Old Object Samples    Min:  0.0, Avg:  0.0, Max:  0.0, Diff:  0.0, Sum:  0.0, Workers: 4
[35.711s][debug][gc,phases      ] GC(16)     Dead                           Min: 0, Avg:  0.0, Max: 0, Diff: 0, Sum: 0, Workers: 4
[35.711s][debug][gc,phases      ] GC(16)     Total                          Min: 0, Avg:  0.0, Max: 0, Diff: 0, Sum: 0, Workers: 4
[35.711s][debug][gc,phases      ] GC(16) Weak Processing 0.419ms
[35.711s][debug][gc,age         ] GC(16) Desired survivor size 536870912 bytes, new threshold 1 (max threshold 15)
[35.711s][info ][gc,heap        ] GC(16) PSYoungGen: 1127104K(1572864K)->101088K(1572864K) Eden: 1048576K(1048576K)->0K(1048576K) From: 78528K(524288K)->101088K(524288K)
[35.711s][info ][gc,heap        ] GC(16) ParOldGen: 354951K(482816K)->368816K(482816K)
[35.711s][info ][gc,metaspace   ] GC(16) Metaspace: 77322K(78272K)->77322K(78272K) NonClass: 66170K(66688K)->66170K(66688K) Class: 11152K(11584K)->11152K(11584K)
[35.711s][info ][gc             ] GC(16) Pause Young (Allocation Failure) 1447M->458M(2007M) 55.149ms
[35.711s][info ][gc,cpu         ] GC(16) User=0.20s Sys=0.00s Real=0.06s
[35.712s][info ][safepoint      ] Safepoint "ParallelGCFailedAllocation", Time since last: 157504398 ns, Reaching safepoint: 143305 ns, At safepoint: 55246639 ns, Total: 55389944 ns
[36.702s][info ][safepoint      ] Safepoint "ICBufferFull", Time since last: 990130229 ns, Reaching safepoint: 234909 ns, At safepoint: 3401 ns, Total: 238310 ns
[37.702s][info ][safepoint      ] Safepoint "Cleanup", Time since last: 1000116616 ns, Reaching safepoint: 216108 ns, At safepoint: 5400 ns, Total: 221508 ns
[38.703s][info ][safepoint      ] Safepoint "Cleanup", Time since last: 1000116816 ns, Reaching safepoint: 223709 ns, At safepoint: 4800 ns, Total: 228509 ns
[39.752s][info ][safepoint      ] Safepoint "ICBufferFull", Time since last: 1048742399 ns, Reaching safepoint: 185907 ns, At safepoint: 2500 ns, Total: 188407 ns
[40.904s][info ][safepoint      ] Safepoint "Cleanup", Time since last: 1152422312 ns, Reaching safepoint: 213608 ns, At safepoint: 6301 ns, Total: 219909 ns
[41.904s][info ][safepoint      ] Safepoint "Cleanup", Time since last: 1000111416 ns, Reaching safepoint: 193807 ns, At safepoint: 4900 ns, Total: 198707 ns
[42.905s][info ][safepoint      ] Safepoint "Cleanup", Time since last: 1000111816 ns, Reaching safepoint: 138006 ns, At safepoint: 5200 ns, Total: 143206 ns
[43.905s][info ][safepoint      ] Safepoint "Cleanup", Time since last: 1000113819 ns, Reaching safepoint: 138704 ns, At safepoint: 5300 ns, Total: 144004 ns
[44.905s][info ][safepoint      ] Safepoint "Cleanup", Time since last: 1000138461 ns, Reaching safepoint: 125003 ns, At safepoint: 8501 ns, Total: 133504 ns
[45.906s][info ][safepoint      ] Safepoint "Cleanup", Time since last: 1000123160 ns, Reaching safepoint: 237307 ns, At safepoint: 11000 ns, Total: 248307 ns
[47.656s][info ][safepoint      ] Safepoint "Cleanup", Time since last: 1750333329 ns, Reaching safepoint: 274411 ns, At safepoint: 9800 ns, Total: 284211 ns
[48.656s][info ][safepoint      ] Safepoint "Cleanup", Time since last: 1000128488 ns, Reaching safepoint: 73602 ns, At safepoint: 7001 ns, Total: 80603 ns
[49.657s][info ][safepoint      ] Safepoint "Cleanup", Time since last: 1000121687 ns, Reaching safepoint: 76103 ns, At safepoint: 2900 ns, Total: 79003 ns
[50.657s][info ][safepoint      ] Safepoint "Cleanup", Time since last: 1000133288 ns, Reaching safepoint: 131305 ns, At safepoint: 10400 ns, Total: 141705 ns
[52.207s][info ][safepoint      ] Safepoint "Cleanup", Time since last: 1550089022 ns, Reaching safepoint: 99004 ns, At safepoint: 2200 ns, Total: 101204 ns
[52.901s][info ][gc,start       ] GC(17) Pause Young (Allocation Failure)
[52.954s][debug][gc,phases      ] GC(17) Scavenge 53.143ms
[52.954s][debug][gc,ref         ] GC(17) Skipped phase 1 of Reference Processing: no references
[52.954s][debug][gc,ref         ] GC(17) ReferenceProcessor::execute queues: 1, RefProcThreadModel::Single, marks_oops_alive: false
[52.954s][debug][gc,ref         ] GC(17) Skipped phase 3 of Reference Processing: no references
[52.954s][debug][gc,ref         ] GC(17) ReferenceProcessor::execute queues: 1, RefProcThreadModel::Single, marks_oops_alive: false
[52.954s][debug][gc,phases      ] GC(17) Reference Processing 0.137ms
[52.954s][debug][gc,phases      ] GC(17)   VM Weak                        Min:  0.0, Avg:  0.0, Max:  0.0, Diff:  0.0, Sum:  0.0, Workers: 4
[52.954s][debug][gc,phases      ] GC(17)     Dead                           Min: 0, Avg:  0.0, Max: 0, Diff: 0, Sum: 0, Workers: 4
[52.954s][debug][gc,phases      ] GC(17)     Total                          Min: 0, Avg: 192.0, Max: 768, Diff: 768, Sum: 768, Workers: 4
[52.954s][debug][gc,phases      ] GC(17)   ObjectSynchronizer Weak        Min:  0.0, Avg:  0.0, Max:  0.0, Diff:  0.0, Sum:  0.0, Workers: 4
[52.954s][debug][gc,phases      ] GC(17)     Dead                           Min: 0, Avg:  0.0, Max: 0, Diff: 0, Sum: 0, Workers: 4
[52.954s][debug][gc,phases      ] GC(17)     Total                          Min: 0, Avg:  7.0, Max: 28, Diff: 28, Sum: 28, Workers: 4
[52.954s][debug][gc,phases      ] GC(17)   JVMTI Tag Weak OopStorage      Min:  0.0, Avg:  0.0, Max:  0.0, Diff:  0.0, Sum:  0.0, Workers: 4
[52.954s][debug][gc,phases      ] GC(17)     Dead                           Min: 0, Avg:  0.0, Max: 0, Diff: 0, Sum: 0, Workers: 4
[52.954s][debug][gc,phases      ] GC(17)     Total                          Min: 0, Avg:  0.0, Max: 0, Diff: 0, Sum: 0, Workers: 4
[52.954s][debug][gc,phases      ] GC(17)   StringTable Weak               Min:  0.0, Avg:  0.1, Max:  0.1, Diff:  0.1, Sum:  0.4, Workers: 4
[52.954s][debug][gc,phases      ] GC(17)     Dead                           Min: 0, Avg:  0.2, Max: 1, Diff: 1, Sum: 1, Workers: 4
[52.954s][debug][gc,phases      ] GC(17)     Total                          Min: 0, Avg: 10562.5, Max: 17162, Diff: 17162, Sum: 42250, Workers: 4
[52.954s][debug][gc,phases      ] GC(17)   ResolvedMethodTable Weak       Min:  0.0, Avg:  0.0, Max:  0.0, Diff:  0.0, Sum:  0.1, Workers: 4
[52.954s][debug][gc,phases      ] GC(17)     Dead                           Min: 0, Avg:  6.2, Max: 25, Diff: 25, Sum: 25, Workers: 4
[52.955s][debug][gc,phases      ] GC(17)     Total                          Min: 0, Avg: 2128.2, Max: 3136, Diff: 3136, Sum: 8513, Workers: 4
[52.955s][debug][gc,phases      ] GC(17)   JNI Weak                       Min:  0.0, Avg:  0.0, Max:  0.0, Diff:  0.0, Sum:  0.0, Workers: 4
[52.955s][debug][gc,phases      ] GC(17)     Dead                           Min: 0, Avg:  0.0, Max: 0, Diff: 0, Sum: 0, Workers: 4
[52.955s][debug][gc,phases      ] GC(17)     Total                          Min: 0, Avg: 11.2, Max: 45, Diff: 45, Sum: 45, Workers: 4
[52.955s][debug][gc,phases      ] GC(17)   StringDedup Table Weak         Min:  0.0, Avg:  0.0, Max:  0.0, Diff:  0.0, Sum:  0.0, Workers: 4
[52.955s][debug][gc,phases      ] GC(17)     Dead                           Min: 0, Avg:  0.0, Max: 0, Diff: 0, Sum: 0, Workers: 4
[52.955s][debug][gc,phases      ] GC(17)     Total                          Min: 0, Avg:  0.0, Max: 0, Diff: 0, Sum: 0, Workers: 4
[52.955s][debug][gc,phases      ] GC(17)   StringDedup Requests0 Weak     Min:  0.0, Avg:  0.0, Max:  0.0, Diff:  0.0, Sum:  0.0, Workers: 4
[52.955s][debug][gc,phases      ] GC(17)     Dead                           Min: 0, Avg:  0.0, Max: 0, Diff: 0, Sum: 0, Workers: 4
[52.955s][debug][gc,phases      ] GC(17)     Total                          Min: 0, Avg:  0.0, Max: 0, Diff: 0, Sum: 0, Workers: 4
[52.955s][debug][gc,phases      ] GC(17)   StringDedup Requests1 Weak     Min:  0.0, Avg:  0.0, Max:  0.0, Diff:  0.0, Sum:  0.0, Workers: 4
[52.955s][debug][gc,phases      ] GC(17)     Dead                           Min: 0, Avg:  0.0, Max: 0, Diff: 0, Sum: 0, Workers: 4
[52.955s][debug][gc,phases      ] GC(17)     Total                          Min: 0, Avg:  0.0, Max: 0, Diff: 0, Sum: 0, Workers: 4
[52.955s][debug][gc,phases      ] GC(17)   Weak JFR Old Object Samples    Min:  0.0, Avg:  0.0, Max:  0.0, Diff:  0.0, Sum:  0.0, Workers: 4
[52.955s][debug][gc,phases      ] GC(17)     Dead                           Min: 0, Avg:  0.0, Max: 0, Diff: 0, Sum: 0, Workers: 4
[52.955s][debug][gc,phases      ] GC(17)     Total                          Min: 0, Avg:  0.0, Max: 0, Diff: 0, Sum: 0, Workers: 4
[52.955s][debug][gc,phases      ] GC(17) Weak Processing 0.364ms
[52.955s][debug][gc,age         ] GC(17) Desired survivor size 536870912 bytes, new threshold 1 (max threshold 15)
[52.955s][info ][gc,heap        ] GC(17) PSYoungGen: 1149664K(1572864K)->2480K(1572864K) Eden: 1048576K(1048576K)->0K(1048576K) From: 101088K(524288K)->2480K(524288K)
[52.955s][info ][gc,heap        ] GC(17) ParOldGen: 368816K(482816K)->471907K(482816K)
[52.955s][info ][gc,metaspace   ] GC(17) Metaspace: 77915K(78848K)->77915K(78848K) NonClass: 66709K(67200K)->66709K(67200K) Class: 11206K(11648K)->11206K(11648K)
[52.955s][info ][gc             ] GC(17) Pause Young (Allocation Failure) 1482M->463M(2007M) 53.783ms
[52.955s][info ][gc,cpu         ] GC(17) User=0.17s Sys=0.03s Real=0.05s
[52.955s][debug][gc,phases      ] GC(18) Pre Compact 0.009ms
[52.955s][info ][gc,start       ] GC(18) Pause Full (Ergonomics)
[52.955s][info ][gc,phases,start] GC(18) Marking Phase
[53.092s][debug][gc,phases      ] GC(18) Par Mark 137.406ms
[53.092s][debug][gc,ref         ] GC(18) Skipped phase 1 of Reference Processing: no references
[53.092s][debug][gc,ref         ] GC(18) ReferenceProcessor::execute queues: 4, RefProcThreadModel::Multi, marks_oops_alive: false
[53.093s][debug][gc,ref         ] GC(18) ReferenceProcessor::execute queues: 4, RefProcThreadModel::Multi, marks_oops_alive: true
[53.093s][debug][gc,ref         ] GC(18) ReferenceProcessor::execute queues: 1, RefProcThreadModel::Single, marks_oops_alive: false
[53.093s][debug][gc,phases      ] GC(18) Reference Processing 0.648ms
[53.093s][debug][gc,phases      ] GC(18)   VM Weak                        Min:  0.0, Avg:  0.0, Max:  0.0, Diff:  0.0, Sum:  0.0, Workers: 4
[53.093s][debug][gc,phases      ] GC(18)     Dead                           Min: 0, Avg:  0.0, Max: 0, Diff: 0, Sum: 0, Workers: 4
[53.093s][debug][gc,phases      ] GC(18)     Total                          Min: 0, Avg: 192.0, Max: 448, Diff: 448, Sum: 768, Workers: 4
[53.093s][debug][gc,phases      ] GC(18)   ObjectSynchronizer Weak        Min:  0.0, Avg:  0.0, Max:  0.0, Diff:  0.0, Sum:  0.0, Workers: 4
[53.093s][debug][gc,phases      ] GC(18)     Dead                           Min: 0, Avg:  0.2, Max: 1, Diff: 1, Sum: 1, Workers: 4
[53.093s][debug][gc,phases      ] GC(18)     Total                          Min: 0, Avg:  7.0, Max: 28, Diff: 28, Sum: 28, Workers: 4
[53.093s][debug][gc,phases      ] GC(18)   JVMTI Tag Weak OopStorage      Min:  0.0, Avg:  0.0, Max:  0.0, Diff:  0.0, Sum:  0.0, Workers: 4
[53.093s][debug][gc,phases      ] GC(18)     Dead                           Min: 0, Avg:  0.0, Max: 0, Diff: 0, Sum: 0, Workers: 4
[53.093s][debug][gc,phases      ] GC(18)     Total                          Min: 0, Avg:  0.0, Max: 0, Diff: 0, Sum: 0, Workers: 4
[53.093s][debug][gc,phases      ] GC(18)   StringTable Weak               Min:  0.0, Avg:  0.2, Max:  0.2, Diff:  0.2, Sum:  0.6, Workers: 4
[53.093s][debug][gc,phases      ] GC(18)     Dead                           Min: 0, Avg:  0.0, Max: 0, Diff: 0, Sum: 0, Workers: 4
[53.093s][debug][gc,phases      ] GC(18)     Total                          Min: 0, Avg: 10562.5, Max: 16000, Diff: 16000, Sum: 42250, Workers: 4
[53.093s][debug][gc,phases      ] GC(18)   ResolvedMethodTable Weak       Min:  0.0, Avg:  0.0, Max:  0.0, Diff:  0.0, Sum:  0.1, Workers: 4
[53.093s][debug][gc,phases      ] GC(18)     Dead                           Min: 0, Avg:  0.0, Max: 0, Diff: 0, Sum: 0, Workers: 4
[53.093s][debug][gc,phases      ] GC(18)     Total                          Min: 0, Avg: 2128.2, Max: 3264, Diff: 3264, Sum: 8513, Workers: 4
[53.093s][debug][gc,phases      ] GC(18)   JNI Weak                       Min:  0.0, Avg:  0.0, Max:  0.0, Diff:  0.0, Sum:  0.0, Workers: 4
[53.093s][debug][gc,phases      ] GC(18)     Dead                           Min: 0, Avg:  0.0, Max: 0, Diff: 0, Sum: 0, Workers: 4
[53.093s][debug][gc,phases      ] GC(18)     Total                          Min: 0, Avg: 11.2, Max: 45, Diff: 45, Sum: 45, Workers: 4
[53.093s][debug][gc,phases      ] GC(18)   StringDedup Table Weak         Min:  0.0, Avg:  0.0, Max:  0.0, Diff:  0.0, Sum:  0.0, Workers: 4
[53.093s][debug][gc,phases      ] GC(18)     Dead                           Min: 0, Avg:  0.0, Max: 0, Diff: 0, Sum: 0, Workers: 4
[53.093s][debug][gc,phases      ] GC(18)     Total                          Min: 0, Avg:  0.0, Max: 0, Diff: 0, Sum: 0, Workers: 4
[53.093s][debug][gc,phases      ] GC(18)   StringDedup Requests0 Weak     Min:  0.0, Avg:  0.0, Max:  0.0, Diff:  0.0, Sum:  0.0, Workers: 4
[53.093s][debug][gc,phases      ] GC(18)     Dead                           Min: 0, Avg:  0.0, Max: 0, Diff: 0, Sum: 0, Workers: 4
[53.093s][debug][gc,phases      ] GC(18)     Total                          Min: 0, Avg:  0.0, Max: 0, Diff: 0, Sum: 0, Workers: 4
[53.093s][debug][gc,phases      ] GC(18)   StringDedup Requests1 Weak     Min:  0.0, Avg:  0.0, Max:  0.0, Diff:  0.0, Sum:  0.0, Workers: 4
[53.093s][debug][gc,phases      ] GC(18)     Dead                           Min: 0, Avg:  0.0, Max: 0, Diff: 0, Sum: 0, Workers: 4
[53.093s][debug][gc,phases      ] GC(18)     Total                          Min: 0, Avg:  0.0, Max: 0, Diff: 0, Sum: 0, Workers: 4
[53.093s][debug][gc,phases      ] GC(18)   Weak JFR Old Object Samples    Min:  0.0, Avg:  0.0, Max:  0.0, Diff:  0.0, Sum:  0.0, Workers: 4
[53.093s][debug][gc,phases      ] GC(18)     Dead                           Min: 0, Avg:  0.0, Max: 0, Diff: 0, Sum: 0, Workers: 4
[53.093s][debug][gc,phases      ] GC(18)     Total                          Min: 0, Avg:  0.0, Max: 0, Diff: 0, Sum: 0, Workers: 4
[53.093s][debug][gc,phases      ] GC(18) Weak Processing 0.467ms
[53.093s][debug][gc,phases      ] GC(18) ClassLoaderData 0.100ms
[53.093s][debug][gc,phases      ] GC(18) Trigger cleanups 0.000ms
[53.111s][debug][gc,phases      ] GC(18) Class Unloading 17.807ms
[53.111s][info ][gc,phases      ] GC(18) Marking Phase 156.552ms
[53.111s][info ][gc,phases,start] GC(18) Summary Phase
[53.111s][info ][gc,phases      ] GC(18) Summary Phase 0.018ms
[53.111s][info ][gc,phases,start] GC(18) Adjust Roots
[53.125s][info ][gc,phases      ] GC(18) Adjust Roots 13.562ms
[53.125s][info ][gc,phases,start] GC(18) Compaction Phase
[53.276s][info ][gc,phases      ] GC(18) Compaction Phase 150.888ms
[53.276s][info ][gc,phases,start] GC(18) Post Compact
[53.278s][info ][gc,phases      ] GC(18) Post Compact 1.839ms
[53.278s][info ][gc,heap        ] GC(18) PSYoungGen: 2480K(1572864K)->0K(1572864K) Eden: 0K(1048576K)->0K(1048576K) From: 2480K(524288K)->0K(524288K)
[53.278s][info ][gc,heap        ] GC(18) ParOldGen: 471907K(482816K)->426362K(621568K)
[53.278s][info ][gc,metaspace   ] GC(18) Metaspace: 77915K(78848K)->77915K(78848K) NonClass: 66709K(67200K)->66709K(67200K) Class: 11206K(11648K)->11206K(11648K)
[53.278s][info ][gc             ] GC(18) Pause Full (Ergonomics) 463M->416M(2143M) 323.253ms
[53.278s][info ][gc,cpu         ] GC(18) User=1.01s Sys=0.01s Real=0.33s
[53.278s][info ][safepoint      ] Safepoint "ParallelGCFailedAllocation", Time since last: 693625637 ns, Reaching safepoint: 70803 ns, At safepoint: 377173284 ns, Total: 377244087 ns
[54.278s][info ][safepoint      ] Safepoint "Cleanup", Time since last: 1000095607 ns, Reaching safepoint: 87103 ns, At safepoint: 6400 ns, Total: 93503 ns
[55.278s][info ][safepoint      ] Safepoint "Cleanup", Time since last: 1000091707 ns, Reaching safepoint: 63602 ns, At safepoint: 2500 ns, Total: 66102 ns
[56.279s][info ][safepoint      ] Safepoint "Cleanup", Time since last: 1000111807 ns, Reaching safepoint: 70703 ns, At safepoint: 3000 ns, Total: 73703 ns
[57.279s][info ][safepoint      ] Safepoint "Cleanup", Time since last: 1000110207 ns, Reaching safepoint: 89703 ns, At safepoint: 2801 ns, Total: 92504 ns
[58.707s][info ][safepoint      ] Safepoint "Cleanup", Time since last: 1427777730 ns, Reaching safepoint: 135505 ns, At safepoint: 5301 ns, Total: 140806 ns
[60.399s][info ][safepoint      ] Safepoint "Cleanup", Time since last: 1692303528 ns, Reaching safepoint: 137005 ns, At safepoint: 10500 ns, Total: 147505 ns
[61.399s][info ][safepoint      ] Safepoint "Cleanup", Time since last: 1000114350 ns, Reaching safepoint: 157905 ns, At safepoint: 5601 ns, Total: 163506 ns
[62.400s][info ][safepoint      ] Safepoint "Cleanup", Time since last: 1000151351 ns, Reaching safepoint: 135905 ns, At safepoint: 8500 ns, Total: 144405 ns
[63.400s][info ][safepoint      ] Safepoint "Cleanup", Time since last: 1000120350 ns, Reaching safepoint: 157106 ns, At safepoint: 13100 ns, Total: 170206 ns
[64.400s][info ][safepoint      ] Safepoint "Cleanup", Time since last: 1000118550 ns, Reaching safepoint: 118104 ns, At safepoint: 5601 ns, Total: 123705 ns
[65.400s][info ][safepoint      ] Safepoint "Cleanup", Time since last: 1000114649 ns, Reaching safepoint: 133005 ns, At safepoint: 6600 ns, Total: 139605 ns
[66.401s][info ][safepoint      ] Safepoint "Cleanup", Time since last: 1000141922 ns, Reaching safepoint: 142205 ns, At safepoint: 6101 ns, Total: 148306 ns
[67.401s][info ][safepoint      ] Safepoint "Cleanup", Time since last: 1000142398 ns, Reaching safepoint: 126604 ns, At safepoint: 5801 ns, Total: 132405 ns
[68.401s][info ][safepoint      ] Safepoint "Cleanup", Time since last: 1000116121 ns, Reaching safepoint: 149705 ns, At safepoint: 7600 ns, Total: 157305 ns
[69.402s][info ][safepoint      ] Safepoint "Cleanup", Time since last: 1000129722 ns, Reaching safepoint: 147605 ns, At safepoint: 6001 ns, Total: 153606 ns
[70.402s][info ][safepoint      ] Safepoint "Cleanup", Time since last: 1000157422 ns, Reaching safepoint: 144206 ns, At safepoint: 5500 ns, Total: 149706 ns
[71.402s][info ][safepoint      ] Safepoint "Cleanup", Time since last: 1000130122 ns, Reaching safepoint: 180906 ns, At safepoint: 6700 ns, Total: 187606 ns
[72.402s][info ][safepoint      ] Safepoint "Cleanup", Time since last: 1000122222 ns, Reaching safepoint: 139205 ns, At safepoint: 4200 ns, Total: 143405 ns
[73.403s][info ][safepoint      ] Safepoint "Cleanup", Time since last: 1000128522 ns, Reaching safepoint: 155905 ns, At safepoint: 5300 ns, Total: 161205 ns
[74.403s][info ][safepoint      ] Safepoint "Cleanup", Time since last: 1000120922 ns, Reaching safepoint: 126604 ns, At safepoint: 5701 ns, Total: 132305 ns
[75.403s][info ][safepoint      ] Safepoint "Cleanup", Time since last: 1000120833 ns, Reaching safepoint: 135905 ns, At safepoint: 5201 ns, Total: 141106 ns
[76.404s][info ][safepoint      ] Safepoint "Cleanup", Time since last: 1000122076 ns, Reaching safepoint: 125404 ns, At safepoint: 5701 ns, Total: 131105 ns
[77.404s][info ][safepoint      ] Safepoint "Cleanup", Time since last: 1000126376 ns, Reaching safepoint: 150605 ns, At safepoint: 9201 ns, Total: 159806 ns
[78.404s][info ][safepoint      ] Safepoint "Cleanup", Time since last: 1000128276 ns, Reaching safepoint: 171706 ns, At safepoint: 8501 ns, Total: 180207 ns
[79.404s][info ][safepoint      ] Safepoint "Cleanup", Time since last: 1000120776 ns, Reaching safepoint: 131405 ns, At safepoint: 5000 ns, Total: 136405 ns
[80.405s][info ][safepoint      ] Safepoint "Cleanup", Time since last: 1000113176 ns, Reaching safepoint: 123104 ns, At safepoint: 6201 ns, Total: 129305 ns
[82.005s][info ][safepoint      ] Safepoint "Cleanup", Time since last: 1599897710 ns, Reaching safepoint: 168806 ns, At safepoint: 5201 ns, Total: 174007 ns
[83.005s][info ][safepoint      ] Safepoint "Cleanup", Time since last: 1000162877 ns, Reaching safepoint: 137705 ns, At safepoint: 10101 ns, Total: 147806 ns
[84.005s][info ][safepoint      ] Safepoint "Cleanup", Time since last: 1000110534 ns, Reaching safepoint: 124905 ns, At safepoint: 5600 ns, Total: 130505 ns
[85.005s][info ][safepoint      ] Safepoint "Cleanup", Time since last: 1000097661 ns, Reaching safepoint: 107103 ns, At safepoint: 7301 ns, Total: 114404 ns
[86.006s][info ][safepoint      ] Safepoint "Cleanup", Time since last: 1000102861 ns, Reaching safepoint: 47701 ns, At safepoint: 2300 ns, Total: 50001 ns
[87.006s][info ][safepoint      ] Safepoint "Cleanup", Time since last: 1000119862 ns, Reaching safepoint: 55802 ns, At safepoint: 6300 ns, Total: 62102 ns
[88.006s][info ][safepoint      ] Safepoint "Cleanup", Time since last: 1000130162 ns, Reaching safepoint: 127805 ns, At safepoint: 7000 ns, Total: 134805 ns
[89.006s][info ][safepoint      ] Safepoint "Cleanup", Time since last: 1000109561 ns, Reaching safepoint: 65902 ns, At safepoint: 2801 ns, Total: 68703 ns
[90.006s][info ][safepoint      ] Safepoint "Cleanup", Time since last: 1000108861 ns, Reaching safepoint: 42501 ns, At safepoint: 3900 ns, Total: 46401 ns
[91.007s][info ][safepoint      ] Safepoint "Cleanup", Time since last: 1000112869 ns, Reaching safepoint: 47901 ns, At safepoint: 3701 ns, Total: 51602 ns
[92.007s][info ][safepoint      ] Safepoint "Cleanup", Time since last: 1000133196 ns, Reaching safepoint: 44202 ns, At safepoint: 2900 ns, Total: 47102 ns
[93.007s][info ][safepoint      ] Safepoint "Cleanup", Time since last: 1000135603 ns, Reaching safepoint: 113304 ns, At safepoint: 5300 ns, Total: 118604 ns
[94.007s][info ][safepoint      ] Safepoint "Cleanup", Time since last: 1000107502 ns, Reaching safepoint: 48602 ns, At safepoint: 2100 ns, Total: 50702 ns
[95.007s][info ][safepoint      ] Safepoint "Cleanup", Time since last: 1000108402 ns, Reaching safepoint: 40101 ns, At safepoint: 3001 ns, Total: 43102 ns
[96.007s][info ][safepoint      ] Safepoint "Cleanup", Time since last: 1000110802 ns, Reaching safepoint: 104004 ns, At safepoint: 2400 ns, Total: 106404 ns
[96.148s][info ][gc,start       ] GC(19) Pause Young (Allocation Failure)
[96.151s][debug][gc,phases      ] GC(19) Scavenge 2.941ms
[96.151s][debug][gc,ref         ] GC(19) Skipped phase 1 of Reference Processing: no references
[96.151s][debug][gc,ref         ] GC(19) ReferenceProcessor::execute queues: 1, RefProcThreadModel::Single, marks_oops_alive: false
[96.151s][debug][gc,ref         ] GC(19) Skipped phase 3 of Reference Processing: no references
[96.151s][debug][gc,ref         ] GC(19) ReferenceProcessor::execute queues: 1, RefProcThreadModel::Single, marks_oops_alive: false
[96.151s][debug][gc,phases      ] GC(19) Reference Processing 0.101ms
[96.151s][debug][gc,phases      ] GC(19)   VM Weak                        Min:  0.0, Avg:  0.0, Max:  0.0, Diff:  0.0, Sum:  0.0, Workers: 4
[96.151s][debug][gc,phases      ] GC(19)     Dead                           Min: 0, Avg:  0.0, Max: 0, Diff: 0, Sum: 0, Workers: 4
[96.151s][debug][gc,phases      ] GC(19)     Total                          Min: 0, Avg: 192.0, Max: 384, Diff: 384, Sum: 768, Workers: 4
[96.151s][debug][gc,phases      ] GC(19)   ObjectSynchronizer Weak        Min:  0.0, Avg:  0.0, Max:  0.0, Diff:  0.0, Sum:  0.0, Workers: 4
[96.151s][debug][gc,phases      ] GC(19)     Dead                           Min: 0, Avg:  0.0, Max: 0, Diff: 0, Sum: 0, Workers: 4
[96.151s][debug][gc,phases      ] GC(19)     Total                          Min: 0, Avg:  7.0, Max: 28, Diff: 28, Sum: 28, Workers: 4
[96.151s][debug][gc,phases      ] GC(19)   JVMTI Tag Weak OopStorage      Min:  0.0, Avg:  0.0, Max:  0.0, Diff:  0.0, Sum:  0.0, Workers: 4
[96.151s][debug][gc,phases      ] GC(19)     Dead                           Min: 0, Avg:  0.0, Max: 0, Diff: 0, Sum: 0, Workers: 4
[96.151s][debug][gc,phases      ] GC(19)     Total                          Min: 0, Avg:  0.0, Max: 0, Diff: 0, Sum: 0, Workers: 4
[96.151s][debug][gc,phases      ] GC(19)   StringTable Weak               Min:  0.0, Avg:  0.1, Max:  0.1, Diff:  0.1, Sum:  0.3, Workers: 4
[96.151s][debug][gc,phases      ] GC(19)     Dead                           Min: 0, Avg:  0.2, Max: 1, Diff: 1, Sum: 1, Workers: 4
[96.151s][debug][gc,phases      ] GC(19)     Total                          Min: 0, Avg: 10577.0, Max: 15684, Diff: 15684, Sum: 42308, Workers: 4
[96.151s][debug][gc,phases      ] GC(19)   ResolvedMethodTable Weak       Min:  0.0, Avg:  0.0, Max:  0.0, Diff:  0.0, Sum:  0.1, Workers: 4
[96.151s][debug][gc,phases      ] GC(19)     Dead                           Min: 0, Avg:  0.2, Max: 1, Diff: 1, Sum: 1, Workers: 4
[96.151s][debug][gc,phases      ] GC(19)     Total                          Min: 0, Avg: 2129.8, Max: 3584, Diff: 3584, Sum: 8519, Workers: 4
[96.151s][debug][gc,phases      ] GC(19)   JNI Weak                       Min:  0.0, Avg:  0.0, Max:  0.0, Diff:  0.0, Sum:  0.0, Workers: 4
[96.151s][debug][gc,phases      ] GC(19)     Dead                           Min: 0, Avg:  0.0, Max: 0, Diff: 0, Sum: 0, Workers: 4
[96.151s][debug][gc,phases      ] GC(19)     Total                          Min: 0, Avg: 11.2, Max: 45, Diff: 45, Sum: 45, Workers: 4
[96.151s][debug][gc,phases      ] GC(19)   StringDedup Table Weak         Min:  0.0, Avg:  0.0, Max:  0.0, Diff:  0.0, Sum:  0.0, Workers: 4
[96.151s][debug][gc,phases      ] GC(19)     Dead                           Min: 0, Avg:  0.0, Max: 0, Diff: 0, Sum: 0, Workers: 4
[96.151s][debug][gc,phases      ] GC(19)     Total                          Min: 0, Avg:  0.0, Max: 0, Diff: 0, Sum: 0, Workers: 4
[96.151s][debug][gc,phases      ] GC(19)   StringDedup Requests0 Weak     Min:  0.0, Avg:  0.0, Max:  0.0, Diff:  0.0, Sum:  0.0, Workers: 4
[96.151s][debug][gc,phases      ] GC(19)     Dead                           Min: 0, Avg:  0.0, Max: 0, Diff: 0, Sum: 0, Workers: 4
[96.151s][debug][gc,phases      ] GC(19)     Total                          Min: 0, Avg:  0.0, Max: 0, Diff: 0, Sum: 0, Workers: 4
[96.151s][debug][gc,phases      ] GC(19)   StringDedup Requests1 Weak     Min:  0.0, Avg:  0.0, Max:  0.0, Diff:  0.0, Sum:  0.0, Workers: 4
[96.151s][debug][gc,phases      ] GC(19)     Dead                           Min: 0, Avg:  0.0, Max: 0, Diff: 0, Sum: 0, Workers: 4
[96.151s][debug][gc,phases      ] GC(19)     Total                          Min: 0, Avg:  0.0, Max: 0, Diff: 0, Sum: 0, Workers: 4
[96.151s][debug][gc,phases      ] GC(19)   Weak JFR Old Object Samples    Min:  0.0, Avg:  0.0, Max:  0.0, Diff:  0.0, Sum:  0.0, Workers: 4
[96.151s][debug][gc,phases      ] GC(19)     Dead                           Min: 0, Avg:  0.0, Max: 0, Diff: 0, Sum: 0, Workers: 4
[96.151s][debug][gc,phases      ] GC(19)     Total                          Min: 0, Avg:  0.0, Max: 0, Diff: 0, Sum: 0, Workers: 4
[96.151s][debug][gc,phases      ] GC(19) Weak Processing 0.347ms
[96.151s][debug][gc,age         ] GC(19) Desired survivor size 536870912 bytes, new threshold 1 (max threshold 15)
[96.151s][info ][gc,heap        ] GC(19) PSYoungGen: 1048576K(1572864K)->1376K(1572864K) Eden: 1048576K(1048576K)->0K(1048576K) From: 0K(524288K)->1376K(524288K)
[96.151s][info ][gc,heap        ] GC(19) ParOldGen: 426362K(621568K)->426362K(621568K)
[96.151s][info ][gc,metaspace   ] GC(19) Metaspace: 78137K(79104K)->78137K(79104K) NonClass: 66925K(67456K)->66925K(67456K) Class: 11212K(11648K)->11212K(11648K)
[96.151s][info ][gc             ] GC(19) Pause Young (Allocation Failure) 1440M->417M(2143M) 3.514ms
[96.151s][info ][gc,cpu         ] GC(19) User=0.00s Sys=0.00s Real=0.00s
[96.151s][info ][safepoint      ] Safepoint "ParallelGCFailedAllocation", Time since last: 140198243 ns, Reaching safepoint: 30601 ns, At safepoint: 3585434 ns, Total: 3616035 ns
[97.152s][info ][safepoint      ] Safepoint "Cleanup", Time since last: 1000095201 ns, Reaching safepoint: 123705 ns, At safepoint: 6000 ns, Total: 129705 ns
[98.152s][info ][safepoint      ] Safepoint "Cleanup", Time since last: 1000119203 ns, Reaching safepoint: 67002 ns, At safepoint: 8001 ns, Total: 75003 ns
[99.152s][info ][safepoint      ] Safepoint "Cleanup", Time since last: 1000124602 ns, Reaching safepoint: 129705 ns, At safepoint: 29601 ns, Total: 159306 ns
[100.152s][info ][safepoint      ] Safepoint "Cleanup", Time since last: 1000107272 ns, Reaching safepoint: 201007 ns, At safepoint: 9801 ns, Total: 210808 ns
[101.153s][info ][safepoint      ] Safepoint "Cleanup", Time since last: 1000092038 ns, Reaching safepoint: 125804 ns, At safepoint: 6601 ns, Total: 132405 ns
[102.153s][info ][safepoint      ] Safepoint "Cleanup", Time since last: 1000128039 ns, Reaching safepoint: 114604 ns, At safepoint: 7601 ns, Total: 122205 ns
[103.153s][info ][safepoint      ] Safepoint "Cleanup", Time since last: 1000137040 ns, Reaching safepoint: 122904 ns, At safepoint: 6100 ns, Total: 129004 ns
[104.153s][info ][safepoint      ] Safepoint "Cleanup", Time since last: 1000113739 ns, Reaching safepoint: 125305 ns, At safepoint: 27301 ns, Total: 152606 ns
[105.154s][info ][safepoint      ] Safepoint "Cleanup", Time since last: 1000114339 ns, Reaching safepoint: 122304 ns, At safepoint: 6501 ns, Total: 128805 ns
[106.154s][info ][safepoint      ] Safepoint "Cleanup", Time since last: 1000133139 ns, Reaching safepoint: 112705 ns, At safepoint: 5500 ns, Total: 118205 ns
[107.154s][info ][safepoint      ] Safepoint "Cleanup", Time since last: 1000119939 ns, Reaching safepoint: 122405 ns, At safepoint: 6400 ns, Total: 128805 ns
[108.154s][info ][safepoint      ] Safepoint "Cleanup", Time since last: 1000129995 ns, Reaching safepoint: 127103 ns, At safepoint: 5500 ns, Total: 132603 ns
[109.155s][info ][safepoint      ] Safepoint "Cleanup", Time since last: 1000121612 ns, Reaching safepoint: 52901 ns, At safepoint: 27001 ns, Total: 79902 ns
[110.155s][info ][safepoint      ] Safepoint "Cleanup", Time since last: 1000110311 ns, Reaching safepoint: 103003 ns, At safepoint: 6200 ns, Total: 109203 ns
[111.155s][info ][safepoint      ] Safepoint "Cleanup", Time since last: 1000123653 ns, Reaching safepoint: 59102 ns, At safepoint: 3000 ns, Total: 62102 ns
[112.155s][info ][safepoint      ] Safepoint "Cleanup", Time since last: 1000116414 ns, Reaching safepoint: 114504 ns, At safepoint: 5500 ns, Total: 120004 ns
[113.155s][info ][safepoint      ] Safepoint "Cleanup", Time since last: 1000119113 ns, Reaching safepoint: 44002 ns, At safepoint: 2800 ns, Total: 46802 ns
[114.156s][info ][safepoint      ] Safepoint "Cleanup", Time since last: 1000110213 ns, Reaching safepoint: 117605 ns, At safepoint: 8200 ns, Total: 125805 ns
[115.156s][info ][safepoint      ] Safepoint "Cleanup", Time since last: 1000075812 ns, Reaching safepoint: 42601 ns, At safepoint: 2600 ns, Total: 45201 ns
[118.156s][info ][safepoint      ] Safepoint "Cleanup", Time since last: 3000604580 ns, Reaching safepoint: 47302 ns, At safepoint: 2800 ns, Total: 50102 ns
[120.157s][info ][safepoint      ] Safepoint "Cleanup", Time since last: 2000181538 ns, Reaching safepoint: 42602 ns, At safepoint: 8200 ns, Total: 50802 ns
[121.157s][info ][safepoint      ] Safepoint "Cleanup", Time since last: 1000105570 ns, Reaching safepoint: 46202 ns, At safepoint: 3500 ns, Total: 49702 ns
[123.157s][info ][safepoint      ] Safepoint "Cleanup", Time since last: 2000194238 ns, Reaching safepoint: 40802 ns, At safepoint: 6100 ns, Total: 46902 ns
[124.157s][info ][safepoint      ] Safepoint "Cleanup", Time since last: 1000114743 ns, Reaching safepoint: 41001 ns, At safepoint: 3800 ns, Total: 44801 ns
[125.157s][info ][safepoint      ] Safepoint "Cleanup", Time since last: 1000110942 ns, Reaching safepoint: 53902 ns, At safepoint: 2700 ns, Total: 56602 ns
[126.606s][info ][safepoint      ] Safepoint "Cleanup", Time since last: 1448869301 ns, Reaching safepoint: 66102 ns, At safepoint: 2700 ns, Total: 68802 ns
[127.606s][info ][safepoint      ] Safepoint "Cleanup", Time since last: 1000117142 ns, Reaching safepoint: 47501 ns, At safepoint: 7001 ns, Total: 54502 ns
[129.607s][info ][safepoint      ] Safepoint "Cleanup", Time since last: 2000173588 ns, Reaching safepoint: 52802 ns, At safepoint: 8600 ns, Total: 61402 ns
[130.607s][info ][safepoint      ] Safepoint "Cleanup", Time since last: 1000108993 ns, Reaching safepoint: 38501 ns, At safepoint: 3000 ns, Total: 41501 ns
[132.542s][info ][safepoint      ] Safepoint "Cleanup", Time since last: 1934595966 ns, Reaching safepoint: 225908 ns, At safepoint: 9801 ns, Total: 235709 ns
[133.542s][info ][safepoint      ] Safepoint "Cleanup", Time since last: 1000127371 ns, Reaching safepoint: 132305 ns, At safepoint: 6100 ns, Total: 138405 ns
[134.542s][info ][safepoint      ] Safepoint "Cleanup", Time since last: 1000117571 ns, Reaching safepoint: 56302 ns, At safepoint: 3900 ns, Total: 60202 ns
[135.542s][info ][safepoint      ] Safepoint "Cleanup", Time since last: 1000111471 ns, Reaching safepoint: 62503 ns, At safepoint: 2800 ns, Total: 65303 ns
[137.543s][info ][safepoint      ] Safepoint "Cleanup", Time since last: 2000188240 ns, Reaching safepoint: 46102 ns, At safepoint: 2400 ns, Total: 48502 ns
[138.543s][info ][safepoint      ] Safepoint "Cleanup", Time since last: 1000116471 ns, Reaching safepoint: 87303 ns, At safepoint: 3900 ns, Total: 91203 ns
[140.003s][info ][gc,start       ] GC(20) Pause Young (Allocation Failure)
[140.006s][debug][gc,phases      ] GC(20) Scavenge 3.053ms
[140.006s][debug][gc,ref         ] GC(20) Skipped phase 1 of Reference Processing: no references
[140.006s][debug][gc,ref         ] GC(20) ReferenceProcessor::execute queues: 1, RefProcThreadModel::Single, marks_oops_alive: false
[140.006s][debug][gc,ref         ] GC(20) Skipped phase 3 of Reference Processing: no references
[140.006s][debug][gc,ref         ] GC(20) ReferenceProcessor::execute queues: 1, RefProcThreadModel::Single, marks_oops_alive: false
[140.006s][debug][gc,phases      ] GC(20) Reference Processing 0.136ms
[140.007s][debug][gc,phases      ] GC(20)   VM Weak                        Min:  0.0, Avg:  0.0, Max:  0.0, Diff:  0.0, Sum:  0.0, Workers: 4
[140.007s][debug][gc,phases      ] GC(20)     Dead                           Min: 0, Avg:  0.0, Max: 0, Diff: 0, Sum: 0, Workers: 4
[140.007s][debug][gc,phases      ] GC(20)     Total                          Min: 0, Avg: 192.2, Max: 448, Diff: 448, Sum: 769, Workers: 4
[140.007s][debug][gc,phases      ] GC(20)   ObjectSynchronizer Weak        Min:  0.0, Avg:  0.0, Max:  0.0, Diff:  0.0, Sum:  0.0, Workers: 4
[140.007s][debug][gc,phases      ] GC(20)     Dead                           Min: 0, Avg:  0.0, Max: 0, Diff: 0, Sum: 0, Workers: 4
[140.007s][debug][gc,phases      ] GC(20)     Total                          Min: 0, Avg:  7.5, Max: 30, Diff: 30, Sum: 30, Workers: 4
[140.007s][debug][gc,phases      ] GC(20)   JVMTI Tag Weak OopStorage      Min:  0.0, Avg:  0.0, Max:  0.0, Diff:  0.0, Sum:  0.0, Workers: 4
[140.007s][debug][gc,phases      ] GC(20)     Dead                           Min: 0, Avg:  0.0, Max: 0, Diff: 0, Sum: 0, Workers: 4
[140.007s][debug][gc,phases      ] GC(20)     Total                          Min: 0, Avg:  0.0, Max: 0, Diff: 0, Sum: 0, Workers: 4
[140.007s][debug][gc,phases      ] GC(20)   StringTable Weak               Min:  0.0, Avg:  0.1, Max:  0.1, Diff:  0.1, Sum:  0.4, Workers: 4
[140.007s][debug][gc,phases      ] GC(20)     Dead                           Min: 0, Avg:  0.0, Max: 0, Diff: 0, Sum: 0, Workers: 4
[140.007s][debug][gc,phases      ] GC(20)     Total                          Min: 0, Avg: 10591.5, Max: 15040, Diff: 15040, Sum: 42366, Workers: 4
[140.007s][debug][gc,phases      ] GC(20)   ResolvedMethodTable Weak       Min:  0.0, Avg:  0.0, Max:  0.0, Diff:  0.0, Sum:  0.1, Workers: 4
[140.007s][debug][gc,phases      ] GC(20)     Dead                           Min: 0, Avg:  0.0, Max: 0, Diff: 0, Sum: 0, Workers: 4
[140.007s][debug][gc,phases      ] GC(20)     Total                          Min: 0, Avg: 2133.0, Max: 3456, Diff: 3456, Sum: 8532, Workers: 4
[140.007s][debug][gc,phases      ] GC(20)   JNI Weak                       Min:  0.0, Avg:  0.0, Max:  0.0, Diff:  0.0, Sum:  0.0, Workers: 4
[140.007s][debug][gc,phases      ] GC(20)     Dead                           Min: 0, Avg:  0.0, Max: 0, Diff: 0, Sum: 0, Workers: 4
[140.007s][debug][gc,phases      ] GC(20)     Total                          Min: 0, Avg: 11.2, Max: 45, Diff: 45, Sum: 45, Workers: 4
[140.007s][debug][gc,phases      ] GC(20)   StringDedup Table Weak         Min:  0.0, Avg:  0.0, Max:  0.0, Diff:  0.0, Sum:  0.0, Workers: 4
[140.007s][debug][gc,phases      ] GC(20)     Dead                           Min: 0, Avg:  0.0, Max: 0, Diff: 0, Sum: 0, Workers: 4
[140.007s][debug][gc,phases      ] GC(20)     Total                          Min: 0, Avg:  0.0, Max: 0, Diff: 0, Sum: 0, Workers: 4
[140.007s][debug][gc,phases      ] GC(20)   StringDedup Requests0 Weak     Min:  0.0, Avg:  0.0, Max:  0.0, Diff:  0.0, Sum:  0.0, Workers: 4
[140.007s][debug][gc,phases      ] GC(20)     Dead                           Min: 0, Avg:  0.0, Max: 0, Diff: 0, Sum: 0, Workers: 4
[140.007s][debug][gc,phases      ] GC(20)     Total                          Min: 0, Avg:  0.0, Max: 0, Diff: 0, Sum: 0, Workers: 4
[140.007s][debug][gc,phases      ] GC(20)   StringDedup Requests1 Weak     Min:  0.0, Avg:  0.0, Max:  0.0, Diff:  0.0, Sum:  0.0, Workers: 4
[140.007s][debug][gc,phases      ] GC(20)     Dead                           Min: 0, Avg:  0.0, Max: 0, Diff: 0, Sum: 0, Workers: 4
[140.007s][debug][gc,phases      ] GC(20)     Total                          Min: 0, Avg:  0.0, Max: 0, Diff: 0, Sum: 0, Workers: 4
[140.007s][debug][gc,phases      ] GC(20)   Weak JFR Old Object Samples    Min:  0.0, Avg:  0.0, Max:  0.0, Diff:  0.0, Sum:  0.0, Workers: 4
[140.007s][debug][gc,phases      ] GC(20)     Dead                           Min: 0, Avg:  0.0, Max: 0, Diff: 0, Sum: 0, Workers: 4
[140.007s][debug][gc,phases      ] GC(20)     Total                          Min: 0, Avg:  0.0, Max: 0, Diff: 0, Sum: 0, Workers: 4
[140.007s][debug][gc,phases      ] GC(20) Weak Processing 0.338ms
[140.007s][debug][gc,age         ] GC(20) Desired survivor size 536870912 bytes, new threshold 1 (max threshold 15)
[140.007s][info ][gc,heap        ] GC(20) PSYoungGen: 1049952K(1572864K)->1440K(1572864K) Eden: 1048576K(1048576K)->0K(1048576K) From: 1376K(524288K)->1440K(524288K)
[140.007s][info ][gc,heap        ] GC(20) ParOldGen: 426362K(621568K)->427050K(621568K)
[140.007s][info ][gc,metaspace   ] GC(20) Metaspace: 78248K(79168K)->78248K(79168K) NonClass: 67030K(67520K)->67030K(67520K) Class: 11217K(11648K)->11217K(11648K)
[140.007s][info ][gc             ] GC(20) Pause Young (Allocation Failure) 1441M->418M(2143M) 3.653ms
[140.007s][info ][gc,cpu         ] GC(20) User=0.01s Sys=0.00s Real=0.01s
[140.007s][info ][safepoint      ] Safepoint "ParallelGCFailedAllocation", Time since last: 1460362815 ns, Reaching safepoint: 45801 ns, At safepoint: 3717734 ns, Total: 3763535 ns
[141.007s][info ][safepoint      ] Safepoint "Cleanup", Time since last: 1000089350 ns, Reaching safepoint: 47301 ns, At safepoint: 2401 ns, Total: 49702 ns
[142.007s][info ][safepoint      ] Safepoint "Cleanup", Time since last: 1000108149 ns, Reaching safepoint: 47502 ns, At safepoint: 3400 ns, Total: 50902 ns
[144.007s][info ][safepoint      ] Safepoint "Cleanup", Time since last: 2000152298 ns, Reaching safepoint: 42701 ns, At safepoint: 2800 ns, Total: 45501 ns
[145.008s][info ][safepoint      ] Safepoint "Cleanup", Time since last: 1000122751 ns, Reaching safepoint: 114004 ns, At safepoint: 30001 ns, Total: 144005 ns
[146.008s][info ][safepoint      ] Safepoint "Cleanup", Time since last: 1000102650 ns, Reaching safepoint: 49402 ns, At safepoint: 5800 ns, Total: 55202 ns
[147.008s][info ][safepoint      ] Safepoint "Cleanup", Time since last: 1000106450 ns, Reaching safepoint: 37801 ns, At safepoint: 3100 ns, Total: 40901 ns
[148.008s][info ][safepoint      ] Safepoint "Cleanup", Time since last: 1000112416 ns, Reaching safepoint: 61902 ns, At safepoint: 5200 ns, Total: 67102 ns
[149.008s][info ][safepoint      ] Safepoint "Cleanup", Time since last: 1000117926 ns, Reaching safepoint: 54802 ns, At safepoint: 3400 ns, Total: 58202 ns
[151.009s][info ][safepoint      ] Safepoint "Cleanup", Time since last: 2000185749 ns, Reaching safepoint: 49202 ns, At safepoint: 3000 ns, Total: 52202 ns
[152.009s][info ][safepoint      ] Safepoint "Cleanup", Time since last: 1000126826 ns, Reaching safepoint: 121204 ns, At safepoint: 6700 ns, Total: 127904 ns
[154.009s][info ][safepoint      ] Safepoint "Cleanup", Time since last: 2000145748 ns, Reaching safepoint: 57902 ns, At safepoint: 7000 ns, Total: 64902 ns
[156.009s][info ][safepoint      ] Safepoint "Cleanup", Time since last: 2000196963 ns, Reaching safepoint: 50202 ns, At safepoint: 6801 ns, Total: 57003 ns
[157.009s][info ][safepoint      ] Safepoint "Cleanup", Time since last: 1000127224 ns, Reaching safepoint: 53301 ns, At safepoint: 2601 ns, Total: 55902 ns
[158.010s][info ][safepoint      ] Safepoint "Cleanup", Time since last: 1000116323 ns, Reaching safepoint: 62502 ns, At safepoint: 3200 ns, Total: 65702 ns
[159.010s][info ][safepoint      ] Safepoint "Cleanup", Time since last: 1000135725 ns, Reaching safepoint: 48402 ns, At safepoint: 2600 ns, Total: 51002 ns
[160.010s][info ][safepoint      ] Safepoint "Cleanup", Time since last: 1000109323 ns, Reaching safepoint: 50002 ns, At safepoint: 3300 ns, Total: 53302 ns
[166.010s][info ][safepoint      ] Safepoint "Cleanup", Time since last: 6000457100 ns, Reaching safepoint: 40901 ns, At safepoint: 2900 ns, Total: 43801 ns
[167.011s][info ][safepoint      ] Safepoint "Cleanup", Time since last: 1000118687 ns, Reaching safepoint: 52402 ns, At safepoint: 5900 ns, Total: 58302 ns
[172.011s][info ][safepoint      ] Safepoint "Cleanup", Time since last: 5000378237 ns, Reaching safepoint: 46101 ns, At safepoint: 3001 ns, Total: 49102 ns
[175.011s][info ][safepoint      ] Safepoint "Cleanup", Time since last: 3000215819 ns, Reaching safepoint: 48802 ns, At safepoint: 2900 ns, Total: 51702 ns
[177.012s][info ][safepoint      ] Safepoint "Cleanup", Time since last: 2000172981 ns, Reaching safepoint: 114804 ns, At safepoint: 5400 ns, Total: 120204 ns
[178.012s][info ][safepoint      ] Safepoint "Cleanup", Time since last: 1000124441 ns, Reaching safepoint: 54702 ns, At safepoint: 2600 ns, Total: 57302 ns
[179.012s][info ][safepoint      ] Safepoint "Cleanup", Time since last: 1000110842 ns, Reaching safepoint: 36201 ns, At safepoint: 3400 ns, Total: 39601 ns
[180.012s][info ][safepoint      ] Safepoint "Cleanup", Time since last: 1000115088 ns, Reaching safepoint: 59702 ns, At safepoint: 2900 ns, Total: 62602 ns
[183.752s][info ][gc,start       ] GC(21) Pause Young (Allocation Failure)
[183.754s][debug][gc,phases      ] GC(21) Scavenge 1.981ms
[183.754s][debug][gc,ref         ] GC(21) Skipped phase 1 of Reference Processing: no references
[183.754s][debug][gc,ref         ] GC(21) Skipped phase 2 of Reference Processing: no references
[183.754s][debug][gc,ref         ] GC(21) Skipped phase 3 of Reference Processing: no references
[183.754s][debug][gc,ref         ] GC(21) ReferenceProcessor::execute queues: 1, RefProcThreadModel::Single, marks_oops_alive: false
[183.754s][debug][gc,phases      ] GC(21) Reference Processing 0.099ms
[183.755s][debug][gc,phases      ] GC(21)   VM Weak                        Min:  0.0, Avg:  0.0, Max:  0.0, Diff:  0.0, Sum:  0.0, Workers: 4
[183.755s][debug][gc,phases      ] GC(21)     Dead                           Min: 0, Avg:  0.0, Max: 0, Diff: 0, Sum: 0, Workers: 4
[183.755s][debug][gc,phases      ] GC(21)     Total                          Min: 0, Avg: 192.2, Max: 512, Diff: 512, Sum: 769, Workers: 4
[183.755s][debug][gc,phases      ] GC(21)   ObjectSynchronizer Weak        Min:  0.0, Avg:  0.0, Max:  0.0, Diff:  0.0, Sum:  0.0, Workers: 4
[183.755s][debug][gc,phases      ] GC(21)     Dead                           Min: 0, Avg:  0.0, Max: 0, Diff: 0, Sum: 0, Workers: 4
[183.755s][debug][gc,phases      ] GC(21)     Total                          Min: 0, Avg:  7.5, Max: 30, Diff: 30, Sum: 30, Workers: 4
[183.755s][debug][gc,phases      ] GC(21)   JVMTI Tag Weak OopStorage      Min:  0.0, Avg:  0.0, Max:  0.0, Diff:  0.0, Sum:  0.0, Workers: 4
[183.755s][debug][gc,phases      ] GC(21)     Dead                           Min: 0, Avg:  0.0, Max: 0, Diff: 0, Sum: 0, Workers: 4
[183.755s][debug][gc,phases      ] GC(21)     Total                          Min: 0, Avg:  0.0, Max: 0, Diff: 0, Sum: 0, Workers: 4
[183.755s][debug][gc,phases      ] GC(21)   StringTable Weak               Min:  0.0, Avg:  0.1, Max:  0.1, Diff:  0.1, Sum:  0.4, Workers: 4
[183.755s][debug][gc,phases      ] GC(21)     Dead                           Min: 0, Avg:  0.0, Max: 0, Diff: 0, Sum: 0, Workers: 4
[183.755s][debug][gc,phases      ] GC(21)     Total                          Min: 0, Avg: 10595.2, Max: 15104, Diff: 15104, Sum: 42381, Workers: 4
[183.755s][debug][gc,phases      ] GC(21)   ResolvedMethodTable Weak       Min:  0.0, Avg:  0.0, Max:  0.0, Diff:  0.0, Sum:  0.1, Workers: 4
[183.755s][debug][gc,phases      ] GC(21)     Dead                           Min: 0, Avg:  0.0, Max: 0, Diff: 0, Sum: 0, Workers: 4
[183.755s][debug][gc,phases      ] GC(21)     Total                          Min: 0, Avg: 2133.2, Max: 3072, Diff: 3072, Sum: 8533, Workers: 4
[183.755s][debug][gc,phases      ] GC(21)   JNI Weak                       Min:  0.0, Avg:  0.0, Max:  0.0, Diff:  0.0, Sum:  0.0, Workers: 4
[183.755s][debug][gc,phases      ] GC(21)     Dead                           Min: 0, Avg:  0.0, Max: 0, Diff: 0, Sum: 0, Workers: 4
[183.755s][debug][gc,phases      ] GC(21)     Total                          Min: 0, Avg: 11.2, Max: 45, Diff: 45, Sum: 45, Workers: 4
[183.755s][debug][gc,phases      ] GC(21)   StringDedup Table Weak         Min:  0.0, Avg:  0.0, Max:  0.0, Diff:  0.0, Sum:  0.0, Workers: 4
[183.755s][debug][gc,phases      ] GC(21)     Dead                           Min: 0, Avg:  0.0, Max: 0, Diff: 0, Sum: 0, Workers: 4
[183.755s][debug][gc,phases      ] GC(21)     Total                          Min: 0, Avg:  0.0, Max: 0, Diff: 0, Sum: 0, Workers: 4
[183.755s][debug][gc,phases      ] GC(21)   StringDedup Requests0 Weak     Min:  0.0, Avg:  0.0, Max:  0.0, Diff:  0.0, Sum:  0.0, Workers: 4
[183.755s][debug][gc,phases      ] GC(21)     Dead                           Min: 0, Avg:  0.0, Max: 0, Diff: 0, Sum: 0, Workers: 4
[183.755s][debug][gc,phases      ] GC(21)     Total                          Min: 0, Avg:  0.0, Max: 0, Diff: 0, Sum: 0, Workers: 4
[183.755s][debug][gc,phases      ] GC(21)   StringDedup Requests1 Weak     Min:  0.0, Avg:  0.0, Max:  0.0, Diff:  0.0, Sum:  0.0, Workers: 4
[183.755s][debug][gc,phases      ] GC(21)     Dead                           Min: 0, Avg:  0.0, Max: 0, Diff: 0, Sum: 0, Workers: 4
[183.755s][debug][gc,phases      ] GC(21)     Total                          Min: 0, Avg:  0.0, Max: 0, Diff: 0, Sum: 0, Workers: 4
[183.755s][debug][gc,phases      ] GC(21)   Weak JFR Old Object Samples    Min:  0.0, Avg:  0.0, Max:  0.0, Diff:  0.0, Sum:  0.0, Workers: 4
[183.755s][debug][gc,phases      ] GC(21)     Dead                           Min: 0, Avg:  0.0, Max: 0, Diff: 0, Sum: 0, Workers: 4
[183.755s][debug][gc,phases      ] GC(21)     Total                          Min: 0, Avg:  0.0, Max: 0, Diff: 0, Sum: 0, Workers: 4
[183.755s][debug][gc,phases      ] GC(21) Weak Processing 0.361ms
[183.755s][debug][gc,age         ] GC(21) Desired survivor size 536870912 bytes, new threshold 1 (max threshold 15)
[183.755s][info ][gc,heap        ] GC(21) PSYoungGen: 1050016K(1572864K)->1440K(1572864K) Eden: 1048576K(1048576K)->0K(1048576K) From: 1440K(524288K)->1440K(524288K)
[183.755s][info ][gc,heap        ] GC(21) ParOldGen: 427050K(621568K)->427490K(621568K)
[183.755s][info ][gc,metaspace   ] GC(21) Metaspace: 78290K(79232K)->78290K(79232K) NonClass: 67073K(67584K)->67073K(67584K) Class: 11217K(11648K)->11217K(11648K)
[183.755s][info ][gc             ] GC(21) Pause Young (Allocation Failure) 1442M->418M(2143M) 2.573ms
[183.755s][info ][gc,cpu         ] GC(21) User=0.00s Sys=0.00s Real=0.00s
[183.755s][info ][safepoint      ] Safepoint "ParallelGCFailedAllocation", Time since last: 3740154165 ns, Reaching safepoint: 26001 ns, At safepoint: 2640389 ns, Total: 2666390 ns
[189.755s][info ][safepoint      ] Safepoint "Cleanup", Time since last: 6000343750 ns, Reaching safepoint: 51402 ns, At safepoint: 3600 ns, Total: 55002 ns
[190.756s][info ][safepoint      ] Safepoint "Cleanup", Time since last: 1000124604 ns, Reaching safepoint: 41901 ns, At safepoint: 2900 ns, Total: 44801 ns
[192.756s][info ][safepoint      ] Safepoint "Cleanup", Time since last: 2000136927 ns, Reaching safepoint: 41601 ns, At safepoint: 6800 ns, Total: 48401 ns
[193.756s][info ][safepoint      ] Safepoint "Cleanup", Time since last: 1000079614 ns, Reaching safepoint: 53002 ns, At safepoint: 2600 ns, Total: 55602 ns
[194.756s][info ][safepoint      ] Safepoint "Cleanup", Time since last: 1000119315 ns, Reaching safepoint: 47402 ns, At safepoint: 2400 ns, Total: 49802 ns
[197.756s][info ][safepoint      ] Safepoint "Cleanup", Time since last: 3000223520 ns, Reaching safepoint: 37601 ns, At safepoint: 3200 ns, Total: 40801 ns
[199.401s][info ][safepoint      ] Safepoint "Cleanup", Time since last: 1644427735 ns, Reaching safepoint: 177106 ns, At safepoint: 5300 ns, Total: 182406 ns
[200.401s][info ][safepoint      ] Safepoint "Cleanup", Time since last: 1000129771 ns, Reaching safepoint: 117804 ns, At safepoint: 5900 ns, Total: 123704 ns
[201.401s][info ][safepoint      ] Safepoint "Cleanup", Time since last: 1000128670 ns, Reaching safepoint: 132605 ns, At safepoint: 5600 ns, Total: 138205 ns
[202.402s][info ][safepoint      ] Safepoint "Cleanup", Time since last: 1000118770 ns, Reaching safepoint: 117705 ns, At safepoint: 6800 ns, Total: 124505 ns
[203.402s][info ][safepoint      ] Safepoint "Cleanup", Time since last: 1000123389 ns, Reaching safepoint: 117904 ns, At safepoint: 10401 ns, Total: 128305 ns
[204.402s][info ][safepoint      ] Safepoint "Cleanup", Time since last: 1000127326 ns, Reaching safepoint: 132205 ns, At safepoint: 6100 ns, Total: 138305 ns
[205.402s][info ][safepoint      ] Safepoint "Cleanup", Time since last: 1000129927 ns, Reaching safepoint: 125004 ns, At safepoint: 5700 ns, Total: 130704 ns
[206.403s][info ][safepoint      ] Safepoint "Cleanup", Time since last: 1000120626 ns, Reaching safepoint: 115704 ns, At safepoint: 8600 ns, Total: 124304 ns
[207.403s][info ][safepoint      ] Safepoint "Cleanup", Time since last: 1000124327 ns, Reaching safepoint: 111904 ns, At safepoint: 5000 ns, Total: 116904 ns
[209.403s][info ][safepoint      ] Safepoint "Cleanup", Time since last: 2000193251 ns, Reaching safepoint: 178406 ns, At safepoint: 8200 ns, Total: 186606 ns
[210.404s][info ][safepoint      ] Safepoint "Cleanup", Time since last: 1000127627 ns, Reaching safepoint: 127404 ns, At safepoint: 6900 ns, Total: 134304 ns
[211.404s][info ][safepoint      ] Safepoint "Cleanup", Time since last: 1000134750 ns, Reaching safepoint: 115004 ns, At safepoint: 5400 ns, Total: 120404 ns
[214.404s][info ][safepoint      ] Safepoint "Cleanup", Time since last: 3000264928 ns, Reaching safepoint: 128605 ns, At safepoint: 8400 ns, Total: 137005 ns
[215.404s][info ][safepoint      ] Safepoint "Cleanup", Time since last: 1000122977 ns, Reaching safepoint: 120605 ns, At safepoint: 5700 ns, Total: 126305 ns
[216.405s][info ][safepoint      ] Safepoint "Cleanup", Time since last: 1000118777 ns, Reaching safepoint: 129105 ns, At safepoint: 7200 ns, Total: 136305 ns
[219.405s][info ][safepoint      ] Safepoint "Cleanup", Time since last: 3000242068 ns, Reaching safepoint: 44502 ns, At safepoint: 3600 ns, Total: 48102 ns
[220.405s][info ][safepoint      ] Safepoint "Cleanup", Time since last: 1000075674 ns, Reaching safepoint: 72403 ns, At safepoint: 2500 ns, Total: 74903 ns
[221.407s][info ][safepoint      ] Safepoint "Cleanup", Time since last: 1000111476 ns, Reaching safepoint: 2182276 ns, At safepoint: 3800 ns, Total: 2186076 ns
[222.408s][info ][safepoint      ] Safepoint "Cleanup", Time since last: 1000268281 ns, Reaching safepoint: 47902 ns, At safepoint: 2600 ns, Total: 50502 ns
[224.408s][info ][safepoint      ] Safepoint "Cleanup", Time since last: 2000136349 ns, Reaching safepoint: 45601 ns, At safepoint: 3201 ns, Total: 48802 ns
[226.952s][info ][gc,start       ] GC(22) Pause Young (Allocation Failure)
[226.955s][debug][gc,phases      ] GC(22) Scavenge 2.961ms
[226.955s][debug][gc,ref         ] GC(22) Skipped phase 1 of Reference Processing: no references
[226.955s][debug][gc,ref         ] GC(22) ReferenceProcessor::execute queues: 1, RefProcThreadModel::Single, marks_oops_alive: false
[226.955s][debug][gc,ref         ] GC(22) Skipped phase 3 of Reference Processing: no references
[226.955s][debug][gc,ref         ] GC(22) ReferenceProcessor::execute queues: 1, RefProcThreadModel::Single, marks_oops_alive: false
[226.955s][debug][gc,phases      ] GC(22) Reference Processing 0.127ms
[226.955s][debug][gc,phases      ] GC(22)   VM Weak                        Min:  0.0, Avg:  0.0, Max:  0.0, Diff:  0.0, Sum:  0.0, Workers: 4
[226.955s][debug][gc,phases      ] GC(22)     Dead                           Min: 0, Avg:  0.0, Max: 0, Diff: 0, Sum: 0, Workers: 4
[226.955s][debug][gc,phases      ] GC(22)     Total                          Min: 0, Avg: 192.2, Max: 640, Diff: 640, Sum: 769, Workers: 4
[226.955s][debug][gc,phases      ] GC(22)   ObjectSynchronizer Weak        Min:  0.0, Avg:  0.0, Max:  0.0, Diff:  0.0, Sum:  0.0, Workers: 4
[226.955s][debug][gc,phases      ] GC(22)     Dead                           Min: 0, Avg:  0.0, Max: 0, Diff: 0, Sum: 0, Workers: 4
[226.956s][debug][gc,phases      ] GC(22)     Total                          Min: 0, Avg:  7.5, Max: 30, Diff: 30, Sum: 30, Workers: 4
[226.956s][debug][gc,phases      ] GC(22)   JVMTI Tag Weak OopStorage      Min:  0.0, Avg:  0.0, Max:  0.0, Diff:  0.0, Sum:  0.0, Workers: 4
[226.956s][debug][gc,phases      ] GC(22)     Dead                           Min: 0, Avg:  0.0, Max: 0, Diff: 0, Sum: 0, Workers: 4
[226.956s][debug][gc,phases      ] GC(22)     Total                          Min: 0, Avg:  0.0, Max: 0, Diff: 0, Sum: 0, Workers: 4
[226.956s][debug][gc,phases      ] GC(22)   StringTable Weak               Min:  0.0, Avg:  0.1, Max:  0.2, Diff:  0.2, Sum:  0.4, Workers: 4
[226.956s][debug][gc,phases      ] GC(22)     Dead                           Min: 0, Avg:  0.2, Max: 1, Diff: 1, Sum: 1, Workers: 4
[226.956s][debug][gc,phases      ] GC(22)     Total                          Min: 0, Avg: 10603.2, Max: 21549, Diff: 21549, Sum: 42413, Workers: 4
[226.956s][debug][gc,phases      ] GC(22)   ResolvedMethodTable Weak       Min:  0.0, Avg:  0.0, Max:  0.0, Diff:  0.0, Sum:  0.1, Workers: 4
[226.956s][debug][gc,phases      ] GC(22)     Dead                           Min: 0, Avg:  4.5, Max: 18, Diff: 18, Sum: 18, Workers: 4
[226.956s][debug][gc,phases      ] GC(22)     Total                          Min: 0, Avg: 2137.5, Max: 4403, Diff: 4403, Sum: 8550, Workers: 4
[226.956s][debug][gc,phases      ] GC(22)   JNI Weak                       Min:  0.0, Avg:  0.0, Max:  0.0, Diff:  0.0, Sum:  0.0, Workers: 4
[226.956s][debug][gc,phases      ] GC(22)     Dead                           Min: 0, Avg:  0.0, Max: 0, Diff: 0, Sum: 0, Workers: 4
[226.956s][debug][gc,phases      ] GC(22)     Total                          Min: 0, Avg: 11.2, Max: 45, Diff: 45, Sum: 45, Workers: 4
[226.956s][debug][gc,phases      ] GC(22)   StringDedup Table Weak         Min:  0.0, Avg:  0.0, Max:  0.0, Diff:  0.0, Sum:  0.0, Workers: 4
[226.956s][debug][gc,phases      ] GC(22)     Dead                           Min: 0, Avg:  0.0, Max: 0, Diff: 0, Sum: 0, Workers: 4
[226.956s][debug][gc,phases      ] GC(22)     Total                          Min: 0, Avg:  0.0, Max: 0, Diff: 0, Sum: 0, Workers: 4
[226.956s][debug][gc,phases      ] GC(22)   StringDedup Requests0 Weak     Min:  0.0, Avg:  0.0, Max:  0.0, Diff:  0.0, Sum:  0.0, Workers: 4
[226.956s][debug][gc,phases      ] GC(22)     Dead                           Min: 0, Avg:  0.0, Max: 0, Diff: 0, Sum: 0, Workers: 4
[226.956s][debug][gc,phases      ] GC(22)     Total                          Min: 0, Avg:  0.0, Max: 0, Diff: 0, Sum: 0, Workers: 4
[226.956s][debug][gc,phases      ] GC(22)   StringDedup Requests1 Weak     Min:  0.0, Avg:  0.0, Max:  0.0, Diff:  0.0, Sum:  0.0, Workers: 4
[226.956s][debug][gc,phases      ] GC(22)     Dead                           Min: 0, Avg:  0.0, Max: 0, Diff: 0, Sum: 0, Workers: 4
[226.956s][debug][gc,phases      ] GC(22)     Total                          Min: 0, Avg:  0.0, Max: 0, Diff: 0, Sum: 0, Workers: 4
[226.956s][debug][gc,phases      ] GC(22)   Weak JFR Old Object Samples    Min:  0.0, Avg:  0.0, Max:  0.0, Diff:  0.0, Sum:  0.0, Workers: 4
[226.956s][debug][gc,phases      ] GC(22)     Dead                           Min: 0, Avg:  0.0, Max: 0, Diff: 0, Sum: 0, Workers: 4
[226.956s][debug][gc,phases      ] GC(22)     Total                          Min: 0, Avg:  0.0, Max: 0, Diff: 0, Sum: 0, Workers: 4
[226.956s][debug][gc,phases      ] GC(22) Weak Processing 0.431ms
[226.956s][debug][gc,age         ] GC(22) Desired survivor size 526385152 bytes, new threshold 2 (max threshold 15)
[226.956s][info ][gc,heap        ] GC(22) PSYoungGen: 1050016K(1572864K)->1824K(1572864K) Eden: 1048576K(1048576K)->0K(1048576K) From: 1440K(524288K)->1824K(524288K)
[226.956s][info ][gc,heap        ] GC(22) ParOldGen: 427490K(621568K)->427879K(621568K)
[226.956s][info ][gc,metaspace   ] GC(22) Metaspace: 78414K(79296K)->78414K(79296K) NonClass: 67190K(67648K)->67190K(67648K) Class: 11223K(11648K)->11223K(11648K)
[226.956s][info ][gc             ] GC(22) Pause Young (Allocation Failure) 1442M->419M(2143M) 3.663ms
[226.956s][info ][gc,cpu         ] GC(22) User=0.01s Sys=0.00s Real=0.00s
[226.956s][info ][safepoint      ] Safepoint "ParallelGCFailedAllocation", Time since last: 2543972704 ns, Reaching safepoint: 45002 ns, At safepoint: 3748030 ns, Total: 3793032 ns
[227.956s][info ][safepoint      ] Safepoint "Cleanup", Time since last: 1000090573 ns, Reaching safepoint: 50402 ns, At safepoint: 3100 ns, Total: 53502 ns
[229.956s][info ][safepoint      ] Safepoint "Cleanup", Time since last: 2000183814 ns, Reaching safepoint: 45302 ns, At safepoint: 2900 ns, Total: 48202 ns
[230.956s][info ][safepoint      ] Safepoint "Cleanup", Time since last: 1000138008 ns, Reaching safepoint: 58002 ns, At safepoint: 8000 ns, Total: 66002 ns
[231.956s][info ][safepoint      ] Safepoint "Cleanup", Time since last: 1000121308 ns, Reaching safepoint: 41702 ns, At safepoint: 2500 ns, Total: 44202 ns
[232.957s][info ][safepoint      ] Safepoint "Cleanup", Time since last: 1000103007 ns, Reaching safepoint: 40001 ns, At safepoint: 2801 ns, Total: 42802 ns
[233.957s][info ][safepoint      ] Safepoint "Cleanup", Time since last: 1000092409 ns, Reaching safepoint: 31501 ns, At safepoint: 2600 ns, Total: 34101 ns
[236.957s][info ][safepoint      ] Safepoint "Cleanup", Time since last: 3000257849 ns, Reaching safepoint: 55702 ns, At safepoint: 2700 ns, Total: 58402 ns
[237.957s][info ][safepoint      ] Safepoint "Cleanup", Time since last: 1000114074 ns, Reaching safepoint: 258409 ns, At safepoint: 5600 ns, Total: 264009 ns
[238.958s][info ][safepoint      ] Safepoint "Cleanup", Time since last: 1000114674 ns, Reaching safepoint: 51301 ns, At safepoint: 2600 ns, Total: 53901 ns
[239.958s][info ][safepoint      ] Safepoint "Cleanup", Time since last: 1000096373 ns, Reaching safepoint: 82903 ns, At safepoint: 2900 ns, Total: 85803 ns
[241.958s][info ][safepoint      ] Safepoint "Cleanup", Time since last: 2000177346 ns, Reaching safepoint: 53801 ns, At safepoint: 2801 ns, Total: 56602 ns
[243.958s][info ][safepoint      ] Safepoint "Cleanup", Time since last: 2000186048 ns, Reaching safepoint: 52601 ns, At safepoint: 7200 ns, Total: 59801 ns
[244.958s][info ][safepoint      ] Safepoint "Cleanup", Time since last: 1000107830 ns, Reaching safepoint: 39001 ns, At safepoint: 2200 ns, Total: 41201 ns
[246.959s][info ][safepoint      ] Safepoint "Cleanup", Time since last: 2000189057 ns, Reaching safepoint: 48902 ns, At safepoint: 2900 ns, Total: 51802 ns
[249.959s][info ][safepoint      ] Safepoint "Cleanup", Time since last: 3000266629 ns, Reaching safepoint: 51001 ns, At safepoint: 3000 ns, Total: 54001 ns
[250.959s][info ][safepoint      ] Safepoint "Cleanup", Time since last: 1000114652 ns, Reaching safepoint: 45401 ns, At safepoint: 2600 ns, Total: 48001 ns
[251.959s][info ][safepoint      ] Safepoint "Cleanup", Time since last: 1000119901 ns, Reaching safepoint: 56902 ns, At safepoint: 3901 ns, Total: 60803 ns
[252.959s][info ][safepoint      ] Safepoint "Cleanup", Time since last: 1000122667 ns, Reaching safepoint: 42702 ns, At safepoint: 2600 ns, Total: 45302 ns
[254.960s][info ][safepoint      ] Safepoint "Cleanup", Time since last: 2000183033 ns, Reaching safepoint: 42702 ns, At safepoint: 2700 ns, Total: 45402 ns
[258.960s][info ][safepoint      ] Safepoint "Cleanup", Time since last: 4000264663 ns, Reaching safepoint: 63002 ns, At safepoint: 3300 ns, Total: 66302 ns
[260.960s][info ][safepoint      ] Safepoint "Cleanup", Time since last: 2000144890 ns, Reaching safepoint: 46902 ns, At safepoint: 2900 ns, Total: 49802 ns
[265.961s][info ][safepoint      ] Safepoint "Cleanup", Time since last: 5000365751 ns, Reaching safepoint: 43401 ns, At safepoint: 3000 ns, Total: 46401 ns
[268.961s][info ][safepoint      ] Safepoint "Cleanup", Time since last: 3000247598 ns, Reaching safepoint: 53801 ns, At safepoint: 3001 ns, Total: 56802 ns
[270.961s][info ][safepoint      ] Safepoint "Cleanup", Time since last: 2000179833 ns, Reaching safepoint: 44501 ns, At safepoint: 2800 ns, Total: 47301 ns
[271.352s][info ][gc,start       ] GC(23) Pause Young (Allocation Failure)
[271.354s][debug][gc,phases      ] GC(23) Scavenge 2.043ms
[271.354s][debug][gc,ref         ] GC(23) Skipped phase 1 of Reference Processing: no references
[271.354s][debug][gc,ref         ] GC(23) ReferenceProcessor::execute queues: 1, RefProcThreadModel::Single, marks_oops_alive: false
[271.354s][debug][gc,ref         ] GC(23) Skipped phase 3 of Reference Processing: no references
[271.354s][debug][gc,ref         ] GC(23) Skipped phase 4 of Reference Processing: no references
[271.354s][debug][gc,phases      ] GC(23) Reference Processing 0.126ms
[271.354s][debug][gc,phases      ] GC(23)   VM Weak                        Min:  0.0, Avg:  0.0, Max:  0.0, Diff:  0.0, Sum:  0.0, Workers: 4
[271.354s][debug][gc,phases      ] GC(23)     Dead                           Min: 0, Avg:  0.0, Max: 0, Diff: 0, Sum: 0, Workers: 4
[271.354s][debug][gc,phases      ] GC(23)     Total                          Min: 0, Avg: 192.2, Max: 576, Diff: 576, Sum: 769, Workers: 4
[271.354s][debug][gc,phases      ] GC(23)   ObjectSynchronizer Weak        Min:  0.0, Avg:  0.0, Max:  0.0, Diff:  0.0, Sum:  0.0, Workers: 4
[271.354s][debug][gc,phases      ] GC(23)     Dead                           Min: 0, Avg:  0.0, Max: 0, Diff: 0, Sum: 0, Workers: 4
[271.354s][debug][gc,phases      ] GC(23)     Total                          Min: 0, Avg:  7.5, Max: 30, Diff: 30, Sum: 30, Workers: 4
[271.354s][debug][gc,phases      ] GC(23)   JVMTI Tag Weak OopStorage      Min:  0.0, Avg:  0.0, Max:  0.0, Diff:  0.0, Sum:  0.0, Workers: 4
[271.354s][debug][gc,phases      ] GC(23)     Dead                           Min: 0, Avg:  0.0, Max: 0, Diff: 0, Sum: 0, Workers: 4
[271.354s][debug][gc,phases      ] GC(23)     Total                          Min: 0, Avg:  0.0, Max: 0, Diff: 0, Sum: 0, Workers: 4
[271.354s][debug][gc,phases      ] GC(23)   StringTable Weak               Min:  0.0, Avg:  0.1, Max:  0.1, Diff:  0.1, Sum:  0.4, Workers: 4
[271.354s][debug][gc,phases      ] GC(23)     Dead                           Min: 0, Avg:  0.0, Max: 0, Diff: 0, Sum: 0, Workers: 4
[271.354s][debug][gc,phases      ] GC(23)     Total                          Min: 0, Avg: 10603.5, Max: 15167, Diff: 15167, Sum: 42414, Workers: 4
[271.354s][debug][gc,phases      ] GC(23)   ResolvedMethodTable Weak       Min:  0.0, Avg:  0.0, Max:  0.0, Diff:  0.0, Sum:  0.1, Workers: 4
[271.354s][debug][gc,phases      ] GC(23)     Dead                           Min: 0, Avg:  0.0, Max: 0, Diff: 0, Sum: 0, Workers: 4
[271.354s][debug][gc,phases      ] GC(23)     Total                          Min: 0, Avg: 2137.5, Max: 3196, Diff: 3196, Sum: 8550, Workers: 4
[271.354s][debug][gc,phases      ] GC(23)   JNI Weak                       Min:  0.0, Avg:  0.0, Max:  0.0, Diff:  0.0, Sum:  0.0, Workers: 4
[271.354s][debug][gc,phases      ] GC(23)     Dead                           Min: 0, Avg:  0.0, Max: 0, Diff: 0, Sum: 0, Workers: 4
[271.354s][debug][gc,phases      ] GC(23)     Total                          Min: 0, Avg: 11.2, Max: 45, Diff: 45, Sum: 45, Workers: 4
[271.354s][debug][gc,phases      ] GC(23)   StringDedup Table Weak         Min:  0.0, Avg:  0.0, Max:  0.0, Diff:  0.0, Sum:  0.0, Workers: 4
[271.354s][debug][gc,phases      ] GC(23)     Dead                           Min: 0, Avg:  0.0, Max: 0, Diff: 0, Sum: 0, Workers: 4
[271.354s][debug][gc,phases      ] GC(23)     Total                          Min: 0, Avg:  0.0, Max: 0, Diff: 0, Sum: 0, Workers: 4
[271.354s][debug][gc,phases      ] GC(23)   StringDedup Requests0 Weak     Min:  0.0, Avg:  0.0, Max:  0.0, Diff:  0.0, Sum:  0.0, Workers: 4
[271.354s][debug][gc,phases      ] GC(23)     Dead                           Min: 0, Avg:  0.0, Max: 0, Diff: 0, Sum: 0, Workers: 4
[271.354s][debug][gc,phases      ] GC(23)     Total                          Min: 0, Avg:  0.0, Max: 0, Diff: 0, Sum: 0, Workers: 4
[271.354s][debug][gc,phases      ] GC(23)   StringDedup Requests1 Weak     Min:  0.0, Avg:  0.0, Max:  0.0, Diff:  0.0, Sum:  0.0, Workers: 4
[271.354s][debug][gc,phases      ] GC(23)     Dead                           Min: 0, Avg:  0.0, Max: 0, Diff: 0, Sum: 0, Workers: 4
[271.354s][debug][gc,phases      ] GC(23)     Total                          Min: 0, Avg:  0.0, Max: 0, Diff: 0, Sum: 0, Workers: 4
[271.354s][debug][gc,phases      ] GC(23)   Weak JFR Old Object Samples    Min:  0.0, Avg:  0.0, Max:  0.0, Diff:  0.0, Sum:  0.0, Workers: 4
[271.354s][debug][gc,phases      ] GC(23)     Dead                           Min: 0, Avg:  0.0, Max: 0, Diff: 0, Sum: 0, Workers: 4
[271.354s][debug][gc,phases      ] GC(23)     Total                          Min: 0, Avg:  0.0, Max: 0, Diff: 0, Sum: 0, Workers: 4
[271.354s][debug][gc,phases      ] GC(23) Weak Processing 0.336ms
[271.354s][debug][gc,age         ] GC(23) Desired survivor size 510132224 bytes, new threshold 3 (max threshold 15)
[271.354s][info ][gc,heap        ] GC(23) PSYoungGen: 1050400K(1572864K)->1984K(1598976K) Eden: 1048576K(1048576K)->0K(1084928K) From: 1824K(524288K)->1984K(514048K)
[271.354s][info ][gc,heap        ] GC(23) ParOldGen: 427879K(621568K)->427879K(621568K)
[271.354s][info ][gc,metaspace   ] GC(23) Metaspace: 78469K(79360K)->78469K(79360K) NonClass: 67245K(67712K)->67245K(67712K) Class: 11223K(11648K)->11223K(11648K)
[271.354s][info ][gc             ] GC(23) Pause Young (Allocation Failure) 1443M->419M(2168M) 2.624ms
[271.354s][info ][gc,cpu         ] GC(23) User=0.01s Sys=0.00s Real=0.00s
[271.354s][info ][safepoint      ] Safepoint "ParallelGCFailedAllocation", Time since last: 390531488 ns, Reaching safepoint: 24500 ns, At safepoint: 2689685 ns, Total: 2714185 ns
[273.355s][info ][safepoint      ] Safepoint "Cleanup", Time since last: 2000154732 ns, Reaching safepoint: 117504 ns, At safepoint: 5900 ns, Total: 123404 ns
[275.355s][info ][safepoint      ] Safepoint "Cleanup", Time since last: 2000181872 ns, Reaching safepoint: 65002 ns, At safepoint: 2900 ns, Total: 67902 ns
[276.355s][info ][safepoint      ] Safepoint "Cleanup", Time since last: 1000112288 ns, Reaching safepoint: 49101 ns, At safepoint: 2600 ns, Total: 51701 ns
[277.355s][info ][safepoint      ] Safepoint "Cleanup", Time since last: 1000112781 ns, Reaching safepoint: 45302 ns, At safepoint: 3000 ns, Total: 48302 ns
[280.356s][info ][safepoint      ] Safepoint "Cleanup", Time since last: 3000243539 ns, Reaching safepoint: 53302 ns, At safepoint: 5200 ns, Total: 58502 ns
[281.356s][info ][safepoint      ] Safepoint "Cleanup", Time since last: 1000116481 ns, Reaching safepoint: 51102 ns, At safepoint: 2600 ns, Total: 53702 ns
[283.356s][info ][safepoint      ] Safepoint "Cleanup", Time since last: 2000193561 ns, Reaching safepoint: 53402 ns, At safepoint: 3500 ns, Total: 56902 ns
[284.356s][info ][safepoint      ] Safepoint "Cleanup", Time since last: 1000112946 ns, Reaching safepoint: 43602 ns, At safepoint: 3200 ns, Total: 46802 ns
[286.357s][info ][safepoint      ] Safepoint "Cleanup", Time since last: 2000217063 ns, Reaching safepoint: 160005 ns, At safepoint: 15500 ns, Total: 175505 ns
[291.357s][info ][safepoint      ] Safepoint "Cleanup", Time since last: 5000444651 ns, Reaching safepoint: 52902 ns, At safepoint: 6300 ns, Total: 59202 ns
[294.625s][info ][safepoint      ] Safepoint "Cleanup", Time since last: 3267884851 ns, Reaching safepoint: 83102 ns, At safepoint: 2801 ns, Total: 85903 ns
[295.625s][info ][safepoint      ] Safepoint "Cleanup", Time since last: 1000096895 ns, Reaching safepoint: 55802 ns, At safepoint: 3300 ns, Total: 59102 ns
[297.625s][info ][safepoint      ] Safepoint "Cleanup", Time since last: 2000187090 ns, Reaching safepoint: 53502 ns, At safepoint: 2800 ns, Total: 56302 ns
[298.626s][info ][safepoint      ] Safepoint "Cleanup", Time since last: 1000122196 ns, Reaching safepoint: 43202 ns, At safepoint: 32101 ns, Total: 75303 ns
[299.626s][info ][safepoint      ] Safepoint "Cleanup", Time since last: 1000126050 ns, Reaching safepoint: 53902 ns, At safepoint: 3600 ns, Total: 57502 ns
[300.626s][info ][safepoint      ] Safepoint "Cleanup", Time since last: 1000125236 ns, Reaching safepoint: 63702 ns, At safepoint: 5700 ns, Total: 69402 ns
[301.626s][info ][safepoint      ] Safepoint "Cleanup", Time since last: 1000128437 ns, Reaching safepoint: 49401 ns, At safepoint: 2801 ns, Total: 52202 ns
[303.626s][info ][safepoint      ] Safepoint "Cleanup", Time since last: 2000188470 ns, Reaching safepoint: 51502 ns, At safepoint: 3200 ns, Total: 54702 ns
[307.351s][info ][safepoint      ] Safepoint "Cleanup", Time since last: 3724352340 ns, Reaching safepoint: 128405 ns, At safepoint: 7400 ns, Total: 135805 ns
[308.351s][info ][safepoint      ] Safepoint "Cleanup", Time since last: 1000115143 ns, Reaching safepoint: 136705 ns, At safepoint: 5700 ns, Total: 142405 ns
[309.370s][info ][safepoint      ] Safepoint "Cleanup", Time since last: 1019066967 ns, Reaching safepoint: 71102 ns, At safepoint: 9400 ns, Total: 80502 ns
[311.371s][info ][safepoint      ] Safepoint "Cleanup", Time since last: 2000323677 ns, Reaching safepoint: 52602 ns, At safepoint: 2800 ns, Total: 55402 ns
[313.371s][info ][safepoint      ] Safepoint "Cleanup", Time since last: 2000197873 ns, Reaching safepoint: 52702 ns, At safepoint: 3200 ns, Total: 55902 ns
[314.371s][info ][safepoint      ] Safepoint "Cleanup", Time since last: 1000124237 ns, Reaching safepoint: 44202 ns, At safepoint: 3000 ns, Total: 47202 ns
[315.371s][info ][safepoint      ] Safepoint "Cleanup", Time since last: 1000126737 ns, Reaching safepoint: 47302 ns, At safepoint: 3100 ns, Total: 50402 ns
[316.372s][info ][safepoint      ] Safepoint "Cleanup", Time since last: 1000232233 ns, Reaching safepoint: 61602 ns, At safepoint: 2800 ns, Total: 64402 ns
[317.252s][info ][gc,start       ] GC(24) Pause Young (Allocation Failure)
[317.254s][debug][gc,phases      ] GC(24) Scavenge 1.957ms
[317.254s][debug][gc,ref         ] GC(24) Skipped phase 1 of Reference Processing: no references
[317.254s][debug][gc,ref         ] GC(24) ReferenceProcessor::execute queues: 1, RefProcThreadModel::Single, marks_oops_alive: false
[317.254s][debug][gc,ref         ] GC(24) Skipped phase 3 of Reference Processing: no references
[317.254s][debug][gc,ref         ] GC(24) ReferenceProcessor::execute queues: 1, RefProcThreadModel::Single, marks_oops_alive: false
[317.254s][debug][gc,phases      ] GC(24) Reference Processing 0.116ms
[317.254s][debug][gc,phases      ] GC(24)   VM Weak                        Min:  0.0, Avg:  0.0, Max:  0.0, Diff:  0.0, Sum:  0.0, Workers: 4
[317.254s][debug][gc,phases      ] GC(24)     Dead                           Min: 0, Avg:  0.0, Max: 0, Diff: 0, Sum: 0, Workers: 4
[317.254s][debug][gc,phases      ] GC(24)     Total                          Min: 0, Avg: 193.2, Max: 581, Diff: 581, Sum: 773, Workers: 4
[317.254s][debug][gc,phases      ] GC(24)   ObjectSynchronizer Weak        Min:  0.0, Avg:  0.0, Max:  0.0, Diff:  0.0, Sum:  0.0, Workers: 4
[317.254s][debug][gc,phases      ] GC(24)     Dead                           Min: 0, Avg:  0.0, Max: 0, Diff: 0, Sum: 0, Workers: 4
[317.254s][debug][gc,phases      ] GC(24)     Total                          Min: 0, Avg:  7.5, Max: 30, Diff: 30, Sum: 30, Workers: 4
[317.254s][debug][gc,phases      ] GC(24)   JVMTI Tag Weak OopStorage      Min:  0.0, Avg:  0.0, Max:  0.0, Diff:  0.0, Sum:  0.0, Workers: 4
[317.254s][debug][gc,phases      ] GC(24)     Dead                           Min: 0, Avg:  0.0, Max: 0, Diff: 0, Sum: 0, Workers: 4
[317.254s][debug][gc,phases      ] GC(24)     Total                          Min: 0, Avg:  0.0, Max: 0, Diff: 0, Sum: 0, Workers: 4
[317.254s][debug][gc,phases      ] GC(24)   StringTable Weak               Min:  0.0, Avg:  0.1, Max:  0.1, Diff:  0.1, Sum:  0.4, Workers: 4
[317.254s][debug][gc,phases      ] GC(24)     Dead                           Min: 0, Avg:  0.0, Max: 0, Diff: 0, Sum: 0, Workers: 4
[317.254s][debug][gc,phases      ] GC(24)     Total                          Min: 0, Avg: 10612.8, Max: 15059, Diff: 15059, Sum: 42451, Workers: 4
[317.254s][debug][gc,phases      ] GC(24)   ResolvedMethodTable Weak       Min:  0.0, Avg:  0.0, Max:  0.0, Diff:  0.0, Sum:  0.1, Workers: 4
[317.254s][debug][gc,phases      ] GC(24)     Dead                           Min: 0, Avg:  0.2, Max: 1, Diff: 1, Sum: 1, Workers: 4
[317.254s][debug][gc,phases      ] GC(24)     Total                          Min: 0, Avg: 2140.5, Max: 2935, Diff: 2935, Sum: 8562, Workers: 4
[317.254s][debug][gc,phases      ] GC(24)   JNI Weak                       Min:  0.0, Avg:  0.0, Max:  0.0, Diff:  0.0, Sum:  0.0, Workers: 4
[317.254s][debug][gc,phases      ] GC(24)     Dead                           Min: 0, Avg:  0.0, Max: 0, Diff: 0, Sum: 0, Workers: 4
[317.254s][debug][gc,phases      ] GC(24)     Total                          Min: 0, Avg: 11.2, Max: 45, Diff: 45, Sum: 45, Workers: 4
[317.254s][debug][gc,phases      ] GC(24)   StringDedup Table Weak         Min:  0.0, Avg:  0.0, Max:  0.0, Diff:  0.0, Sum:  0.0, Workers: 4
[317.254s][debug][gc,phases      ] GC(24)     Dead                           Min: 0, Avg:  0.0, Max: 0, Diff: 0, Sum: 0, Workers: 4
[317.254s][debug][gc,phases      ] GC(24)     Total                          Min: 0, Avg:  0.0, Max: 0, Diff: 0, Sum: 0, Workers: 4
[317.254s][debug][gc,phases      ] GC(24)   StringDedup Requests0 Weak     Min:  0.0, Avg:  0.0, Max:  0.0, Diff:  0.0, Sum:  0.0, Workers: 4
[317.254s][debug][gc,phases      ] GC(24)     Dead                           Min: 0, Avg:  0.0, Max: 0, Diff: 0, Sum: 0, Workers: 4
[317.254s][debug][gc,phases      ] GC(24)     Total                          Min: 0, Avg:  0.0, Max: 0, Diff: 0, Sum: 0, Workers: 4
[317.254s][debug][gc,phases      ] GC(24)   StringDedup Requests1 Weak     Min:  0.0, Avg:  0.0, Max:  0.0, Diff:  0.0, Sum:  0.0, Workers: 4
[317.254s][debug][gc,phases      ] GC(24)     Dead                           Min: 0, Avg:  0.0, Max: 0, Diff: 0, Sum: 0, Workers: 4
[317.254s][debug][gc,phases      ] GC(24)     Total                          Min: 0, Avg:  0.0, Max: 0, Diff: 0, Sum: 0, Workers: 4
[317.254s][debug][gc,phases      ] GC(24)   Weak JFR Old Object Samples    Min:  0.0, Avg:  0.0, Max:  0.0, Diff:  0.0, Sum:  0.0, Workers: 4
[317.254s][debug][gc,phases      ] GC(24)     Dead                           Min: 0, Avg:  0.0, Max: 0, Diff: 0, Sum: 0, Workers: 4
[317.254s][debug][gc,phases      ] GC(24)     Total                          Min: 0, Avg:  0.0, Max: 0, Diff: 0, Sum: 0, Workers: 4
[317.254s][debug][gc,phases      ] GC(24) Weak Processing 0.365ms
[317.254s][debug][gc,age         ] GC(24) Desired survivor size 492306432 bytes, new threshold 4 (max threshold 15)
[317.254s][info ][gc,heap        ] GC(24) PSYoungGen: 1086912K(1598976K)->2384K(1583104K) Eden: 1084928K(1084928K)->0K(1084928K) From: 1984K(514048K)->2384K(498176K)
[317.254s][info ][gc,heap        ] GC(24) ParOldGen: 427879K(621568K)->427879K(621568K)
[317.254s][info ][gc,metaspace   ] GC(24) Metaspace: 78515K(79488K)->78515K(79488K) NonClass: 67287K(67840K)->67287K(67840K) Class: 11227K(11648K)->11227K(11648K)
[317.254s][info ][gc             ] GC(24) Pause Young (Allocation Failure) 1479M->420M(2153M) 2.569ms
[317.254s][info ][gc,cpu         ] GC(24) User=0.01s Sys=0.00s Real=0.00s
[317.254s][info ][safepoint      ] Safepoint "ParallelGCFailedAllocation", Time since last: 880185644 ns, Reaching safepoint: 42201 ns, At safepoint: 2639988 ns, Total: 2682189 ns
[321.255s][info ][safepoint      ] Safepoint "Cleanup", Time since last: 4000325011 ns, Reaching safepoint: 46301 ns, At safepoint: 2600 ns, Total: 48901 ns
[322.255s][info ][safepoint      ] Safepoint "Cleanup", Time since last: 1000112329 ns, Reaching safepoint: 43901 ns, At safepoint: 2801 ns, Total: 46702 ns
[323.255s][info ][safepoint      ] Safepoint "Cleanup", Time since last: 1000122829 ns, Reaching safepoint: 106103 ns, At safepoint: 6100 ns, Total: 112203 ns
[324.255s][info ][safepoint      ] Safepoint "Cleanup", Time since last: 1000103332 ns, Reaching safepoint: 105303 ns, At safepoint: 2800 ns, Total: 108103 ns
[331.256s][info ][safepoint      ] Safepoint "Cleanup", Time since last: 7000512724 ns, Reaching safepoint: 49102 ns, At safepoint: 2900 ns, Total: 52002 ns
[332.256s][info ][safepoint      ] Safepoint "Cleanup", Time since last: 1000126684 ns, Reaching safepoint: 47402 ns, At safepoint: 2800 ns, Total: 50202 ns
[333.256s][info ][safepoint      ] Safepoint "Cleanup", Time since last: 1000107197 ns, Reaching safepoint: 46901 ns, At safepoint: 3300 ns, Total: 50201 ns
[335.257s][info ][safepoint      ] Safepoint "Cleanup", Time since last: 2000191792 ns, Reaching safepoint: 41902 ns, At safepoint: 5200 ns, Total: 47102 ns
[338.257s][info ][safepoint      ] Safepoint "Cleanup", Time since last: 3000226286 ns, Reaching safepoint: 42102 ns, At safepoint: 3600 ns, Total: 45702 ns
[340.257s][info ][safepoint      ] Safepoint "Cleanup", Time since last: 2000173928 ns, Reaching safepoint: 45401 ns, At safepoint: 4001 ns, Total: 49402 ns
[341.257s][info ][safepoint      ] Safepoint "Cleanup", Time since last: 1000119219 ns, Reaching safepoint: 48001 ns, At safepoint: 4200 ns, Total: 52201 ns
[344.258s][info ][safepoint      ] Safepoint "Cleanup", Time since last: 3000246154 ns, Reaching safepoint: 42301 ns, At safepoint: 3400 ns, Total: 45701 ns
[348.258s][info ][safepoint      ] Safepoint "Cleanup", Time since last: 4000324533 ns, Reaching safepoint: 50201 ns, At safepoint: 2600 ns, Total: 52801 ns
[349.258s][info ][safepoint      ] Safepoint "Cleanup", Time since last: 1000120202 ns, Reaching safepoint: 50502 ns, At safepoint: 2500 ns, Total: 53002 ns
[351.258s][info ][safepoint      ] Safepoint "Cleanup", Time since last: 2000190701 ns, Reaching safepoint: 48502 ns, At safepoint: 6000 ns, Total: 54502 ns
[352.258s][info ][safepoint      ] Safepoint "Cleanup", Time since last: 1000106501 ns, Reaching safepoint: 32501 ns, At safepoint: 2500 ns, Total: 35001 ns
[353.259s][info ][safepoint      ] Safepoint "Cleanup", Time since last: 1000105601 ns, Reaching safepoint: 55102 ns, At safepoint: 5300 ns, Total: 60402 ns
[354.259s][info ][safepoint      ] Safepoint "Cleanup", Time since last: 1000110302 ns, Reaching safepoint: 51701 ns, At safepoint: 2800 ns, Total: 54501 ns
[357.259s][info ][safepoint      ] Safepoint "Cleanup", Time since last: 3000267783 ns, Reaching safepoint: 48001 ns, At safepoint: 2900 ns, Total: 50901 ns
[358.259s][info ][safepoint      ] Safepoint "Cleanup", Time since last: 1000130659 ns, Reaching safepoint: 41401 ns, At safepoint: 2601 ns, Total: 44002 ns
[359.259s][info ][safepoint      ] Safepoint "Cleanup", Time since last: 1000105657 ns, Reaching safepoint: 46102 ns, At safepoint: 4100 ns, Total: 50202 ns
[360.850s][info ][gc,start       ] GC(25) Pause Young (Allocation Failure)
[360.852s][debug][gc,phases      ] GC(25) Scavenge 2.314ms
[360.852s][debug][gc,ref         ] GC(25) Skipped phase 1 of Reference Processing: no references
[360.852s][debug][gc,ref         ] GC(25) ReferenceProcessor::execute queues: 1, RefProcThreadModel::Single, marks_oops_alive: false
[360.852s][debug][gc,ref         ] GC(25) Skipped phase 3 of Reference Processing: no references
[360.852s][debug][gc,ref         ] GC(25) ReferenceProcessor::execute queues: 1, RefProcThreadModel::Single, marks_oops_alive: false
[360.852s][debug][gc,phases      ] GC(25) Reference Processing 0.117ms
[360.853s][debug][gc,phases      ] GC(25)   VM Weak                        Min:  0.0, Avg:  0.0, Max:  0.0, Diff:  0.0, Sum:  0.0, Workers: 4
[360.853s][debug][gc,phases      ] GC(25)     Dead                           Min: 0, Avg:  0.0, Max: 0, Diff: 0, Sum: 0, Workers: 4
[360.853s][debug][gc,phases      ] GC(25)     Total                          Min: 0, Avg: 193.5, Max: 454, Diff: 454, Sum: 774, Workers: 4
[360.853s][debug][gc,phases      ] GC(25)   ObjectSynchronizer Weak        Min:  0.0, Avg:  0.0, Max:  0.0, Diff:  0.0, Sum:  0.0, Workers: 4
[360.853s][debug][gc,phases      ] GC(25)     Dead                           Min: 0, Avg:  2.2, Max: 9, Diff: 9, Sum: 9, Workers: 4
[360.853s][debug][gc,phases      ] GC(25)     Total                          Min: 0, Avg:  9.8, Max: 39, Diff: 39, Sum: 39, Workers: 4
[360.853s][debug][gc,phases      ] GC(25)   JVMTI Tag Weak OopStorage      Min:  0.0, Avg:  0.0, Max:  0.0, Diff:  0.0, Sum:  0.0, Workers: 4
[360.853s][debug][gc,phases      ] GC(25)     Dead                           Min: 0, Avg:  0.0, Max: 0, Diff: 0, Sum: 0, Workers: 4
[360.853s][debug][gc,phases      ] GC(25)     Total                          Min: 0, Avg:  0.0, Max: 0, Diff: 0, Sum: 0, Workers: 4
[360.853s][debug][gc,phases      ] GC(25)   StringTable Weak               Min:  0.0, Avg:  0.1, Max:  0.1, Diff:  0.1, Sum:  0.4, Workers: 4
[360.853s][debug][gc,phases      ] GC(25)     Dead                           Min: 0, Avg:  0.5, Max: 2, Diff: 2, Sum: 2, Workers: 4
[360.853s][debug][gc,phases      ] GC(25)     Total                          Min: 0, Avg: 10623.0, Max: 15485, Diff: 15485, Sum: 42492, Workers: 4
[360.853s][debug][gc,phases      ] GC(25)   ResolvedMethodTable Weak       Min:  0.0, Avg:  0.0, Max:  0.0, Diff:  0.0, Sum:  0.1, Workers: 4
[360.853s][debug][gc,phases      ] GC(25)     Dead                           Min: 0, Avg:  0.0, Max: 0, Diff: 0, Sum: 0, Workers: 4
[360.853s][debug][gc,phases      ] GC(25)     Total                          Min: 0, Avg: 2151.0, Max: 3164, Diff: 3164, Sum: 8604, Workers: 4
[360.853s][debug][gc,phases      ] GC(25)   JNI Weak                       Min:  0.0, Avg:  0.0, Max:  0.0, Diff:  0.0, Sum:  0.0, Workers: 4
[360.853s][debug][gc,phases      ] GC(25)     Dead                           Min: 0, Avg:  0.0, Max: 0, Diff: 0, Sum: 0, Workers: 4
[360.853s][debug][gc,phases      ] GC(25)     Total                          Min: 0, Avg: 11.2, Max: 45, Diff: 45, Sum: 45, Workers: 4
[360.853s][debug][gc,phases      ] GC(25)   StringDedup Table Weak         Min:  0.0, Avg:  0.0, Max:  0.0, Diff:  0.0, Sum:  0.0, Workers: 4
[360.853s][debug][gc,phases      ] GC(25)     Dead                           Min: 0, Avg:  0.0, Max: 0, Diff: 0, Sum: 0, Workers: 4
[360.853s][debug][gc,phases      ] GC(25)     Total                          Min: 0, Avg:  0.0, Max: 0, Diff: 0, Sum: 0, Workers: 4
[360.853s][debug][gc,phases      ] GC(25)   StringDedup Requests0 Weak     Min:  0.0, Avg:  0.0, Max:  0.0, Diff:  0.0, Sum:  0.0, Workers: 4
[360.853s][debug][gc,phases      ] GC(25)     Dead                           Min: 0, Avg:  0.0, Max: 0, Diff: 0, Sum: 0, Workers: 4
[360.853s][debug][gc,phases      ] GC(25)     Total                          Min: 0, Avg:  0.0, Max: 0, Diff: 0, Sum: 0, Workers: 4
[360.853s][debug][gc,phases      ] GC(25)   StringDedup Requests1 Weak     Min:  0.0, Avg:  0.0, Max:  0.0, Diff:  0.0, Sum:  0.0, Workers: 4
[360.853s][debug][gc,phases      ] GC(25)     Dead                           Min: 0, Avg:  0.0, Max: 0, Diff: 0, Sum: 0, Workers: 4
[360.853s][debug][gc,phases      ] GC(25)     Total                          Min: 0, Avg:  0.0, Max: 0, Diff: 0, Sum: 0, Workers: 4
[360.853s][debug][gc,phases      ] GC(25)   Weak JFR Old Object Samples    Min:  0.0, Avg:  0.0, Max:  0.0, Diff:  0.0, Sum:  0.0, Workers: 4
[360.853s][debug][gc,phases      ] GC(25)     Dead                           Min: 0, Avg:  0.0, Max: 0, Diff: 0, Sum: 0, Workers: 4
[360.853s][debug][gc,phases      ] GC(25)     Total                          Min: 0, Avg:  0.0, Max: 0, Diff: 0, Sum: 0, Workers: 4
[360.853s][debug][gc,phases      ] GC(25) Weak Processing 0.366ms
[360.853s][debug][gc,age         ] GC(25) Desired survivor size 472907776 bytes, new threshold 5 (max threshold 15)
[360.853s][info ][gc,heap        ] GC(25) PSYoungGen: 1087312K(1583104K)->2720K(1635328K) Eden: 1084928K(1084928K)->0K(1154560K) From: 2384K(498176K)->2720K(480768K)
[360.853s][info ][gc,heap        ] GC(25) ParOldGen: 427879K(621568K)->427887K(621568K)
[360.853s][info ][gc,metaspace   ] GC(25) Metaspace: 78695K(79616K)->78695K(79616K) NonClass: 67449K(67904K)->67449K(67904K) Class: 11245K(11712K)->11245K(11712K)
[360.853s][info ][gc             ] GC(25) Pause Young (Allocation Failure) 1479M->420M(2204M) 2.922ms
[360.853s][info ][gc,cpu         ] GC(25) User=0.01s Sys=0.00s Real=0.00s
[360.853s][info ][safepoint      ] Safepoint "ParallelGCFailedAllocation", Time since last: 1590341955 ns, Reaching safepoint: 110203 ns, At safepoint: 3020698 ns, Total: 3130901 ns
[367.854s][info ][safepoint      ] Safepoint "Cleanup", Time since last: 7000532587 ns, Reaching safepoint: 129604 ns, At safepoint: 4900 ns, Total: 134504 ns
[369.854s][info ][safepoint      ] Safepoint "Cleanup", Time since last: 2000201970 ns, Reaching safepoint: 117703 ns, At safepoint: 6301 ns, Total: 124004 ns
[370.854s][info ][safepoint      ] Safepoint "Cleanup", Time since last: 1000145611 ns, Reaching safepoint: 117504 ns, At safepoint: 6300 ns, Total: 123804 ns
[376.855s][info ][safepoint      ] Safepoint "Cleanup", Time since last: 6000434995 ns, Reaching safepoint: 42701 ns, At safepoint: 3000 ns, Total: 45701 ns
[377.855s][info ][safepoint      ] Safepoint "Cleanup", Time since last: 1000125055 ns, Reaching safepoint: 51602 ns, At safepoint: 2900 ns, Total: 54502 ns
[378.855s][info ][safepoint      ] Safepoint "Cleanup", Time since last: 1000120154 ns, Reaching safepoint: 46802 ns, At safepoint: 3500 ns, Total: 50302 ns
[381.855s][info ][safepoint      ] Safepoint "Cleanup", Time since last: 3000249892 ns, Reaching safepoint: 53901 ns, At safepoint: 2801 ns, Total: 56702 ns
[387.856s][info ][safepoint      ] Safepoint "Cleanup", Time since last: 6000406695 ns, Reaching safepoint: 47702 ns, At safepoint: 3200 ns, Total: 50902 ns
[389.856s][info ][safepoint      ] Safepoint "Cleanup", Time since last: 2000199804 ns, Reaching safepoint: 116003 ns, At safepoint: 8801 ns, Total: 124804 ns
[394.856s][info ][safepoint      ] Safepoint "Cleanup", Time since last: 5000316885 ns, Reaching safepoint: 43102 ns, At safepoint: 2500 ns, Total: 45602 ns
[395.857s][info ][safepoint      ] Safepoint "Cleanup", Time since last: 1000117061 ns, Reaching safepoint: 61502 ns, At safepoint: 5400 ns, Total: 66902 ns
[400.857s][info ][safepoint      ] Safepoint "Cleanup", Time since last: 5000385750 ns, Reaching safepoint: 46702 ns, At safepoint: 2800 ns, Total: 49502 ns
[404.857s][info ][safepoint      ] Safepoint "Cleanup", Time since last: 4000298144 ns, Reaching safepoint: 48502 ns, At safepoint: 5400 ns, Total: 53902 ns
[408.200s][info ][gc,start       ] GC(26) Pause Young (Allocation Failure)
[408.202s][debug][gc,phases      ] GC(26) Scavenge 2.297ms
[408.202s][debug][gc,ref         ] GC(26) Skipped phase 1 of Reference Processing: no references
[408.202s][debug][gc,ref         ] GC(26) ReferenceProcessor::execute queues: 1, RefProcThreadModel::Single, marks_oops_alive: false
[408.202s][debug][gc,ref         ] GC(26) Skipped phase 3 of Reference Processing: no references
[408.202s][debug][gc,ref         ] GC(26) ReferenceProcessor::execute queues: 1, RefProcThreadModel::Single, marks_oops_alive: false
[408.202s][debug][gc,phases      ] GC(26) Reference Processing 0.117ms
[408.203s][debug][gc,phases      ] GC(26)   VM Weak                        Min:  0.0, Avg:  0.0, Max:  0.0, Diff:  0.0, Sum:  0.0, Workers: 4
[408.203s][debug][gc,phases      ] GC(26)     Dead                           Min: 0, Avg:  0.0, Max: 0, Diff: 0, Sum: 0, Workers: 4
[408.203s][debug][gc,phases      ] GC(26)     Total                          Min: 0, Avg: 193.5, Max: 448, Diff: 448, Sum: 774, Workers: 4
[408.203s][debug][gc,phases      ] GC(26)   ObjectSynchronizer Weak        Min:  0.0, Avg:  0.0, Max:  0.0, Diff:  0.0, Sum:  0.0, Workers: 4
[408.203s][debug][gc,phases      ] GC(26)     Dead                           Min: 0, Avg:  0.0, Max: 0, Diff: 0, Sum: 0, Workers: 4
[408.203s][debug][gc,phases      ] GC(26)     Total                          Min: 0, Avg:  9.8, Max: 39, Diff: 39, Sum: 39, Workers: 4
[408.203s][debug][gc,phases      ] GC(26)   JVMTI Tag Weak OopStorage      Min:  0.0, Avg:  0.0, Max:  0.0, Diff:  0.0, Sum:  0.0, Workers: 4
[408.203s][debug][gc,phases      ] GC(26)     Dead                           Min: 0, Avg:  0.0, Max: 0, Diff: 0, Sum: 0, Workers: 4
[408.203s][debug][gc,phases      ] GC(26)     Total                          Min: 0, Avg:  0.0, Max: 0, Diff: 0, Sum: 0, Workers: 4
[408.203s][debug][gc,phases      ] GC(26)   StringTable Weak               Min:  0.0, Avg:  0.1, Max:  0.1, Diff:  0.1, Sum:  0.4, Workers: 4
[408.203s][debug][gc,phases      ] GC(26)     Dead                           Min: 0, Avg:  0.0, Max: 0, Diff: 0, Sum: 0, Workers: 4
[408.203s][debug][gc,phases      ] GC(26)     Total                          Min: 0, Avg: 10623.5, Max: 15104, Diff: 15104, Sum: 42494, Workers: 4
[408.203s][debug][gc,phases      ] GC(26)   ResolvedMethodTable Weak       Min:  0.0, Avg:  0.0, Max:  0.0, Diff:  0.0, Sum:  0.1, Workers: 4
[408.203s][debug][gc,phases      ] GC(26)     Dead                           Min: 0, Avg:  0.0, Max: 0, Diff: 0, Sum: 0, Workers: 4
[408.203s][debug][gc,phases      ] GC(26)     Total                          Min: 0, Avg: 2151.5, Max: 3008, Diff: 3008, Sum: 8606, Workers: 4
[408.203s][debug][gc,phases      ] GC(26)   JNI Weak                       Min:  0.0, Avg:  0.0, Max:  0.0, Diff:  0.0, Sum:  0.0, Workers: 4
[408.203s][debug][gc,phases      ] GC(26)     Dead                           Min: 0, Avg:  0.0, Max: 0, Diff: 0, Sum: 0, Workers: 4
[408.203s][debug][gc,phases      ] GC(26)     Total                          Min: 0, Avg: 11.2, Max: 45, Diff: 45, Sum: 45, Workers: 4
[408.203s][debug][gc,phases      ] GC(26)   StringDedup Table Weak         Min:  0.0, Avg:  0.0, Max:  0.0, Diff:  0.0, Sum:  0.0, Workers: 4
[408.203s][debug][gc,phases      ] GC(26)     Dead                           Min: 0, Avg:  0.0, Max: 0, Diff: 0, Sum: 0, Workers: 4
[408.203s][debug][gc,phases      ] GC(26)     Total                          Min: 0, Avg:  0.0, Max: 0, Diff: 0, Sum: 0, Workers: 4
[408.203s][debug][gc,phases      ] GC(26)   StringDedup Requests0 Weak     Min:  0.0, Avg:  0.0, Max:  0.0, Diff:  0.0, Sum:  0.0, Workers: 4
[408.203s][debug][gc,phases      ] GC(26)     Dead                           Min: 0, Avg:  0.0, Max: 0, Diff: 0, Sum: 0, Workers: 4
[408.203s][debug][gc,phases      ] GC(26)     Total                          Min: 0, Avg:  0.0, Max: 0, Diff: 0, Sum: 0, Workers: 4
[408.203s][debug][gc,phases      ] GC(26)   StringDedup Requests1 Weak     Min:  0.0, Avg:  0.0, Max:  0.0, Diff:  0.0, Sum:  0.0, Workers: 4
[408.203s][debug][gc,phases      ] GC(26)     Dead                           Min: 0, Avg:  0.0, Max: 0, Diff: 0, Sum: 0, Workers: 4
[408.203s][debug][gc,phases      ] GC(26)     Total                          Min: 0, Avg:  0.0, Max: 0, Diff: 0, Sum: 0, Workers: 4
[408.203s][debug][gc,phases      ] GC(26)   Weak JFR Old Object Samples    Min:  0.0, Avg:  0.0, Max:  0.0, Diff:  0.0, Sum:  0.0, Workers: 4
[408.203s][debug][gc,phases      ] GC(26)     Dead                           Min: 0, Avg:  0.0, Max: 0, Diff: 0, Sum: 0, Workers: 4
[408.203s][debug][gc,phases      ] GC(26)     Total                          Min: 0, Avg:  0.0, Max: 0, Diff: 0, Sum: 0, Workers: 4
[408.203s][debug][gc,phases      ] GC(26) Weak Processing 0.352ms
[408.203s][debug][gc,age         ] GC(26) Desired survivor size 452460544 bytes, new threshold 6 (max threshold 15)
[408.203s][info ][gc,heap        ] GC(26) PSYoungGen: 1157280K(1635328K)->2800K(1616384K) Eden: 1154560K(1154560K)->0K(1154560K) From: 2720K(480768K)->2800K(461824K)
[408.203s][info ][gc,heap        ] GC(26) ParOldGen: 427887K(621568K)->427887K(621568K)
[408.203s][info ][gc,metaspace   ] GC(26) Metaspace: 78723K(79744K)->78723K(79744K) NonClass: 67478K(68032K)->67478K(68032K) Class: 11245K(11712K)->11245K(11712K)
[408.203s][info ][gc             ] GC(26) Pause Young (Allocation Failure) 1548M->420M(2185M) 2.893ms
[408.203s][info ][gc,cpu         ] GC(26) User=0.01s Sys=0.00s Real=0.00s
[408.203s][info ][safepoint      ] Safepoint "ParallelGCFailedAllocation", Time since last: 3342261804 ns, Reaching safepoint: 113604 ns, At safepoint: 2968797 ns, Total: 3082401 ns
[412.203s][info ][safepoint      ] Safepoint "Cleanup", Time since last: 4000276390 ns, Reaching safepoint: 115704 ns, At safepoint: 5900 ns, Total: 121604 ns
[415.204s][info ][safepoint      ] Safepoint "Cleanup", Time since last: 3000255695 ns, Reaching safepoint: 115004 ns, At safepoint: 8500 ns, Total: 123504 ns
[420.204s][info ][safepoint      ] Safepoint "Cleanup", Time since last: 5000405438 ns, Reaching safepoint: 121604 ns, At safepoint: 5800 ns, Total: 127404 ns
[424.205s][info ][safepoint      ] Safepoint "Cleanup", Time since last: 4000360563 ns, Reaching safepoint: 124804 ns, At safepoint: 5300 ns, Total: 130104 ns
[427.205s][info ][safepoint      ] Safepoint "Cleanup", Time since last: 3000273148 ns, Reaching safepoint: 117503 ns, At safepoint: 6501 ns, Total: 124004 ns
[434.206s][info ][safepoint      ] Safepoint "Cleanup", Time since last: 7000549810 ns, Reaching safepoint: 44801 ns, At safepoint: 2900 ns, Total: 47701 ns
[435.206s][info ][safepoint      ] Safepoint "Cleanup", Time since last: 1000112494 ns, Reaching safepoint: 66502 ns, At safepoint: 5900 ns, Total: 72402 ns
[440.207s][info ][safepoint      ] Safepoint "Cleanup", Time since last: 5000598615 ns, Reaching safepoint: 155105 ns, At safepoint: 4700 ns, Total: 159805 ns
[441.604s][info ][safepoint      ] Safepoint "Cleanup", Time since last: 1397642487 ns, Reaching safepoint: 185406 ns, At safepoint: 4500 ns, Total: 189906 ns
[442.605s][info ][safepoint      ] Safepoint "Cleanup", Time since last: 1000118047 ns, Reaching safepoint: 153705 ns, At safepoint: 5400 ns, Total: 159105 ns
[443.605s][info ][safepoint      ] Safepoint "Cleanup", Time since last: 1000121521 ns, Reaching safepoint: 161405 ns, At safepoint: 8200 ns, Total: 169605 ns
[444.605s][info ][safepoint      ] Safepoint "Cleanup", Time since last: 1000110512 ns, Reaching safepoint: 47601 ns, At safepoint: 3300 ns, Total: 50901 ns
[445.605s][info ][safepoint      ] Safepoint "Cleanup", Time since last: 1000115812 ns, Reaching safepoint: 52102 ns, At safepoint: 2700 ns, Total: 54802 ns
[446.605s][info ][safepoint      ] Safepoint "Cleanup", Time since last: 1000106512 ns, Reaching safepoint: 50701 ns, At safepoint: 3000 ns, Total: 53701 ns
[447.606s][info ][safepoint      ] Safepoint "Cleanup", Time since last: 1000118013 ns, Reaching safepoint: 37201 ns, At safepoint: 32501 ns, Total: 69702 ns
[449.606s][info ][safepoint      ] Safepoint "Cleanup", Time since last: 2000192523 ns, Reaching safepoint: 49301 ns, At safepoint: 2800 ns, Total: 52101 ns
[450.606s][info ][safepoint      ] Safepoint "Cleanup", Time since last: 1000108242 ns, Reaching safepoint: 47801 ns, At safepoint: 3100 ns, Total: 50901 ns
[456.606s][info ][safepoint      ] Safepoint "Cleanup", Time since last: 6000446866 ns, Reaching safepoint: 45002 ns, At safepoint: 2900 ns, Total: 47902 ns
[456.850s][info ][gc,start       ] GC(27) Pause Young (Allocation Failure)
[456.852s][debug][gc,phases      ] GC(27) Scavenge 2.271ms
[456.852s][debug][gc,ref         ] GC(27) Skipped phase 1 of Reference Processing: no references
[456.852s][debug][gc,ref         ] GC(27) ReferenceProcessor::execute queues: 1, RefProcThreadModel::Single, marks_oops_alive: false
[456.852s][debug][gc,ref         ] GC(27) Skipped phase 3 of Reference Processing: no references
[456.852s][debug][gc,ref         ] GC(27) Skipped phase 4 of Reference Processing: no references
[456.852s][debug][gc,phases      ] GC(27) Reference Processing 0.110ms
[456.852s][debug][gc,phases      ] GC(27)   VM Weak                        Min:  0.0, Avg:  0.0, Max:  0.0, Diff:  0.0, Sum:  0.0, Workers: 4
[456.852s][debug][gc,phases      ] GC(27)     Dead                           Min: 0, Avg:  0.0, Max: 0, Diff: 0, Sum: 0, Workers: 4
[456.852s][debug][gc,phases      ] GC(27)     Total                          Min: 0, Avg: 193.5, Max: 774, Diff: 774, Sum: 774, Workers: 4
[456.852s][debug][gc,phases      ] GC(27)   ObjectSynchronizer Weak        Min:  0.0, Avg:  0.0, Max:  0.0, Diff:  0.0, Sum:  0.0, Workers: 4
[456.852s][debug][gc,phases      ] GC(27)     Dead                           Min: 0, Avg:  0.0, Max: 0, Diff: 0, Sum: 0, Workers: 4
[456.852s][debug][gc,phases      ] GC(27)     Total                          Min: 0, Avg:  9.8, Max: 39, Diff: 39, Sum: 39, Workers: 4
[456.852s][debug][gc,phases      ] GC(27)   JVMTI Tag Weak OopStorage      Min:  0.0, Avg:  0.0, Max:  0.0, Diff:  0.0, Sum:  0.0, Workers: 4
[456.852s][debug][gc,phases      ] GC(27)     Dead                           Min: 0, Avg:  0.0, Max: 0, Diff: 0, Sum: 0, Workers: 4
[456.852s][debug][gc,phases      ] GC(27)     Total                          Min: 0, Avg:  0.0, Max: 0, Diff: 0, Sum: 0, Workers: 4
[456.852s][debug][gc,phases      ] GC(27)   StringTable Weak               Min:  0.0, Avg:  0.1, Max:  0.1, Diff:  0.1, Sum:  0.3, Workers: 4
[456.853s][debug][gc,phases      ] GC(27)     Dead                           Min: 0, Avg:  0.0, Max: 0, Diff: 0, Sum: 0, Workers: 4
[456.853s][debug][gc,phases      ] GC(27)     Total                          Min: 0, Avg: 10629.8, Max: 14720, Diff: 14720, Sum: 42519, Workers: 4
[456.853s][debug][gc,phases      ] GC(27)   ResolvedMethodTable Weak       Min:  0.0, Avg:  0.0, Max:  0.0, Diff:  0.0, Sum:  0.1, Workers: 4
[456.853s][debug][gc,phases      ] GC(27)     Dead                           Min: 0, Avg:  0.0, Max: 0, Diff: 0, Sum: 0, Workers: 4
[456.853s][debug][gc,phases      ] GC(27)     Total                          Min: 0, Avg: 2151.5, Max: 2944, Diff: 2944, Sum: 8606, Workers: 4
[456.853s][debug][gc,phases      ] GC(27)   JNI Weak                       Min:  0.0, Avg:  0.0, Max:  0.0, Diff:  0.0, Sum:  0.0, Workers: 4
[456.853s][debug][gc,phases      ] GC(27)     Dead                           Min: 0, Avg:  0.0, Max: 0, Diff: 0, Sum: 0, Workers: 4
[456.853s][debug][gc,phases      ] GC(27)     Total                          Min: 0, Avg: 11.2, Max: 45, Diff: 45, Sum: 45, Workers: 4
[456.853s][debug][gc,phases      ] GC(27)   StringDedup Table Weak         Min:  0.0, Avg:  0.0, Max:  0.0, Diff:  0.0, Sum:  0.0, Workers: 4
[456.853s][debug][gc,phases      ] GC(27)     Dead                           Min: 0, Avg:  0.0, Max: 0, Diff: 0, Sum: 0, Workers: 4
[456.853s][debug][gc,phases      ] GC(27)     Total                          Min: 0, Avg:  0.0, Max: 0, Diff: 0, Sum: 0, Workers: 4
[456.853s][debug][gc,phases      ] GC(27)   StringDedup Requests0 Weak     Min:  0.0, Avg:  0.0, Max:  0.0, Diff:  0.0, Sum:  0.0, Workers: 4
[456.853s][debug][gc,phases      ] GC(27)     Dead                           Min: 0, Avg:  0.0, Max: 0, Diff: 0, Sum: 0, Workers: 4
[456.853s][debug][gc,phases      ] GC(27)     Total                          Min: 0, Avg:  0.0, Max: 0, Diff: 0, Sum: 0, Workers: 4
[456.853s][debug][gc,phases      ] GC(27)   StringDedup Requests1 Weak     Min:  0.0, Avg:  0.0, Max:  0.0, Diff:  0.0, Sum:  0.0, Workers: 4
[456.853s][debug][gc,phases      ] GC(27)     Dead                           Min: 0, Avg:  0.0, Max: 0, Diff: 0, Sum: 0, Workers: 4
[456.853s][debug][gc,phases      ] GC(27)     Total                          Min: 0, Avg:  0.0, Max: 0, Diff: 0, Sum: 0, Workers: 4
[456.853s][debug][gc,phases      ] GC(27)   Weak JFR Old Object Samples    Min:  0.0, Avg:  0.0, Max:  0.0, Diff:  0.0, Sum:  0.0, Workers: 4
[456.853s][debug][gc,phases      ] GC(27)     Dead                           Min: 0, Avg:  0.0, Max: 0, Diff: 0, Sum: 0, Workers: 4
[456.853s][debug][gc,phases      ] GC(27)     Total                          Min: 0, Avg:  0.0, Max: 0, Diff: 0, Sum: 0, Workers: 4
[456.853s][debug][gc,phases      ] GC(27) Weak Processing 0.352ms
[456.853s][debug][gc,age         ] GC(27) Desired survivor size 431489024 bytes, new threshold 7 (max threshold 15)
[456.853s][info ][gc,heap        ] GC(27) PSYoungGen: 1157360K(1616384K)->2944K(1675776K) Eden: 1154560K(1154560K)->0K(1233920K) From: 2800K(461824K)->2944K(441856K)
[456.853s][info ][gc,heap        ] GC(27) ParOldGen: 427887K(621568K)->427887K(621568K)
[456.853s][info ][gc,metaspace   ] GC(27) Metaspace: 78734K(79744K)->78734K(79744K) NonClass: 67488K(68032K)->67488K(68032K) Class: 11245K(11712K)->11245K(11712K)
[456.853s][info ][gc             ] GC(27) Pause Young (Allocation Failure) 1548M->420M(2243M) 2.861ms
[456.853s][info ][gc,cpu         ] GC(27) User=0.00s Sys=0.00s Real=0.00s
[456.853s][info ][safepoint      ] Safepoint "ParallelGCFailedAllocation", Time since last: 243133967 ns, Reaching safepoint: 112203 ns, At safepoint: 2943599 ns, Total: 3055802 ns
[458.853s][info ][safepoint      ] Safepoint "Cleanup", Time since last: 2000163383 ns, Reaching safepoint: 120404 ns, At safepoint: 5000 ns, Total: 125404 ns
[460.853s][info ][safepoint      ] Safepoint "Cleanup", Time since last: 2000180455 ns, Reaching safepoint: 117404 ns, At safepoint: 6200 ns, Total: 123604 ns
[462.854s][info ][safepoint      ] Safepoint "Cleanup", Time since last: 2000229925 ns, Reaching safepoint: 113604 ns, At safepoint: 6300 ns, Total: 119904 ns
[464.854s][info ][safepoint      ] Safepoint "Cleanup", Time since last: 2000226425 ns, Reaching safepoint: 119004 ns, At safepoint: 7300 ns, Total: 126304 ns
[466.854s][info ][safepoint      ] Safepoint "Cleanup", Time since last: 2000181424 ns, Reaching safepoint: 120104 ns, At safepoint: 5200 ns, Total: 125304 ns
[467.855s][info ][safepoint      ] Safepoint "Cleanup", Time since last: 1000124138 ns, Reaching safepoint: 119603 ns, At safepoint: 6601 ns, Total: 126204 ns
[471.855s][info ][safepoint      ] Safepoint "Cleanup", Time since last: 4000273270 ns, Reaching safepoint: 62402 ns, At safepoint: 3000 ns, Total: 65402 ns
[472.855s][info ][safepoint      ] Safepoint "Cleanup", Time since last: 1000120445 ns, Reaching safepoint: 45901 ns, At safepoint: 5500 ns, Total: 51401 ns
[473.855s][info ][safepoint      ] Safepoint "Cleanup", Time since last: 1000111744 ns, Reaching safepoint: 54602 ns, At safepoint: 2800 ns, Total: 57402 ns
[476.855s][info ][safepoint      ] Safepoint "Cleanup", Time since last: 3000229347 ns, Reaching safepoint: 42001 ns, At safepoint: 3100 ns, Total: 45101 ns
[477.856s][info ][safepoint      ] Safepoint "Cleanup", Time since last: 1000105812 ns, Reaching safepoint: 136705 ns, At safepoint: 36401 ns, Total: 173106 ns
[489.857s][info ][safepoint      ] Safepoint "Cleanup", Time since last: 12000846462 ns, Reaching safepoint: 113904 ns, At safepoint: 3900 ns, Total: 117804 ns
[494.857s][info ][safepoint      ] Safepoint "Cleanup", Time since last: 5000349194 ns, Reaching safepoint: 53701 ns, At safepoint: 3900 ns, Total: 57601 ns
[506.858s][info ][safepoint      ] Safepoint "Cleanup", Time since last: 12000742109 ns, Reaching safepoint: 45301 ns, At safepoint: 3100 ns, Total: 48401 ns
[508.453s][info ][gc,start       ] GC(28) Pause Young (Allocation Failure)
[508.456s][debug][gc,phases      ] GC(28) Scavenge 2.419ms
[508.456s][debug][gc,ref         ] GC(28) Skipped phase 1 of Reference Processing: no references
[508.456s][debug][gc,ref         ] GC(28) ReferenceProcessor::execute queues: 1, RefProcThreadModel::Single, marks_oops_alive: false
[508.456s][debug][gc,ref         ] GC(28) Skipped phase 3 of Reference Processing: no references
[508.456s][debug][gc,ref         ] GC(28) ReferenceProcessor::execute queues: 1, RefProcThreadModel::Single, marks_oops_alive: false
[508.456s][debug][gc,phases      ] GC(28) Reference Processing 0.115ms
[508.456s][debug][gc,phases      ] GC(28)   VM Weak                        Min:  0.0, Avg:  0.0, Max:  0.0, Diff:  0.0, Sum:  0.0, Workers: 4
[508.456s][debug][gc,phases      ] GC(28)     Dead                           Min: 0, Avg:  0.0, Max: 0, Diff: 0, Sum: 0, Workers: 4
[508.456s][debug][gc,phases      ] GC(28)     Total                          Min: 0, Avg: 193.8, Max: 391, Diff: 391, Sum: 775, Workers: 4
[508.456s][debug][gc,phases      ] GC(28)   ObjectSynchronizer Weak        Min:  0.0, Avg:  0.0, Max:  0.0, Diff:  0.0, Sum:  0.0, Workers: 4
[508.456s][debug][gc,phases      ] GC(28)     Dead                           Min: 0, Avg:  0.0, Max: 0, Diff: 0, Sum: 0, Workers: 4
[508.456s][debug][gc,phases      ] GC(28)     Total                          Min: 0, Avg:  9.8, Max: 39, Diff: 39, Sum: 39, Workers: 4
[508.456s][debug][gc,phases      ] GC(28)   JVMTI Tag Weak OopStorage      Min:  0.0, Avg:  0.0, Max:  0.0, Diff:  0.0, Sum:  0.0, Workers: 4
[508.456s][debug][gc,phases      ] GC(28)     Dead                           Min: 0, Avg:  0.0, Max: 0, Diff: 0, Sum: 0, Workers: 4
[508.456s][debug][gc,phases      ] GC(28)     Total                          Min: 0, Avg:  0.0, Max: 0, Diff: 0, Sum: 0, Workers: 4
[508.456s][debug][gc,phases      ] GC(28)   StringTable Weak               Min:  0.0, Avg:  0.1, Max:  0.1, Diff:  0.1, Sum:  0.4, Workers: 4
[508.456s][debug][gc,phases      ] GC(28)     Dead                           Min: 0, Avg:  0.2, Max: 1, Diff: 1, Sum: 1, Workers: 4
[508.456s][debug][gc,phases      ] GC(28)     Total                          Min: 0, Avg: 10640.0, Max: 16320, Diff: 16320, Sum: 42560, Workers: 4
[508.456s][debug][gc,phases      ] GC(28)   ResolvedMethodTable Weak       Min:  0.0, Avg:  0.0, Max:  0.0, Diff:  0.0, Sum:  0.1, Workers: 4
[508.456s][debug][gc,phases      ] GC(28)     Dead                           Min: 0, Avg:  0.0, Max: 0, Diff: 0, Sum: 0, Workers: 4
[508.456s][debug][gc,phases      ] GC(28)     Total                          Min: 0, Avg: 2153.8, Max: 3200, Diff: 3200, Sum: 8615, Workers: 4
[508.456s][debug][gc,phases      ] GC(28)   JNI Weak                       Min:  0.0, Avg:  0.0, Max:  0.0, Diff:  0.0, Sum:  0.0, Workers: 4
[508.456s][debug][gc,phases      ] GC(28)     Dead                           Min: 0, Avg:  0.0, Max: 0, Diff: 0, Sum: 0, Workers: 4
[508.456s][debug][gc,phases      ] GC(28)     Total                          Min: 0, Avg: 11.2, Max: 45, Diff: 45, Sum: 45, Workers: 4
[508.456s][debug][gc,phases      ] GC(28)   StringDedup Table Weak         Min:  0.0, Avg:  0.0, Max:  0.0, Diff:  0.0, Sum:  0.0, Workers: 4
[508.456s][debug][gc,phases      ] GC(28)     Dead                           Min: 0, Avg:  0.0, Max: 0, Diff: 0, Sum: 0, Workers: 4
[508.456s][debug][gc,phases      ] GC(28)     Total                          Min: 0, Avg:  0.0, Max: 0, Diff: 0, Sum: 0, Workers: 4
[508.456s][debug][gc,phases      ] GC(28)   StringDedup Requests0 Weak     Min:  0.0, Avg:  0.0, Max:  0.0, Diff:  0.0, Sum:  0.0, Workers: 4
[508.456s][debug][gc,phases      ] GC(28)     Dead                           Min: 0, Avg:  0.0, Max: 0, Diff: 0, Sum: 0, Workers: 4
[508.456s][debug][gc,phases      ] GC(28)     Total                          Min: 0, Avg:  0.0, Max: 0, Diff: 0, Sum: 0, Workers: 4
[508.456s][debug][gc,phases      ] GC(28)   StringDedup Requests1 Weak     Min:  0.0, Avg:  0.0, Max:  0.0, Diff:  0.0, Sum:  0.0, Workers: 4
[508.456s][debug][gc,phases      ] GC(28)     Dead                           Min: 0, Avg:  0.0, Max: 0, Diff: 0, Sum: 0, Workers: 4
[508.456s][debug][gc,phases      ] GC(28)     Total                          Min: 0, Avg:  0.0, Max: 0, Diff: 0, Sum: 0, Workers: 4
[508.456s][debug][gc,phases      ] GC(28)   Weak JFR Old Object Samples    Min:  0.0, Avg:  0.0, Max:  0.0, Diff:  0.0, Sum:  0.0, Workers: 4
[508.456s][debug][gc,phases      ] GC(28)     Dead                           Min: 0, Avg:  0.0, Max: 0, Diff: 0, Sum: 0, Workers: 4
[508.456s][debug][gc,phases      ] GC(28)     Total                          Min: 0, Avg:  0.0, Max: 0, Diff: 0, Sum: 0, Workers: 4
[508.456s][debug][gc,phases      ] GC(28) Weak Processing 0.357ms
[508.456s][debug][gc,age         ] GC(28) Desired survivor size 409993216 bytes, new threshold 8 (max threshold 15)
[508.456s][info ][gc,heap        ] GC(28) PSYoungGen: 1236864K(1675776K)->3104K(1655296K) Eden: 1233920K(1233920K)->0K(1233920K) From: 2944K(441856K)->3104K(421376K)
[508.456s][info ][gc,heap        ] GC(28) ParOldGen: 427887K(621568K)->427895K(621568K)
[508.456s][info ][gc,metaspace   ] GC(28) Metaspace: 78791K(79808K)->78791K(79808K) NonClass: 67538K(68096K)->67538K(68096K) Class: 11253K(11712K)->11253K(11712K)
[508.456s][info ][gc             ] GC(28) Pause Young (Allocation Failure) 1625M->420M(2223M) 3.037ms
[508.456s][info ][gc,cpu         ] GC(28) User=0.01s Sys=0.00s Real=0.00s
[508.456s][info ][safepoint      ] Safepoint "ParallelGCFailedAllocation", Time since last: 1595064486 ns, Reaching safepoint: 42401 ns, At safepoint: 3106898 ns, Total: 3149299 ns
[509.456s][info ][safepoint      ] Safepoint "Cleanup", Time since last: 1000087732 ns, Reaching safepoint: 48201 ns, At safepoint: 29701 ns, Total: 77902 ns
[510.456s][info ][safepoint      ] Safepoint "Cleanup", Time since last: 1000100633 ns, Reaching safepoint: 45701 ns, At safepoint: 2300 ns, Total: 48001 ns
[513.457s][info ][safepoint      ] Safepoint "Cleanup", Time since last: 3000197195 ns, Reaching safepoint: 56202 ns, At safepoint: 2800 ns, Total: 59002 ns
[514.457s][info ][safepoint      ] Safepoint "Cleanup", Time since last: 1000132533 ns, Reaching safepoint: 64402 ns, At safepoint: 2800 ns, Total: 67202 ns
[516.457s][info ][safepoint      ] Safepoint "Cleanup", Time since last: 2000173224 ns, Reaching safepoint: 32601 ns, At safepoint: 2600 ns, Total: 35201 ns
[521.458s][info ][safepoint      ] Safepoint "Cleanup", Time since last: 5000339168 ns, Reaching safepoint: 47902 ns, At safepoint: 3100 ns, Total: 51002 ns
[528.458s][info ][safepoint      ] Safepoint "Cleanup", Time since last: 7000501653 ns, Reaching safepoint: 46501 ns, At safepoint: 4600 ns, Total: 51101 ns
[531.458s][info ][safepoint      ] Safepoint "Cleanup", Time since last: 3000259391 ns, Reaching safepoint: 45801 ns, At safepoint: 5901 ns, Total: 51702 ns
[533.459s][info ][safepoint      ] Safepoint "Cleanup", Time since last: 2000181121 ns, Reaching safepoint: 37601 ns, At safepoint: 4100 ns, Total: 41701 ns
[534.459s][info ][safepoint      ] Safepoint "Cleanup", Time since last: 1000152196 ns, Reaching safepoint: 55501 ns, At safepoint: 4100 ns, Total: 59601 ns
[538.459s][info ][safepoint      ] Safepoint "Cleanup", Time since last: 4000303572 ns, Reaching safepoint: 43102 ns, At safepoint: 2700 ns, Total: 45802 ns
[539.459s][info ][safepoint      ] Safepoint "Cleanup", Time since last: 1000079793 ns, Reaching safepoint: 44101 ns, At safepoint: 2600 ns, Total: 46701 ns
[540.459s][info ][safepoint      ] Safepoint "Cleanup", Time since last: 1000092101 ns, Reaching safepoint: 47701 ns, At safepoint: 2501 ns, Total: 50202 ns
[541.460s][info ][safepoint      ] Safepoint "Cleanup", Time since last: 1000065201 ns, Reaching safepoint: 37101 ns, At safepoint: 6300 ns, Total: 43401 ns
[542.460s][info ][safepoint      ] Safepoint "Cleanup", Time since last: 1000110903 ns, Reaching safepoint: 57102 ns, At safepoint: 3700 ns, Total: 60802 ns
[543.460s][info ][safepoint      ] Safepoint "Cleanup", Time since last: 1000123303 ns, Reaching safepoint: 44401 ns, At safepoint: 3000 ns, Total: 47401 ns
[546.460s][info ][safepoint      ] Safepoint "Cleanup", Time since last: 3000227205 ns, Reaching safepoint: 44001 ns, At safepoint: 4000 ns, Total: 48001 ns
[548.460s][info ][safepoint      ] Safepoint "Cleanup", Time since last: 2000176672 ns, Reaching safepoint: 47201 ns, At safepoint: 3100 ns, Total: 50301 ns
[551.461s][info ][safepoint      ] Safepoint "Cleanup", Time since last: 3000207187 ns, Reaching safepoint: 43501 ns, At safepoint: 2800 ns, Total: 46301 ns
[552.461s][info ][safepoint      ] Safepoint "Cleanup", Time since last: 1000114664 ns, Reaching safepoint: 47702 ns, At safepoint: 2800 ns, Total: 50502 ns
[554.461s][info ][safepoint      ] Safepoint "Cleanup", Time since last: 2000178926 ns, Reaching safepoint: 41201 ns, At safepoint: 3400 ns, Total: 44601 ns
[558.503s][info ][gc,start       ] GC(29) Pause Young (Allocation Failure)
[558.505s][debug][gc,phases      ] GC(29) Scavenge 2.355ms
[558.505s][debug][gc,ref         ] GC(29) Skipped phase 1 of Reference Processing: no references
[558.505s][debug][gc,ref         ] GC(29) ReferenceProcessor::execute queues: 1, RefProcThreadModel::Single, marks_oops_alive: false
[558.505s][debug][gc,ref         ] GC(29) Skipped phase 3 of Reference Processing: no references
[558.505s][debug][gc,ref         ] GC(29) Skipped phase 4 of Reference Processing: no references
[558.505s][debug][gc,phases      ] GC(29) Reference Processing 0.113ms
[558.506s][debug][gc,phases      ] GC(29)   VM Weak                        Min:  0.0, Avg:  0.0, Max:  0.0, Diff:  0.0, Sum:  0.0, Workers: 4
[558.506s][debug][gc,phases      ] GC(29)     Dead                           Min: 0, Avg:  0.0, Max: 0, Diff: 0, Sum: 0, Workers: 4
[558.506s][debug][gc,phases      ] GC(29)     Total                          Min: 0, Avg: 193.8, Max: 704, Diff: 704, Sum: 775, Workers: 4
[558.506s][debug][gc,phases      ] GC(29)   ObjectSynchronizer Weak        Min:  0.0, Avg:  0.0, Max:  0.0, Diff:  0.0, Sum:  0.0, Workers: 4
[558.506s][debug][gc,phases      ] GC(29)     Dead                           Min: 0, Avg:  0.0, Max: 0, Diff: 0, Sum: 0, Workers: 4
[558.506s][debug][gc,phases      ] GC(29)     Total                          Min: 0, Avg:  9.8, Max: 39, Diff: 39, Sum: 39, Workers: 4
[558.506s][debug][gc,phases      ] GC(29)   JVMTI Tag Weak OopStorage      Min:  0.0, Avg:  0.0, Max:  0.0, Diff:  0.0, Sum:  0.0, Workers: 4
[558.506s][debug][gc,phases      ] GC(29)     Dead                           Min: 0, Avg:  0.0, Max: 0, Diff: 0, Sum: 0, Workers: 4
[558.506s][debug][gc,phases      ] GC(29)     Total                          Min: 0, Avg:  0.0, Max: 0, Diff: 0, Sum: 0, Workers: 4
[558.506s][debug][gc,phases      ] GC(29)   StringTable Weak               Min:  0.0, Avg:  0.1, Max:  0.1, Diff:  0.1, Sum:  0.4, Workers: 4
[558.506s][debug][gc,phases      ] GC(29)     Dead                           Min: 0, Avg:  0.0, Max: 0, Diff: 0, Sum: 0, Workers: 4
[558.506s][debug][gc,phases      ] GC(29)     Total                          Min: 1856, Avg: 10640.2, Max: 14273, Diff: 12417, Sum: 42561, Workers: 4
[558.506s][debug][gc,phases      ] GC(29)   ResolvedMethodTable Weak       Min:  0.0, Avg:  0.0, Max:  0.0, Diff:  0.0, Sum:  0.1, Workers: 4
[558.506s][debug][gc,phases      ] GC(29)     Dead                           Min: 0, Avg:  0.0, Max: 0, Diff: 0, Sum: 0, Workers: 4
[558.506s][debug][gc,phases      ] GC(29)     Total                          Min: 2048, Avg: 2153.8, Max: 2304, Diff: 256, Sum: 8615, Workers: 4
[558.506s][debug][gc,phases      ] GC(29)   JNI Weak                       Min:  0.0, Avg:  0.0, Max:  0.0, Diff:  0.0, Sum:  0.0, Workers: 4
[558.506s][debug][gc,phases      ] GC(29)     Dead                           Min: 0, Avg:  0.0, Max: 0, Diff: 0, Sum: 0, Workers: 4
[558.506s][debug][gc,phases      ] GC(29)     Total                          Min: 0, Avg: 11.2, Max: 45, Diff: 45, Sum: 45, Workers: 4
[558.506s][debug][gc,phases      ] GC(29)   StringDedup Table Weak         Min:  0.0, Avg:  0.0, Max:  0.0, Diff:  0.0, Sum:  0.0, Workers: 4
[558.506s][debug][gc,phases      ] GC(29)     Dead                           Min: 0, Avg:  0.0, Max: 0, Diff: 0, Sum: 0, Workers: 4
[558.506s][debug][gc,phases      ] GC(29)     Total                          Min: 0, Avg:  0.0, Max: 0, Diff: 0, Sum: 0, Workers: 4
[558.506s][debug][gc,phases      ] GC(29)   StringDedup Requests0 Weak     Min:  0.0, Avg:  0.0, Max:  0.0, Diff:  0.0, Sum:  0.0, Workers: 4
[558.506s][debug][gc,phases      ] GC(29)     Dead                           Min: 0, Avg:  0.0, Max: 0, Diff: 0, Sum: 0, Workers: 4
[558.506s][debug][gc,phases      ] GC(29)     Total                          Min: 0, Avg:  0.0, Max: 0, Diff: 0, Sum: 0, Workers: 4
[558.506s][debug][gc,phases      ] GC(29)   StringDedup Requests1 Weak     Min:  0.0, Avg:  0.0, Max:  0.0, Diff:  0.0, Sum:  0.0, Workers: 4
[558.506s][debug][gc,phases      ] GC(29)     Dead                           Min: 0, Avg:  0.0, Max: 0, Diff: 0, Sum: 0, Workers: 4
[558.506s][debug][gc,phases      ] GC(29)     Total                          Min: 0, Avg:  0.0, Max: 0, Diff: 0, Sum: 0, Workers: 4
[558.506s][debug][gc,phases      ] GC(29)   Weak JFR Old Object Samples    Min:  0.0, Avg:  0.0, Max:  0.0, Diff:  0.0, Sum:  0.0, Workers: 4
[558.506s][debug][gc,phases      ] GC(29)     Dead                           Min: 0, Avg:  0.0, Max: 0, Diff: 0, Sum: 0, Workers: 4
[558.506s][debug][gc,phases      ] GC(29)     Total                          Min: 0, Avg:  0.0, Max: 0, Diff: 0, Sum: 0, Workers: 4
[558.506s][debug][gc,phases      ] GC(29) Weak Processing 0.375ms
[558.506s][debug][gc,age         ] GC(29) Desired survivor size 388497408 bytes, new threshold 9 (max threshold 15)
[558.506s][info ][gc,heap        ] GC(29) PSYoungGen: 1237024K(1655296K)->3296K(1717760K) Eden: 1233920K(1233920K)->0K(1317376K) From: 3104K(421376K)->3296K(400384K)
[558.506s][info ][gc,heap        ] GC(29) ParOldGen: 427895K(621568K)->427895K(621568K)
[558.506s][info ][gc,metaspace   ] GC(29) Metaspace: 78811K(79808K)->78811K(79808K) NonClass: 67558K(68096K)->67558K(68096K) Class: 11253K(11712K)->11253K(11712K)
[558.506s][info ][gc             ] GC(29) Pause Young (Allocation Failure) 1625M->421M(2284M) 2.971ms
[558.506s][info ][gc,cpu         ] GC(29) User=0.01s Sys=0.00s Real=0.01s
[558.506s][info ][safepoint      ] Safepoint "ParallelGCFailedAllocation", Time since last: 4041785606 ns, Reaching safepoint: 48001 ns, At safepoint: 3044697 ns, Total: 3092698 ns
[559.506s][info ][safepoint      ] Safepoint "Cleanup", Time since last: 1000086813 ns, Reaching safepoint: 39602 ns, At safepoint: 3500 ns, Total: 43102 ns
[560.506s][info ][safepoint      ] Safepoint "Cleanup", Time since last: 1000120715 ns, Reaching safepoint: 62202 ns, At safepoint: 26401 ns, Total: 88603 ns
[562.506s][info ][safepoint      ] Safepoint "Cleanup", Time since last: 2000157927 ns, Reaching safepoint: 42801 ns, At safepoint: 2500 ns, Total: 45301 ns
[574.507s][info ][safepoint      ] Safepoint "Cleanup", Time since last: 12000789134 ns, Reaching safepoint: 46901 ns, At safepoint: 4001 ns, Total: 50902 ns
[579.508s][info ][safepoint      ] Safepoint "Cleanup", Time since last: 5000378936 ns, Reaching safepoint: 56502 ns, At safepoint: 2500 ns, Total: 59002 ns
[586.508s][info ][safepoint      ] Safepoint "Cleanup", Time since last: 7000489238 ns, Reaching safepoint: 46201 ns, At safepoint: 6400 ns, Total: 52601 ns
[588.509s][info ][safepoint      ] Safepoint "Cleanup", Time since last: 2000192557 ns, Reaching safepoint: 48302 ns, At safepoint: 3700 ns, Total: 52002 ns
[589.509s][info ][safepoint      ] Safepoint "Cleanup", Time since last: 1000114514 ns, Reaching safepoint: 74003 ns, At safepoint: 6500 ns, Total: 80503 ns
[606.510s][info ][safepoint      ] Safepoint "Cleanup", Time since last: 17001272982 ns, Reaching safepoint: 48301 ns, At safepoint: 2600 ns, Total: 50901 ns
[607.510s][info ][safepoint      ] Safepoint "Cleanup", Time since last: 1000128502 ns, Reaching safepoint: 49101 ns, At safepoint: 3400 ns, Total: 52501 ns
[611.511s][info ][safepoint      ] Safepoint "Cleanup", Time since last: 4000308600 ns, Reaching safepoint: 48601 ns, At safepoint: 4400 ns, Total: 53001 ns
[614.103s][info ][gc,start       ] GC(30) Pause Young (Allocation Failure)
[614.105s][debug][gc,phases      ] GC(30) Scavenge 2.454ms
[614.105s][debug][gc,ref         ] GC(30) Skipped phase 1 of Reference Processing: no references
[614.106s][debug][gc,ref         ] GC(30) ReferenceProcessor::execute queues: 1, RefProcThreadModel::Single, marks_oops_alive: false
[614.106s][debug][gc,ref         ] GC(30) Skipped phase 3 of Reference Processing: no references
[614.106s][debug][gc,ref         ] GC(30) Skipped phase 4 of Reference Processing: no references
[614.106s][debug][gc,phases      ] GC(30) Reference Processing 0.112ms
[614.106s][debug][gc,phases      ] GC(30)   VM Weak                        Min:  0.0, Avg:  0.0, Max:  0.0, Diff:  0.0, Sum:  0.0, Workers: 4
[614.106s][debug][gc,phases      ] GC(30)     Dead                           Min: 0, Avg:  0.0, Max: 0, Diff: 0, Sum: 0, Workers: 4
[614.106s][debug][gc,phases      ] GC(30)     Total                          Min: 0, Avg: 193.8, Max: 583, Diff: 583, Sum: 775, Workers: 4
[614.106s][debug][gc,phases      ] GC(30)   ObjectSynchronizer Weak        Min:  0.0, Avg:  0.0, Max:  0.0, Diff:  0.0, Sum:  0.0, Workers: 4
[614.106s][debug][gc,phases      ] GC(30)     Dead                           Min: 0, Avg:  0.0, Max: 0, Diff: 0, Sum: 0, Workers: 4
[614.106s][debug][gc,phases      ] GC(30)     Total                          Min: 0, Avg:  9.8, Max: 39, Diff: 39, Sum: 39, Workers: 4
[614.106s][debug][gc,phases      ] GC(30)   JVMTI Tag Weak OopStorage      Min:  0.0, Avg:  0.0, Max:  0.0, Diff:  0.0, Sum:  0.0, Workers: 4
[614.106s][debug][gc,phases      ] GC(30)     Dead                           Min: 0, Avg:  0.0, Max: 0, Diff: 0, Sum: 0, Workers: 4
[614.106s][debug][gc,phases      ] GC(30)     Total                          Min: 0, Avg:  0.0, Max: 0, Diff: 0, Sum: 0, Workers: 4
[614.106s][debug][gc,phases      ] GC(30)   StringTable Weak               Min:  0.0, Avg:  0.1, Max:  0.1, Diff:  0.1, Sum:  0.3, Workers: 4
[614.106s][debug][gc,phases      ] GC(30)     Dead                           Min: 0, Avg:  0.0, Max: 0, Diff: 0, Sum: 0, Workers: 4
[614.106s][debug][gc,phases      ] GC(30)     Total                          Min: 0, Avg: 10640.5, Max: 16770, Diff: 16770, Sum: 42562, Workers: 4
[614.106s][debug][gc,phases      ] GC(30)   ResolvedMethodTable Weak       Min:  0.0, Avg:  0.0, Max:  0.0, Diff:  0.0, Sum:  0.1, Workers: 4
[614.106s][debug][gc,phases      ] GC(30)     Dead                           Min: 0, Avg:  0.0, Max: 0, Diff: 0, Sum: 0, Workers: 4
[614.106s][debug][gc,phases      ] GC(30)     Total                          Min: 0, Avg: 2153.8, Max: 3584, Diff: 3584, Sum: 8615, Workers: 4
[614.106s][debug][gc,phases      ] GC(30)   JNI Weak                       Min:  0.0, Avg:  0.0, Max:  0.0, Diff:  0.0, Sum:  0.0, Workers: 4
[614.106s][debug][gc,phases      ] GC(30)     Dead                           Min: 0, Avg:  0.0, Max: 0, Diff: 0, Sum: 0, Workers: 4
[614.106s][debug][gc,phases      ] GC(30)     Total                          Min: 0, Avg: 11.2, Max: 45, Diff: 45, Sum: 45, Workers: 4
[614.106s][debug][gc,phases      ] GC(30)   StringDedup Table Weak         Min:  0.0, Avg:  0.0, Max:  0.0, Diff:  0.0, Sum:  0.0, Workers: 4
[614.106s][debug][gc,phases      ] GC(30)     Dead                           Min: 0, Avg:  0.0, Max: 0, Diff: 0, Sum: 0, Workers: 4
[614.106s][debug][gc,phases      ] GC(30)     Total                          Min: 0, Avg:  0.0, Max: 0, Diff: 0, Sum: 0, Workers: 4
[614.106s][debug][gc,phases      ] GC(30)   StringDedup Requests0 Weak     Min:  0.0, Avg:  0.0, Max:  0.0, Diff:  0.0, Sum:  0.0, Workers: 4
[614.106s][debug][gc,phases      ] GC(30)     Dead                           Min: 0, Avg:  0.0, Max: 0, Diff: 0, Sum: 0, Workers: 4
[614.106s][debug][gc,phases      ] GC(30)     Total                          Min: 0, Avg:  0.0, Max: 0, Diff: 0, Sum: 0, Workers: 4
[614.106s][debug][gc,phases      ] GC(30)   StringDedup Requests1 Weak     Min:  0.0, Avg:  0.0, Max:  0.0, Diff:  0.0, Sum:  0.0, Workers: 4
[614.106s][debug][gc,phases      ] GC(30)     Dead                           Min: 0, Avg:  0.0, Max: 0, Diff: 0, Sum: 0, Workers: 4
[614.106s][debug][gc,phases      ] GC(30)     Total                          Min: 0, Avg:  0.0, Max: 0, Diff: 0, Sum: 0, Workers: 4
[614.106s][debug][gc,phases      ] GC(30)   Weak JFR Old Object Samples    Min:  0.0, Avg:  0.0, Max:  0.0, Diff:  0.0, Sum:  0.0, Workers: 4
[614.106s][debug][gc,phases      ] GC(30)     Dead                           Min: 0, Avg:  0.0, Max: 0, Diff: 0, Sum: 0, Workers: 4
[614.106s][debug][gc,phases      ] GC(30)     Total                          Min: 0, Avg:  0.0, Max: 0, Diff: 0, Sum: 0, Workers: 4
[614.106s][debug][gc,phases      ] GC(30) Weak Processing 0.356ms
[614.106s][debug][gc,age         ] GC(30) Desired survivor size 367001600 bytes, new threshold 10 (max threshold 15)
[614.106s][info ][gc,heap        ] GC(30) PSYoungGen: 1320672K(1717760K)->3728K(1696768K) Eden: 1317376K(1317376K)->0K(1317376K) From: 3296K(400384K)->3728K(379392K)
[614.106s][info ][gc,heap        ] GC(30) ParOldGen: 427895K(621568K)->427895K(621568K)
[614.106s][info ][gc,metaspace   ] GC(30) Metaspace: 78820K(79808K)->78820K(79808K) NonClass: 67566K(68096K)->67566K(68096K) Class: 11253K(11712K)->11253K(11712K)
[614.106s][info ][gc             ] GC(30) Pause Young (Allocation Failure) 1707M->421M(2264M) 3.047ms
[614.106s][info ][gc,cpu         ] GC(30) User=0.01s Sys=0.00s Real=0.01s
[614.106s][info ][safepoint      ] Safepoint "ParallelGCFailedAllocation", Time since last: 2592244876 ns, Reaching safepoint: 35501 ns, At safepoint: 3114104 ns, Total: 3149605 ns
[615.106s][info ][safepoint      ] Safepoint "Cleanup", Time since last: 1000083275 ns, Reaching safepoint: 94003 ns, At safepoint: 6600 ns, Total: 100603 ns
[618.106s][info ][safepoint      ] Safepoint "Cleanup", Time since last: 3000267923 ns, Reaching safepoint: 51102 ns, At safepoint: 3000 ns, Total: 54102 ns
[620.107s][info ][safepoint      ] Safepoint "Cleanup", Time since last: 2000221471 ns, Reaching safepoint: 47563 ns, At safepoint: 3713 ns, Total: 51276 ns
[621.107s][info ][safepoint      ] Safepoint "Cleanup", Time since last: 1000109940 ns, Reaching safepoint: 41502 ns, At safepoint: 2900 ns, Total: 44402 ns
[622.107s][info ][safepoint      ] Safepoint "Cleanup", Time since last: 1000137820 ns, Reaching safepoint: 44602 ns, At safepoint: 3200 ns, Total: 47802 ns
[624.107s][info ][safepoint      ] Safepoint "Cleanup", Time since last: 2000177635 ns, Reaching safepoint: 71203 ns, At safepoint: 7100 ns, Total: 78303 ns
[632.108s][info ][safepoint      ] Safepoint "Cleanup", Time since last: 8000583758 ns, Reaching safepoint: 44103 ns, At safepoint: 3101 ns, Total: 47204 ns
[633.108s][info ][safepoint      ] Safepoint "Cleanup", Time since last: 1000121481 ns, Reaching safepoint: 45503 ns, At safepoint: 2801 ns, Total: 48304 ns
[639.109s][info ][safepoint      ] Safepoint "Cleanup", Time since last: 6000392068 ns, Reaching safepoint: 62004 ns, At safepoint: 2900 ns, Total: 64904 ns
[652.110s][info ][safepoint      ] Safepoint "Cleanup", Time since last: 13000886235 ns, Reaching safepoint: 43303 ns, At safepoint: 2600 ns, Total: 45903 ns
[653.110s][info ][safepoint      ] Safepoint "Cleanup", Time since last: 1000119052 ns, Reaching safepoint: 71404 ns, At safepoint: 3500 ns, Total: 74904 ns
[660.110s][info ][safepoint      ] Safepoint "Cleanup", Time since last: 7000497291 ns, Reaching safepoint: 46803 ns, At safepoint: 2900 ns, Total: 49703 ns
[661.110s][info ][safepoint      ] Safepoint "Cleanup", Time since last: 1000113260 ns, Reaching safepoint: 44803 ns, At safepoint: 4000 ns, Total: 48803 ns
[664.111s][info ][safepoint      ] Safepoint "Cleanup", Time since last: 3000269574 ns, Reaching safepoint: 55503 ns, At safepoint: 2901 ns, Total: 58404 ns
[668.300s][info ][gc,start       ] GC(31) Pause Young (Allocation Failure)
[668.303s][debug][gc,phases      ] GC(31) Scavenge 3.099ms
[668.303s][debug][gc,ref         ] GC(31) Skipped phase 1 of Reference Processing: no references
[668.303s][debug][gc,ref         ] GC(31) ReferenceProcessor::execute queues: 1, RefProcThreadModel::Single, marks_oops_alive: false
[668.303s][debug][gc,ref         ] GC(31) Skipped phase 3 of Reference Processing: no references
[668.303s][debug][gc,ref         ] GC(31) ReferenceProcessor::execute queues: 1, RefProcThreadModel::Single, marks_oops_alive: false
[668.303s][debug][gc,phases      ] GC(31) Reference Processing 0.109ms
[668.303s][debug][gc,phases      ] GC(31)   VM Weak                        Min:  0.0, Avg:  0.0, Max:  0.0, Diff:  0.0, Sum:  0.0, Workers: 4
[668.303s][debug][gc,phases      ] GC(31)     Dead                           Min: 0, Avg:  0.0, Max: 0, Diff: 0, Sum: 0, Workers: 4
[668.303s][debug][gc,phases      ] GC(31)     Total                          Min: 0, Avg: 193.8, Max: 512, Diff: 512, Sum: 775, Workers: 4
[668.303s][debug][gc,phases      ] GC(31)   ObjectSynchronizer Weak        Min:  0.0, Avg:  0.0, Max:  0.0, Diff:  0.0, Sum:  0.0, Workers: 4
[668.303s][debug][gc,phases      ] GC(31)     Dead                           Min: 0, Avg:  0.0, Max: 0, Diff: 0, Sum: 0, Workers: 4
[668.304s][debug][gc,phases      ] GC(31)     Total                          Min: 0, Avg:  9.8, Max: 39, Diff: 39, Sum: 39, Workers: 4
[668.304s][debug][gc,phases      ] GC(31)   JVMTI Tag Weak OopStorage      Min:  0.0, Avg:  0.0, Max:  0.0, Diff:  0.0, Sum:  0.0, Workers: 4
[668.304s][debug][gc,phases      ] GC(31)     Dead                           Min: 0, Avg:  0.0, Max: 0, Diff: 0, Sum: 0, Workers: 4
[668.304s][debug][gc,phases      ] GC(31)     Total                          Min: 0, Avg:  0.0, Max: 0, Diff: 0, Sum: 0, Workers: 4
[668.304s][debug][gc,phases      ] GC(31)   StringTable Weak               Min:  0.0, Avg:  0.1, Max:  0.2, Diff:  0.2, Sum:  0.3, Workers: 4
[668.304s][debug][gc,phases      ] GC(31)     Dead                           Min: 0, Avg:  0.0, Max: 0, Diff: 0, Sum: 0, Workers: 4
[668.304s][debug][gc,phases      ] GC(31)     Total                          Min: 0, Avg: 10643.2, Max: 22080, Diff: 22080, Sum: 42573, Workers: 4
[668.304s][debug][gc,phases      ] GC(31)   ResolvedMethodTable Weak       Min:  0.0, Avg:  0.0, Max:  0.0, Diff:  0.0, Sum:  0.1, Workers: 4
[668.304s][debug][gc,phases      ] GC(31)     Dead                           Min: 0, Avg:  0.0, Max: 0, Diff: 0, Sum: 0, Workers: 4
[668.304s][debug][gc,phases      ] GC(31)     Total                          Min: 0, Avg: 2154.2, Max: 4457, Diff: 4457, Sum: 8617, Workers: 4
[668.304s][debug][gc,phases      ] GC(31)   JNI Weak                       Min:  0.0, Avg:  0.0, Max:  0.0, Diff:  0.0, Sum:  0.0, Workers: 4
[668.304s][debug][gc,phases      ] GC(31)     Dead                           Min: 0, Avg:  0.0, Max: 0, Diff: 0, Sum: 0, Workers: 4
[668.304s][debug][gc,phases      ] GC(31)     Total                          Min: 0, Avg: 11.2, Max: 45, Diff: 45, Sum: 45, Workers: 4
[668.304s][debug][gc,phases      ] GC(31)   StringDedup Table Weak         Min:  0.0, Avg:  0.0, Max:  0.0, Diff:  0.0, Sum:  0.0, Workers: 4
[668.304s][debug][gc,phases      ] GC(31)     Dead                           Min: 0, Avg:  0.0, Max: 0, Diff: 0, Sum: 0, Workers: 4
[668.304s][debug][gc,phases      ] GC(31)     Total                          Min: 0, Avg:  0.0, Max: 0, Diff: 0, Sum: 0, Workers: 4
[668.304s][debug][gc,phases      ] GC(31)   StringDedup Requests0 Weak     Min:  0.0, Avg:  0.0, Max:  0.0, Diff:  0.0, Sum:  0.0, Workers: 4
[668.304s][debug][gc,phases      ] GC(31)     Dead                           Min: 0, Avg:  0.0, Max: 0, Diff: 0, Sum: 0, Workers: 4
[668.304s][debug][gc,phases      ] GC(31)     Total                          Min: 0, Avg:  0.0, Max: 0, Diff: 0, Sum: 0, Workers: 4
[668.304s][debug][gc,phases      ] GC(31)   StringDedup Requests1 Weak     Min:  0.0, Avg:  0.0, Max:  0.0, Diff:  0.0, Sum:  0.0, Workers: 4
[668.304s][debug][gc,phases      ] GC(31)     Dead                           Min: 0, Avg:  0.0, Max: 0, Diff: 0, Sum: 0, Workers: 4
[668.304s][debug][gc,phases      ] GC(31)     Total                          Min: 0, Avg:  0.0, Max: 0, Diff: 0, Sum: 0, Workers: 4
[668.304s][debug][gc,phases      ] GC(31)   Weak JFR Old Object Samples    Min:  0.0, Avg:  0.0, Max:  0.0, Diff:  0.0, Sum:  0.0, Workers: 4
[668.304s][debug][gc,phases      ] GC(31)     Dead                           Min: 0, Avg:  0.0, Max: 0, Diff: 0, Sum: 0, Workers: 4
[668.304s][debug][gc,phases      ] GC(31)     Total                          Min: 0, Avg:  0.0, Max: 0, Diff: 0, Sum: 0, Workers: 4
[668.304s][debug][gc,phases      ] GC(31) Weak Processing 0.390ms
[668.304s][debug][gc,age         ] GC(31) Desired survivor size 346030080 bytes, new threshold 11 (max threshold 15)
[668.304s][info ][gc,heap        ] GC(31) PSYoungGen: 1321104K(1696768K)->3584K(1759232K) Eden: 1317376K(1317376K)->0K(1400832K) From: 3728K(379392K)->3584K(358400K)
[668.304s][info ][gc,heap        ] GC(31) ParOldGen: 427895K(621568K)->427895K(621568K)
[668.304s][info ][gc,metaspace   ] GC(31) Metaspace: 78861K(79872K)->78861K(79872K) NonClass: 67608K(68160K)->67608K(68160K) Class: 11253K(11712K)->11253K(11712K)
[668.304s][info ][gc             ] GC(31) Pause Young (Allocation Failure) 1708M->421M(2325M) 3.743ms
[668.304s][info ][gc,cpu         ] GC(31) User=0.01s Sys=0.00s Real=0.00s
[668.304s][info ][safepoint      ] Safepoint "ParallelGCFailedAllocation", Time since last: 4189005605 ns, Reaching safepoint: 110807 ns, At safepoint: 3818545 ns, Total: 3929352 ns
[670.304s][info ][safepoint      ] Safepoint "Cleanup", Time since last: 2000187237 ns, Reaching safepoint: 123608 ns, At safepoint: 5601 ns, Total: 129209 ns
[672.304s][info ][safepoint      ] Safepoint "Cleanup", Time since last: 2000207339 ns, Reaching safepoint: 121607 ns, At safepoint: 8001 ns, Total: 129608 ns
[674.305s][info ][safepoint      ] Safepoint "Cleanup", Time since last: 2000370649 ns, Reaching safepoint: 43603 ns, At safepoint: 2900 ns, Total: 46503 ns
[675.305s][info ][safepoint      ] Safepoint "Cleanup", Time since last: 1000118171 ns, Reaching safepoint: 54203 ns, At safepoint: 5300 ns, Total: 59503 ns
[677.305s][info ][safepoint      ] Safepoint "Cleanup", Time since last: 2000187026 ns, Reaching safepoint: 49803 ns, At safepoint: 3600 ns, Total: 53403 ns
[681.306s][info ][safepoint      ] Safepoint "Cleanup", Time since last: 4000315743 ns, Reaching safepoint: 56104 ns, At safepoint: 2900 ns, Total: 59004 ns
[682.306s][info ][safepoint      ] Safepoint "Cleanup", Time since last: 1000147035 ns, Reaching safepoint: 47803 ns, At safepoint: 2401 ns, Total: 50204 ns
[683.306s][info ][safepoint      ] Safepoint "Cleanup", Time since last: 1000109132 ns, Reaching safepoint: 46103 ns, At safepoint: 5901 ns, Total: 52004 ns
[684.306s][info ][safepoint      ] Safepoint "Cleanup", Time since last: 1000109024 ns, Reaching safepoint: 35701 ns, At safepoint: 2500 ns, Total: 38201 ns
[686.306s][info ][safepoint      ] Safepoint "Cleanup", Time since last: 2000126448 ns, Reaching safepoint: 50103 ns, At safepoint: 2500 ns, Total: 52603 ns
[687.306s][info ][safepoint      ] Safepoint "Cleanup", Time since last: 1000084675 ns, Reaching safepoint: 43302 ns, At safepoint: 2900 ns, Total: 46202 ns
[688.307s][info ][safepoint      ] Safepoint "Cleanup", Time since last: 1000115966 ns, Reaching safepoint: 103107 ns, At safepoint: 2800 ns, Total: 105907 ns
[689.332s][info ][safepoint      ] Safepoint "Cleanup", Time since last: 1025497121 ns, Reaching safepoint: 82206 ns, At safepoint: 2800 ns, Total: 85006 ns
[690.332s][info ][safepoint      ] Safepoint "Cleanup", Time since last: 1000109969 ns, Reaching safepoint: 76005 ns, At safepoint: 2600 ns, Total: 78605 ns
[691.333s][info ][safepoint      ] Safepoint "Cleanup", Time since last: 1000116170 ns, Reaching safepoint: 84805 ns, At safepoint: 7401 ns, Total: 92206 ns
[692.333s][info ][safepoint      ] Safepoint "Cleanup", Time since last: 1000117605 ns, Reaching safepoint: 60204 ns, At safepoint: 5300 ns, Total: 65504 ns
[693.673s][info ][safepoint      ] Safepoint "Cleanup", Time since last: 1340230542 ns, Reaching safepoint: 72205 ns, At safepoint: 5800 ns, Total: 78005 ns
[694.673s][info ][safepoint      ] Safepoint "Cleanup", Time since last: 1000107759 ns, Reaching safepoint: 56903 ns, At safepoint: 3101 ns, Total: 60004 ns
[695.673s][info ][safepoint      ] Safepoint "Cleanup", Time since last: 1000130560 ns, Reaching safepoint: 62304 ns, At safepoint: 3100 ns, Total: 65404 ns
[696.674s][info ][safepoint      ] Safepoint "Cleanup", Time since last: 1000125260 ns, Reaching safepoint: 48303 ns, At safepoint: 3000 ns, Total: 51303 ns
[698.056s][info ][safepoint      ] Safepoint "Cleanup", Time since last: 1382583842 ns, Reaching safepoint: 61604 ns, At safepoint: 4801 ns, Total: 66405 ns
[699.056s][info ][safepoint      ] Safepoint "Cleanup", Time since last: 1000102558 ns, Reaching safepoint: 60104 ns, At safepoint: 5300 ns, Total: 65404 ns
[700.057s][info ][safepoint      ] Safepoint "Cleanup", Time since last: 1000109994 ns, Reaching safepoint: 47003 ns, At safepoint: 7500 ns, Total: 54503 ns
[701.057s][info ][safepoint      ] Safepoint "Cleanup", Time since last: 1000116815 ns, Reaching safepoint: 63004 ns, At safepoint: 2800 ns, Total: 65804 ns
[704.057s][info ][safepoint      ] Safepoint "Cleanup", Time since last: 3000209537 ns, Reaching safepoint: 56803 ns, At safepoint: 4300 ns, Total: 61103 ns
[705.057s][info ][safepoint      ] Safepoint "Cleanup", Time since last: 1000107215 ns, Reaching safepoint: 40002 ns, At safepoint: 2400 ns, Total: 42402 ns
[707.057s][info ][safepoint      ] Safepoint "Cleanup", Time since last: 2000173126 ns, Reaching safepoint: 48103 ns, At safepoint: 3601 ns, Total: 51704 ns
[709.058s][info ][safepoint      ] Safepoint "Cleanup", Time since last: 2000192476 ns, Reaching safepoint: 53903 ns, At safepoint: 3500 ns, Total: 57403 ns
[710.058s][info ][safepoint      ] Safepoint "Cleanup", Time since last: 1000125897 ns, Reaching safepoint: 50003 ns, At safepoint: 3200 ns, Total: 53203 ns
[713.058s][info ][safepoint      ] Safepoint "Cleanup", Time since last: 3000241083 ns, Reaching safepoint: 50603 ns, At safepoint: 3000 ns, Total: 53603 ns
[714.058s][info ][safepoint      ] Safepoint "Cleanup", Time since last: 1000111360 ns, Reaching safepoint: 58903 ns, At safepoint: 6401 ns, Total: 65304 ns
[715.059s][info ][safepoint      ] Safepoint "Cleanup", Time since last: 1000232647 ns, Reaching safepoint: 45003 ns, At safepoint: 3200 ns, Total: 48203 ns
[716.059s][info ][safepoint      ] Safepoint "Cleanup", Time since last: 1000134671 ns, Reaching safepoint: 37203 ns, At safepoint: 3100 ns, Total: 40303 ns
[717.059s][info ][safepoint      ] Safepoint "Cleanup", Time since last: 1000109762 ns, Reaching safepoint: 55604 ns, At safepoint: 2800 ns, Total: 58404 ns
[718.059s][info ][safepoint      ] Safepoint "Cleanup", Time since last: 1000093061 ns, Reaching safepoint: 46003 ns, At safepoint: 2800 ns, Total: 48803 ns
[719.059s][info ][safepoint      ] Safepoint "Cleanup", Time since last: 1000115363 ns, Reaching safepoint: 54403 ns, At safepoint: 2801 ns, Total: 57204 ns
[720.059s][info ][safepoint      ] Safepoint "Cleanup", Time since last: 1000093761 ns, Reaching safepoint: 56604 ns, At safepoint: 3000 ns, Total: 59604 ns
[720.753s][info ][gc,start       ] GC(32) Pause Young (Allocation Failure)
[720.757s][debug][gc,phases      ] GC(32) Scavenge 4.148ms
[720.757s][debug][gc,ref         ] GC(32) Skipped phase 1 of Reference Processing: no references
[720.757s][debug][gc,ref         ] GC(32) ReferenceProcessor::execute queues: 1, RefProcThreadModel::Single, marks_oops_alive: false
[720.757s][debug][gc,ref         ] GC(32) Skipped phase 3 of Reference Processing: no references
[720.757s][debug][gc,ref         ] GC(32) ReferenceProcessor::execute queues: 1, RefProcThreadModel::Single, marks_oops_alive: false
[720.757s][debug][gc,phases      ] GC(32) Reference Processing 0.113ms
[720.757s][debug][gc,phases      ] GC(32)   VM Weak                        Min:  0.0, Avg:  0.0, Max:  0.0, Diff:  0.0, Sum:  0.0, Workers: 4
[720.757s][debug][gc,phases      ] GC(32)     Dead                           Min: 0, Avg:  0.0, Max: 0, Diff: 0, Sum: 0, Workers: 4
[720.757s][debug][gc,phases      ] GC(32)     Total                          Min: 0, Avg: 196.0, Max: 640, Diff: 640, Sum: 784, Workers: 4
[720.757s][debug][gc,phases      ] GC(32)   ObjectSynchronizer Weak        Min:  0.0, Avg:  0.0, Max:  0.0, Diff:  0.0, Sum:  0.0, Workers: 4
[720.757s][debug][gc,phases      ] GC(32)     Dead                           Min: 0, Avg:  0.0, Max: 0, Diff: 0, Sum: 0, Workers: 4
[720.757s][debug][gc,phases      ] GC(32)     Total                          Min: 0, Avg:  9.8, Max: 39, Diff: 39, Sum: 39, Workers: 4
[720.757s][debug][gc,phases      ] GC(32)   JVMTI Tag Weak OopStorage      Min:  0.0, Avg:  0.0, Max:  0.0, Diff:  0.0, Sum:  0.0, Workers: 4
[720.757s][debug][gc,phases      ] GC(32)     Dead                           Min: 0, Avg:  0.0, Max: 0, Diff: 0, Sum: 0, Workers: 4
[720.757s][debug][gc,phases      ] GC(32)     Total                          Min: 0, Avg:  0.0, Max: 0, Diff: 0, Sum: 0, Workers: 4
[720.757s][debug][gc,phases      ] GC(32)   StringTable Weak               Min:  0.0, Avg:  0.1, Max:  0.1, Diff:  0.1, Sum:  0.4, Workers: 4
[720.757s][debug][gc,phases      ] GC(32)     Dead                           Min: 0, Avg:  0.2, Max: 1, Diff: 1, Sum: 1, Workers: 4
[720.757s][debug][gc,phases      ] GC(32)     Total                          Min: 0, Avg: 10661.8, Max: 15512, Diff: 15512, Sum: 42647, Workers: 4
[720.757s][debug][gc,phases      ] GC(32)   ResolvedMethodTable Weak       Min:  0.0, Avg:  0.0, Max:  0.0, Diff:  0.0, Sum:  0.1, Workers: 4
[720.757s][debug][gc,phases      ] GC(32)     Dead                           Min: 0, Avg:  0.0, Max: 0, Diff: 0, Sum: 0, Workers: 4
[720.757s][debug][gc,phases      ] GC(32)     Total                          Min: 0, Avg: 2168.5, Max: 2944, Diff: 2944, Sum: 8674, Workers: 4
[720.757s][debug][gc,phases      ] GC(32)   JNI Weak                       Min:  0.0, Avg:  0.0, Max:  0.0, Diff:  0.0, Sum:  0.0, Workers: 4
[720.757s][debug][gc,phases      ] GC(32)     Dead                           Min: 0, Avg:  0.0, Max: 0, Diff: 0, Sum: 0, Workers: 4
[720.757s][debug][gc,phases      ] GC(32)     Total                          Min: 0, Avg: 11.2, Max: 45, Diff: 45, Sum: 45, Workers: 4
[720.757s][debug][gc,phases      ] GC(32)   StringDedup Table Weak         Min:  0.0, Avg:  0.0, Max:  0.0, Diff:  0.0, Sum:  0.0, Workers: 4
[720.757s][debug][gc,phases      ] GC(32)     Dead                           Min: 0, Avg:  0.0, Max: 0, Diff: 0, Sum: 0, Workers: 4
[720.757s][debug][gc,phases      ] GC(32)     Total                          Min: 0, Avg:  0.0, Max: 0, Diff: 0, Sum: 0, Workers: 4
[720.757s][debug][gc,phases      ] GC(32)   StringDedup Requests0 Weak     Min:  0.0, Avg:  0.0, Max:  0.0, Diff:  0.0, Sum:  0.0, Workers: 4
[720.757s][debug][gc,phases      ] GC(32)     Dead                           Min: 0, Avg:  0.0, Max: 0, Diff: 0, Sum: 0, Workers: 4
[720.757s][debug][gc,phases      ] GC(32)     Total                          Min: 0, Avg:  0.0, Max: 0, Diff: 0, Sum: 0, Workers: 4
[720.757s][debug][gc,phases      ] GC(32)   StringDedup Requests1 Weak     Min:  0.0, Avg:  0.0, Max:  0.0, Diff:  0.0, Sum:  0.0, Workers: 4
[720.757s][debug][gc,phases      ] GC(32)     Dead                           Min: 0, Avg:  0.0, Max: 0, Diff: 0, Sum: 0, Workers: 4
[720.757s][debug][gc,phases      ] GC(32)     Total                          Min: 0, Avg:  0.0, Max: 0, Diff: 0, Sum: 0, Workers: 4
[720.757s][debug][gc,phases      ] GC(32)   Weak JFR Old Object Samples    Min:  0.0, Avg:  0.0, Max:  0.0, Diff:  0.0, Sum:  0.0, Workers: 4
[720.757s][debug][gc,phases      ] GC(32)     Dead                           Min: 0, Avg:  0.0, Max: 0, Diff: 0, Sum: 0, Workers: 4
[720.757s][debug][gc,phases      ] GC(32)     Total                          Min: 0, Avg:  0.0, Max: 0, Diff: 0, Sum: 0, Workers: 4
[720.757s][debug][gc,phases      ] GC(32) Weak Processing 0.350ms
[720.757s][debug][gc,age         ] GC(32) Desired survivor size 325582848 bytes, new threshold 12 (max threshold 15)
[720.757s][info ][gc,heap        ] GC(32) PSYoungGen: 1404416K(1759232K)->4368K(1738752K) Eden: 1400832K(1400832K)->0K(1400832K) From: 3584K(358400K)->4368K(337920K)
[720.757s][info ][gc,heap        ] GC(32) ParOldGen: 427895K(621568K)->427895K(621568K)
[720.757s][info ][gc,metaspace   ] GC(32) Metaspace: 79050K(80000K)->79050K(80000K) NonClass: 67769K(68288K)->67769K(68288K) Class: 11280K(11712K)->11280K(11712K)
[720.757s][info ][gc             ] GC(32) Pause Young (Allocation Failure) 1789M->422M(2305M) 4.752ms
[720.757s][info ][gc,cpu         ] GC(32) User=0.02s Sys=0.00s Real=0.00s
[720.757s][info ][safepoint      ] Safepoint "ParallelGCFailedAllocation", Time since last: 693078462 ns, Reaching safepoint: 65204 ns, At safepoint: 4819090 ns, Total: 4884294 ns
[721.758s][info ][safepoint      ] Safepoint "Cleanup", Time since last: 1000085461 ns, Reaching safepoint: 50603 ns, At safepoint: 5101 ns, Total: 55704 ns
[722.758s][info ][safepoint      ] Safepoint "Cleanup", Time since last: 1000116663 ns, Reaching safepoint: 48703 ns, At safepoint: 2800 ns, Total: 51503 ns
[725.758s][info ][safepoint      ] Safepoint "Cleanup", Time since last: 3000259683 ns, Reaching safepoint: 43602 ns, At safepoint: 2800 ns, Total: 46402 ns
[727.758s][info ][safepoint      ] Safepoint "Cleanup", Time since last: 2000156529 ns, Reaching safepoint: 47703 ns, At safepoint: 4300 ns, Total: 52003 ns
[728.758s][info ][safepoint      ] Safepoint "Cleanup", Time since last: 1000096326 ns, Reaching safepoint: 51503 ns, At safepoint: 6600 ns, Total: 58103 ns
[735.759s][info ][safepoint      ] Safepoint "Cleanup", Time since last: 7000517147 ns, Reaching safepoint: 38702 ns, At safepoint: 36502 ns, Total: 75204 ns
[736.759s][info ][safepoint      ] Safepoint "Cleanup", Time since last: 1000106166 ns, Reaching safepoint: 48103 ns, At safepoint: 5300 ns, Total: 53403 ns
[738.759s][info ][safepoint      ] Safepoint "Cleanup", Time since last: 2000179331 ns, Reaching safepoint: 39702 ns, At safepoint: 2901 ns, Total: 42603 ns
[742.760s][info ][safepoint      ] Safepoint "Cleanup", Time since last: 4000317605 ns, Reaching safepoint: 50502 ns, At safepoint: 3801 ns, Total: 54303 ns
[743.760s][info ][safepoint      ] Safepoint "Cleanup", Time since last: 1000118780 ns, Reaching safepoint: 50803 ns, At safepoint: 2600 ns, Total: 53403 ns
[744.760s][info ][safepoint      ] Safepoint "Cleanup", Time since last: 1000080179 ns, Reaching safepoint: 50302 ns, At safepoint: 2901 ns, Total: 53203 ns
[745.760s][info ][safepoint      ] Safepoint "Cleanup", Time since last: 1000139581 ns, Reaching safepoint: 59504 ns, At safepoint: 3600 ns, Total: 63104 ns
[749.761s][info ][safepoint      ] Safepoint "Cleanup", Time since last: 4000326251 ns, Reaching safepoint: 54003 ns, At safepoint: 4700 ns, Total: 58703 ns
[750.761s][info ][safepoint      ] Safepoint "Cleanup", Time since last: 1000139761 ns, Reaching safepoint: 70004 ns, At safepoint: 7700 ns, Total: 77704 ns
[752.761s][info ][safepoint      ] Safepoint "Cleanup", Time since last: 2000160616 ns, Reaching safepoint: 41403 ns, At safepoint: 2800 ns, Total: 44203 ns
[756.761s][info ][safepoint      ] Safepoint "Cleanup", Time since last: 4000274134 ns, Reaching safepoint: 48502 ns, At safepoint: 6501 ns, Total: 55003 ns
[758.762s][info ][safepoint      ] Safepoint "Cleanup", Time since last: 2000164763 ns, Reaching safepoint: 43202 ns, At safepoint: 5400 ns, Total: 48602 ns
[760.762s][info ][safepoint      ] Safepoint "Cleanup", Time since last: 2000164363 ns, Reaching safepoint: 258515 ns, At safepoint: 11500 ns, Total: 270015 ns
[761.083s][info ][gc,start       ] GC(33) Pause Young (Allocation Failure)
[761.089s][debug][gc,phases      ] GC(33) Scavenge 5.943ms
[761.089s][debug][gc,ref         ] GC(33) Skipped phase 1 of Reference Processing: no references
[761.089s][debug][gc,ref         ] GC(33) ReferenceProcessor::execute queues: 1, RefProcThreadModel::Single, marks_oops_alive: false
[761.089s][debug][gc,ref         ] GC(33) Skipped phase 3 of Reference Processing: no references
[761.089s][debug][gc,ref         ] GC(33) ReferenceProcessor::execute queues: 1, RefProcThreadModel::Single, marks_oops_alive: false
[761.089s][debug][gc,phases      ] GC(33) Reference Processing 0.125ms
[761.089s][debug][gc,phases      ] GC(33)   VM Weak                        Min:  0.0, Avg:  0.0, Max:  0.0, Diff:  0.0, Sum:  0.0, Workers: 4
[761.089s][debug][gc,phases      ] GC(33)     Dead                           Min: 0, Avg:  0.0, Max: 0, Diff: 0, Sum: 0, Workers: 4
[761.089s][debug][gc,phases      ] GC(33)     Total                          Min: 0, Avg: 196.2, Max: 512, Diff: 512, Sum: 785, Workers: 4
[761.089s][debug][gc,phases      ] GC(33)   ObjectSynchronizer Weak        Min:  0.0, Avg:  0.0, Max:  0.0, Diff:  0.0, Sum:  0.0, Workers: 4
[761.089s][debug][gc,phases      ] GC(33)     Dead                           Min: 0, Avg:  0.0, Max: 0, Diff: 0, Sum: 0, Workers: 4
[761.089s][debug][gc,phases      ] GC(33)     Total                          Min: 0, Avg: 10.0, Max: 40, Diff: 40, Sum: 40, Workers: 4
[761.089s][debug][gc,phases      ] GC(33)   JVMTI Tag Weak OopStorage      Min:  0.0, Avg:  0.0, Max:  0.0, Diff:  0.0, Sum:  0.0, Workers: 4
[761.089s][debug][gc,phases      ] GC(33)     Dead                           Min: 0, Avg:  0.0, Max: 0, Diff: 0, Sum: 0, Workers: 4
[761.089s][debug][gc,phases      ] GC(33)     Total                          Min: 0, Avg:  0.0, Max: 0, Diff: 0, Sum: 0, Workers: 4
[761.089s][debug][gc,phases      ] GC(33)   StringTable Weak               Min:  0.0, Avg:  0.1, Max:  0.1, Diff:  0.1, Sum:  0.4, Workers: 4
[761.089s][debug][gc,phases      ] GC(33)     Dead                           Min: 0, Avg:  0.2, Max: 1, Diff: 1, Sum: 1, Workers: 4
[761.089s][debug][gc,phases      ] GC(33)     Total                          Min: 0, Avg: 10672.2, Max: 14400, Diff: 14400, Sum: 42689, Workers: 4
[761.089s][debug][gc,phases      ] GC(33)   ResolvedMethodTable Weak       Min:  0.0, Avg:  0.0, Max:  0.0, Diff:  0.0, Sum:  0.1, Workers: 4
[761.089s][debug][gc,phases      ] GC(33)     Dead                           Min: 0, Avg:  0.2, Max: 1, Diff: 1, Sum: 1, Workers: 4
[761.089s][debug][gc,phases      ] GC(33)     Total                          Min: 0, Avg: 2171.2, Max: 3328, Diff: 3328, Sum: 8685, Workers: 4
[761.089s][debug][gc,phases      ] GC(33)   JNI Weak                       Min:  0.0, Avg:  0.0, Max:  0.0, Diff:  0.0, Sum:  0.0, Workers: 4
[761.089s][debug][gc,phases      ] GC(33)     Dead                           Min: 0, Avg:  0.0, Max: 0, Diff: 0, Sum: 0, Workers: 4
[761.089s][debug][gc,phases      ] GC(33)     Total                          Min: 0, Avg: 17.0, Max: 54, Diff: 54, Sum: 68, Workers: 4
[761.089s][debug][gc,phases      ] GC(33)   StringDedup Table Weak         Min:  0.0, Avg:  0.0, Max:  0.0, Diff:  0.0, Sum:  0.0, Workers: 4
[761.089s][debug][gc,phases      ] GC(33)     Dead                           Min: 0, Avg:  0.0, Max: 0, Diff: 0, Sum: 0, Workers: 4
[761.089s][debug][gc,phases      ] GC(33)     Total                          Min: 0, Avg:  0.0, Max: 0, Diff: 0, Sum: 0, Workers: 4
[761.089s][debug][gc,phases      ] GC(33)   StringDedup Requests0 Weak     Min:  0.0, Avg:  0.0, Max:  0.0, Diff:  0.0, Sum:  0.0, Workers: 4
[761.089s][debug][gc,phases      ] GC(33)     Dead                           Min: 0, Avg:  0.0, Max: 0, Diff: 0, Sum: 0, Workers: 4
[761.089s][debug][gc,phases      ] GC(33)     Total                          Min: 0, Avg:  0.0, Max: 0, Diff: 0, Sum: 0, Workers: 4
[761.089s][debug][gc,phases      ] GC(33)   StringDedup Requests1 Weak     Min:  0.0, Avg:  0.0, Max:  0.0, Diff:  0.0, Sum:  0.0, Workers: 4
[761.089s][debug][gc,phases      ] GC(33)     Dead                           Min: 0, Avg:  0.0, Max: 0, Diff: 0, Sum: 0, Workers: 4
[761.089s][debug][gc,phases      ] GC(33)     Total                          Min: 0, Avg:  0.0, Max: 0, Diff: 0, Sum: 0, Workers: 4
[761.089s][debug][gc,phases      ] GC(33)   Weak JFR Old Object Samples    Min:  0.0, Avg:  0.0, Max:  0.0, Diff:  0.0, Sum:  0.0, Workers: 4
[761.089s][debug][gc,phases      ] GC(33)     Dead                           Min: 0, Avg:  0.0, Max: 0, Diff: 0, Sum: 0, Workers: 4
[761.089s][debug][gc,phases      ] GC(33)     Total                          Min: 0, Avg:  0.0, Max: 0, Diff: 0, Sum: 0, Workers: 4
[761.089s][debug][gc,phases      ] GC(33) Weak Processing 0.374ms
[761.089s][debug][gc,age         ] GC(33) Desired survivor size 305659904 bytes, new threshold 13 (max threshold 15)
[761.090s][info ][gc,heap        ] GC(33) PSYoungGen: 1405200K(1738752K)->4704K(1798656K) Eden: 1400832K(1400832K)->0K(1480704K) From: 4368K(337920K)->4704K(317952K)
[761.090s][info ][gc,heap        ] GC(33) ParOldGen: 427895K(621568K)->427903K(621568K)
[761.090s][info ][gc,metaspace   ] GC(33) Metaspace: 79177K(80128K)->79177K(80128K) NonClass: 67887K(68416K)->67887K(68416K) Class: 11289K(11712K)->11289K(11712K)
[761.090s][info ][gc             ] GC(33) Pause Young (Allocation Failure) 1790M->422M(2363M) 6.580ms
[761.090s][info ][gc,cpu         ] GC(33) User=0.02s Sys=0.00s Real=0.01s
[761.090s][info ][safepoint      ] Safepoint "ParallelGCFailedAllocation", Time since last: 320826134 ns, Reaching safepoint: 101006 ns, At safepoint: 6663268 ns, Total: 6764274 ns
[762.090s][info ][safepoint      ] Safepoint "Cleanup", Time since last: 1000092782 ns, Reaching safepoint: 138608 ns, At safepoint: 11301 ns, Total: 149909 ns
[771.090s][info ][safepoint      ] Safepoint "Cleanup", Time since last: 9000585911 ns, Reaching safepoint: 43703 ns, At safepoint: 3700 ns, Total: 47403 ns
[774.091s][info ][safepoint      ] Safepoint "Cleanup", Time since last: 3000209427 ns, Reaching safepoint: 42503 ns, At safepoint: 3300 ns, Total: 45803 ns
[821.094s][info ][safepoint      ] Safepoint "Cleanup", Time since last: 47003112067 ns, Reaching safepoint: 50502 ns, At safepoint: 3500 ns, Total: 54002 ns
[881.019s][info ][safepoint      ] Safepoint "Cleanup", Time since last: 59924644376 ns, Reaching safepoint: 75404 ns, At safepoint: 5300 ns, Total: 80704 ns
[881.100s][info ][gc,heap,exit   ] Heap
[881.100s][info ][gc,heap,exit   ]  PSYoungGen      total 1798656K, used 817922K [0x0000000780000000, 0x0000000800000000, 0x0000000800000000)
[881.100s][info ][gc,heap,exit   ]   eden space 1480704K, 54% used [0x0000000780000000,0x00000007b1a28710,0x00000007da600000)
[881.100s][info ][gc,heap,exit   ]   from space 317952K, 1% used [0x00000007ec980000,0x00000007ece181f0,0x0000000800000000)
[881.100s][info ][gc,heap,exit   ]   to   space 298496K, 0% used [0x00000007da600000,0x00000007da600000,0x00000007ec980000)
[881.100s][info ][gc,heap,exit   ]  ParOldGen       total 621568K, used 427903K [0x0000000740000000, 0x0000000765f00000, 0x0000000780000000)
[881.100s][info ][gc,heap,exit   ]   object space 621568K, 68% used [0x0000000740000000,0x000000075a1dfc30,0x0000000765f00000)
[881.100s][info ][gc,heap,exit   ]  Metaspace       used 79292K, committed 80256K, reserved 1179648K
[881.100s][info ][gc,heap,exit   ]   class space    used 11310K, committed 11776K, reserved 1048576K
